Framework Information:
MOOSE Version:           git commit b85414d92b on 2025-11-25
LibMesh Version:         910736a3a20aded528c3ba99371ce65980dc8e2c
PETSc Version:           3.24.0
SLEPc Version:           3.24.0
Current Time:            Tue Jun 16 09:29:08 2026
Executable Timestamp:    Wed Nov 26 18:13:58 2025

Input File(s):
  /home/lloydf/vfmverif/data/platenotch2d_elas.i

Command Line Argument(s):
  --n-threads=2

Checkpoint:
  Wall Time Interval:      Every 3600 s
  User Checkpoint:         Disabled
  # Checkpoints Kept:      2
  Execute On:              TIMESTEP_END 

Parallelism:
  Num Processors:          2
  Num Threads:             2

Mesh: 
  Parallel Type:           replicated
  Mesh Dimension:          2
  Spatial Dimension:       2
  Nodes:                   
    Total:                 6045
    Local:                 3043
    Min/Max/Avg:           3002/3043/3022
  Elems:                   
    Total:                 2928
    Local:                 1464
    Min/Max/Avg:           1464/1464/1464
  Num Subdomains:          1
  Num Partitions:          2
  Partitioner:             metis

Nonlinear System:
  Num DOFs:                27680
  Num Local DOFs:          13986
  Variables:               { "vonmises_stress" "strain_xx" "strain_yy" "strain_zz" "strain_xy" "stress_xx" 
                             "stress_yy" "stress_zz" "stress_xy" "scalar_strain_zz" } { "disp_x" "disp_y" 
                             } 
  Finite Element Types:    "LAGRANGE" "LAGRANGE" 
  Approximation Orders:    "FIRST" "SECOND" 

Execution Information:
  Executioner:             Transient
  TimeStepper:             IterationAdaptiveDT
  TimeIntegrator(s):       ImplicitEuler
  Solver Mode:             NEWTON 
  PETSc Preconditioner:    lu 
  MOOSE Preconditioner:    SMP 

Time Step 0, time = 0

Postprocessor Values:
+----------------+----------------+----------------+
| time           | disp_y_max     | react_y_top    |
+----------------+----------------+----------------+
|   0.000000e+00 |   0.000000e+00 |   0.000000e+00 |
+----------------+----------------+----------------+


Time Step 1, time = 1, dt = 1
 Skipping predictor this step
 0 Nonlinear |R| = [32m9.962419e+06[39m
      0 Linear |R| = [32m9.962419e+06[39m
      1 Linear |R| = [32m3.316860e-08[39m
 1 Nonlinear |R| = [32m4.606727e+03[39m
      0 Linear |R| = [32m4.606727e+03[39m
      1 Linear |R| = [32m9.042661e-12[39m
 2 Nonlinear |R| = [32m9.070988e-09[39m
  Nonlinear solve converged due to CONVERGED_FNORM_ABS iterations 2
[32m Solve Converged![39m

Outlier Variable Residual Norms:
  disp_x: [33m4.612296e-09[39m
  disp_y: [33m7.810748e-09[39m

Postprocessor Values:
+----------------+----------------+----------------+
| time           | disp_y_max     | react_y_top    |
+----------------+----------------+----------------+
|   0.000000e+00 |   0.000000e+00 |   0.000000e+00 |
|   1.000000e+00 |   3.125000e-06 |   2.904055e+05 |
+----------------+----------------+----------------+


Time Step 2, time = 2, dt = 1
  Applying predictor with scale factor = 1
 0 Nonlinear |R| = [32m1.814198e-08[39m
  Nonlinear solve converged due to CONVERGED_FNORM_ABS iterations 0
[32m Solve Converged![39m

Outlier Variable Residual Norms:
  disp_x: [33m9.224593e-09[39m
  disp_y: [33m1.562150e-08[39m

Postprocessor Values:
+----------------+----------------+----------------+
| time           | disp_y_max     | react_y_top    |
+----------------+----------------+----------------+
|   0.000000e+00 |   0.000000e+00 |   0.000000e+00 |
|   1.000000e+00 |   3.125000e-06 |   2.904055e+05 |
|   2.000000e+00 |   6.250000e-06 |   5.807924e+05 |
+----------------+----------------+----------------+


Time Step 3, time = 3, dt = 1
  Applying predictor with scale factor = 1
 0 Nonlinear |R| = [32m3.604984e-08[39m
  Nonlinear solve converged due to CONVERGED_FNORM_ABS iterations 0
[32m Solve Converged![39m

Outlier Variable Residual Norms:
  disp_x: [33m1.776960e-08[39m
  disp_y: [33m3.136584e-08[39m

Postprocessor Values:
+----------------+----------------+----------------+
| time           | disp_y_max     | react_y_top    |
+----------------+----------------+----------------+
|   0.000000e+00 |   0.000000e+00 |   0.000000e+00 |
|   1.000000e+00 |   3.125000e-06 |   2.904055e+05 |
|   2.000000e+00 |   6.250000e-06 |   5.807924e+05 |
|   3.000000e+00 |   9.375000e-06 |   8.711606e+05 |
+----------------+----------------+----------------+


Time Step 4, time = 4, dt = 1
  Applying predictor with scale factor = 1
 0 Nonlinear |R| = [32m8.273745e-08[39m
  Nonlinear solve converged due to CONVERGED_FNORM_ABS iterations 0
[32m Solve Converged![39m

Outlier Variable Residual Norms:
  disp_x: [33m3.927644e-08[39m
  disp_y: [33m7.282045e-08[39m

Postprocessor Values:
+----------------+----------------+----------------+
| time           | disp_y_max     | react_y_top    |
+----------------+----------------+----------------+
|   0.000000e+00 |   0.000000e+00 |   0.000000e+00 |
|   1.000000e+00 |   3.125000e-06 |   2.904055e+05 |
|   2.000000e+00 |   6.250000e-06 |   5.807924e+05 |
|   3.000000e+00 |   9.375000e-06 |   8.711606e+05 |
|   4.000000e+00 |   1.250000e-05 |   1.161510e+06 |
+----------------+----------------+----------------+


Time Step 5, time = 5, dt = 1
  Applying predictor with scale factor = 1
 0 Nonlinear |R| = [32m1.367186e-07[39m
  Nonlinear solve converged due to CONVERGED_FNORM_ABS iterations 0
[32m Solve Converged![39m

Outlier Variable Residual Norms:
  disp_x: [33m6.474789e-08[39m
  disp_y: [33m1.204144e-07[39m

Postprocessor Values:
+----------------+----------------+----------------+
| time           | disp_y_max     | react_y_top    |
+----------------+----------------+----------------+
|   0.000000e+00 |   0.000000e+00 |   0.000000e+00 |
|   1.000000e+00 |   3.125000e-06 |   2.904055e+05 |
|   2.000000e+00 |   6.250000e-06 |   5.807924e+05 |
|   3.000000e+00 |   9.375000e-06 |   8.711606e+05 |
|   4.000000e+00 |   1.250000e-05 |   1.161510e+06 |
|   5.000000e+00 |   1.562500e-05 |   1.451841e+06 |
+----------------+----------------+----------------+


Time Step 6, time = 6, dt = 1
  Applying predictor with scale factor = 1
 0 Nonlinear |R| = [32m1.844010e-07[39m
  Nonlinear solve converged due to CONVERGED_FNORM_ABS iterations 0
[32m Solve Converged![39m

Outlier Variable Residual Norms:
  disp_x: [33m8.785436e-08[39m
  disp_y: [33m1.621273e-07[39m

Postprocessor Values:
+----------------+----------------+----------------+
| time           | disp_y_max     | react_y_top    |
+----------------+----------------+----------------+
|   0.000000e+00 |   0.000000e+00 |   0.000000e+00 |
|   1.000000e+00 |   3.125000e-06 |   2.904055e+05 |
|   2.000000e+00 |   6.250000e-06 |   5.807924e+05 |
|   3.000000e+00 |   9.375000e-06 |   8.711606e+05 |
|   4.000000e+00 |   1.250000e-05 |   1.161510e+06 |
|   5.000000e+00 |   1.562500e-05 |   1.451841e+06 |
|   6.000000e+00 |   1.875000e-05 |   1.742154e+06 |
+----------------+----------------+----------------+


Time Step 7, time = 7, dt = 1
  Applying predictor with scale factor = 1
 0 Nonlinear |R| = [32m2.418473e-07[39m
  Nonlinear solve converged due to CONVERGED_FNORM_ABS iterations 0
[32m Solve Converged![39m

Outlier Variable Residual Norms:
  disp_x: [33m1.155535e-07[39m
  disp_y: [33m2.124557e-07[39m

Postprocessor Values:
+----------------+----------------+----------------+
| time           | disp_y_max     | react_y_top    |
+----------------+----------------+----------------+
|   0.000000e+00 |   0.000000e+00 |   0.000000e+00 |
|   1.000000e+00 |   3.125000e-06 |   2.904055e+05 |
|   2.000000e+00 |   6.250000e-06 |   5.807924e+05 |
|   3.000000e+00 |   9.375000e-06 |   8.711606e+05 |
|   4.000000e+00 |   1.250000e-05 |   1.161510e+06 |
|   5.000000e+00 |   1.562500e-05 |   1.451841e+06 |
|   6.000000e+00 |   1.875000e-05 |   1.742154e+06 |
|   7.000000e+00 |   2.187500e-05 |   2.032447e+06 |
+----------------+----------------+----------------+


Time Step 8, time = 8, dt = 1
  Applying predictor with scale factor = 1
 0 Nonlinear |R| = [32m3.086434e-07[39m
  Nonlinear solve converged due to CONVERGED_FNORM_ABS iterations 0
[32m Solve Converged![39m

Outlier Variable Residual Norms:
  disp_x: [33m1.463366e-07[39m
  disp_y: [33m2.717466e-07[39m

Postprocessor Values:
+----------------+----------------+----------------+
| time           | disp_y_max     | react_y_top    |
+----------------+----------------+----------------+
|   0.000000e+00 |   0.000000e+00 |   0.000000e+00 |
|   1.000000e+00 |   3.125000e-06 |   2.904055e+05 |
|   2.000000e+00 |   6.250000e-06 |   5.807924e+05 |
|   3.000000e+00 |   9.375000e-06 |   8.711606e+05 |
|   4.000000e+00 |   1.250000e-05 |   1.161510e+06 |
|   5.000000e+00 |   1.562500e-05 |   1.451841e+06 |
|   6.000000e+00 |   1.875000e-05 |   1.742154e+06 |
|   7.000000e+00 |   2.187500e-05 |   2.032447e+06 |
|   8.000000e+00 |   2.500000e-05 |   2.322722e+06 |
+----------------+----------------+----------------+


Time Step 9, time = 9, dt = 1
  Applying predictor with scale factor = 1
 0 Nonlinear |R| = [32m3.770523e-07[39m
  Nonlinear solve converged due to CONVERGED_FNORM_ABS iterations 0
[32m Solve Converged![39m

Outlier Variable Residual Norms:
  disp_x: [33m1.782526e-07[39m
  disp_y: [33m3.322564e-07[39m

Postprocessor Values:
+----------------+----------------+----------------+
| time           | disp_y_max     | react_y_top    |
+----------------+----------------+----------------+
|   0.000000e+00 |   0.000000e+00 |   0.000000e+00 |
|   1.000000e+00 |   3.125000e-06 |   2.904055e+05 |
|   2.000000e+00 |   6.250000e-06 |   5.807924e+05 |
|   3.000000e+00 |   9.375000e-06 |   8.711606e+05 |
|   4.000000e+00 |   1.250000e-05 |   1.161510e+06 |
|   5.000000e+00 |   1.562500e-05 |   1.451841e+06 |
|   6.000000e+00 |   1.875000e-05 |   1.742154e+06 |
|   7.000000e+00 |   2.187500e-05 |   2.032447e+06 |
|   8.000000e+00 |   2.500000e-05 |   2.322722e+06 |
|   9.000000e+00 |   2.812500e-05 |   2.612979e+06 |
+----------------+----------------+----------------+


Time Step 10, time = 10, dt = 1
  Applying predictor with scale factor = 1
 0 Nonlinear |R| = [32m4.591578e-07[39m
  Nonlinear solve converged due to CONVERGED_FNORM_ABS iterations 0
[32m Solve Converged![39m

Outlier Variable Residual Norms:
  disp_x: [33m2.163804e-07[39m
  disp_y: [33m4.049755e-07[39m

Postprocessor Values:
+----------------+----------------+----------------+
| time           | disp_y_max     | react_y_top    |
+----------------+----------------+----------------+
|   0.000000e+00 |   0.000000e+00 |   0.000000e+00 |
|   1.000000e+00 |   3.125000e-06 |   2.904055e+05 |
|   2.000000e+00 |   6.250000e-06 |   5.807924e+05 |
|   3.000000e+00 |   9.375000e-06 |   8.711606e+05 |
|   4.000000e+00 |   1.250000e-05 |   1.161510e+06 |
|   5.000000e+00 |   1.562500e-05 |   1.451841e+06 |
|   6.000000e+00 |   1.875000e-05 |   1.742154e+06 |
|   7.000000e+00 |   2.187500e-05 |   2.032447e+06 |
|   8.000000e+00 |   2.500000e-05 |   2.322722e+06 |
|   9.000000e+00 |   2.812500e-05 |   2.612979e+06 |
|   1.000000e+01 |   3.125000e-05 |   2.903217e+06 |
+----------------+----------------+----------------+


Time Step 11, time = 11, dt = 1
  Applying predictor with scale factor = 1
 0 Nonlinear |R| = [32m5.436607e-07[39m
  Nonlinear solve converged due to CONVERGED_FNORM_ABS iterations 0
[32m Solve Converged![39m

Outlier Variable Residual Norms:
  disp_x: [33m2.549488e-07[39m
  disp_y: [33m4.801748e-07[39m

Postprocessor Values:
+----------------+----------------+----------------+
| time           | disp_y_max     | react_y_top    |
+----------------+----------------+----------------+
|   0.000000e+00 |   0.000000e+00 |   0.000000e+00 |
|   1.000000e+00 |   3.125000e-06 |   2.904055e+05 |
|   2.000000e+00 |   6.250000e-06 |   5.807924e+05 |
|   3.000000e+00 |   9.375000e-06 |   8.711606e+05 |
|   4.000000e+00 |   1.250000e-05 |   1.161510e+06 |
|   5.000000e+00 |   1.562500e-05 |   1.451841e+06 |
|   6.000000e+00 |   1.875000e-05 |   1.742154e+06 |
|   7.000000e+00 |   2.187500e-05 |   2.032447e+06 |
|   8.000000e+00 |   2.500000e-05 |   2.322722e+06 |
|   9.000000e+00 |   2.812500e-05 |   2.612979e+06 |
|   1.000000e+01 |   3.125000e-05 |   2.903217e+06 |
|   1.100000e+01 |   3.437500e-05 |   3.193436e+06 |
+----------------+----------------+----------------+


Time Step 12, time = 12, dt = 1
  Applying predictor with scale factor = 1
 0 Nonlinear |R| = [32m6.427701e-07[39m
  Nonlinear solve converged due to CONVERGED_FNORM_ABS iterations 0
[32m Solve Converged![39m

Outlier Variable Residual Norms:
  disp_x: [33m2.987699e-07[39m
  disp_y: [33m5.691130e-07[39m

Postprocessor Values:
+----------------+----------------+----------------+
| time           | disp_y_max     | react_y_top    |
+----------------+----------------+----------------+
|   0.000000e+00 |   0.000000e+00 |   0.000000e+00 |
|   1.000000e+00 |   3.125000e-06 |   2.904055e+05 |
|   2.000000e+00 |   6.250000e-06 |   5.807924e+05 |
|   3.000000e+00 |   9.375000e-06 |   8.711606e+05 |
|   4.000000e+00 |   1.250000e-05 |   1.161510e+06 |
|   5.000000e+00 |   1.562500e-05 |   1.451841e+06 |
|   6.000000e+00 |   1.875000e-05 |   1.742154e+06 |
|   7.000000e+00 |   2.187500e-05 |   2.032447e+06 |
|   8.000000e+00 |   2.500000e-05 |   2.322722e+06 |
|   9.000000e+00 |   2.812500e-05 |   2.612979e+06 |
|   1.000000e+01 |   3.125000e-05 |   2.903217e+06 |
|   1.100000e+01 |   3.437500e-05 |   3.193436e+06 |
|   1.200000e+01 |   3.750000e-05 |   3.483636e+06 |
+----------------+----------------+----------------+


Time Step 13, time = 13, dt = 1
  Applying predictor with scale factor = 1
 0 Nonlinear |R| = [32m7.559779e-07[39m
  Nonlinear solve converged due to CONVERGED_FNORM_ABS iterations 0
[32m Solve Converged![39m

Outlier Variable Residual Norms:
  disp_x: [33m3.481762e-07[39m
  disp_y: [33m6.710258e-07[39m

Postprocessor Values:
+----------------+----------------+----------------+
| time           | disp_y_max     | react_y_top    |
+----------------+----------------+----------------+
|   0.000000e+00 |   0.000000e+00 |   0.000000e+00 |
|   1.000000e+00 |   3.125000e-06 |   2.904055e+05 |
|   2.000000e+00 |   6.250000e-06 |   5.807924e+05 |
|   3.000000e+00 |   9.375000e-06 |   8.711606e+05 |
|   4.000000e+00 |   1.250000e-05 |   1.161510e+06 |
|   5.000000e+00 |   1.562500e-05 |   1.451841e+06 |
|   6.000000e+00 |   1.875000e-05 |   1.742154e+06 |
|   7.000000e+00 |   2.187500e-05 |   2.032447e+06 |
|   8.000000e+00 |   2.500000e-05 |   2.322722e+06 |
|   9.000000e+00 |   2.812500e-05 |   2.612979e+06 |
|   1.000000e+01 |   3.125000e-05 |   2.903217e+06 |
|   1.100000e+01 |   3.437500e-05 |   3.193436e+06 |
|   1.200000e+01 |   3.750000e-05 |   3.483636e+06 |
|   1.300000e+01 |   4.062500e-05 |   3.773818e+06 |
+----------------+----------------+----------------+


Time Step 14, time = 14, dt = 1
  Applying predictor with scale factor = 1
 0 Nonlinear |R| = [32m8.743841e-07[39m
  Nonlinear solve converged due to CONVERGED_FNORM_ABS iterations 0
[32m Solve Converged![39m

Outlier Variable Residual Norms:
  disp_x: [33m3.999353e-07[39m
  disp_y: [33m7.775596e-07[39m

Postprocessor Values:
+----------------+----------------+----------------+
| time           | disp_y_max     | react_y_top    |
+----------------+----------------+----------------+
|   0.000000e+00 |   0.000000e+00 |   0.000000e+00 |
|   1.000000e+00 |   3.125000e-06 |   2.904055e+05 |
|   2.000000e+00 |   6.250000e-06 |   5.807924e+05 |
|   3.000000e+00 |   9.375000e-06 |   8.711606e+05 |
|   4.000000e+00 |   1.250000e-05 |   1.161510e+06 |
|   5.000000e+00 |   1.562500e-05 |   1.451841e+06 |
|   6.000000e+00 |   1.875000e-05 |   1.742154e+06 |
|   7.000000e+00 |   2.187500e-05 |   2.032447e+06 |
|   8.000000e+00 |   2.500000e-05 |   2.322722e+06 |
|   9.000000e+00 |   2.812500e-05 |   2.612979e+06 |
|   1.000000e+01 |   3.125000e-05 |   2.903217e+06 |
|   1.100000e+01 |   3.437500e-05 |   3.193436e+06 |
|   1.200000e+01 |   3.750000e-05 |   3.483636e+06 |
|   1.300000e+01 |   4.062500e-05 |   3.773818e+06 |
|   1.400000e+01 |   4.375000e-05 |   4.063982e+06 |
+----------------+----------------+----------------+


Time Step 15, time = 15, dt = 1
  Applying predictor with scale factor = 1
 0 Nonlinear |R| = [32m1.002719e-06[39m
      0 Linear |R| = [32m1.002719e-06[39m
      1 Linear |R| = [32m1.139683e-21[39m
 1 Nonlinear |R| = [32m1.325341e-07[39m
  Nonlinear solve converged due to CONVERGED_FNORM_ABS iterations 1
[32m Solve Converged![39m

Outlier Variable Residual Norms:
  disp_x: [33m6.523290e-08[39m
  disp_y: [33m1.153687e-07[39m

Postprocessor Values:
+----------------+----------------+----------------+
| time           | disp_y_max     | react_y_top    |
+----------------+----------------+----------------+
:                :                :                :
|   1.000000e+00 |   3.125000e-06 |   2.904055e+05 |
|   2.000000e+00 |   6.250000e-06 |   5.807924e+05 |
|   3.000000e+00 |   9.375000e-06 |   8.711606e+05 |
|   4.000000e+00 |   1.250000e-05 |   1.161510e+06 |
|   5.000000e+00 |   1.562500e-05 |   1.451841e+06 |
|   6.000000e+00 |   1.875000e-05 |   1.742154e+06 |
|   7.000000e+00 |   2.187500e-05 |   2.032447e+06 |
|   8.000000e+00 |   2.500000e-05 |   2.322722e+06 |
|   9.000000e+00 |   2.812500e-05 |   2.612979e+06 |
|   1.000000e+01 |   3.125000e-05 |   2.903217e+06 |
|   1.100000e+01 |   3.437500e-05 |   3.193436e+06 |
|   1.200000e+01 |   3.750000e-05 |   3.483636e+06 |
|   1.300000e+01 |   4.062500e-05 |   3.773818e+06 |
|   1.400000e+01 |   4.375000e-05 |   4.063982e+06 |
|   1.500000e+01 |   4.687500e-05 |   4.354126e+06 |
+----------------+----------------+----------------+


Time Step 16, time = 16, dt = 1
  Applying predictor with scale factor = 1
 0 Nonlinear |R| = [32m9.045574e-07[39m
  Nonlinear solve converged due to CONVERGED_FNORM_ABS iterations 0
[32m Solve Converged![39m

Outlier Variable Residual Norms:
  disp_x: [33m4.174525e-07[39m
  disp_y: [33m8.024694e-07[39m

Postprocessor Values:
+----------------+----------------+----------------+
| time           | disp_y_max     | react_y_top    |
+----------------+----------------+----------------+
:                :                :                :
|   2.000000e+00 |   6.250000e-06 |   5.807924e+05 |
|   3.000000e+00 |   9.375000e-06 |   8.711606e+05 |
|   4.000000e+00 |   1.250000e-05 |   1.161510e+06 |
|   5.000000e+00 |   1.562500e-05 |   1.451841e+06 |
|   6.000000e+00 |   1.875000e-05 |   1.742154e+06 |
|   7.000000e+00 |   2.187500e-05 |   2.032447e+06 |
|   8.000000e+00 |   2.500000e-05 |   2.322722e+06 |
|   9.000000e+00 |   2.812500e-05 |   2.612979e+06 |
|   1.000000e+01 |   3.125000e-05 |   2.903217e+06 |
|   1.100000e+01 |   3.437500e-05 |   3.193436e+06 |
|   1.200000e+01 |   3.750000e-05 |   3.483636e+06 |
|   1.300000e+01 |   4.062500e-05 |   3.773818e+06 |
|   1.400000e+01 |   4.375000e-05 |   4.063982e+06 |
|   1.500000e+01 |   4.687500e-05 |   4.354126e+06 |
|   1.600000e+01 |   5.000000e-05 |   4.644252e+06 |
+----------------+----------------+----------------+


Time Step 17, time = 17, dt = 1
  Applying predictor with scale factor = 1
 0 Nonlinear |R| = [32m1.775325e-06[39m
      0 Linear |R| = [32m1.775325e-06[39m
      1 Linear |R| = [32m6.608168e-22[39m
 1 Nonlinear |R| = [32m1.487968e-07[39m
  Nonlinear solve converged due to CONVERGED_FNORM_ABS iterations 1
[32m Solve Converged![39m

Outlier Variable Residual Norms:
  disp_x: [33m7.440176e-08[39m
  disp_y: [33m1.288597e-07[39m

Postprocessor Values:
+----------------+----------------+----------------+
| time           | disp_y_max     | react_y_top    |
+----------------+----------------+----------------+
:                :                :                :
|   3.000000e+00 |   9.375000e-06 |   8.711606e+05 |
|   4.000000e+00 |   1.250000e-05 |   1.161510e+06 |
|   5.000000e+00 |   1.562500e-05 |   1.451841e+06 |
|   6.000000e+00 |   1.875000e-05 |   1.742154e+06 |
|   7.000000e+00 |   2.187500e-05 |   2.032447e+06 |
|   8.000000e+00 |   2.500000e-05 |   2.322722e+06 |
|   9.000000e+00 |   2.812500e-05 |   2.612979e+06 |
|   1.000000e+01 |   3.125000e-05 |   2.903217e+06 |
|   1.100000e+01 |   3.437500e-05 |   3.193436e+06 |
|   1.200000e+01 |   3.750000e-05 |   3.483636e+06 |
|   1.300000e+01 |   4.062500e-05 |   3.773818e+06 |
|   1.400000e+01 |   4.375000e-05 |   4.063982e+06 |
|   1.500000e+01 |   4.687500e-05 |   4.354126e+06 |
|   1.600000e+01 |   5.000000e-05 |   4.644252e+06 |
|   1.700000e+01 |   5.312500e-05 |   4.934360e+06 |
+----------------+----------------+----------------+


Time Step 18, time = 18, dt = 1
  Applying predictor with scale factor = 1
 0 Nonlinear |R| = [32m9.459506e-07[39m
  Nonlinear solve converged due to CONVERGED_FNORM_ABS iterations 0
[32m Solve Converged![39m

Outlier Variable Residual Norms:
  disp_x: [33m4.352007e-07[39m
  disp_y: [33m8.398942e-07[39m

Postprocessor Values:
+----------------+----------------+----------------+
| time           | disp_y_max     | react_y_top    |
+----------------+----------------+----------------+
:                :                :                :
|   4.000000e+00 |   1.250000e-05 |   1.161510e+06 |
|   5.000000e+00 |   1.562500e-05 |   1.451841e+06 |
|   6.000000e+00 |   1.875000e-05 |   1.742154e+06 |
|   7.000000e+00 |   2.187500e-05 |   2.032447e+06 |
|   8.000000e+00 |   2.500000e-05 |   2.322722e+06 |
|   9.000000e+00 |   2.812500e-05 |   2.612979e+06 |
|   1.000000e+01 |   3.125000e-05 |   2.903217e+06 |
|   1.100000e+01 |   3.437500e-05 |   3.193436e+06 |
|   1.200000e+01 |   3.750000e-05 |   3.483636e+06 |
|   1.300000e+01 |   4.062500e-05 |   3.773818e+06 |
|   1.400000e+01 |   4.375000e-05 |   4.063982e+06 |
|   1.500000e+01 |   4.687500e-05 |   4.354126e+06 |
|   1.600000e+01 |   5.000000e-05 |   4.644252e+06 |
|   1.700000e+01 |   5.312500e-05 |   4.934360e+06 |
|   1.800000e+01 |   5.625000e-05 |   5.224449e+06 |
+----------------+----------------+----------------+


Time Step 19, time = 19, dt = 1
  Applying predictor with scale factor = 1
 0 Nonlinear |R| = [32m1.856525e-06[39m
      0 Linear |R| = [32m1.856525e-06[39m
      1 Linear |R| = [32m9.142054e-22[39m
 1 Nonlinear |R| = [32m1.570575e-07[39m
  Nonlinear solve converged due to CONVERGED_FNORM_ABS iterations 1
[32m Solve Converged![39m

Outlier Variable Residual Norms:
  disp_x: [33m7.836842e-08[39m
  disp_y: [33m1.361081e-07[39m

Postprocessor Values:
+----------------+----------------+----------------+
| time           | disp_y_max     | react_y_top    |
+----------------+----------------+----------------+
:                :                :                :
|   5.000000e+00 |   1.562500e-05 |   1.451841e+06 |
|   6.000000e+00 |   1.875000e-05 |   1.742154e+06 |
|   7.000000e+00 |   2.187500e-05 |   2.032447e+06 |
|   8.000000e+00 |   2.500000e-05 |   2.322722e+06 |
|   9.000000e+00 |   2.812500e-05 |   2.612979e+06 |
|   1.000000e+01 |   3.125000e-05 |   2.903217e+06 |
|   1.100000e+01 |   3.437500e-05 |   3.193436e+06 |
|   1.200000e+01 |   3.750000e-05 |   3.483636e+06 |
|   1.300000e+01 |   4.062500e-05 |   3.773818e+06 |
|   1.400000e+01 |   4.375000e-05 |   4.063982e+06 |
|   1.500000e+01 |   4.687500e-05 |   4.354126e+06 |
|   1.600000e+01 |   5.000000e-05 |   4.644252e+06 |
|   1.700000e+01 |   5.312500e-05 |   4.934360e+06 |
|   1.800000e+01 |   5.625000e-05 |   5.224449e+06 |
|   1.900000e+01 |   5.937500e-05 |   5.514519e+06 |
+----------------+----------------+----------------+


Time Step 20, time = 20, dt = 1
  Applying predictor with scale factor = 1
 0 Nonlinear |R| = [32m9.924738e-07[39m
  Nonlinear solve converged due to CONVERGED_FNORM_ABS iterations 0
[32m Solve Converged![39m

Outlier Variable Residual Norms:
  disp_x: [33m4.604771e-07[39m
  disp_y: [33m8.791837e-07[39m

Postprocessor Values:
+----------------+----------------+----------------+
| time           | disp_y_max     | react_y_top    |
+----------------+----------------+----------------+
:                :                :                :
|   6.000000e+00 |   1.875000e-05 |   1.742154e+06 |
|   7.000000e+00 |   2.187500e-05 |   2.032447e+06 |
|   8.000000e+00 |   2.500000e-05 |   2.322722e+06 |
|   9.000000e+00 |   2.812500e-05 |   2.612979e+06 |
|   1.000000e+01 |   3.125000e-05 |   2.903217e+06 |
|   1.100000e+01 |   3.437500e-05 |   3.193436e+06 |
|   1.200000e+01 |   3.750000e-05 |   3.483636e+06 |
|   1.300000e+01 |   4.062500e-05 |   3.773818e+06 |
|   1.400000e+01 |   4.375000e-05 |   4.063982e+06 |
|   1.500000e+01 |   4.687500e-05 |   4.354126e+06 |
|   1.600000e+01 |   5.000000e-05 |   4.644252e+06 |
|   1.700000e+01 |   5.312500e-05 |   4.934360e+06 |
|   1.800000e+01 |   5.625000e-05 |   5.224449e+06 |
|   1.900000e+01 |   5.937500e-05 |   5.514519e+06 |
|   2.000000e+01 |   6.250000e-05 |   5.804570e+06 |
+----------------+----------------+----------------+


Time Step 21, time = 21, dt = 1
  Applying predictor with scale factor = 1
 0 Nonlinear |R| = [32m1.944689e-06[39m
      0 Linear |R| = [32m1.944689e-06[39m
      1 Linear |R| = [32m4.440444e-21[39m
 1 Nonlinear |R| = [32m1.896025e-07[39m
  Nonlinear solve converged due to CONVERGED_FNORM_ABS iterations 1
[32m Solve Converged![39m

Outlier Variable Residual Norms:
  disp_x: [33m9.135942e-08[39m
  disp_y: [33m1.661401e-07[39m

Postprocessor Values:
+----------------+----------------+----------------+
| time           | disp_y_max     | react_y_top    |
+----------------+----------------+----------------+
:                :                :                :
|   7.000000e+00 |   2.187500e-05 |   2.032447e+06 |
|   8.000000e+00 |   2.500000e-05 |   2.322722e+06 |
|   9.000000e+00 |   2.812500e-05 |   2.612979e+06 |
|   1.000000e+01 |   3.125000e-05 |   2.903217e+06 |
|   1.100000e+01 |   3.437500e-05 |   3.193436e+06 |
|   1.200000e+01 |   3.750000e-05 |   3.483636e+06 |
|   1.300000e+01 |   4.062500e-05 |   3.773818e+06 |
|   1.400000e+01 |   4.375000e-05 |   4.063982e+06 |
|   1.500000e+01 |   4.687500e-05 |   4.354126e+06 |
|   1.600000e+01 |   5.000000e-05 |   4.644252e+06 |
|   1.700000e+01 |   5.312500e-05 |   4.934360e+06 |
|   1.800000e+01 |   5.625000e-05 |   5.224449e+06 |
|   1.900000e+01 |   5.937500e-05 |   5.514519e+06 |
|   2.000000e+01 |   6.250000e-05 |   5.804570e+06 |
|   2.100000e+01 |   6.562500e-05 |   6.094603e+06 |
+----------------+----------------+----------------+


Time Step 22, time = 22, dt = 1
  Applying predictor with scale factor = 1
 0 Nonlinear |R| = [32m1.052895e-06[39m
      0 Linear |R| = [32m1.052895e-06[39m
      1 Linear |R| = [32m1.492345e-21[39m
 1 Nonlinear |R| = [32m1.962293e-07[39m
  Nonlinear solve converged due to CONVERGED_FNORM_ABS iterations 1
[32m Solve Converged![39m

Outlier Variable Residual Norms:
  disp_x: [33m9.384512e-08[39m
  disp_y: [33m1.723340e-07[39m

Postprocessor Values:
+----------------+----------------+----------------+
| time           | disp_y_max     | react_y_top    |
+----------------+----------------+----------------+
:                :                :                :
|   8.000000e+00 |   2.500000e-05 |   2.322722e+06 |
|   9.000000e+00 |   2.812500e-05 |   2.612979e+06 |
|   1.000000e+01 |   3.125000e-05 |   2.903217e+06 |
|   1.100000e+01 |   3.437500e-05 |   3.193436e+06 |
|   1.200000e+01 |   3.750000e-05 |   3.483636e+06 |
|   1.300000e+01 |   4.062500e-05 |   3.773818e+06 |
|   1.400000e+01 |   4.375000e-05 |   4.063982e+06 |
|   1.500000e+01 |   4.687500e-05 |   4.354126e+06 |
|   1.600000e+01 |   5.000000e-05 |   4.644252e+06 |
|   1.700000e+01 |   5.312500e-05 |   4.934360e+06 |
|   1.800000e+01 |   5.625000e-05 |   5.224449e+06 |
|   1.900000e+01 |   5.937500e-05 |   5.514519e+06 |
|   2.000000e+01 |   6.250000e-05 |   5.804570e+06 |
|   2.100000e+01 |   6.562500e-05 |   6.094603e+06 |
|   2.200000e+01 |   6.875000e-05 |   6.384617e+06 |
+----------------+----------------+----------------+


Time Step 23, time = 23, dt = 1
  Applying predictor with scale factor = 1
 0 Nonlinear |R| = [32m4.238764e-07[39m
  Nonlinear solve converged due to CONVERGED_FNORM_ABS iterations 0
[32m Solve Converged![39m

Outlier Variable Residual Norms:
  disp_x: [33m2.021450e-07[39m
  disp_y: [33m3.725701e-07[39m

Postprocessor Values:
+----------------+----------------+----------------+
| time           | disp_y_max     | react_y_top    |
+----------------+----------------+----------------+
:                :                :                :
|   9.000000e+00 |   2.812500e-05 |   2.612979e+06 |
|   1.000000e+01 |   3.125000e-05 |   2.903217e+06 |
|   1.100000e+01 |   3.437500e-05 |   3.193436e+06 |
|   1.200000e+01 |   3.750000e-05 |   3.483636e+06 |
|   1.300000e+01 |   4.062500e-05 |   3.773818e+06 |
|   1.400000e+01 |   4.375000e-05 |   4.063982e+06 |
|   1.500000e+01 |   4.687500e-05 |   4.354126e+06 |
|   1.600000e+01 |   5.000000e-05 |   4.644252e+06 |
|   1.700000e+01 |   5.312500e-05 |   4.934360e+06 |
|   1.800000e+01 |   5.625000e-05 |   5.224449e+06 |
|   1.900000e+01 |   5.937500e-05 |   5.514519e+06 |
|   2.000000e+01 |   6.250000e-05 |   5.804570e+06 |
|   2.100000e+01 |   6.562500e-05 |   6.094603e+06 |
|   2.200000e+01 |   6.875000e-05 |   6.384617e+06 |
|   2.300000e+01 |   7.187500e-05 |   6.674613e+06 |
+----------------+----------------+----------------+


Time Step 24, time = 24, dt = 1
  Applying predictor with scale factor = 1
 0 Nonlinear |R| = [32m7.043178e-07[39m
  Nonlinear solve converged due to CONVERGED_FNORM_ABS iterations 0
[32m Solve Converged![39m

Outlier Variable Residual Norms:
  disp_x: [33m3.282762e-07[39m
  disp_y: [33m6.231355e-07[39m

Postprocessor Values:
+----------------+----------------+----------------+
| time           | disp_y_max     | react_y_top    |
+----------------+----------------+----------------+
:                :                :                :
|   1.000000e+01 |   3.125000e-05 |   2.903217e+06 |
|   1.100000e+01 |   3.437500e-05 |   3.193436e+06 |
|   1.200000e+01 |   3.750000e-05 |   3.483636e+06 |
|   1.300000e+01 |   4.062500e-05 |   3.773818e+06 |
|   1.400000e+01 |   4.375000e-05 |   4.063982e+06 |
|   1.500000e+01 |   4.687500e-05 |   4.354126e+06 |
|   1.600000e+01 |   5.000000e-05 |   4.644252e+06 |
|   1.700000e+01 |   5.312500e-05 |   4.934360e+06 |
|   1.800000e+01 |   5.625000e-05 |   5.224449e+06 |
|   1.900000e+01 |   5.937500e-05 |   5.514519e+06 |
|   2.000000e+01 |   6.250000e-05 |   5.804570e+06 |
|   2.100000e+01 |   6.562500e-05 |   6.094603e+06 |
|   2.200000e+01 |   6.875000e-05 |   6.384617e+06 |
|   2.300000e+01 |   7.187500e-05 |   6.674613e+06 |
|   2.400000e+01 |   7.500000e-05 |   6.964590e+06 |
+----------------+----------------+----------------+


Time Step 25, time = 25, dt = 1
  Applying predictor with scale factor = 1
 0 Nonlinear |R| = [32m9.980720e-07[39m
  Nonlinear solve converged due to CONVERGED_FNORM_ABS iterations 0
[32m Solve Converged![39m

Outlier Variable Residual Norms:
  disp_x: [33m4.653376e-07[39m
  disp_y: [33m8.829540e-07[39m

Postprocessor Values:
+----------------+----------------+----------------+
| time           | disp_y_max     | react_y_top    |
+----------------+----------------+----------------+
:                :                :                :
|   1.100000e+01 |   3.437500e-05 |   3.193436e+06 |
|   1.200000e+01 |   3.750000e-05 |   3.483636e+06 |
|   1.300000e+01 |   4.062500e-05 |   3.773818e+06 |
|   1.400000e+01 |   4.375000e-05 |   4.063982e+06 |
|   1.500000e+01 |   4.687500e-05 |   4.354126e+06 |
|   1.600000e+01 |   5.000000e-05 |   4.644252e+06 |
|   1.700000e+01 |   5.312500e-05 |   4.934360e+06 |
|   1.800000e+01 |   5.625000e-05 |   5.224449e+06 |
|   1.900000e+01 |   5.937500e-05 |   5.514519e+06 |
|   2.000000e+01 |   6.250000e-05 |   5.804570e+06 |
|   2.100000e+01 |   6.562500e-05 |   6.094603e+06 |
|   2.200000e+01 |   6.875000e-05 |   6.384617e+06 |
|   2.300000e+01 |   7.187500e-05 |   6.674613e+06 |
|   2.400000e+01 |   7.500000e-05 |   6.964590e+06 |
|   2.500000e+01 |   7.812500e-05 |   7.254548e+06 |
+----------------+----------------+----------------+


Time Step 26, time = 26, dt = 1
  Applying predictor with scale factor = 1
 0 Nonlinear |R| = [32m1.321046e-06[39m
      0 Linear |R| = [32m1.321046e-06[39m
      1 Linear |R| = [32m3.321914e-21[39m
 1 Nonlinear |R| = [32m2.439799e-07[39m
  Nonlinear solve converged due to CONVERGED_FNORM_ABS iterations 1
[32m Solve Converged![39m

Outlier Variable Residual Norms:
  disp_x: [33m1.159976e-07[39m
  disp_y: [33m2.146409e-07[39m

Postprocessor Values:
+----------------+----------------+----------------+
| time           | disp_y_max     | react_y_top    |
+----------------+----------------+----------------+
:                :                :                :
|   1.200000e+01 |   3.750000e-05 |   3.483636e+06 |
|   1.300000e+01 |   4.062500e-05 |   3.773818e+06 |
|   1.400000e+01 |   4.375000e-05 |   4.063982e+06 |
|   1.500000e+01 |   4.687500e-05 |   4.354126e+06 |
|   1.600000e+01 |   5.000000e-05 |   4.644252e+06 |
|   1.700000e+01 |   5.312500e-05 |   4.934360e+06 |
|   1.800000e+01 |   5.625000e-05 |   5.224449e+06 |
|   1.900000e+01 |   5.937500e-05 |   5.514519e+06 |
|   2.000000e+01 |   6.250000e-05 |   5.804570e+06 |
|   2.100000e+01 |   6.562500e-05 |   6.094603e+06 |
|   2.200000e+01 |   6.875000e-05 |   6.384617e+06 |
|   2.300000e+01 |   7.187500e-05 |   6.674613e+06 |
|   2.400000e+01 |   7.500000e-05 |   6.964590e+06 |
|   2.500000e+01 |   7.812500e-05 |   7.254548e+06 |
|   2.600000e+01 |   8.125000e-05 |   7.544488e+06 |
+----------------+----------------+----------------+


Time Step 27, time = 27, dt = 1
  Applying predictor with scale factor = 1
 0 Nonlinear |R| = [32m1.107128e-06[39m
      0 Linear |R| = [32m1.107128e-06[39m
      1 Linear |R| = [32m1.954201e-21[39m
 1 Nonlinear |R| = [32m2.516750e-07[39m
  Nonlinear solve converged due to CONVERGED_FNORM_ABS iterations 1
[32m Solve Converged![39m

Outlier Variable Residual Norms:
  disp_x: [33m1.209897e-07[39m
  disp_y: [33m2.206848e-07[39m

Postprocessor Values:
+----------------+----------------+----------------+
| time           | disp_y_max     | react_y_top    |
+----------------+----------------+----------------+
:                :                :                :
|   1.300000e+01 |   4.062500e-05 |   3.773818e+06 |
|   1.400000e+01 |   4.375000e-05 |   4.063982e+06 |
|   1.500000e+01 |   4.687500e-05 |   4.354126e+06 |
|   1.600000e+01 |   5.000000e-05 |   4.644252e+06 |
|   1.700000e+01 |   5.312500e-05 |   4.934360e+06 |
|   1.800000e+01 |   5.625000e-05 |   5.224449e+06 |
|   1.900000e+01 |   5.937500e-05 |   5.514519e+06 |
|   2.000000e+01 |   6.250000e-05 |   5.804570e+06 |
|   2.100000e+01 |   6.562500e-05 |   6.094603e+06 |
|   2.200000e+01 |   6.875000e-05 |   6.384617e+06 |
|   2.300000e+01 |   7.187500e-05 |   6.674613e+06 |
|   2.400000e+01 |   7.500000e-05 |   6.964590e+06 |
|   2.500000e+01 |   7.812500e-05 |   7.254548e+06 |
|   2.600000e+01 |   8.125000e-05 |   7.544488e+06 |
|   2.700000e+01 |   8.437500e-05 |   7.834409e+06 |
+----------------+----------------+----------------+


Time Step 28, time = 28, dt = 1
  Applying predictor with scale factor = 1
 0 Nonlinear |R| = [32m5.277827e-07[39m
  Nonlinear solve converged due to CONVERGED_FNORM_ABS iterations 0
[32m Solve Converged![39m

Outlier Variable Residual Norms:
  disp_x: [33m2.513088e-07[39m
  disp_y: [33m4.641102e-07[39m

Postprocessor Values:
+----------------+----------------+----------------+
| time           | disp_y_max     | react_y_top    |
+----------------+----------------+----------------+
:                :                :                :
|   1.400000e+01 |   4.375000e-05 |   4.063982e+06 |
|   1.500000e+01 |   4.687500e-05 |   4.354126e+06 |
|   1.600000e+01 |   5.000000e-05 |   4.644252e+06 |
|   1.700000e+01 |   5.312500e-05 |   4.934360e+06 |
|   1.800000e+01 |   5.625000e-05 |   5.224449e+06 |
|   1.900000e+01 |   5.937500e-05 |   5.514519e+06 |
|   2.000000e+01 |   6.250000e-05 |   5.804570e+06 |
|   2.100000e+01 |   6.562500e-05 |   6.094603e+06 |
|   2.200000e+01 |   6.875000e-05 |   6.384617e+06 |
|   2.300000e+01 |   7.187500e-05 |   6.674613e+06 |
|   2.400000e+01 |   7.500000e-05 |   6.964590e+06 |
|   2.500000e+01 |   7.812500e-05 |   7.254548e+06 |
|   2.600000e+01 |   8.125000e-05 |   7.544488e+06 |
|   2.700000e+01 |   8.437500e-05 |   7.834409e+06 |
|   2.800000e+01 |   8.750000e-05 |   8.124311e+06 |
+----------------+----------------+----------------+


Time Step 29, time = 29, dt = 1
  Applying predictor with scale factor = 1
 0 Nonlinear |R| = [32m8.477676e-07[39m
  Nonlinear solve converged due to CONVERGED_FNORM_ABS iterations 0
[32m Solve Converged![39m

Outlier Variable Residual Norms:
  disp_x: [33m3.986931e-07[39m
  disp_y: [33m7.481665e-07[39m

Postprocessor Values:
+----------------+----------------+----------------+
| time           | disp_y_max     | react_y_top    |
+----------------+----------------+----------------+
:                :                :                :
|   1.500000e+01 |   4.687500e-05 |   4.354126e+06 |
|   1.600000e+01 |   5.000000e-05 |   4.644252e+06 |
|   1.700000e+01 |   5.312500e-05 |   4.934360e+06 |
|   1.800000e+01 |   5.625000e-05 |   5.224449e+06 |
|   1.900000e+01 |   5.937500e-05 |   5.514519e+06 |
|   2.000000e+01 |   6.250000e-05 |   5.804570e+06 |
|   2.100000e+01 |   6.562500e-05 |   6.094603e+06 |
|   2.200000e+01 |   6.875000e-05 |   6.384617e+06 |
|   2.300000e+01 |   7.187500e-05 |   6.674613e+06 |
|   2.400000e+01 |   7.500000e-05 |   6.964590e+06 |
|   2.500000e+01 |   7.812500e-05 |   7.254548e+06 |
|   2.600000e+01 |   8.125000e-05 |   7.544488e+06 |
|   2.700000e+01 |   8.437500e-05 |   7.834409e+06 |
|   2.800000e+01 |   8.750000e-05 |   8.124311e+06 |
|   2.900000e+01 |   9.062500e-05 |   8.414195e+06 |
+----------------+----------------+----------------+


Time Step 30, time = 30, dt = 1
  Applying predictor with scale factor = 1
 0 Nonlinear |R| = [32m1.180998e-06[39m
      0 Linear |R| = [32m1.180998e-06[39m
      1 Linear |R| = [32m1.347593e-21[39m
 1 Nonlinear |R| = [32m2.630873e-07[39m
  Nonlinear solve converged due to CONVERGED_FNORM_ABS iterations 1
[32m Solve Converged![39m

Outlier Variable Residual Norms:
  disp_x: [33m1.345172e-07[39m
  disp_y: [33m2.260974e-07[39m

Postprocessor Values:
+----------------+----------------+----------------+
| time           | disp_y_max     | react_y_top    |
+----------------+----------------+----------------+
:                :                :                :
|   1.600000e+01 |   5.000000e-05 |   4.644252e+06 |
|   1.700000e+01 |   5.312500e-05 |   4.934360e+06 |
|   1.800000e+01 |   5.625000e-05 |   5.224449e+06 |
|   1.900000e+01 |   5.937500e-05 |   5.514519e+06 |
|   2.000000e+01 |   6.250000e-05 |   5.804570e+06 |
|   2.100000e+01 |   6.562500e-05 |   6.094603e+06 |
|   2.200000e+01 |   6.875000e-05 |   6.384617e+06 |
|   2.300000e+01 |   7.187500e-05 |   6.674613e+06 |
|   2.400000e+01 |   7.500000e-05 |   6.964590e+06 |
|   2.500000e+01 |   7.812500e-05 |   7.254548e+06 |
|   2.600000e+01 |   8.125000e-05 |   7.544488e+06 |
|   2.700000e+01 |   8.437500e-05 |   7.834409e+06 |
|   2.800000e+01 |   8.750000e-05 |   8.124311e+06 |
|   2.900000e+01 |   9.062500e-05 |   8.414195e+06 |
|   3.000000e+01 |   9.375000e-05 |   8.704060e+06 |
+----------------+----------------+----------------+


Time Step 31, time = 31, dt = 1
  Applying predictor with scale factor = 1
 0 Nonlinear |R| = [32m9.916503e-07[39m
  Nonlinear solve converged due to CONVERGED_FNORM_ABS iterations 0
[32m Solve Converged![39m

Outlier Variable Residual Norms:
  disp_x: [33m4.695844e-07[39m
  disp_y: [33m8.734186e-07[39m

Postprocessor Values:
+----------------+----------------+----------------+
| time           | disp_y_max     | react_y_top    |
+----------------+----------------+----------------+
:                :                :                :
|   1.700000e+01 |   5.312500e-05 |   4.934360e+06 |
|   1.800000e+01 |   5.625000e-05 |   5.224449e+06 |
|   1.900000e+01 |   5.937500e-05 |   5.514519e+06 |
|   2.000000e+01 |   6.250000e-05 |   5.804570e+06 |
|   2.100000e+01 |   6.562500e-05 |   6.094603e+06 |
|   2.200000e+01 |   6.875000e-05 |   6.384617e+06 |
|   2.300000e+01 |   7.187500e-05 |   6.674613e+06 |
|   2.400000e+01 |   7.500000e-05 |   6.964590e+06 |
|   2.500000e+01 |   7.812500e-05 |   7.254548e+06 |
|   2.600000e+01 |   8.125000e-05 |   7.544488e+06 |
|   2.700000e+01 |   8.437500e-05 |   7.834409e+06 |
|   2.800000e+01 |   8.750000e-05 |   8.124311e+06 |
|   2.900000e+01 |   9.062500e-05 |   8.414195e+06 |
|   3.000000e+01 |   9.375000e-05 |   8.704060e+06 |
|   3.100000e+01 |   9.687500e-05 |   8.993907e+06 |
+----------------+----------------+----------------+


Time Step 32, time = 32, dt = 1
  Applying predictor with scale factor = 1
 0 Nonlinear |R| = [32m1.858505e-06[39m
      0 Linear |R| = [32m1.858505e-06[39m
      1 Linear |R| = [32m3.692063e-21[39m
 1 Nonlinear |R| = [32m2.821203e-07[39m
  Nonlinear solve converged due to CONVERGED_FNORM_ABS iterations 1
[32m Solve Converged![39m

Outlier Variable Residual Norms:
  disp_x: [33m1.403403e-07[39m
  disp_y: [33m2.447374e-07[39m

Postprocessor Values:
+----------------+----------------+----------------+
| time           | disp_y_max     | react_y_top    |
+----------------+----------------+----------------+
:                :                :                :
|   1.800000e+01 |   5.625000e-05 |   5.224449e+06 |
|   1.900000e+01 |   5.937500e-05 |   5.514519e+06 |
|   2.000000e+01 |   6.250000e-05 |   5.804570e+06 |
|   2.100000e+01 |   6.562500e-05 |   6.094603e+06 |
|   2.200000e+01 |   6.875000e-05 |   6.384617e+06 |
|   2.300000e+01 |   7.187500e-05 |   6.674613e+06 |
|   2.400000e+01 |   7.500000e-05 |   6.964590e+06 |
|   2.500000e+01 |   7.812500e-05 |   7.254548e+06 |
|   2.600000e+01 |   8.125000e-05 |   7.544488e+06 |
|   2.700000e+01 |   8.437500e-05 |   7.834409e+06 |
|   2.800000e+01 |   8.750000e-05 |   8.124311e+06 |
|   2.900000e+01 |   9.062500e-05 |   8.414195e+06 |
|   3.000000e+01 |   9.375000e-05 |   8.704060e+06 |
|   3.100000e+01 |   9.687500e-05 |   8.993907e+06 |
|   3.200000e+01 |   1.000000e-04 |   9.283735e+06 |
+----------------+----------------+----------------+

Finished Executing                                                                       [[33m 10.69 s[39m] [[33m  299 MB[39m]
