Framework Information:
MOOSE Version:           git commit b85414d92b on 2025-11-25
LibMesh Version:         910736a3a20aded528c3ba99371ce65980dc8e2c
PETSc Version:           3.24.0
SLEPc Version:           3.24.0
Current Time:            Wed Jul  8 20:53:08 2026
Executable Timestamp:    Wed Nov 26 18:13:58 2025

Input File(s):
  /home/lloydf/vfmverif/data/platehole2d_plas_het.i

Command Line Argument(s):
  --n-threads=2

Checkpoint:
  Wall Time Interval:      Every 3600 s
  User Checkpoint:         Disabled
  # Checkpoints Kept:      2
  Execute On:              TIMESTEP_END 

Parallelism:
  Num Processors:          2
  Num Threads:             2

Mesh: 
  Parallel Type:           replicated
  Mesh Dimension:          2
  Spatial Dimension:       2
  Nodes:                   
    Total:                 5488
    Local:                 2785
    Min/Max/Avg:           2703/2785/2744
  Elems:                   
    Total:                 1764
    Local:                 882
    Min/Max/Avg:           882/882/882
  Num Subdomains:          1
  Num Partitions:          2
  Partitioner:             metis

Nonlinear System:
  Num DOFs:                12838
  Num Local DOFs:          6522
  Variables:               "scalar_strain_zz" { "disp_x" "disp_y" } 
  Finite Element Types:    "LAGRANGE" "LAGRANGE" 
  Approximation Orders:    "FIRST" "SECOND" 

Auxiliary System:
  Num DOFs:                28224
  Num Local DOFs:          14112
  Variables:               { "vonmises_stress" "strain_xx" "strain_yy" "strain_zz" "strain_xy" ... "stress_zz" 
                             "stress_xy" "effective_plastic_strain_out" "yield_stress_field" "yield_stress_out" 
                             } 
  Finite Element Types:    "MONOMIAL" 
  Approximation Orders:    "CONSTANT" 

Execution Information:
  Executioner:             Transient
  TimeStepper:             IterationAdaptiveDT
  TimeIntegrator(s):       ImplicitEuler
  Solver Mode:             NEWTON 
  PETSc Preconditioner:    lu 
  MOOSE Preconditioner:    SMP 

Time Step 0, time = 0

Postprocessor Values:
+----------------+----------------+----------------+----------------+
| time           | disp_y_max     | react_y_top    | stress_vm_max  |
+----------------+----------------+----------------+----------------+
|   0.000000e+00 |   0.000000e+00 |   0.000000e+00 |   0.000000e+00 |
+----------------+----------------+----------------+----------------+


Time Step 1, time = 1, dt = 1
 Skipping predictor this step
 0 Nonlinear |R| = [32m2.449083e+04[39m
      0 Linear |R| = [32m2.449083e+04[39m
      1 Linear |R| = [32m3.599151e-10[39m
 1 Nonlinear |R| = [32m6.370575e+03[39m
      0 Linear |R| = [32m6.370575e+03[39m
      1 Linear |R| = [32m5.658059e-10[39m
 2 Nonlinear |R| = [32m4.869123e+03[39m
      0 Linear |R| = [32m4.869123e+03[39m
      1 Linear |R| = [32m3.491190e-10[39m
 3 Nonlinear |R| = [32m2.526656e+03[39m
      0 Linear |R| = [32m2.526656e+03[39m
      1 Linear |R| = [32m7.240896e-10[39m
 4 Nonlinear |R| = [33m2.493658e+03[39m
      0 Linear |R| = [32m2.493658e+03[39m
      1 Linear |R| = [32m7.271975e-10[39m
 5 Nonlinear |R| = [33m2.456553e+03[39m
      0 Linear |R| = [32m2.456553e+03[39m
      1 Linear |R| = [32m7.865940e-10[39m
 6 Nonlinear |R| = [33m2.417173e+03[39m
      0 Linear |R| = [32m2.417173e+03[39m
      1 Linear |R| = [32m7.880708e-10[39m
 7 Nonlinear |R| = [33m2.372451e+03[39m
      0 Linear |R| = [32m2.372451e+03[39m
      1 Linear |R| = [32m7.971757e-10[39m
 8 Nonlinear |R| = [33m2.315155e+03[39m
      0 Linear |R| = [32m2.315155e+03[39m
      1 Linear |R| = [32m7.592972e-10[39m
 9 Nonlinear |R| = [33m2.259331e+03[39m
      0 Linear |R| = [32m2.259331e+03[39m
      1 Linear |R| = [32m7.905794e-10[39m
10 Nonlinear |R| = [33m2.239252e+03[39m
      0 Linear |R| = [32m2.239252e+03[39m
      1 Linear |R| = [32m7.494728e-10[39m
11 Nonlinear |R| = [33m2.186540e+03[39m
      0 Linear |R| = [32m2.186540e+03[39m
      1 Linear |R| = [32m6.300124e-10[39m
12 Nonlinear |R| = [32m2.027814e+03[39m
      0 Linear |R| = [32m2.027814e+03[39m
      1 Linear |R| = [32m5.110173e-10[39m
13 Nonlinear |R| = [32m1.903831e+03[39m
      0 Linear |R| = [32m1.903831e+03[39m
      1 Linear |R| = [32m4.519852e-11[39m
14 Nonlinear |R| = [32m1.226043e+03[39m
      0 Linear |R| = [32m1.226043e+03[39m
      1 Linear |R| = [32m1.348448e-10[39m
15 Nonlinear |R| = [32m1.118028e+03[39m
      0 Linear |R| = [32m1.118028e+03[39m
      1 Linear |R| = [32m6.927554e-11[39m
16 Nonlinear |R| = [33m1.074986e+03[39m
      0 Linear |R| = [32m1.074986e+03[39m
      1 Linear |R| = [32m5.321573e-11[39m
17 Nonlinear |R| = [32m1.011791e+03[39m
      0 Linear |R| = [32m1.011791e+03[39m
      1 Linear |R| = [32m1.913037e-11[39m
18 Nonlinear |R| = [32m8.180023e+02[39m
      0 Linear |R| = [32m8.180023e+02[39m
      1 Linear |R| = [32m2.050892e-11[39m
19 Nonlinear |R| = [32m6.154738e+02[39m
      0 Linear |R| = [32m6.154738e+02[39m
      1 Linear |R| = [32m2.702933e-11[39m
20 Nonlinear |R| = [32m5.782618e+02[39m
      0 Linear |R| = [32m5.782618e+02[39m
      1 Linear |R| = [32m2.484042e-11[39m
21 Nonlinear |R| = [32m5.214074e+02[39m
      0 Linear |R| = [32m5.214074e+02[39m
      1 Linear |R| = [32m6.790010e-12[39m
22 Nonlinear |R| = [32m3.612345e+02[39m
      0 Linear |R| = [32m3.612345e+02[39m
      1 Linear |R| = [32m5.385829e-13[39m
23 Nonlinear |R| = [32m1.933587e-01[39m
      0 Linear |R| = [32m1.933587e-01[39m
      1 Linear |R| = [32m6.485594e-16[39m
24 Nonlinear |R| = [32m3.687495e-08[39m
  Nonlinear solve converged due to CONVERGED_FNORM_ABS iterations 24
Currently Executing
  Finished Solving                                                                       [[33m 90.79 s[39m] [[33m  238 MB[39m]
[32m Solve Converged![39m

Outlier Variable Residual Norms:
  disp_y: [31m3.668008e-08[39m

Postprocessor Values:
+----------------+----------------+----------------+----------------+
| time           | disp_y_max     | react_y_top    | stress_vm_max  |
+----------------+----------------+----------------+----------------+
|   0.000000e+00 |   0.000000e+00 |   0.000000e+00 |   0.000000e+00 |
|   1.000000e+00 |   3.125000e-03 |   4.010656e+02 |   4.738364e+01 |
+----------------+----------------+----------------+----------------+


Time Step 2, time = 1.5, dt = 0.5
  Applying predictor with scale factor = 1
 0 Nonlinear |R| = [32m1.086915e-02[39m
      0 Linear |R| = [32m1.086915e-02[39m
      1 Linear |R| = [32m5.724085e-16[39m
 1 Nonlinear |R| = [32m3.264696e-09[39m
  Nonlinear solve converged due to CONVERGED_FNORM_ABS iterations 1
[32m Solve Converged![39m

Outlier Variable Residual Norms:
  disp_y: [33m2.705675e-09[39m

Postprocessor Values:
+----------------+----------------+----------------+----------------+
| time           | disp_y_max     | react_y_top    | stress_vm_max  |
+----------------+----------------+----------------+----------------+
|   0.000000e+00 |   0.000000e+00 |   0.000000e+00 |   0.000000e+00 |
|   1.000000e+00 |   3.125000e-03 |   4.010656e+02 |   4.738364e+01 |
|   1.500000e+00 |   4.687500e-03 |   6.015794e+02 |   7.107108e+01 |
+----------------+----------------+----------------+----------------+


Time Step 3, time = 2.1, dt = 0.6
  Applying predictor with scale factor = 1
 0 Nonlinear |R| = [32m9.563590e-03[39m
      0 Linear |R| = [32m9.563590e-03[39m
      1 Linear |R| = [32m4.960616e-16[39m
 1 Nonlinear |R| = [32m3.301491e-09[39m
  Nonlinear solve converged due to CONVERGED_FNORM_ABS iterations 1
[32m Solve Converged![39m

Outlier Variable Residual Norms:
  disp_y: [33m2.773617e-09[39m

Postprocessor Values:
+----------------+----------------+----------------+----------------+
| time           | disp_y_max     | react_y_top    | stress_vm_max  |
+----------------+----------------+----------------+----------------+
|   0.000000e+00 |   0.000000e+00 |   0.000000e+00 |   0.000000e+00 |
|   1.000000e+00 |   3.125000e-03 |   4.010656e+02 |   4.738364e+01 |
|   1.500000e+00 |   4.687500e-03 |   6.015794e+02 |   7.107108e+01 |
|   2.100000e+00 |   6.562500e-03 |   8.421790e+02 |   9.949215e+01 |
+----------------+----------------+----------------+----------------+


Time Step 4, time = 2.82, dt = 0.72
  Applying predictor with scale factor = 1
 0 Nonlinear |R| = [32m1.376921e-02[39m
      0 Linear |R| = [32m1.376921e-02[39m
      1 Linear |R| = [32m7.639790e-16[39m
 1 Nonlinear |R| = [32m3.230039e-09[39m
  Nonlinear solve converged due to CONVERGED_FNORM_ABS iterations 1
[32m Solve Converged![39m

Outlier Variable Residual Norms:
  disp_y: [33m2.639966e-09[39m

Postprocessor Values:
+----------------+----------------+----------------+----------------+
| time           | disp_y_max     | react_y_top    | stress_vm_max  |
+----------------+----------------+----------------+----------------+
|   0.000000e+00 |   0.000000e+00 |   0.000000e+00 |   0.000000e+00 |
|   1.000000e+00 |   3.125000e-03 |   4.010656e+02 |   4.738364e+01 |
|   1.500000e+00 |   4.687500e-03 |   6.015794e+02 |   7.107108e+01 |
|   2.100000e+00 |   6.562500e-03 |   8.421790e+02 |   9.949215e+01 |
|   2.820000e+00 |   8.812500e-03 |   1.130874e+03 |   1.335919e+02 |
+----------------+----------------+----------------+----------------+


Time Step 5, time = 3.684, dt = 0.864
  Applying predictor with scale factor = 1
 0 Nonlinear |R| = [32m1.982360e-02[39m
      0 Linear |R| = [32m1.982360e-02[39m
      1 Linear |R| = [32m1.015899e-15[39m
 1 Nonlinear |R| = [32m3.201269e-09[39m
  Nonlinear solve converged due to CONVERGED_FNORM_ABS iterations 1
[32m Solve Converged![39m

Outlier Variable Residual Norms:
  disp_y: [33m2.649635e-09[39m

Postprocessor Values:
+----------------+----------------+----------------+----------------+
| time           | disp_y_max     | react_y_top    | stress_vm_max  |
+----------------+----------------+----------------+----------------+
|   0.000000e+00 |   0.000000e+00 |   0.000000e+00 |   0.000000e+00 |
|   1.000000e+00 |   3.125000e-03 |   4.010656e+02 |   4.738364e+01 |
|   1.500000e+00 |   4.687500e-03 |   6.015794e+02 |   7.107108e+01 |
|   2.100000e+00 |   6.562500e-03 |   8.421790e+02 |   9.949215e+01 |
|   2.820000e+00 |   8.812500e-03 |   1.130874e+03 |   1.335919e+02 |
|   3.684000e+00 |   1.151250e-02 |   1.477274e+03 |   1.745036e+02 |
+----------------+----------------+----------------+----------------+


Time Step 6, time = 4.684, dt = 1
  Applying predictor with scale factor = 1
 0 Nonlinear |R| = [32m2.699294e-02[39m
      0 Linear |R| = [32m2.699294e-02[39m
      1 Linear |R| = [32m1.424973e-15[39m
 1 Nonlinear |R| = [32m3.420726e-09[39m
  Nonlinear solve converged due to CONVERGED_FNORM_ABS iterations 1
[32m Solve Converged![39m

Postprocessor Values:
+----------------+----------------+----------------+----------------+
| time           | disp_y_max     | react_y_top    | stress_vm_max  |
+----------------+----------------+----------------+----------------+
|   0.000000e+00 |   0.000000e+00 |   0.000000e+00 |   0.000000e+00 |
|   1.000000e+00 |   3.125000e-03 |   4.010656e+02 |   4.738364e+01 |
|   1.500000e+00 |   4.687500e-03 |   6.015794e+02 |   7.107108e+01 |
|   2.100000e+00 |   6.562500e-03 |   8.421790e+02 |   9.949215e+01 |
|   2.820000e+00 |   8.812500e-03 |   1.130874e+03 |   1.335919e+02 |
|   3.684000e+00 |   1.151250e-02 |   1.477274e+03 |   1.745036e+02 |
|   4.684000e+00 |   1.463750e-02 |   1.878152e+03 |   2.218442e+02 |
+----------------+----------------+----------------+----------------+


Time Step 7, time = 5.684, dt = 1
  Applying predictor with scale factor = 1
 0 Nonlinear |R| = [32m1.431242e+01[39m
      0 Linear |R| = [32m1.431242e+01[39m
      1 Linear |R| = [32m2.316764e-13[39m
 1 Nonlinear |R| = [32m1.577278e+00[39m
      0 Linear |R| = [32m1.577278e+00[39m
      1 Linear |R| = [32m1.374396e-14[39m
 2 Nonlinear |R| = [32m3.159311e-03[39m
      0 Linear |R| = [32m3.159311e-03[39m
      1 Linear |R| = [32m2.261458e-17[39m
 3 Nonlinear |R| = [32m3.648688e-08[39m
  Nonlinear solve converged due to CONVERGED_FNORM_ABS iterations 3
[32m Solve Converged![39m
  Finished Solving                                                                       [[33m  9.12 s[39m] [[33m  238 MB[39m]

Outlier Variable Residual Norms:
  disp_x: [31m3.281819e-08[39m

Postprocessor Values:
+----------------+----------------+----------------+----------------+
| time           | disp_y_max     | react_y_top    | stress_vm_max  |
+----------------+----------------+----------------+----------------+
|   0.000000e+00 |   0.000000e+00 |   0.000000e+00 |   0.000000e+00 |
|   1.000000e+00 |   3.125000e-03 |   4.010656e+02 |   4.738364e+01 |
|   1.500000e+00 |   4.687500e-03 |   6.015794e+02 |   7.107108e+01 |
|   2.100000e+00 |   6.562500e-03 |   8.421790e+02 |   9.949215e+01 |
|   2.820000e+00 |   8.812500e-03 |   1.130874e+03 |   1.335919e+02 |
|   3.684000e+00 |   1.151250e-02 |   1.477274e+03 |   1.745036e+02 |
|   4.684000e+00 |   1.463750e-02 |   1.878152e+03 |   2.218442e+02 |
|   5.684000e+00 |   1.776250e-02 |   2.276919e+03 |   2.389591e+02 |
+----------------+----------------+----------------+----------------+


Time Step 8, time = 6.684, dt = 1
  Applying predictor with scale factor = 1
 0 Nonlinear |R| = [32m1.638706e+01[39m
      0 Linear |R| = [32m1.638706e+01[39m
      1 Linear |R| = [32m6.665785e-13[39m
 1 Nonlinear |R| = [32m5.515596e+00[39m
      0 Linear |R| = [32m5.515596e+00[39m
      1 Linear |R| = [32m5.350603e-14[39m
 2 Nonlinear |R| = [32m5.143126e-01[39m
      0 Linear |R| = [32m5.143126e-01[39m
      1 Linear |R| = [32m1.635633e-15[39m
 3 Nonlinear |R| = [32m4.258610e-02[39m
      0 Linear |R| = [32m4.258610e-02[39m
      1 Linear |R| = [32m1.124063e-16[39m
 4 Nonlinear |R| = [32m4.901960e-06[39m
  Nonlinear solve converged due to CONVERGED_FNORM_ABS iterations 4
[32m Solve Converged![39m
  Finished Solving                                                                       [[33m 15.54 s[39m] [[33m  238 MB[39m]

Postprocessor Values:
+----------------+----------------+----------------+----------------+
| time           | disp_y_max     | react_y_top    | stress_vm_max  |
+----------------+----------------+----------------+----------------+
|   0.000000e+00 |   0.000000e+00 |   0.000000e+00 |   0.000000e+00 |
|   1.000000e+00 |   3.125000e-03 |   4.010656e+02 |   4.738364e+01 |
|   1.500000e+00 |   4.687500e-03 |   6.015794e+02 |   7.107108e+01 |
|   2.100000e+00 |   6.562500e-03 |   8.421790e+02 |   9.949215e+01 |
|   2.820000e+00 |   8.812500e-03 |   1.130874e+03 |   1.335919e+02 |
|   3.684000e+00 |   1.151250e-02 |   1.477274e+03 |   1.745036e+02 |
|   4.684000e+00 |   1.463750e-02 |   1.878152e+03 |   2.218442e+02 |
|   5.684000e+00 |   1.776250e-02 |   2.276919e+03 |   2.389591e+02 |
|   6.684000e+00 |   2.088750e-02 |   2.668915e+03 |   2.395062e+02 |
+----------------+----------------+----------------+----------------+


Time Step 9, time = 7.684, dt = 1
  Applying predictor with scale factor = 1
 0 Nonlinear |R| = [32m1.766927e+01[39m
      0 Linear |R| = [32m1.766927e+01[39m
      1 Linear |R| = [32m8.757334e-13[39m
 1 Nonlinear |R| = [32m1.677878e+01[39m
      0 Linear |R| = [32m1.677878e+01[39m
      1 Linear |R| = [32m1.930164e-13[39m
 2 Nonlinear |R| = [32m8.849208e-01[39m
      0 Linear |R| = [32m8.849208e-01[39m
      1 Linear |R| = [32m1.137567e-14[39m
 3 Nonlinear |R| = [32m3.831103e-03[39m
      0 Linear |R| = [32m3.831103e-03[39m
      1 Linear |R| = [32m1.852350e-17[39m
 4 Nonlinear |R| = [32m3.625164e-08[39m
  Nonlinear solve converged due to CONVERGED_FNORM_ABS iterations 4
  Finished Solving                                                                       [[33m 15.74 s[39m] [[33m  238 MB[39m]
[32m Solve Converged![39m

Outlier Variable Residual Norms:
  disp_y: [33m3.030470e-08[39m

Postprocessor Values:
+----------------+----------------+----------------+----------------+
| time           | disp_y_max     | react_y_top    | stress_vm_max  |
+----------------+----------------+----------------+----------------+
|   0.000000e+00 |   0.000000e+00 |   0.000000e+00 |   0.000000e+00 |
|   1.000000e+00 |   3.125000e-03 |   4.010656e+02 |   4.738364e+01 |
|   1.500000e+00 |   4.687500e-03 |   6.015794e+02 |   7.107108e+01 |
|   2.100000e+00 |   6.562500e-03 |   8.421790e+02 |   9.949215e+01 |
|   2.820000e+00 |   8.812500e-03 |   1.130874e+03 |   1.335919e+02 |
|   3.684000e+00 |   1.151250e-02 |   1.477274e+03 |   1.745036e+02 |
|   4.684000e+00 |   1.463750e-02 |   1.878152e+03 |   2.218442e+02 |
|   5.684000e+00 |   1.776250e-02 |   2.276919e+03 |   2.389591e+02 |
|   6.684000e+00 |   2.088750e-02 |   2.668915e+03 |   2.395062e+02 |
|   7.684000e+00 |   2.401250e-02 |   3.050876e+03 |   2.401601e+02 |
+----------------+----------------+----------------+----------------+


Time Step 10, time = 8.684, dt = 1
  Applying predictor with scale factor = 1
 0 Nonlinear |R| = [32m1.737668e+01[39m
      0 Linear |R| = [32m1.737668e+01[39m
      1 Linear |R| = [32m1.084121e-12[39m
 1 Nonlinear |R| = [32m1.277287e+01[39m
      0 Linear |R| = [32m1.277287e+01[39m
      1 Linear |R| = [32m8.520667e-13[39m
 2 Nonlinear |R| = [32m2.831705e+00[39m
      0 Linear |R| = [32m2.831705e+00[39m
      1 Linear |R| = [32m5.297455e-14[39m
 3 Nonlinear |R| = [32m7.843961e-01[39m
      0 Linear |R| = [32m7.843961e-01[39m
      1 Linear |R| = [32m9.746293e-15[39m
 4 Nonlinear |R| = [32m1.484861e-03[39m
      0 Linear |R| = [32m1.484861e-03[39m
      1 Linear |R| = [32m6.611519e-18[39m
 5 Nonlinear |R| = [32m4.787090e-09[39m
  Nonlinear solve converged due to CONVERGED_FNORM_ABS iterations 5
  Finished Solving                                                                       [[33m 14.60 s[39m] [[33m  238 MB[39m]
[32m Solve Converged![39m

Postprocessor Values:
+----------------+----------------+----------------+----------------+
| time           | disp_y_max     | react_y_top    | stress_vm_max  |
+----------------+----------------+----------------+----------------+
|   0.000000e+00 |   0.000000e+00 |   0.000000e+00 |   0.000000e+00 |
|   1.000000e+00 |   3.125000e-03 |   4.010656e+02 |   4.738364e+01 |
|   1.500000e+00 |   4.687500e-03 |   6.015794e+02 |   7.107108e+01 |
|   2.100000e+00 |   6.562500e-03 |   8.421790e+02 |   9.949215e+01 |
|   2.820000e+00 |   8.812500e-03 |   1.130874e+03 |   1.335919e+02 |
|   3.684000e+00 |   1.151250e-02 |   1.477274e+03 |   1.745036e+02 |
|   4.684000e+00 |   1.463750e-02 |   1.878152e+03 |   2.218442e+02 |
|   5.684000e+00 |   1.776250e-02 |   2.276919e+03 |   2.389591e+02 |
|   6.684000e+00 |   2.088750e-02 |   2.668915e+03 |   2.395062e+02 |
|   7.684000e+00 |   2.401250e-02 |   3.050876e+03 |   2.401601e+02 |
|   8.684000e+00 |   2.713750e-02 |   3.419447e+03 |   2.408803e+02 |
+----------------+----------------+----------------+----------------+


Time Step 11, time = 9.684, dt = 1
  Applying predictor with scale factor = 1
 0 Nonlinear |R| = [32m1.807730e+01[39m
      0 Linear |R| = [32m1.807730e+01[39m
      1 Linear |R| = [32m1.294244e-12[39m
 1 Nonlinear |R| = [32m1.624093e+01[39m
      0 Linear |R| = [32m1.624093e+01[39m
      1 Linear |R| = [32m1.211147e-12[39m
 2 Nonlinear |R| = [32m1.200907e+01[39m
      0 Linear |R| = [32m1.200907e+01[39m
      1 Linear |R| = [32m9.946609e-13[39m
 3 Nonlinear |R| = [32m3.333804e+00[39m
      0 Linear |R| = [32m3.333804e+00[39m
      1 Linear |R| = [32m4.353435e-14[39m
 4 Nonlinear |R| = [32m9.462141e-01[39m
      0 Linear |R| = [32m9.462141e-01[39m
      1 Linear |R| = [32m1.237103e-14[39m
 5 Nonlinear |R| = [32m2.941383e-03[39m
      0 Linear |R| = [32m2.941383e-03[39m
      1 Linear |R| = [32m1.083974e-17[39m
 6 Nonlinear |R| = [32m8.300549e-09[39m
  Nonlinear solve converged due to CONVERGED_FNORM_ABS iterations 6
  Finished Solving                                                                       [[33m 18.43 s[39m] [[33m  238 MB[39m]
[32m Solve Converged![39m

Postprocessor Values:
+----------------+----------------+----------------+----------------+
| time           | disp_y_max     | react_y_top    | stress_vm_max  |
+----------------+----------------+----------------+----------------+
|   0.000000e+00 |   0.000000e+00 |   0.000000e+00 |   0.000000e+00 |
|   1.000000e+00 |   3.125000e-03 |   4.010656e+02 |   4.738364e+01 |
|   1.500000e+00 |   4.687500e-03 |   6.015794e+02 |   7.107108e+01 |
|   2.100000e+00 |   6.562500e-03 |   8.421790e+02 |   9.949215e+01 |
|   2.820000e+00 |   8.812500e-03 |   1.130874e+03 |   1.335919e+02 |
|   3.684000e+00 |   1.151250e-02 |   1.477274e+03 |   1.745036e+02 |
|   4.684000e+00 |   1.463750e-02 |   1.878152e+03 |   2.218442e+02 |
|   5.684000e+00 |   1.776250e-02 |   2.276919e+03 |   2.389591e+02 |
|   6.684000e+00 |   2.088750e-02 |   2.668915e+03 |   2.395062e+02 |
|   7.684000e+00 |   2.401250e-02 |   3.050876e+03 |   2.401601e+02 |
|   8.684000e+00 |   2.713750e-02 |   3.419447e+03 |   2.408803e+02 |
|   9.684000e+00 |   3.026250e-02 |   3.770018e+03 |   2.416686e+02 |
+----------------+----------------+----------------+----------------+


Time Step 12, time = 10.684, dt = 1
  Applying predictor with scale factor = 1
 0 Nonlinear |R| = [32m2.531160e+01[39m
      0 Linear |R| = [32m2.531160e+01[39m
      1 Linear |R| = [32m2.122363e-12[39m
 1 Nonlinear |R| = [32m2.242670e+01[39m
      0 Linear |R| = [32m2.242670e+01[39m
      1 Linear |R| = [32m1.890049e-13[39m
 2 Nonlinear |R| = [32m1.437921e+00[39m
      0 Linear |R| = [32m1.437921e+00[39m
      1 Linear |R| = [32m9.984955e-15[39m
 3 Nonlinear |R| = [32m1.139912e-01[39m
      0 Linear |R| = [32m1.139912e-01[39m
      1 Linear |R| = [32m9.960373e-16[39m
 4 Nonlinear |R| = [32m2.931137e-05[39m
      0 Linear |R| = [32m2.931137e-05[39m
      1 Linear |R| = [32m2.140875e-19[39m
 5 Nonlinear |R| = [32m2.671664e-09[39m
  Nonlinear solve converged due to CONVERGED_FNORM_ABS iterations 5
  Finished Solving                                                                       [[33m 14.44 s[39m] [[33m  238 MB[39m]
[32m Solve Converged![39m

Postprocessor Values:
+----------------+----------------+----------------+----------------+
| time           | disp_y_max     | react_y_top    | stress_vm_max  |
+----------------+----------------+----------------+----------------+
|   0.000000e+00 |   0.000000e+00 |   0.000000e+00 |   0.000000e+00 |
|   1.000000e+00 |   3.125000e-03 |   4.010656e+02 |   4.738364e+01 |
|   1.500000e+00 |   4.687500e-03 |   6.015794e+02 |   7.107108e+01 |
|   2.100000e+00 |   6.562500e-03 |   8.421790e+02 |   9.949215e+01 |
|   2.820000e+00 |   8.812500e-03 |   1.130874e+03 |   1.335919e+02 |
|   3.684000e+00 |   1.151250e-02 |   1.477274e+03 |   1.745036e+02 |
|   4.684000e+00 |   1.463750e-02 |   1.878152e+03 |   2.218442e+02 |
|   5.684000e+00 |   1.776250e-02 |   2.276919e+03 |   2.389591e+02 |
|   6.684000e+00 |   2.088750e-02 |   2.668915e+03 |   2.395062e+02 |
|   7.684000e+00 |   2.401250e-02 |   3.050876e+03 |   2.401601e+02 |
|   8.684000e+00 |   2.713750e-02 |   3.419447e+03 |   2.408803e+02 |
|   9.684000e+00 |   3.026250e-02 |   3.770018e+03 |   2.416686e+02 |
|   1.068400e+01 |   3.338750e-02 |   4.088306e+03 |   2.428518e+02 |
+----------------+----------------+----------------+----------------+


Time Step 13, time = 11.684, dt = 1
  Applying predictor with scale factor = 1
 0 Nonlinear |R| = [32m6.925873e+01[39m
      0 Linear |R| = [32m6.925873e+01[39m
      1 Linear |R| = [32m7.875182e-12[39m
 1 Nonlinear |R| = [32m6.354552e+01[39m
      0 Linear |R| = [32m6.354552e+01[39m
      1 Linear |R| = [32m6.395701e-12[39m
 2 Nonlinear |R| = [33m6.131129e+01[39m
      0 Linear |R| = [32m6.131129e+01[39m
      1 Linear |R| = [32m6.406116e-13[39m
 3 Nonlinear |R| = [32m6.619366e+00[39m
      0 Linear |R| = [32m6.619366e+00[39m
      1 Linear |R| = [32m9.964107e-14[39m
 4 Nonlinear |R| = [32m1.307248e+00[39m
      0 Linear |R| = [32m1.307248e+00[39m
      1 Linear |R| = [32m1.203606e-14[39m
 5 Nonlinear |R| = [32m3.481837e-01[39m
      0 Linear |R| = [32m3.481837e-01[39m
      1 Linear |R| = [32m4.288036e-15[39m
 6 Nonlinear |R| = [32m2.640520e-01[39m
      0 Linear |R| = [32m2.640520e-01[39m
      1 Linear |R| = [32m8.967291e-15[39m
 7 Nonlinear |R| = [32m1.661090e-02[39m
      0 Linear |R| = [32m1.661090e-02[39m
      1 Linear |R| = [32m6.829699e-17[39m
 8 Nonlinear |R| = [32m3.310653e-07[39m
  Nonlinear solve converged due to CONVERGED_FNORM_ABS iterations 8
[32m Solve Converged![39m
  Finished Solving                                                                       [[33m 23.17 s[39m] [[33m  238 MB[39m]

Outlier Variable Residual Norms:
  disp_x: [33m2.941986e-07[39m

Postprocessor Values:
+----------------+----------------+----------------+----------------+
| time           | disp_y_max     | react_y_top    | stress_vm_max  |
+----------------+----------------+----------------+----------------+
|   0.000000e+00 |   0.000000e+00 |   0.000000e+00 |   0.000000e+00 |
|   1.000000e+00 |   3.125000e-03 |   4.010656e+02 |   4.738364e+01 |
|   1.500000e+00 |   4.687500e-03 |   6.015794e+02 |   7.107108e+01 |
|   2.100000e+00 |   6.562500e-03 |   8.421790e+02 |   9.949215e+01 |
|   2.820000e+00 |   8.812500e-03 |   1.130874e+03 |   1.335919e+02 |
|   3.684000e+00 |   1.151250e-02 |   1.477274e+03 |   1.745036e+02 |
|   4.684000e+00 |   1.463750e-02 |   1.878152e+03 |   2.218442e+02 |
|   5.684000e+00 |   1.776250e-02 |   2.276919e+03 |   2.389591e+02 |
|   6.684000e+00 |   2.088750e-02 |   2.668915e+03 |   2.395062e+02 |
|   7.684000e+00 |   2.401250e-02 |   3.050876e+03 |   2.401601e+02 |
|   8.684000e+00 |   2.713750e-02 |   3.419447e+03 |   2.408803e+02 |
|   9.684000e+00 |   3.026250e-02 |   3.770018e+03 |   2.416686e+02 |
|   1.068400e+01 |   3.338750e-02 |   4.088306e+03 |   2.428518e+02 |
|   1.168400e+01 |   3.651250e-02 |   4.236397e+03 |   2.450522e+02 |
+----------------+----------------+----------------+----------------+


Time Step 14, time = 12.684, dt = 1
  Applying predictor with scale factor = 1
 0 Nonlinear |R| = [32m6.521949e+01[39m
      0 Linear |R| = [32m6.521949e+01[39m
      1 Linear |R| = [32m5.093322e-12[39m
 1 Nonlinear |R| = [32m5.829215e+01[39m
      0 Linear |R| = [32m5.829215e+01[39m
      1 Linear |R| = [32m4.198171e-12[39m
 2 Nonlinear |R| = [32m4.159589e+01[39m
      0 Linear |R| = [32m4.159589e+01[39m
      1 Linear |R| = [32m2.607928e-12[39m
 3 Nonlinear |R| = [32m2.005250e+01[39m
      0 Linear |R| = [32m2.005250e+01[39m
      1 Linear |R| = [32m1.555551e-13[39m
 4 Nonlinear |R| = [32m2.060591e+00[39m
      0 Linear |R| = [32m2.060591e+00[39m
      1 Linear |R| = [32m1.168234e-14[39m
 5 Nonlinear |R| = [32m2.355001e-01[39m
      0 Linear |R| = [32m2.355001e-01[39m
      1 Linear |R| = [32m1.086086e-15[39m
 6 Nonlinear |R| = [32m3.662819e-05[39m
  Nonlinear solve converged due to CONVERGED_FNORM_ABS iterations 6
  Finished Solving                                                                       [[33m 21.56 s[39m] [[33m  238 MB[39m]
[32m Solve Converged![39m

Outlier Variable Residual Norms:
  disp_x: [33m3.106519e-05[39m

Postprocessor Values:
+----------------+----------------+----------------+----------------+
| time           | disp_y_max     | react_y_top    | stress_vm_max  |
+----------------+----------------+----------------+----------------+
|   0.000000e+00 |   0.000000e+00 |   0.000000e+00 |   0.000000e+00 |
|   1.000000e+00 |   3.125000e-03 |   4.010656e+02 |   4.738364e+01 |
|   1.500000e+00 |   4.687500e-03 |   6.015794e+02 |   7.107108e+01 |
|   2.100000e+00 |   6.562500e-03 |   8.421790e+02 |   9.949215e+01 |
|   2.820000e+00 |   8.812500e-03 |   1.130874e+03 |   1.335919e+02 |
|   3.684000e+00 |   1.151250e-02 |   1.477274e+03 |   1.745036e+02 |
|   4.684000e+00 |   1.463750e-02 |   1.878152e+03 |   2.218442e+02 |
|   5.684000e+00 |   1.776250e-02 |   2.276919e+03 |   2.389591e+02 |
|   6.684000e+00 |   2.088750e-02 |   2.668915e+03 |   2.395062e+02 |
|   7.684000e+00 |   2.401250e-02 |   3.050876e+03 |   2.401601e+02 |
|   8.684000e+00 |   2.713750e-02 |   3.419447e+03 |   2.408803e+02 |
|   9.684000e+00 |   3.026250e-02 |   3.770018e+03 |   2.416686e+02 |
|   1.068400e+01 |   3.338750e-02 |   4.088306e+03 |   2.428518e+02 |
|   1.168400e+01 |   3.651250e-02 |   4.236397e+03 |   2.450522e+02 |
|   1.268400e+01 |   3.963750e-02 |   4.256559e+03 |   2.466857e+02 |
+----------------+----------------+----------------+----------------+


Time Step 15, time = 13.684, dt = 1
  Applying predictor with scale factor = 1
 0 Nonlinear |R| = [32m1.453912e+01[39m
      0 Linear |R| = [32m1.453912e+01[39m
      1 Linear |R| = [32m2.972599e-13[39m
 1 Nonlinear |R| = [32m2.988986e+00[39m
      0 Linear |R| = [32m2.988986e+00[39m
      1 Linear |R| = [32m3.273534e-14[39m
 2 Nonlinear |R| = [32m2.364253e-01[39m
      0 Linear |R| = [32m2.364253e-01[39m
      1 Linear |R| = [32m1.877034e-15[39m
 3 Nonlinear |R| = [32m1.003406e-04[39m
      0 Linear |R| = [32m1.003406e-04[39m
      1 Linear |R| = [32m7.255373e-19[39m
 4 Nonlinear |R| = [32m2.345047e-09[39m
  Nonlinear solve converged due to CONVERGED_FNORM_ABS iterations 4
  Finished Solving                                                                       [[33m 13.33 s[39m] [[33m  238 MB[39m]
[32m Solve Converged![39m

Postprocessor Values:
+----------------+----------------+----------------+----------------+
| time           | disp_y_max     | react_y_top    | stress_vm_max  |
+----------------+----------------+----------------+----------------+
:                :                :                :                :
|   1.000000e+00 |   3.125000e-03 |   4.010656e+02 |   4.738364e+01 |
|   1.500000e+00 |   4.687500e-03 |   6.015794e+02 |   7.107108e+01 |
|   2.100000e+00 |   6.562500e-03 |   8.421790e+02 |   9.949215e+01 |
|   2.820000e+00 |   8.812500e-03 |   1.130874e+03 |   1.335919e+02 |
|   3.684000e+00 |   1.151250e-02 |   1.477274e+03 |   1.745036e+02 |
|   4.684000e+00 |   1.463750e-02 |   1.878152e+03 |   2.218442e+02 |
|   5.684000e+00 |   1.776250e-02 |   2.276919e+03 |   2.389591e+02 |
|   6.684000e+00 |   2.088750e-02 |   2.668915e+03 |   2.395062e+02 |
|   7.684000e+00 |   2.401250e-02 |   3.050876e+03 |   2.401601e+02 |
|   8.684000e+00 |   2.713750e-02 |   3.419447e+03 |   2.408803e+02 |
|   9.684000e+00 |   3.026250e-02 |   3.770018e+03 |   2.416686e+02 |
|   1.068400e+01 |   3.338750e-02 |   4.088306e+03 |   2.428518e+02 |
|   1.168400e+01 |   3.651250e-02 |   4.236397e+03 |   2.450522e+02 |
|   1.268400e+01 |   3.963750e-02 |   4.256559e+03 |   2.466857e+02 |
|   1.368400e+01 |   4.276250e-02 |   4.271442e+03 |   2.483221e+02 |
+----------------+----------------+----------------+----------------+


Time Step 16, time = 14.684, dt = 1
  Applying predictor with scale factor = 1
 0 Nonlinear |R| = [32m9.719410e+00[39m
      0 Linear |R| = [32m9.719410e+00[39m
      1 Linear |R| = [32m1.806288e-13[39m
 1 Nonlinear |R| = [32m3.786876e+00[39m
      0 Linear |R| = [32m3.786876e+00[39m
      1 Linear |R| = [32m1.331273e-13[39m
 2 Nonlinear |R| = [32m2.568336e+00[39m
      0 Linear |R| = [32m2.568336e+00[39m
      1 Linear |R| = [32m4.171095e-15[39m
 3 Nonlinear |R| = [32m7.746858e-02[39m
      0 Linear |R| = [32m7.746858e-02[39m
      1 Linear |R| = [32m3.469115e-16[39m
 4 Nonlinear |R| = [32m9.659909e-06[39m
  Nonlinear solve converged due to CONVERGED_FNORM_ABS iterations 4
  Finished Solving                                                                       [[33m 14.17 s[39m] [[33m  238 MB[39m]
[32m Solve Converged![39m

Outlier Variable Residual Norms:
  disp_x: [33m7.915864e-06[39m

Postprocessor Values:
+----------------+----------------+----------------+----------------+
| time           | disp_y_max     | react_y_top    | stress_vm_max  |
+----------------+----------------+----------------+----------------+
:                :                :                :                :
|   1.500000e+00 |   4.687500e-03 |   6.015794e+02 |   7.107108e+01 |
|   2.100000e+00 |   6.562500e-03 |   8.421790e+02 |   9.949215e+01 |
|   2.820000e+00 |   8.812500e-03 |   1.130874e+03 |   1.335919e+02 |
|   3.684000e+00 |   1.151250e-02 |   1.477274e+03 |   1.745036e+02 |
|   4.684000e+00 |   1.463750e-02 |   1.878152e+03 |   2.218442e+02 |
|   5.684000e+00 |   1.776250e-02 |   2.276919e+03 |   2.389591e+02 |
|   6.684000e+00 |   2.088750e-02 |   2.668915e+03 |   2.395062e+02 |
|   7.684000e+00 |   2.401250e-02 |   3.050876e+03 |   2.401601e+02 |
|   8.684000e+00 |   2.713750e-02 |   3.419447e+03 |   2.408803e+02 |
|   9.684000e+00 |   3.026250e-02 |   3.770018e+03 |   2.416686e+02 |
|   1.068400e+01 |   3.338750e-02 |   4.088306e+03 |   2.428518e+02 |
|   1.168400e+01 |   3.651250e-02 |   4.236397e+03 |   2.450522e+02 |
|   1.268400e+01 |   3.963750e-02 |   4.256559e+03 |   2.466857e+02 |
|   1.368400e+01 |   4.276250e-02 |   4.271442e+03 |   2.483221e+02 |
|   1.468400e+01 |   4.588750e-02 |   4.284321e+03 |   2.499541e+02 |
+----------------+----------------+----------------+----------------+


Time Step 17, time = 15.684, dt = 1
  Applying predictor with scale factor = 1
 0 Nonlinear |R| = [32m7.295510e+00[39m
      0 Linear |R| = [32m7.295510e+00[39m
      1 Linear |R| = [32m2.038772e-13[39m
 1 Nonlinear |R| = [32m1.154701e+00[39m
      0 Linear |R| = [32m1.154701e+00[39m
      1 Linear |R| = [32m1.160669e-14[39m
 2 Nonlinear |R| = [32m2.820325e-02[39m
      0 Linear |R| = [32m2.820325e-02[39m
      1 Linear |R| = [32m6.340746e-17[39m
 3 Nonlinear |R| = [32m5.301351e-07[39m
  Nonlinear solve converged due to CONVERGED_FNORM_ABS iterations 3
  Finished Solving                                                                       [[33m  9.99 s[39m] [[33m  244 MB[39m]
[32m Solve Converged![39m

Outlier Variable Residual Norms:
  disp_x: [33m4.506883e-07[39m

Postprocessor Values:
+----------------+----------------+----------------+----------------+
| time           | disp_y_max     | react_y_top    | stress_vm_max  |
+----------------+----------------+----------------+----------------+
:                :                :                :                :
|   2.100000e+00 |   6.562500e-03 |   8.421790e+02 |   9.949215e+01 |
|   2.820000e+00 |   8.812500e-03 |   1.130874e+03 |   1.335919e+02 |
|   3.684000e+00 |   1.151250e-02 |   1.477274e+03 |   1.745036e+02 |
|   4.684000e+00 |   1.463750e-02 |   1.878152e+03 |   2.218442e+02 |
|   5.684000e+00 |   1.776250e-02 |   2.276919e+03 |   2.389591e+02 |
|   6.684000e+00 |   2.088750e-02 |   2.668915e+03 |   2.395062e+02 |
|   7.684000e+00 |   2.401250e-02 |   3.050876e+03 |   2.401601e+02 |
|   8.684000e+00 |   2.713750e-02 |   3.419447e+03 |   2.408803e+02 |
|   9.684000e+00 |   3.026250e-02 |   3.770018e+03 |   2.416686e+02 |
|   1.068400e+01 |   3.338750e-02 |   4.088306e+03 |   2.428518e+02 |
|   1.168400e+01 |   3.651250e-02 |   4.236397e+03 |   2.450522e+02 |
|   1.268400e+01 |   3.963750e-02 |   4.256559e+03 |   2.466857e+02 |
|   1.368400e+01 |   4.276250e-02 |   4.271442e+03 |   2.483221e+02 |
|   1.468400e+01 |   4.588750e-02 |   4.284321e+03 |   2.499541e+02 |
|   1.568400e+01 |   4.901250e-02 |   4.295845e+03 |   2.515756e+02 |
+----------------+----------------+----------------+----------------+


Time Step 18, time = 16.684, dt = 1
  Applying predictor with scale factor = 1
 0 Nonlinear |R| = [32m6.811526e+00[39m
      0 Linear |R| = [32m6.811526e+00[39m
      1 Linear |R| = [32m1.365236e-13[39m
 1 Nonlinear |R| = [32m9.261336e-01[39m
      0 Linear |R| = [32m9.261336e-01[39m
      1 Linear |R| = [32m9.002334e-15[39m
 2 Nonlinear |R| = [32m3.634372e-03[39m
      0 Linear |R| = [32m3.634372e-03[39m
      1 Linear |R| = [32m2.847265e-17[39m
 3 Nonlinear |R| = [32m3.382798e-08[39m
  Nonlinear solve converged due to CONVERGED_FNORM_ABS iterations 3
  Finished Solving                                                                       [[33m 11.17 s[39m] [[33m  244 MB[39m]
[32m Solve Converged![39m

Outlier Variable Residual Norms:
  disp_x: [31m3.165129e-08[39m

Postprocessor Values:
+----------------+----------------+----------------+----------------+
| time           | disp_y_max     | react_y_top    | stress_vm_max  |
+----------------+----------------+----------------+----------------+
:                :                :                :                :
|   2.820000e+00 |   8.812500e-03 |   1.130874e+03 |   1.335919e+02 |
|   3.684000e+00 |   1.151250e-02 |   1.477274e+03 |   1.745036e+02 |
|   4.684000e+00 |   1.463750e-02 |   1.878152e+03 |   2.218442e+02 |
|   5.684000e+00 |   1.776250e-02 |   2.276919e+03 |   2.389591e+02 |
|   6.684000e+00 |   2.088750e-02 |   2.668915e+03 |   2.395062e+02 |
|   7.684000e+00 |   2.401250e-02 |   3.050876e+03 |   2.401601e+02 |
|   8.684000e+00 |   2.713750e-02 |   3.419447e+03 |   2.408803e+02 |
|   9.684000e+00 |   3.026250e-02 |   3.770018e+03 |   2.416686e+02 |
|   1.068400e+01 |   3.338750e-02 |   4.088306e+03 |   2.428518e+02 |
|   1.168400e+01 |   3.651250e-02 |   4.236397e+03 |   2.450522e+02 |
|   1.268400e+01 |   3.963750e-02 |   4.256559e+03 |   2.466857e+02 |
|   1.368400e+01 |   4.276250e-02 |   4.271442e+03 |   2.483221e+02 |
|   1.468400e+01 |   4.588750e-02 |   4.284321e+03 |   2.499541e+02 |
|   1.568400e+01 |   4.901250e-02 |   4.295845e+03 |   2.515756e+02 |
|   1.668400e+01 |   5.213750e-02 |   4.306478e+03 |   2.531750e+02 |
+----------------+----------------+----------------+----------------+


Time Step 19, time = 17.684, dt = 1
  Applying predictor with scale factor = 1
 0 Nonlinear |R| = [32m6.781700e+00[39m
      0 Linear |R| = [32m6.781700e+00[39m
      1 Linear |R| = [32m1.392299e-13[39m
 1 Nonlinear |R| = [32m6.463727e-01[39m
      0 Linear |R| = [32m6.463727e-01[39m
      1 Linear |R| = [32m8.519230e-15[39m
 2 Nonlinear |R| = [32m3.139592e-03[39m
      0 Linear |R| = [32m3.139592e-03[39m
      1 Linear |R| = [32m1.859948e-17[39m
 3 Nonlinear |R| = [32m1.633903e-08[39m
  Nonlinear solve converged due to CONVERGED_FNORM_ABS iterations 3
  Finished Solving                                                                       [[33m 10.33 s[39m] [[33m  244 MB[39m]
[32m Solve Converged![39m

Outlier Variable Residual Norms:
  disp_x: [31m1.477659e-08[39m

Postprocessor Values:
+----------------+----------------+----------------+----------------+
| time           | disp_y_max     | react_y_top    | stress_vm_max  |
+----------------+----------------+----------------+----------------+
:                :                :                :                :
|   3.684000e+00 |   1.151250e-02 |   1.477274e+03 |   1.745036e+02 |
|   4.684000e+00 |   1.463750e-02 |   1.878152e+03 |   2.218442e+02 |
|   5.684000e+00 |   1.776250e-02 |   2.276919e+03 |   2.389591e+02 |
|   6.684000e+00 |   2.088750e-02 |   2.668915e+03 |   2.395062e+02 |
|   7.684000e+00 |   2.401250e-02 |   3.050876e+03 |   2.401601e+02 |
|   8.684000e+00 |   2.713750e-02 |   3.419447e+03 |   2.408803e+02 |
|   9.684000e+00 |   3.026250e-02 |   3.770018e+03 |   2.416686e+02 |
|   1.068400e+01 |   3.338750e-02 |   4.088306e+03 |   2.428518e+02 |
|   1.168400e+01 |   3.651250e-02 |   4.236397e+03 |   2.450522e+02 |
|   1.268400e+01 |   3.963750e-02 |   4.256559e+03 |   2.466857e+02 |
|   1.368400e+01 |   4.276250e-02 |   4.271442e+03 |   2.483221e+02 |
|   1.468400e+01 |   4.588750e-02 |   4.284321e+03 |   2.499541e+02 |
|   1.568400e+01 |   4.901250e-02 |   4.295845e+03 |   2.515756e+02 |
|   1.668400e+01 |   5.213750e-02 |   4.306478e+03 |   2.531750e+02 |
|   1.768400e+01 |   5.526250e-02 |   4.316367e+03 |   2.547501e+02 |
+----------------+----------------+----------------+----------------+


Time Step 20, time = 18.684, dt = 1
  Applying predictor with scale factor = 1
 0 Nonlinear |R| = [32m5.245891e+00[39m
      0 Linear |R| = [32m5.245891e+00[39m
      1 Linear |R| = [32m1.211217e-13[39m
 1 Nonlinear |R| = [32m6.937818e-01[39m
      0 Linear |R| = [32m6.937818e-01[39m
      1 Linear |R| = [32m9.415856e-15[39m
 2 Nonlinear |R| = [32m3.363517e-02[39m
      0 Linear |R| = [32m3.363517e-02[39m
      1 Linear |R| = [32m1.240844e-16[39m
 3 Nonlinear |R| = [32m1.313677e-06[39m
  Nonlinear solve converged due to CONVERGED_FNORM_ABS iterations 3
  Finished Solving                                                                       [[33m 11.48 s[39m] [[33m  238 MB[39m]
[32m Solve Converged![39m

Outlier Variable Residual Norms:
  disp_x: [33m1.140107e-06[39m

Postprocessor Values:
+----------------+----------------+----------------+----------------+
| time           | disp_y_max     | react_y_top    | stress_vm_max  |
+----------------+----------------+----------------+----------------+
:                :                :                :                :
|   4.684000e+00 |   1.463750e-02 |   1.878152e+03 |   2.218442e+02 |
|   5.684000e+00 |   1.776250e-02 |   2.276919e+03 |   2.389591e+02 |
|   6.684000e+00 |   2.088750e-02 |   2.668915e+03 |   2.395062e+02 |
|   7.684000e+00 |   2.401250e-02 |   3.050876e+03 |   2.401601e+02 |
|   8.684000e+00 |   2.713750e-02 |   3.419447e+03 |   2.408803e+02 |
|   9.684000e+00 |   3.026250e-02 |   3.770018e+03 |   2.416686e+02 |
|   1.068400e+01 |   3.338750e-02 |   4.088306e+03 |   2.428518e+02 |
|   1.168400e+01 |   3.651250e-02 |   4.236397e+03 |   2.450522e+02 |
|   1.268400e+01 |   3.963750e-02 |   4.256559e+03 |   2.466857e+02 |
|   1.368400e+01 |   4.276250e-02 |   4.271442e+03 |   2.483221e+02 |
|   1.468400e+01 |   4.588750e-02 |   4.284321e+03 |   2.499541e+02 |
|   1.568400e+01 |   4.901250e-02 |   4.295845e+03 |   2.515756e+02 |
|   1.668400e+01 |   5.213750e-02 |   4.306478e+03 |   2.531750e+02 |
|   1.768400e+01 |   5.526250e-02 |   4.316367e+03 |   2.547501e+02 |
|   1.868400e+01 |   5.838750e-02 |   4.325642e+03 |   2.563025e+02 |
+----------------+----------------+----------------+----------------+


Time Step 21, time = 19.684, dt = 1
  Applying predictor with scale factor = 1
 0 Nonlinear |R| = [32m5.728956e+00[39m
      0 Linear |R| = [32m5.728956e+00[39m
      1 Linear |R| = [32m1.582539e-13[39m
 1 Nonlinear |R| = [32m5.393837e-01[39m
      0 Linear |R| = [32m5.393837e-01[39m
      1 Linear |R| = [32m4.990053e-15[39m
 2 Nonlinear |R| = [32m2.733035e-03[39m
      0 Linear |R| = [32m2.733035e-03[39m
      1 Linear |R| = [32m1.769929e-17[39m
 3 Nonlinear |R| = [32m2.040454e-08[39m
  Nonlinear solve converged due to CONVERGED_FNORM_ABS iterations 3
  Finished Solving                                                                       [[33m 11.35 s[39m] [[33m  238 MB[39m]
[32m Solve Converged![39m

Outlier Variable Residual Norms:
  disp_x: [31m1.842673e-08[39m

Postprocessor Values:
+----------------+----------------+----------------+----------------+
| time           | disp_y_max     | react_y_top    | stress_vm_max  |
+----------------+----------------+----------------+----------------+
:                :                :                :                :
|   5.684000e+00 |   1.776250e-02 |   2.276919e+03 |   2.389591e+02 |
|   6.684000e+00 |   2.088750e-02 |   2.668915e+03 |   2.395062e+02 |
|   7.684000e+00 |   2.401250e-02 |   3.050876e+03 |   2.401601e+02 |
|   8.684000e+00 |   2.713750e-02 |   3.419447e+03 |   2.408803e+02 |
|   9.684000e+00 |   3.026250e-02 |   3.770018e+03 |   2.416686e+02 |
|   1.068400e+01 |   3.338750e-02 |   4.088306e+03 |   2.428518e+02 |
|   1.168400e+01 |   3.651250e-02 |   4.236397e+03 |   2.450522e+02 |
|   1.268400e+01 |   3.963750e-02 |   4.256559e+03 |   2.466857e+02 |
|   1.368400e+01 |   4.276250e-02 |   4.271442e+03 |   2.483221e+02 |
|   1.468400e+01 |   4.588750e-02 |   4.284321e+03 |   2.499541e+02 |
|   1.568400e+01 |   4.901250e-02 |   4.295845e+03 |   2.515756e+02 |
|   1.668400e+01 |   5.213750e-02 |   4.306478e+03 |   2.531750e+02 |
|   1.768400e+01 |   5.526250e-02 |   4.316367e+03 |   2.547501e+02 |
|   1.868400e+01 |   5.838750e-02 |   4.325642e+03 |   2.563025e+02 |
|   1.968400e+01 |   6.151250e-02 |   4.334301e+03 |   2.578332e+02 |
+----------------+----------------+----------------+----------------+


Time Step 22, time = 20.684, dt = 1
  Applying predictor with scale factor = 1
 0 Nonlinear |R| = [32m3.824303e+00[39m
      0 Linear |R| = [32m3.824303e+00[39m
      1 Linear |R| = [32m1.192466e-13[39m
 1 Nonlinear |R| = [32m3.751381e-01[39m
      0 Linear |R| = [32m3.751381e-01[39m
      1 Linear |R| = [32m4.734047e-15[39m
 2 Nonlinear |R| = [32m2.699470e-04[39m
      0 Linear |R| = [32m2.699470e-04[39m
      1 Linear |R| = [32m3.859479e-18[39m
 3 Nonlinear |R| = [32m2.442262e-09[39m
  Nonlinear solve converged due to CONVERGED_FNORM_ABS iterations 3
  Finished Solving                                                                       [[33m 10.75 s[39m] [[33m  238 MB[39m]
[32m Solve Converged![39m

Postprocessor Values:
+----------------+----------------+----------------+----------------+
| time           | disp_y_max     | react_y_top    | stress_vm_max  |
+----------------+----------------+----------------+----------------+
:                :                :                :                :
|   6.684000e+00 |   2.088750e-02 |   2.668915e+03 |   2.395062e+02 |
|   7.684000e+00 |   2.401250e-02 |   3.050876e+03 |   2.401601e+02 |
|   8.684000e+00 |   2.713750e-02 |   3.419447e+03 |   2.408803e+02 |
|   9.684000e+00 |   3.026250e-02 |   3.770018e+03 |   2.416686e+02 |
|   1.068400e+01 |   3.338750e-02 |   4.088306e+03 |   2.428518e+02 |
|   1.168400e+01 |   3.651250e-02 |   4.236397e+03 |   2.450522e+02 |
|   1.268400e+01 |   3.963750e-02 |   4.256559e+03 |   2.466857e+02 |
|   1.368400e+01 |   4.276250e-02 |   4.271442e+03 |   2.483221e+02 |
|   1.468400e+01 |   4.588750e-02 |   4.284321e+03 |   2.499541e+02 |
|   1.568400e+01 |   4.901250e-02 |   4.295845e+03 |   2.515756e+02 |
|   1.668400e+01 |   5.213750e-02 |   4.306478e+03 |   2.531750e+02 |
|   1.768400e+01 |   5.526250e-02 |   4.316367e+03 |   2.547501e+02 |
|   1.868400e+01 |   5.838750e-02 |   4.325642e+03 |   2.563025e+02 |
|   1.968400e+01 |   6.151250e-02 |   4.334301e+03 |   2.578332e+02 |
|   2.068400e+01 |   6.463750e-02 |   4.342568e+03 |   2.593241e+02 |
+----------------+----------------+----------------+----------------+


Time Step 23, time = 21.684, dt = 1
  Applying predictor with scale factor = 1
 0 Nonlinear |R| = [32m4.507827e+00[39m
      0 Linear |R| = [32m4.507827e+00[39m
      1 Linear |R| = [32m1.178697e-13[39m
 1 Nonlinear |R| = [32m3.615089e-01[39m
      0 Linear |R| = [32m3.615089e-01[39m
      1 Linear |R| = [32m4.755309e-15[39m
 2 Nonlinear |R| = [32m6.565341e-04[39m
      0 Linear |R| = [32m6.565341e-04[39m
      1 Linear |R| = [32m5.833683e-18[39m
 3 Nonlinear |R| = [32m3.732924e-09[39m
  Nonlinear solve converged due to CONVERGED_FNORM_ABS iterations 3
  Finished Solving                                                                       [[33m  9.92 s[39m] [[33m  244 MB[39m]
[32m Solve Converged![39m

Postprocessor Values:
+----------------+----------------+----------------+----------------+
| time           | disp_y_max     | react_y_top    | stress_vm_max  |
+----------------+----------------+----------------+----------------+
:                :                :                :                :
|   7.684000e+00 |   2.401250e-02 |   3.050876e+03 |   2.401601e+02 |
|   8.684000e+00 |   2.713750e-02 |   3.419447e+03 |   2.408803e+02 |
|   9.684000e+00 |   3.026250e-02 |   3.770018e+03 |   2.416686e+02 |
|   1.068400e+01 |   3.338750e-02 |   4.088306e+03 |   2.428518e+02 |
|   1.168400e+01 |   3.651250e-02 |   4.236397e+03 |   2.450522e+02 |
|   1.268400e+01 |   3.963750e-02 |   4.256559e+03 |   2.466857e+02 |
|   1.368400e+01 |   4.276250e-02 |   4.271442e+03 |   2.483221e+02 |
|   1.468400e+01 |   4.588750e-02 |   4.284321e+03 |   2.499541e+02 |
|   1.568400e+01 |   4.901250e-02 |   4.295845e+03 |   2.515756e+02 |
|   1.668400e+01 |   5.213750e-02 |   4.306478e+03 |   2.531750e+02 |
|   1.768400e+01 |   5.526250e-02 |   4.316367e+03 |   2.547501e+02 |
|   1.868400e+01 |   5.838750e-02 |   4.325642e+03 |   2.563025e+02 |
|   1.968400e+01 |   6.151250e-02 |   4.334301e+03 |   2.578332e+02 |
|   2.068400e+01 |   6.463750e-02 |   4.342568e+03 |   2.593241e+02 |
|   2.168400e+01 |   6.776250e-02 |   4.350422e+03 |   2.608184e+02 |
+----------------+----------------+----------------+----------------+


Time Step 24, time = 22.684, dt = 1
  Applying predictor with scale factor = 1
 0 Nonlinear |R| = [32m3.903822e+00[39m
      0 Linear |R| = [32m3.903822e+00[39m
      1 Linear |R| = [32m9.649461e-14[39m
 1 Nonlinear |R| = [32m7.614521e-01[39m
      0 Linear |R| = [32m7.614521e-01[39m
      1 Linear |R| = [32m2.980788e-15[39m
 2 Nonlinear |R| = [32m9.660707e-02[39m
      0 Linear |R| = [32m9.660707e-02[39m
      1 Linear |R| = [32m6.236390e-16[39m
 3 Nonlinear |R| = [32m2.126138e-03[39m
      0 Linear |R| = [32m2.126138e-03[39m
      1 Linear |R| = [32m9.637601e-18[39m
 4 Nonlinear |R| = [32m4.756305e-04[39m
      0 Linear |R| = [32m4.756305e-04[39m
      1 Linear |R| = [32m1.678121e-18[39m
 5 Nonlinear |R| = [32m2.352767e-09[39m
  Nonlinear solve converged due to CONVERGED_FNORM_ABS iterations 5
[32m Solve Converged![39m
  Finished Solving                                                                       [[33m 18.58 s[39m] [[33m  238 MB[39m]

Outlier Variable Residual Norms:
  disp_y: [33m1.971010e-09[39m

Postprocessor Values:
+----------------+----------------+----------------+----------------+
| time           | disp_y_max     | react_y_top    | stress_vm_max  |
+----------------+----------------+----------------+----------------+
:                :                :                :                :
|   8.684000e+00 |   2.713750e-02 |   3.419447e+03 |   2.408803e+02 |
|   9.684000e+00 |   3.026250e-02 |   3.770018e+03 |   2.416686e+02 |
|   1.068400e+01 |   3.338750e-02 |   4.088306e+03 |   2.428518e+02 |
|   1.168400e+01 |   3.651250e-02 |   4.236397e+03 |   2.450522e+02 |
|   1.268400e+01 |   3.963750e-02 |   4.256559e+03 |   2.466857e+02 |
|   1.368400e+01 |   4.276250e-02 |   4.271442e+03 |   2.483221e+02 |
|   1.468400e+01 |   4.588750e-02 |   4.284321e+03 |   2.499541e+02 |
|   1.568400e+01 |   4.901250e-02 |   4.295845e+03 |   2.515756e+02 |
|   1.668400e+01 |   5.213750e-02 |   4.306478e+03 |   2.531750e+02 |
|   1.768400e+01 |   5.526250e-02 |   4.316367e+03 |   2.547501e+02 |
|   1.868400e+01 |   5.838750e-02 |   4.325642e+03 |   2.563025e+02 |
|   1.968400e+01 |   6.151250e-02 |   4.334301e+03 |   2.578332e+02 |
|   2.068400e+01 |   6.463750e-02 |   4.342568e+03 |   2.593241e+02 |
|   2.168400e+01 |   6.776250e-02 |   4.350422e+03 |   2.608184e+02 |
|   2.268400e+01 |   7.088750e-02 |   4.357969e+03 |   2.623008e+02 |
+----------------+----------------+----------------+----------------+


Time Step 25, time = 23.684, dt = 1
  Applying predictor with scale factor = 1
 0 Nonlinear |R| = [32m3.238726e+00[39m
      0 Linear |R| = [32m3.238726e+00[39m
      1 Linear |R| = [32m9.428729e-14[39m
 1 Nonlinear |R| = [32m2.669805e-01[39m
      0 Linear |R| = [32m2.669805e-01[39m
      1 Linear |R| = [32m1.635834e-15[39m
 2 Nonlinear |R| = [32m1.370250e-04[39m
      0 Linear |R| = [32m1.370250e-04[39m
      1 Linear |R| = [32m1.439856e-18[39m
 3 Nonlinear |R| = [32m2.402203e-09[39m
  Nonlinear solve converged due to CONVERGED_FNORM_ABS iterations 3
  Finished Solving                                                                       [[33m 12.18 s[39m] [[33m  238 MB[39m]
[32m Solve Converged![39m

Postprocessor Values:
+----------------+----------------+----------------+----------------+
| time           | disp_y_max     | react_y_top    | stress_vm_max  |
+----------------+----------------+----------------+----------------+
:                :                :                :                :
|   9.684000e+00 |   3.026250e-02 |   3.770018e+03 |   2.416686e+02 |
|   1.068400e+01 |   3.338750e-02 |   4.088306e+03 |   2.428518e+02 |
|   1.168400e+01 |   3.651250e-02 |   4.236397e+03 |   2.450522e+02 |
|   1.268400e+01 |   3.963750e-02 |   4.256559e+03 |   2.466857e+02 |
|   1.368400e+01 |   4.276250e-02 |   4.271442e+03 |   2.483221e+02 |
|   1.468400e+01 |   4.588750e-02 |   4.284321e+03 |   2.499541e+02 |
|   1.568400e+01 |   4.901250e-02 |   4.295845e+03 |   2.515756e+02 |
|   1.668400e+01 |   5.213750e-02 |   4.306478e+03 |   2.531750e+02 |
|   1.768400e+01 |   5.526250e-02 |   4.316367e+03 |   2.547501e+02 |
|   1.868400e+01 |   5.838750e-02 |   4.325642e+03 |   2.563025e+02 |
|   1.968400e+01 |   6.151250e-02 |   4.334301e+03 |   2.578332e+02 |
|   2.068400e+01 |   6.463750e-02 |   4.342568e+03 |   2.593241e+02 |
|   2.168400e+01 |   6.776250e-02 |   4.350422e+03 |   2.608184e+02 |
|   2.268400e+01 |   7.088750e-02 |   4.357969e+03 |   2.623008e+02 |
|   2.368400e+01 |   7.401250e-02 |   4.365248e+03 |   2.637572e+02 |
+----------------+----------------+----------------+----------------+


Time Step 26, time = 24.684, dt = 1
  Applying predictor with scale factor = 1
 0 Nonlinear |R| = [32m4.229363e+00[39m
      0 Linear |R| = [32m4.229363e+00[39m
      1 Linear |R| = [32m1.329697e-13[39m
 1 Nonlinear |R| = [32m2.620593e-01[39m
      0 Linear |R| = [32m2.620593e-01[39m
      1 Linear |R| = [32m3.045494e-15[39m
 2 Nonlinear |R| = [32m3.952353e-05[39m
      0 Linear |R| = [32m3.952353e-05[39m
      1 Linear |R| = [32m7.448338e-19[39m
 3 Nonlinear |R| = [32m2.390405e-09[39m
  Nonlinear solve converged due to CONVERGED_FNORM_ABS iterations 3
  Finished Solving                                                                       [[33m 13.37 s[39m] [[33m  238 MB[39m]
[32m Solve Converged![39m

Outlier Variable Residual Norms:
  disp_y: [33m1.984192e-09[39m

Postprocessor Values:
+----------------+----------------+----------------+----------------+
| time           | disp_y_max     | react_y_top    | stress_vm_max  |
+----------------+----------------+----------------+----------------+
:                :                :                :                :
|   1.068400e+01 |   3.338750e-02 |   4.088306e+03 |   2.428518e+02 |
|   1.168400e+01 |   3.651250e-02 |   4.236397e+03 |   2.450522e+02 |
|   1.268400e+01 |   3.963750e-02 |   4.256559e+03 |   2.466857e+02 |
|   1.368400e+01 |   4.276250e-02 |   4.271442e+03 |   2.483221e+02 |
|   1.468400e+01 |   4.588750e-02 |   4.284321e+03 |   2.499541e+02 |
|   1.568400e+01 |   4.901250e-02 |   4.295845e+03 |   2.515756e+02 |
|   1.668400e+01 |   5.213750e-02 |   4.306478e+03 |   2.531750e+02 |
|   1.768400e+01 |   5.526250e-02 |   4.316367e+03 |   2.547501e+02 |
|   1.868400e+01 |   5.838750e-02 |   4.325642e+03 |   2.563025e+02 |
|   1.968400e+01 |   6.151250e-02 |   4.334301e+03 |   2.578332e+02 |
|   2.068400e+01 |   6.463750e-02 |   4.342568e+03 |   2.593241e+02 |
|   2.168400e+01 |   6.776250e-02 |   4.350422e+03 |   2.608184e+02 |
|   2.268400e+01 |   7.088750e-02 |   4.357969e+03 |   2.623008e+02 |
|   2.368400e+01 |   7.401250e-02 |   4.365248e+03 |   2.637572e+02 |
|   2.468400e+01 |   7.713750e-02 |   4.372202e+03 |   2.652085e+02 |
+----------------+----------------+----------------+----------------+


Time Step 27, time = 25.684, dt = 1
  Applying predictor with scale factor = 1
 0 Nonlinear |R| = [32m3.241534e+00[39m
      0 Linear |R| = [32m3.241534e+00[39m
      1 Linear |R| = [32m6.552651e-14[39m
 1 Nonlinear |R| = [32m5.707047e-01[39m
      0 Linear |R| = [32m5.707047e-01[39m
      1 Linear |R| = [32m3.677328e-15[39m
 2 Nonlinear |R| = [32m1.267559e-03[39m
      0 Linear |R| = [32m1.267559e-03[39m
      1 Linear |R| = [32m1.061209e-17[39m
 3 Nonlinear |R| = [32m9.633597e-09[39m
  Nonlinear solve converged due to CONVERGED_FNORM_ABS iterations 3
  Finished Solving                                                                       [[33m 11.89 s[39m] [[33m  238 MB[39m]
[32m Solve Converged![39m

Outlier Variable Residual Norms:
  disp_x: [33m8.211412e-09[39m

Postprocessor Values:
+----------------+----------------+----------------+----------------+
| time           | disp_y_max     | react_y_top    | stress_vm_max  |
+----------------+----------------+----------------+----------------+
:                :                :                :                :
|   1.168400e+01 |   3.651250e-02 |   4.236397e+03 |   2.450522e+02 |
|   1.268400e+01 |   3.963750e-02 |   4.256559e+03 |   2.466857e+02 |
|   1.368400e+01 |   4.276250e-02 |   4.271442e+03 |   2.483221e+02 |
|   1.468400e+01 |   4.588750e-02 |   4.284321e+03 |   2.499541e+02 |
|   1.568400e+01 |   4.901250e-02 |   4.295845e+03 |   2.515756e+02 |
|   1.668400e+01 |   5.213750e-02 |   4.306478e+03 |   2.531750e+02 |
|   1.768400e+01 |   5.526250e-02 |   4.316367e+03 |   2.547501e+02 |
|   1.868400e+01 |   5.838750e-02 |   4.325642e+03 |   2.563025e+02 |
|   1.968400e+01 |   6.151250e-02 |   4.334301e+03 |   2.578332e+02 |
|   2.068400e+01 |   6.463750e-02 |   4.342568e+03 |   2.593241e+02 |
|   2.168400e+01 |   6.776250e-02 |   4.350422e+03 |   2.608184e+02 |
|   2.268400e+01 |   7.088750e-02 |   4.357969e+03 |   2.623008e+02 |
|   2.368400e+01 |   7.401250e-02 |   4.365248e+03 |   2.637572e+02 |
|   2.468400e+01 |   7.713750e-02 |   4.372202e+03 |   2.652085e+02 |
|   2.568400e+01 |   8.026250e-02 |   4.378976e+03 |   2.666385e+02 |
+----------------+----------------+----------------+----------------+


Time Step 28, time = 26.684, dt = 1
  Applying predictor with scale factor = 1
 0 Nonlinear |R| = [32m3.706474e+00[39m
      0 Linear |R| = [32m3.706474e+00[39m
      1 Linear |R| = [32m7.024044e-14[39m
 1 Nonlinear |R| = [32m2.146205e-01[39m
      0 Linear |R| = [32m2.146205e-01[39m
      1 Linear |R| = [32m1.415932e-15[39m
 2 Nonlinear |R| = [32m2.716596e-05[39m
      0 Linear |R| = [32m2.716596e-05[39m
      1 Linear |R| = [32m3.665347e-19[39m
 3 Nonlinear |R| = [32m2.413550e-09[39m
  Nonlinear solve converged due to CONVERGED_FNORM_ABS iterations 3
  Finished Solving                                                                       [[33m 13.38 s[39m] [[33m  238 MB[39m]
[32m Solve Converged![39m

Outlier Variable Residual Norms:
  disp_y: [33m1.978472e-09[39m

Postprocessor Values:
+----------------+----------------+----------------+----------------+
| time           | disp_y_max     | react_y_top    | stress_vm_max  |
+----------------+----------------+----------------+----------------+
:                :                :                :                :
|   1.268400e+01 |   3.963750e-02 |   4.256559e+03 |   2.466857e+02 |
|   1.368400e+01 |   4.276250e-02 |   4.271442e+03 |   2.483221e+02 |
|   1.468400e+01 |   4.588750e-02 |   4.284321e+03 |   2.499541e+02 |
|   1.568400e+01 |   4.901250e-02 |   4.295845e+03 |   2.515756e+02 |
|   1.668400e+01 |   5.213750e-02 |   4.306478e+03 |   2.531750e+02 |
|   1.768400e+01 |   5.526250e-02 |   4.316367e+03 |   2.547501e+02 |
|   1.868400e+01 |   5.838750e-02 |   4.325642e+03 |   2.563025e+02 |
|   1.968400e+01 |   6.151250e-02 |   4.334301e+03 |   2.578332e+02 |
|   2.068400e+01 |   6.463750e-02 |   4.342568e+03 |   2.593241e+02 |
|   2.168400e+01 |   6.776250e-02 |   4.350422e+03 |   2.608184e+02 |
|   2.268400e+01 |   7.088750e-02 |   4.357969e+03 |   2.623008e+02 |
|   2.368400e+01 |   7.401250e-02 |   4.365248e+03 |   2.637572e+02 |
|   2.468400e+01 |   7.713750e-02 |   4.372202e+03 |   2.652085e+02 |
|   2.568400e+01 |   8.026250e-02 |   4.378976e+03 |   2.666385e+02 |
|   2.668400e+01 |   8.338750e-02 |   4.385566e+03 |   2.680431e+02 |
+----------------+----------------+----------------+----------------+


Time Step 29, time = 27.684, dt = 1
  Applying predictor with scale factor = 1
 0 Nonlinear |R| = [32m3.503393e+00[39m
      0 Linear |R| = [32m3.503393e+00[39m
      1 Linear |R| = [32m6.513762e-14[39m
 1 Nonlinear |R| = [32m1.195720e-01[39m
      0 Linear |R| = [32m1.195720e-01[39m
      1 Linear |R| = [32m1.324717e-15[39m
 2 Nonlinear |R| = [32m1.371460e-05[39m
      0 Linear |R| = [32m1.371460e-05[39m
      1 Linear |R| = [32m2.194278e-19[39m
 3 Nonlinear |R| = [32m2.387035e-09[39m
  Nonlinear solve converged due to CONVERGED_FNORM_ABS iterations 3
  Finished Solving                                                                       [[33m 12.83 s[39m] [[33m  238 MB[39m]
[32m Solve Converged![39m

Outlier Variable Residual Norms:
  disp_y: [33m1.956766e-09[39m

Postprocessor Values:
+----------------+----------------+----------------+----------------+
| time           | disp_y_max     | react_y_top    | stress_vm_max  |
+----------------+----------------+----------------+----------------+
:                :                :                :                :
|   1.368400e+01 |   4.276250e-02 |   4.271442e+03 |   2.483221e+02 |
|   1.468400e+01 |   4.588750e-02 |   4.284321e+03 |   2.499541e+02 |
|   1.568400e+01 |   4.901250e-02 |   4.295845e+03 |   2.515756e+02 |
|   1.668400e+01 |   5.213750e-02 |   4.306478e+03 |   2.531750e+02 |
|   1.768400e+01 |   5.526250e-02 |   4.316367e+03 |   2.547501e+02 |
|   1.868400e+01 |   5.838750e-02 |   4.325642e+03 |   2.563025e+02 |
|   1.968400e+01 |   6.151250e-02 |   4.334301e+03 |   2.578332e+02 |
|   2.068400e+01 |   6.463750e-02 |   4.342568e+03 |   2.593241e+02 |
|   2.168400e+01 |   6.776250e-02 |   4.350422e+03 |   2.608184e+02 |
|   2.268400e+01 |   7.088750e-02 |   4.357969e+03 |   2.623008e+02 |
|   2.368400e+01 |   7.401250e-02 |   4.365248e+03 |   2.637572e+02 |
|   2.468400e+01 |   7.713750e-02 |   4.372202e+03 |   2.652085e+02 |
|   2.568400e+01 |   8.026250e-02 |   4.378976e+03 |   2.666385e+02 |
|   2.668400e+01 |   8.338750e-02 |   4.385566e+03 |   2.680431e+02 |
|   2.768400e+01 |   8.651250e-02 |   4.391994e+03 |   2.694224e+02 |
+----------------+----------------+----------------+----------------+


Time Step 30, time = 28.684, dt = 1
  Applying predictor with scale factor = 1
 0 Nonlinear |R| = [32m2.667929e+00[39m
      0 Linear |R| = [32m2.667929e+00[39m
      1 Linear |R| = [32m5.733437e-14[39m
 1 Nonlinear |R| = [32m1.699897e-01[39m
      0 Linear |R| = [32m1.699897e-01[39m
      1 Linear |R| = [32m2.230838e-15[39m
 2 Nonlinear |R| = [32m4.168717e-05[39m
      0 Linear |R| = [32m4.168717e-05[39m
      1 Linear |R| = [32m1.043315e-18[39m
 3 Nonlinear |R| = [32m2.445239e-09[39m
  Nonlinear solve converged due to CONVERGED_FNORM_ABS iterations 3
  Finished Solving                                                                       [[33m 13.08 s[39m] [[33m  238 MB[39m]
[32m Solve Converged![39m

Outlier Variable Residual Norms:
  disp_y: [33m2.008861e-09[39m

Postprocessor Values:
+----------------+----------------+----------------+----------------+
| time           | disp_y_max     | react_y_top    | stress_vm_max  |
+----------------+----------------+----------------+----------------+
:                :                :                :                :
|   1.468400e+01 |   4.588750e-02 |   4.284321e+03 |   2.499541e+02 |
|   1.568400e+01 |   4.901250e-02 |   4.295845e+03 |   2.515756e+02 |
|   1.668400e+01 |   5.213750e-02 |   4.306478e+03 |   2.531750e+02 |
|   1.768400e+01 |   5.526250e-02 |   4.316367e+03 |   2.547501e+02 |
|   1.868400e+01 |   5.838750e-02 |   4.325642e+03 |   2.563025e+02 |
|   1.968400e+01 |   6.151250e-02 |   4.334301e+03 |   2.578332e+02 |
|   2.068400e+01 |   6.463750e-02 |   4.342568e+03 |   2.593241e+02 |
|   2.168400e+01 |   6.776250e-02 |   4.350422e+03 |   2.608184e+02 |
|   2.268400e+01 |   7.088750e-02 |   4.357969e+03 |   2.623008e+02 |
|   2.368400e+01 |   7.401250e-02 |   4.365248e+03 |   2.637572e+02 |
|   2.468400e+01 |   7.713750e-02 |   4.372202e+03 |   2.652085e+02 |
|   2.568400e+01 |   8.026250e-02 |   4.378976e+03 |   2.666385e+02 |
|   2.668400e+01 |   8.338750e-02 |   4.385566e+03 |   2.680431e+02 |
|   2.768400e+01 |   8.651250e-02 |   4.391994e+03 |   2.694224e+02 |
|   2.868400e+01 |   8.963750e-02 |   4.398305e+03 |   2.707795e+02 |
+----------------+----------------+----------------+----------------+


Time Step 31, time = 29.684, dt = 1
  Applying predictor with scale factor = 1
 0 Nonlinear |R| = [32m3.192230e+00[39m
      0 Linear |R| = [32m3.192230e+00[39m
      1 Linear |R| = [32m8.504777e-14[39m
 1 Nonlinear |R| = [32m9.048591e-02[39m
      0 Linear |R| = [32m9.048591e-02[39m
      1 Linear |R| = [32m5.594365e-16[39m
 2 Nonlinear |R| = [32m3.534810e-06[39m
      0 Linear |R| = [32m3.534810e-06[39m
      1 Linear |R| = [32m3.523162e-20[39m
 3 Nonlinear |R| = [32m2.275754e-09[39m
  Nonlinear solve converged due to CONVERGED_FNORM_ABS iterations 3
  Finished Solving                                                                       [[33m 13.96 s[39m] [[33m  238 MB[39m]
[32m Solve Converged![39m

Outlier Variable Residual Norms:
  disp_y: [33m1.873672e-09[39m

Postprocessor Values:
+----------------+----------------+----------------+----------------+
| time           | disp_y_max     | react_y_top    | stress_vm_max  |
+----------------+----------------+----------------+----------------+
:                :                :                :                :
|   1.568400e+01 |   4.901250e-02 |   4.295845e+03 |   2.515756e+02 |
|   1.668400e+01 |   5.213750e-02 |   4.306478e+03 |   2.531750e+02 |
|   1.768400e+01 |   5.526250e-02 |   4.316367e+03 |   2.547501e+02 |
|   1.868400e+01 |   5.838750e-02 |   4.325642e+03 |   2.563025e+02 |
|   1.968400e+01 |   6.151250e-02 |   4.334301e+03 |   2.578332e+02 |
|   2.068400e+01 |   6.463750e-02 |   4.342568e+03 |   2.593241e+02 |
|   2.168400e+01 |   6.776250e-02 |   4.350422e+03 |   2.608184e+02 |
|   2.268400e+01 |   7.088750e-02 |   4.357969e+03 |   2.623008e+02 |
|   2.368400e+01 |   7.401250e-02 |   4.365248e+03 |   2.637572e+02 |
|   2.468400e+01 |   7.713750e-02 |   4.372202e+03 |   2.652085e+02 |
|   2.568400e+01 |   8.026250e-02 |   4.378976e+03 |   2.666385e+02 |
|   2.668400e+01 |   8.338750e-02 |   4.385566e+03 |   2.680431e+02 |
|   2.768400e+01 |   8.651250e-02 |   4.391994e+03 |   2.694224e+02 |
|   2.868400e+01 |   8.963750e-02 |   4.398305e+03 |   2.707795e+02 |
|   2.968400e+01 |   9.276250e-02 |   4.404459e+03 |   2.721079e+02 |
+----------------+----------------+----------------+----------------+


Time Step 32, time = 30.684, dt = 1
  Applying predictor with scale factor = 1
 0 Nonlinear |R| = [32m2.623347e+00[39m
      0 Linear |R| = [32m2.623347e+00[39m
      1 Linear |R| = [32m5.925163e-14[39m
 1 Nonlinear |R| = [32m4.549310e-01[39m
      0 Linear |R| = [32m4.549310e-01[39m
      1 Linear |R| = [32m5.708323e-15[39m
 2 Nonlinear |R| = [32m3.430902e-04[39m
      0 Linear |R| = [32m3.430902e-04[39m
      1 Linear |R| = [32m5.243363e-18[39m
 3 Nonlinear |R| = [32m2.594196e-09[39m
  Nonlinear solve converged due to CONVERGED_FNORM_ABS iterations 3
  Finished Solving                                                                       [[33m 11.47 s[39m] [[33m  238 MB[39m]
[32m Solve Converged![39m

Postprocessor Values:
+----------------+----------------+----------------+----------------+
| time           | disp_y_max     | react_y_top    | stress_vm_max  |
+----------------+----------------+----------------+----------------+
:                :                :                :                :
|   1.668400e+01 |   5.213750e-02 |   4.306478e+03 |   2.531750e+02 |
|   1.768400e+01 |   5.526250e-02 |   4.316367e+03 |   2.547501e+02 |
|   1.868400e+01 |   5.838750e-02 |   4.325642e+03 |   2.563025e+02 |
|   1.968400e+01 |   6.151250e-02 |   4.334301e+03 |   2.578332e+02 |
|   2.068400e+01 |   6.463750e-02 |   4.342568e+03 |   2.593241e+02 |
|   2.168400e+01 |   6.776250e-02 |   4.350422e+03 |   2.608184e+02 |
|   2.268400e+01 |   7.088750e-02 |   4.357969e+03 |   2.623008e+02 |
|   2.368400e+01 |   7.401250e-02 |   4.365248e+03 |   2.637572e+02 |
|   2.468400e+01 |   7.713750e-02 |   4.372202e+03 |   2.652085e+02 |
|   2.568400e+01 |   8.026250e-02 |   4.378976e+03 |   2.666385e+02 |
|   2.668400e+01 |   8.338750e-02 |   4.385566e+03 |   2.680431e+02 |
|   2.768400e+01 |   8.651250e-02 |   4.391994e+03 |   2.694224e+02 |
|   2.868400e+01 |   8.963750e-02 |   4.398305e+03 |   2.707795e+02 |
|   2.968400e+01 |   9.276250e-02 |   4.404459e+03 |   2.721079e+02 |
|   3.068400e+01 |   9.588750e-02 |   4.410492e+03 |   2.734179e+02 |
+----------------+----------------+----------------+----------------+


Time Step 33, time = 31.684, dt = 1
  Applying predictor with scale factor = 1
 0 Nonlinear |R| = [32m2.711238e+00[39m
      0 Linear |R| = [32m2.711238e+00[39m
      1 Linear |R| = [32m7.623340e-14[39m
 1 Nonlinear |R| = [32m2.157845e-01[39m
      0 Linear |R| = [32m2.157845e-01[39m
      1 Linear |R| = [32m1.353955e-15[39m
 2 Nonlinear |R| = [32m1.114141e-05[39m
      0 Linear |R| = [32m1.114141e-05[39m
      1 Linear |R| = [32m1.475469e-19[39m
 3 Nonlinear |R| = [32m2.350586e-09[39m
  Nonlinear solve converged due to CONVERGED_FNORM_ABS iterations 3
  Finished Solving                                                                       [[33m 13.53 s[39m] [[33m  238 MB[39m]
[32m Solve Converged![39m

Outlier Variable Residual Norms:
  disp_y: [33m1.928650e-09[39m

Postprocessor Values:
+----------------+----------------+----------------+----------------+
| time           | disp_y_max     | react_y_top    | stress_vm_max  |
+----------------+----------------+----------------+----------------+
:                :                :                :                :
|   1.768400e+01 |   5.526250e-02 |   4.316367e+03 |   2.547501e+02 |
|   1.868400e+01 |   5.838750e-02 |   4.325642e+03 |   2.563025e+02 |
|   1.968400e+01 |   6.151250e-02 |   4.334301e+03 |   2.578332e+02 |
|   2.068400e+01 |   6.463750e-02 |   4.342568e+03 |   2.593241e+02 |
|   2.168400e+01 |   6.776250e-02 |   4.350422e+03 |   2.608184e+02 |
|   2.268400e+01 |   7.088750e-02 |   4.357969e+03 |   2.623008e+02 |
|   2.368400e+01 |   7.401250e-02 |   4.365248e+03 |   2.637572e+02 |
|   2.468400e+01 |   7.713750e-02 |   4.372202e+03 |   2.652085e+02 |
|   2.568400e+01 |   8.026250e-02 |   4.378976e+03 |   2.666385e+02 |
|   2.668400e+01 |   8.338750e-02 |   4.385566e+03 |   2.680431e+02 |
|   2.768400e+01 |   8.651250e-02 |   4.391994e+03 |   2.694224e+02 |
|   2.868400e+01 |   8.963750e-02 |   4.398305e+03 |   2.707795e+02 |
|   2.968400e+01 |   9.276250e-02 |   4.404459e+03 |   2.721079e+02 |
|   3.068400e+01 |   9.588750e-02 |   4.410492e+03 |   2.734179e+02 |
|   3.168400e+01 |   9.901250e-02 |   4.416394e+03 |   2.747063e+02 |
+----------------+----------------+----------------+----------------+


Time Step 34, time = 32, dt = 0.316
  Applying predictor with scale factor = 1
 0 Nonlinear |R| = [32m8.922981e-01[39m
      0 Linear |R| = [32m8.922981e-01[39m
      1 Linear |R| = [32m1.659912e-14[39m
 1 Nonlinear |R| = [32m5.132484e-03[39m
      0 Linear |R| = [32m5.132484e-03[39m
      1 Linear |R| = [32m2.140166e-17[39m
 2 Nonlinear |R| = [32m1.155735e-08[39m
  Nonlinear solve converged due to CONVERGED_FNORM_ABS iterations 2
  Finished Solving                                                                       [[33m  9.33 s[39m] [[33m  238 MB[39m]
[32m Solve Converged![39m

Outlier Variable Residual Norms:
  disp_x: [31m1.054038e-08[39m

Postprocessor Values:
+----------------+----------------+----------------+----------------+
| time           | disp_y_max     | react_y_top    | stress_vm_max  |
+----------------+----------------+----------------+----------------+
:                :                :                :                :
|   1.868400e+01 |   5.838750e-02 |   4.325642e+03 |   2.563025e+02 |
|   1.968400e+01 |   6.151250e-02 |   4.334301e+03 |   2.578332e+02 |
|   2.068400e+01 |   6.463750e-02 |   4.342568e+03 |   2.593241e+02 |
|   2.168400e+01 |   6.776250e-02 |   4.350422e+03 |   2.608184e+02 |
|   2.268400e+01 |   7.088750e-02 |   4.357969e+03 |   2.623008e+02 |
|   2.368400e+01 |   7.401250e-02 |   4.365248e+03 |   2.637572e+02 |
|   2.468400e+01 |   7.713750e-02 |   4.372202e+03 |   2.652085e+02 |
|   2.568400e+01 |   8.026250e-02 |   4.378976e+03 |   2.666385e+02 |
|   2.668400e+01 |   8.338750e-02 |   4.385566e+03 |   2.680431e+02 |
|   2.768400e+01 |   8.651250e-02 |   4.391994e+03 |   2.694224e+02 |
|   2.868400e+01 |   8.963750e-02 |   4.398305e+03 |   2.707795e+02 |
|   2.968400e+01 |   9.276250e-02 |   4.404459e+03 |   2.721079e+02 |
|   3.068400e+01 |   9.588750e-02 |   4.410492e+03 |   2.734179e+02 |
|   3.168400e+01 |   9.901250e-02 |   4.416394e+03 |   2.747063e+02 |
|   3.200000e+01 |   1.000000e-01 |   4.418233e+03 |   2.751094e+02 |
+----------------+----------------+----------------+----------------+

Finished Executing                                                                       [[33m677.01 s[39m] [[33m  238 MB[39m]
