                                                                               [[33m  0.20 s[39m] [[33m  239 MB[39m]
Framework Information:
MOOSE Version:           git commit b85414d92b on 2025-11-25
LibMesh Version:         910736a3a20aded528c3ba99371ce65980dc8e2c
PETSc Version:           3.24.0
SLEPc Version:           3.24.0
Current Time:            Tue Jun 16 09:22:20 2026
Executable Timestamp:    Wed Nov 26 18:13:58 2025

Input File(s):
  /home/lloydf/vfmverif/data/platehole2d_plas.i

Command Line Argument(s):
  --n-threads=2

Checkpoint:
  Wall Time Interval:      Every 3600 s
  User Checkpoint:         Disabled
  # Checkpoints Kept:      2
  Execute On:              TIMESTEP_END 

Parallelism:
  Num Processors:          2
  Num Threads:             2

Mesh: 
  Parallel Type:           replicated
  Mesh Dimension:          2
  Spatial Dimension:       2
  Nodes:                   
    Total:                 5488
    Local:                 2785
    Min/Max/Avg:           2703/2785/2744
  Elems:                   
    Total:                 1764
    Local:                 882
    Min/Max/Avg:           882/882/882
  Num Subdomains:          1
  Num Partitions:          2
  Partitioner:             metis

Nonlinear System:
  Num DOFs:                37044
  Num Local DOFs:          18898
  Variables:               { "vonmises_stress" "strain_xx" "strain_yy" "strain_zz" "strain_xy" ... "stress_xx" 
                             "stress_yy" "stress_zz" "stress_xy" "scalar_strain_zz" } { "disp_x" "disp_y" 
                             } 
  Finite Element Types:    "LAGRANGE" "LAGRANGE" 
  Approximation Orders:    "FIRST" "SECOND" 

Auxiliary System:
  Num DOFs:                1764
  Num Local DOFs:          882
  Variables:               "effective_plastic_strain_out" 
  Finite Element Types:    "MONOMIAL" 
  Approximation Orders:    "CONSTANT" 

Execution Information:
  Executioner:             Transient
  TimeStepper:             IterationAdaptiveDT
  TimeIntegrator(s):       ImplicitEuler
  Solver Mode:             NEWTON 
  PETSc Preconditioner:    lu 
  MOOSE Preconditioner:    SMP 

Time Step 0, time = 0

Postprocessor Values:
+----------------+----------------+----------------+----------------+
| time           | disp_y_max     | react_y_top    | stress_vm_max  |
+----------------+----------------+----------------+----------------+
|   0.000000e+00 |   0.000000e+00 |   0.000000e+00 |   0.000000e+00 |
+----------------+----------------+----------------+----------------+


Time Step 1, time = 1, dt = 1
 Skipping predictor this step
 0 Nonlinear |R| = [32m2.435489e+07[39m
      0 Linear |R| = [32m2.435489e+07[39m
      1 Linear |R| = [32m3.659662e-07[39m
 1 Nonlinear |R| = [32m6.368659e+06[39m
      0 Linear |R| = [32m6.368659e+06[39m
      1 Linear |R| = [32m5.448491e-07[39m
 2 Nonlinear |R| = [32m4.749314e+06[39m
      0 Linear |R| = [32m4.749314e+06[39m
      1 Linear |R| = [32m2.638558e-07[39m
 3 Nonlinear |R| = [32m2.590536e+06[39m
      0 Linear |R| = [32m2.590536e+06[39m
      1 Linear |R| = [32m6.878966e-07[39m
 4 Nonlinear |R| = [33m2.527201e+06[39m
      0 Linear |R| = [32m2.527201e+06[39m
      1 Linear |R| = [32m6.824701e-07[39m
 5 Nonlinear |R| = [33m2.492358e+06[39m
      0 Linear |R| = [32m2.492358e+06[39m
      1 Linear |R| = [32m6.893976e-07[39m
 6 Nonlinear |R| = [33m2.464905e+06[39m
      0 Linear |R| = [32m2.464905e+06[39m
      1 Linear |R| = [32m6.592463e-07[39m
 7 Nonlinear |R| = [33m2.441167e+06[39m
      0 Linear |R| = [32m2.441167e+06[39m
      1 Linear |R| = [32m6.872579e-07[39m
 8 Nonlinear |R| = [33m2.417818e+06[39m
      0 Linear |R| = [32m2.417818e+06[39m
      1 Linear |R| = [32m7.295018e-07[39m
 9 Nonlinear |R| = [33m2.395316e+06[39m
      0 Linear |R| = [32m2.395316e+06[39m
      1 Linear |R| = [32m7.094196e-07[39m
10 Nonlinear |R| = [33m2.379304e+06[39m
      0 Linear |R| = [32m2.379304e+06[39m
      1 Linear |R| = [32m6.631297e-07[39m
11 Nonlinear |R| = [33m2.361531e+06[39m
      0 Linear |R| = [32m2.361531e+06[39m
      1 Linear |R| = [32m6.875068e-07[39m
12 Nonlinear |R| = [33m2.347757e+06[39m
      0 Linear |R| = [32m2.347757e+06[39m
      1 Linear |R| = [32m6.485063e-07[39m
13 Nonlinear |R| = [33m2.315456e+06[39m
      0 Linear |R| = [32m2.315456e+06[39m
      1 Linear |R| = [32m6.586956e-07[39m
14 Nonlinear |R| = [33m2.277473e+06[39m
      0 Linear |R| = [32m2.277473e+06[39m
      1 Linear |R| = [32m6.087576e-07[39m
15 Nonlinear |R| = [33m2.262185e+06[39m
      0 Linear |R| = [32m2.262185e+06[39m
      1 Linear |R| = [32m4.732013e-07[39m
16 Nonlinear |R| = [33m2.170218e+06[39m
      0 Linear |R| = [32m2.170218e+06[39m
      1 Linear |R| = [32m2.442861e-07[39m
17 Nonlinear |R| = [32m2.002270e+06[39m
      0 Linear |R| = [32m2.002270e+06[39m
      1 Linear |R| = [32m4.783064e-07[39m
18 Nonlinear |R| = [32m1.848454e+06[39m
      0 Linear |R| = [32m1.848454e+06[39m
      1 Linear |R| = [32m9.024937e-07[39m
19 Nonlinear |R| = [33m1.814000e+06[39m
      0 Linear |R| = [32m1.814000e+06[39m
      1 Linear |R| = [32m9.071760e-07[39m
20 Nonlinear |R| = [33m1.768886e+06[39m
      0 Linear |R| = [32m1.768886e+06[39m
      1 Linear |R| = [32m8.502713e-07[39m
21 Nonlinear |R| = [33m1.723926e+06[39m
      0 Linear |R| = [32m1.723926e+06[39m
      1 Linear |R| = [32m8.383365e-07[39m
22 Nonlinear |R| = [32m1.579841e+06[39m
      0 Linear |R| = [32m1.579841e+06[39m
      1 Linear |R| = [32m6.151919e-07[39m
23 Nonlinear |R| = [32m1.416954e+06[39m
      0 Linear |R| = [32m1.416954e+06[39m
      1 Linear |R| = [32m5.526410e-07[39m
24 Nonlinear |R| = [33m1.362616e+06[39m
      0 Linear |R| = [32m1.362616e+06[39m
      1 Linear |R| = [32m4.395955e-07[39m
25 Nonlinear |R| = [32m1.212948e+06[39m
      0 Linear |R| = [32m1.212948e+06[39m
      1 Linear |R| = [32m3.311847e-07[39m
26 Nonlinear |R| = [32m1.052794e+06[39m
      0 Linear |R| = [32m1.052794e+06[39m
      1 Linear |R| = [32m1.596390e-07[39m
27 Nonlinear |R| = [33m1.017049e+06[39m
      0 Linear |R| = [32m1.017049e+06[39m
      1 Linear |R| = [32m1.175159e-08[39m
28 Nonlinear |R| = [32m8.771440e+05[39m
      0 Linear |R| = [32m8.771440e+05[39m
      1 Linear |R| = [32m3.836981e-09[39m
29 Nonlinear |R| = [32m4.535837e+02[39m
      0 Linear |R| = [32m4.535837e+02[39m
      1 Linear |R| = [32m2.712246e-12[39m
30 Nonlinear |R| = [32m8.828898e-02[39m
  Nonlinear solve converged due to CONVERGED_FNORM_ABS iterations 30
[32m Solve Converged![39m
Currently Executing
  Finished Solving                                                                       [[33m 30.85 s[39m] [[33m  303 MB[39m]

Outlier Variable Residual Norms:
  vonmises_stress: [33m4.905984e-02[39m
  stress_yy: [33m6.679914e-02[39m

Postprocessor Values:
+----------------+----------------+----------------+----------------+
| time           | disp_y_max     | react_y_top    | stress_vm_max  |
+----------------+----------------+----------------+----------------+
|   0.000000e+00 |   0.000000e+00 |   0.000000e+00 |   0.000000e+00 |
|   1.000000e+00 |   3.125000e-06 |   4.010656e+05 |   5.084635e+07 |
+----------------+----------------+----------------+----------------+


Time Step 2, time = 1.5, dt = 0.5
  Applying predictor with scale factor = 1
 0 Nonlinear |R| = [32m7.492068e+00[39m
      0 Linear |R| = [32m7.492068e+00[39m
      1 Linear |R| = [32m5.620980e-13[39m
 1 Nonlinear |R| = [32m1.602905e-02[39m
      0 Linear |R| = [32m1.602905e-02[39m
      1 Linear |R| = [32m5.164819e-17[39m
 2 Nonlinear |R| = [32m2.053326e-06[39m
  Nonlinear solve converged due to CONVERGED_FNORM_ABS iterations 2
[32m Solve Converged![39m

Outlier Variable Residual Norms:
  disp_x: [33m1.054269e-06[39m
  disp_y: [33m1.762005e-06[39m

Postprocessor Values:
+----------------+----------------+----------------+----------------+
| time           | disp_y_max     | react_y_top    | stress_vm_max  |
+----------------+----------------+----------------+----------------+
|   0.000000e+00 |   0.000000e+00 |   0.000000e+00 |   0.000000e+00 |
|   1.000000e+00 |   3.125000e-06 |   4.010656e+05 |   5.084635e+07 |
|   1.500000e+00 |   4.687500e-06 |   6.015794e+05 |   7.626133e+07 |
+----------------+----------------+----------------+----------------+


Time Step 3, time = 2.1, dt = 0.6
  Applying predictor with scale factor = 1
 0 Nonlinear |R| = [32m6.590516e+00[39m
      0 Linear |R| = [32m6.590516e+00[39m
      1 Linear |R| = [32m4.896168e-13[39m
 1 Nonlinear |R| = [32m1.410366e-02[39m
      0 Linear |R| = [32m1.410366e-02[39m
      1 Linear |R| = [32m9.554279e-17[39m
 2 Nonlinear |R| = [32m2.060870e-06[39m
  Nonlinear solve converged due to CONVERGED_FNORM_ABS iterations 2
[32m Solve Converged![39m

Outlier Variable Residual Norms:
  disp_x: [33m1.047608e-06[39m
  disp_y: [33m1.774740e-06[39m

Postprocessor Values:
+----------------+----------------+----------------+----------------+
| time           | disp_y_max     | react_y_top    | stress_vm_max  |
+----------------+----------------+----------------+----------------+
|   0.000000e+00 |   0.000000e+00 |   0.000000e+00 |   0.000000e+00 |
|   1.000000e+00 |   3.125000e-06 |   4.010656e+05 |   5.084635e+07 |
|   1.500000e+00 |   4.687500e-06 |   6.015794e+05 |   7.626133e+07 |
|   2.100000e+00 |   6.562500e-06 |   8.421790e+05 |   1.067563e+08 |
+----------------+----------------+----------------+----------------+


Time Step 4, time = 2.82, dt = 0.72
  Applying predictor with scale factor = 1
 0 Nonlinear |R| = [32m9.486062e+00[39m
      0 Linear |R| = [32m9.486062e+00[39m
      1 Linear |R| = [32m6.836621e-13[39m
 1 Nonlinear |R| = [32m2.030562e-02[39m
      0 Linear |R| = [32m2.030562e-02[39m
      1 Linear |R| = [32m6.751061e-17[39m
 2 Nonlinear |R| = [32m2.056999e-06[39m
  Nonlinear solve converged due to CONVERGED_FNORM_ABS iterations 2
[32m Solve Converged![39m

Outlier Variable Residual Norms:
  disp_x: [33m1.025399e-06[39m
  disp_y: [33m1.783199e-06[39m

Postprocessor Values:
+----------------+----------------+----------------+----------------+
| time           | disp_y_max     | react_y_top    | stress_vm_max  |
+----------------+----------------+----------------+----------------+
|   0.000000e+00 |   0.000000e+00 |   0.000000e+00 |   0.000000e+00 |
|   1.000000e+00 |   3.125000e-06 |   4.010656e+05 |   5.084635e+07 |
|   1.500000e+00 |   4.687500e-06 |   6.015794e+05 |   7.626133e+07 |
|   2.100000e+00 |   6.562500e-06 |   8.421790e+05 |   1.067563e+08 |
|   2.820000e+00 |   8.812500e-06 |   1.130874e+06 |   1.433431e+08 |
+----------------+----------------+----------------+----------------+


Time Step 5, time = 3.684, dt = 0.864
  Applying predictor with scale factor = 1
 0 Nonlinear |R| = [32m1.365465e+01[39m
      0 Linear |R| = [32m1.365465e+01[39m
      1 Linear |R| = [32m1.016398e-12[39m
 1 Nonlinear |R| = [32m2.923377e-02[39m
      0 Linear |R| = [32m2.923377e-02[39m
      1 Linear |R| = [32m1.686522e-16[39m
 2 Nonlinear |R| = [32m2.053105e-06[39m
  Nonlinear solve converged due to CONVERGED_FNORM_ABS iterations 2
[32m Solve Converged![39m

Outlier Variable Residual Norms:
  disp_x: [33m1.088230e-06[39m
  disp_y: [33m1.740976e-06[39m

Postprocessor Values:
+----------------+----------------+----------------+----------------+
| time           | disp_y_max     | react_y_top    | stress_vm_max  |
+----------------+----------------+----------------+----------------+
|   0.000000e+00 |   0.000000e+00 |   0.000000e+00 |   0.000000e+00 |
|   1.000000e+00 |   3.125000e-06 |   4.010656e+05 |   5.084635e+07 |
|   1.500000e+00 |   4.687500e-06 |   6.015794e+05 |   7.626133e+07 |
|   2.100000e+00 |   6.562500e-06 |   8.421790e+05 |   1.067563e+08 |
|   2.820000e+00 |   8.812500e-06 |   1.130874e+06 |   1.433431e+08 |
|   3.684000e+00 |   1.151250e-05 |   1.477274e+06 |   1.872368e+08 |
+----------------+----------------+----------------+----------------+


Time Step 6, time = 4.684, dt = 1
  Applying predictor with scale factor = 1
 0 Nonlinear |R| = [32m1.083901e+04[39m
      0 Linear |R| = [32m1.083901e+04[39m
      1 Linear |R| = [32m1.474541e-10[39m
 1 Nonlinear |R| = [32m1.781005e+03[39m
      0 Linear |R| = [32m1.781005e+03[39m
      1 Linear |R| = [32m1.222873e-11[39m
 2 Nonlinear |R| = [32m3.544606e+00[39m
      0 Linear |R| = [32m3.544606e+00[39m
      1 Linear |R| = [32m6.979039e-15[39m
 3 Nonlinear |R| = [32m2.123930e-04[39m
  Nonlinear solve converged due to CONVERGED_FNORM_ABS iterations 3
[32m Solve Converged![39m

Outlier Variable Residual Norms:
  vonmises_stress: [33m8.904299e-05[39m
  stress_yy: [33m1.028293e-04[39m
  stress_xy: [33m1.390873e-04[39m

Postprocessor Values:
+----------------+----------------+----------------+----------------+
| time           | disp_y_max     | react_y_top    | stress_vm_max  |
+----------------+----------------+----------------+----------------+
|   0.000000e+00 |   0.000000e+00 |   0.000000e+00 |   0.000000e+00 |
|   1.000000e+00 |   3.125000e-06 |   4.010656e+05 |   5.084635e+07 |
|   1.500000e+00 |   4.687500e-06 |   6.015794e+05 |   7.626133e+07 |
|   2.100000e+00 |   6.562500e-06 |   8.421790e+05 |   1.067563e+08 |
|   2.820000e+00 |   8.812500e-06 |   1.130874e+06 |   1.433431e+08 |
|   3.684000e+00 |   1.151250e-05 |   1.477274e+06 |   1.872368e+08 |
|   4.684000e+00 |   1.463750e-05 |   1.876793e+06 |   2.036162e+08 |
+----------------+----------------+----------------+----------------+


Time Step 7, time = 5.684, dt = 1
  Applying predictor with scale factor = 1
 0 Nonlinear |R| = [32m1.580666e+04[39m
      0 Linear |R| = [32m1.580666e+04[39m
      1 Linear |R| = [32m7.489428e-10[39m
 1 Nonlinear |R| = [32m6.620758e+03[39m
      0 Linear |R| = [32m6.620758e+03[39m
      1 Linear |R| = [32m6.193869e-11[39m
 2 Nonlinear |R| = [32m6.560615e+02[39m
      0 Linear |R| = [32m6.560615e+02[39m
      1 Linear |R| = [32m2.390147e-12[39m
 3 Nonlinear |R| = [32m5.033600e-01[39m
      0 Linear |R| = [32m5.033600e-01[39m
      1 Linear |R| = [32m9.415268e-16[39m
 4 Nonlinear |R| = [32m4.000732e-05[39m
  Nonlinear solve converged due to CONVERGED_FNORM_ABS iterations 4
[32m Solve Converged![39m

Outlier Variable Residual Norms:
  vonmises_stress: [33m1.768353e-05[39m
  stress_xx: [33m1.967255e-05[39m
  stress_yy: [33m2.134259e-05[39m
  stress_xy: [33m1.540439e-05[39m

Postprocessor Values:
+----------------+----------------+----------------+----------------+
| time           | disp_y_max     | react_y_top    | stress_vm_max  |
+----------------+----------------+----------------+----------------+
|   0.000000e+00 |   0.000000e+00 |   0.000000e+00 |   0.000000e+00 |
|   1.000000e+00 |   3.125000e-06 |   4.010656e+05 |   5.084635e+07 |
|   1.500000e+00 |   4.687500e-06 |   6.015794e+05 |   7.626133e+07 |
|   2.100000e+00 |   6.562500e-06 |   8.421790e+05 |   1.067563e+08 |
|   2.820000e+00 |   8.812500e-06 |   1.130874e+06 |   1.433431e+08 |
|   3.684000e+00 |   1.151250e-05 |   1.477274e+06 |   1.872368e+08 |
|   4.684000e+00 |   1.463750e-05 |   1.876793e+06 |   2.036162e+08 |
|   5.684000e+00 |   1.776250e-05 |   2.268824e+06 |   2.041877e+08 |
+----------------+----------------+----------------+----------------+


Time Step 8, time = 6.684, dt = 1
  Applying predictor with scale factor = 1
 0 Nonlinear |R| = [32m1.657169e+04[39m
      0 Linear |R| = [32m1.657169e+04[39m
      1 Linear |R| = [32m1.026726e-09[39m
 1 Nonlinear |R| = [32m1.039507e+04[39m
      0 Linear |R| = [32m1.039507e+04[39m
      1 Linear |R| = [32m7.117168e-10[39m
 2 Nonlinear |R| = [32m2.606464e+03[39m
      0 Linear |R| = [32m2.606464e+03[39m
      1 Linear |R| = [32m3.917042e-11[39m
 3 Nonlinear |R| = [32m2.528883e+02[39m
      0 Linear |R| = [32m2.528883e+02[39m
      1 Linear |R| = [32m3.512215e-12[39m
 4 Nonlinear |R| = [32m2.721999e-01[39m
      0 Linear |R| = [32m2.721999e-01[39m
      1 Linear |R| = [32m8.195041e-16[39m
 5 Nonlinear |R| = [32m3.437701e-05[39m
  Nonlinear solve converged due to CONVERGED_FNORM_ABS iterations 5
[32m Solve Converged![39m

Outlier Variable Residual Norms:
  stress_xx: [33m2.261920e-05[39m
  stress_zz: [33m2.210923e-05[39m

Postprocessor Values:
+----------------+----------------+----------------+----------------+
| time           | disp_y_max     | react_y_top    | stress_vm_max  |
+----------------+----------------+----------------+----------------+
|   0.000000e+00 |   0.000000e+00 |   0.000000e+00 |   0.000000e+00 |
|   1.000000e+00 |   3.125000e-06 |   4.010656e+05 |   5.084635e+07 |
|   1.500000e+00 |   4.687500e-06 |   6.015794e+05 |   7.626133e+07 |
|   2.100000e+00 |   6.562500e-06 |   8.421790e+05 |   1.067563e+08 |
|   2.820000e+00 |   8.812500e-06 |   1.130874e+06 |   1.433431e+08 |
|   3.684000e+00 |   1.151250e-05 |   1.477274e+06 |   1.872368e+08 |
|   4.684000e+00 |   1.463750e-05 |   1.876793e+06 |   2.036162e+08 |
|   5.684000e+00 |   1.776250e-05 |   2.268824e+06 |   2.041877e+08 |
|   6.684000e+00 |   2.088750e-05 |   2.648712e+06 |   2.048321e+08 |
+----------------+----------------+----------------+----------------+


Time Step 9, time = 7.684, dt = 1
  Applying predictor with scale factor = 1
 0 Nonlinear |R| = [32m1.590414e+04[39m
      0 Linear |R| = [32m1.590414e+04[39m
      1 Linear |R| = [32m1.356453e-09[39m
 1 Nonlinear |R| = [32m1.454489e+04[39m
      0 Linear |R| = [32m1.454489e+04[39m
      1 Linear |R| = [32m1.311301e-09[39m
 2 Nonlinear |R| = [32m1.091682e+04[39m
      0 Linear |R| = [32m1.091682e+04[39m
      1 Linear |R| = [32m9.993692e-10[39m
 3 Nonlinear |R| = [32m2.907304e+03[39m
      0 Linear |R| = [32m2.907304e+03[39m
      1 Linear |R| = [32m4.935980e-11[39m
 4 Nonlinear |R| = [32m1.491231e+02[39m
      0 Linear |R| = [32m1.491231e+02[39m
      1 Linear |R| = [32m2.146301e-12[39m
 5 Nonlinear |R| = [32m9.292970e-02[39m
      0 Linear |R| = [32m9.292970e-02[39m
      1 Linear |R| = [32m2.640142e-16[39m
 6 Nonlinear |R| = [32m7.786169e-06[39m
  Nonlinear solve converged due to CONVERGED_FNORM_ABS iterations 6
  Finished Solving                                                                       [[33m  5.81 s[39m] [[33m  304 MB[39m]
[32m Solve Converged![39m

Outlier Variable Residual Norms:
  stress_xx: [33m4.870371e-06[39m
  stress_zz: [33m4.386009e-06[39m

Postprocessor Values:
+----------------+----------------+----------------+----------------+
| time           | disp_y_max     | react_y_top    | stress_vm_max  |
+----------------+----------------+----------------+----------------+
|   0.000000e+00 |   0.000000e+00 |   0.000000e+00 |   0.000000e+00 |
|   1.000000e+00 |   3.125000e-06 |   4.010656e+05 |   5.084635e+07 |
|   1.500000e+00 |   4.687500e-06 |   6.015794e+05 |   7.626133e+07 |
|   2.100000e+00 |   6.562500e-06 |   8.421790e+05 |   1.067563e+08 |
|   2.820000e+00 |   8.812500e-06 |   1.130874e+06 |   1.433431e+08 |
|   3.684000e+00 |   1.151250e-05 |   1.477274e+06 |   1.872368e+08 |
|   4.684000e+00 |   1.463750e-05 |   1.876793e+06 |   2.036162e+08 |
|   5.684000e+00 |   1.776250e-05 |   2.268824e+06 |   2.041877e+08 |
|   6.684000e+00 |   2.088750e-05 |   2.648712e+06 |   2.048321e+08 |
|   7.684000e+00 |   2.401250e-05 |   3.011574e+06 |   2.036570e+08 |
+----------------+----------------+----------------+----------------+


Time Step 10, time = 8.684, dt = 1
  Applying predictor with scale factor = 1
 0 Nonlinear |R| = [32m1.590907e+04[39m
      0 Linear |R| = [32m1.590907e+04[39m
      1 Linear |R| = [32m1.732132e-09[39m
 1 Nonlinear |R| = [32m1.407580e+04[39m
      0 Linear |R| = [32m1.407580e+04[39m
      1 Linear |R| = [32m1.693794e-09[39m
 2 Nonlinear |R| = [32m1.069893e+04[39m
      0 Linear |R| = [32m1.069893e+04[39m
      1 Linear |R| = [32m1.310101e-09[39m
 3 Nonlinear |R| = [32m7.036101e+03[39m
      0 Linear |R| = [32m7.036101e+03[39m
      1 Linear |R| = [32m8.344138e-11[39m
 4 Nonlinear |R| = [32m4.389168e+02[39m
      0 Linear |R| = [32m4.389168e+02[39m
      1 Linear |R| = [32m3.111376e-12[39m
 5 Nonlinear |R| = [32m2.200015e-01[39m
      0 Linear |R| = [32m2.200015e-01[39m
      1 Linear |R| = [32m1.051003e-15[39m
 6 Nonlinear |R| = [32m3.212406e-05[39m
  Nonlinear solve converged due to CONVERGED_FNORM_ABS iterations 6
[32m Solve Converged![39m
  Finished Solving                                                                       [[33m  5.51 s[39m] [[33m  304 MB[39m]

Outlier Variable Residual Norms:
  vonmises_stress: [33m1.271196e-05[39m
  stress_xx: [33m1.677538e-05[39m
  stress_yy: [33m1.331644e-05[39m
  stress_zz: [33m1.683350e-05[39m

Postprocessor Values:
+----------------+----------------+----------------+----------------+
| time           | disp_y_max     | react_y_top    | stress_vm_max  |
+----------------+----------------+----------------+----------------+
|   0.000000e+00 |   0.000000e+00 |   0.000000e+00 |   0.000000e+00 |
|   1.000000e+00 |   3.125000e-06 |   4.010656e+05 |   5.084635e+07 |
|   1.500000e+00 |   4.687500e-06 |   6.015794e+05 |   7.626133e+07 |
|   2.100000e+00 |   6.562500e-06 |   8.421790e+05 |   1.067563e+08 |
|   2.820000e+00 |   8.812500e-06 |   1.130874e+06 |   1.433431e+08 |
|   3.684000e+00 |   1.151250e-05 |   1.477274e+06 |   1.872368e+08 |
|   4.684000e+00 |   1.463750e-05 |   1.876793e+06 |   2.036162e+08 |
|   5.684000e+00 |   1.776250e-05 |   2.268824e+06 |   2.041877e+08 |
|   6.684000e+00 |   2.088750e-05 |   2.648712e+06 |   2.048321e+08 |
|   7.684000e+00 |   2.401250e-05 |   3.011574e+06 |   2.036570e+08 |
|   8.684000e+00 |   2.713750e-05 |   3.350035e+06 |   2.032823e+08 |
+----------------+----------------+----------------+----------------+


Time Step 11, time = 9.684, dt = 1
  Applying predictor with scale factor = 1
 0 Nonlinear |R| = [32m2.428639e+04[39m
      0 Linear |R| = [32m2.428639e+04[39m
      1 Linear |R| = [32m3.720614e-09[39m
 1 Nonlinear |R| = [32m1.910010e+04[39m
      0 Linear |R| = [32m1.910010e+04[39m
      1 Linear |R| = [32m2.895235e-09[39m
 2 Nonlinear |R| = [32m1.068568e+04[39m
      0 Linear |R| = [32m1.068568e+04[39m
      1 Linear |R| = [32m1.169926e-10[39m
 3 Nonlinear |R| = [32m9.195865e+02[39m
      0 Linear |R| = [32m9.195865e+02[39m
      1 Linear |R| = [32m6.580101e-12[39m
 4 Nonlinear |R| = [32m1.060247e+01[39m
      0 Linear |R| = [32m1.060247e+01[39m
      1 Linear |R| = [32m4.136252e-14[39m
 5 Nonlinear |R| = [32m2.633586e-03[39m
  Nonlinear solve converged due to CONVERGED_FNORM_ABS iterations 5
[32m Solve Converged![39m

Outlier Variable Residual Norms:
  vonmises_stress: [33m1.735279e-03[39m
  stress_xx: [33m1.075119e-03[39m
  stress_yy: [33m1.256759e-03[39m
  stress_zz: [33m9.519135e-04[39m

Postprocessor Values:
+----------------+----------------+----------------+----------------+
| time           | disp_y_max     | react_y_top    | stress_vm_max  |
+----------------+----------------+----------------+----------------+
|   0.000000e+00 |   0.000000e+00 |   0.000000e+00 |   0.000000e+00 |
|   1.000000e+00 |   3.125000e-06 |   4.010656e+05 |   5.084635e+07 |
|   1.500000e+00 |   4.687500e-06 |   6.015794e+05 |   7.626133e+07 |
|   2.100000e+00 |   6.562500e-06 |   8.421790e+05 |   1.067563e+08 |
|   2.820000e+00 |   8.812500e-06 |   1.130874e+06 |   1.433431e+08 |
|   3.684000e+00 |   1.151250e-05 |   1.477274e+06 |   1.872368e+08 |
|   4.684000e+00 |   1.463750e-05 |   1.876793e+06 |   2.036162e+08 |
|   5.684000e+00 |   1.776250e-05 |   2.268824e+06 |   2.041877e+08 |
|   6.684000e+00 |   2.088750e-05 |   2.648712e+06 |   2.048321e+08 |
|   7.684000e+00 |   2.401250e-05 |   3.011574e+06 |   2.036570e+08 |
|   8.684000e+00 |   2.713750e-05 |   3.350035e+06 |   2.032823e+08 |
|   9.684000e+00 |   3.026250e-05 |   3.626049e+06 |   2.050792e+08 |
+----------------+----------------+----------------+----------------+


Time Step 12, time = 10.684, dt = 1
  Applying predictor with scale factor = 1
 0 Nonlinear |R| = [32m4.795312e+04[39m
      0 Linear |R| = [32m4.795312e+04[39m
      1 Linear |R| = [32m7.225803e-09[39m
 1 Nonlinear |R| = [33m4.709356e+04[39m
      0 Linear |R| = [32m4.709356e+04[39m
      1 Linear |R| = [32m6.522764e-09[39m
 2 Nonlinear |R| = [32m4.164662e+04[39m
      0 Linear |R| = [32m4.164662e+04[39m
      1 Linear |R| = [32m5.563881e-09[39m
 3 Nonlinear |R| = [32m3.542270e+04[39m
      0 Linear |R| = [32m3.542270e+04[39m
      1 Linear |R| = [32m4.795441e-09[39m
 4 Nonlinear |R| = [32m2.420836e+04[39m
      0 Linear |R| = [32m2.420836e+04[39m
      1 Linear |R| = [32m3.303633e-09[39m
 5 Nonlinear |R| = [32m8.026656e+03[39m
      0 Linear |R| = [32m8.026656e+03[39m
      1 Linear |R| = [32m4.313653e-11[39m
 6 Nonlinear |R| = [32m9.213382e+02[39m
      0 Linear |R| = [32m9.213382e+02[39m
      1 Linear |R| = [32m8.966708e-12[39m
 7 Nonlinear |R| = [32m1.337970e+02[39m
      0 Linear |R| = [32m1.337970e+02[39m
      1 Linear |R| = [32m1.563464e-12[39m
 8 Nonlinear |R| = [32m5.870293e+00[39m
      0 Linear |R| = [32m5.870293e+00[39m
      1 Linear |R| = [32m5.461671e-14[39m
 9 Nonlinear |R| = [32m3.791335e-03[39m
  Nonlinear solve converged due to CONVERGED_FNORM_ABS iterations 9
[32m Solve Converged![39m
  Finished Solving                                                                       [[33m  8.38 s[39m] [[33m  304 MB[39m]

Outlier Variable Residual Norms:
  vonmises_stress: [33m2.023793e-03[39m
  stress_xx: [33m1.796080e-03[39m
  stress_yy: [33m1.740719e-03[39m
  stress_zz: [33m1.658020e-03[39m

Postprocessor Values:
+----------------+----------------+----------------+----------------+
| time           | disp_y_max     | react_y_top    | stress_vm_max  |
+----------------+----------------+----------------+----------------+
|   0.000000e+00 |   0.000000e+00 |   0.000000e+00 |   0.000000e+00 |
|   1.000000e+00 |   3.125000e-06 |   4.010656e+05 |   5.084635e+07 |
|   1.500000e+00 |   4.687500e-06 |   6.015794e+05 |   7.626133e+07 |
|   2.100000e+00 |   6.562500e-06 |   8.421790e+05 |   1.067563e+08 |
|   2.820000e+00 |   8.812500e-06 |   1.130874e+06 |   1.433431e+08 |
|   3.684000e+00 |   1.151250e-05 |   1.477274e+06 |   1.872368e+08 |
|   4.684000e+00 |   1.463750e-05 |   1.876793e+06 |   2.036162e+08 |
|   5.684000e+00 |   1.776250e-05 |   2.268824e+06 |   2.041877e+08 |
|   6.684000e+00 |   2.088750e-05 |   2.648712e+06 |   2.048321e+08 |
|   7.684000e+00 |   2.401250e-05 |   3.011574e+06 |   2.036570e+08 |
|   8.684000e+00 |   2.713750e-05 |   3.350035e+06 |   2.032823e+08 |
|   9.684000e+00 |   3.026250e-05 |   3.626049e+06 |   2.050792e+08 |
|   1.068400e+01 |   3.338750e-05 |   3.747094e+06 |   2.081397e+08 |
+----------------+----------------+----------------+----------------+


Time Step 13, time = 11.684, dt = 1
  Applying predictor with scale factor = 1
 0 Nonlinear |R| = [32m5.104383e+04[39m
      0 Linear |R| = [32m5.104383e+04[39m
      1 Linear |R| = [32m3.733413e-09[39m
 1 Nonlinear |R| = [32m4.505414e+04[39m
      0 Linear |R| = [32m4.505414e+04[39m
      1 Linear |R| = [32m3.168036e-09[39m
 2 Nonlinear |R| = [32m3.492092e+04[39m
      0 Linear |R| = [32m3.492092e+04[39m
      1 Linear |R| = [32m2.127827e-09[39m
 3 Nonlinear |R| = [32m1.372228e+04[39m
      0 Linear |R| = [32m1.372228e+04[39m
      1 Linear |R| = [32m7.775885e-11[39m
 4 Nonlinear |R| = [32m5.616757e+02[39m
      0 Linear |R| = [32m5.616757e+02[39m
      1 Linear |R| = [32m2.212166e-12[39m
 5 Nonlinear |R| = [32m1.998358e+02[39m
      0 Linear |R| = [32m1.998358e+02[39m
      1 Linear |R| = [32m1.024205e-12[39m
 6 Nonlinear |R| = [32m9.842546e+00[39m
      0 Linear |R| = [32m9.842546e+00[39m
      1 Linear |R| = [32m5.868432e-14[39m
 7 Nonlinear |R| = [32m4.367672e-03[39m
  Nonlinear solve converged due to CONVERGED_FNORM_ABS iterations 7
[32m Solve Converged![39m
  Finished Solving                                                                       [[33m  6.62 s[39m] [[33m  304 MB[39m]

Outlier Variable Residual Norms:
  vonmises_stress: [33m3.062327e-03[39m
  stress_xx: [33m1.759039e-03[39m
  stress_yy: [33m2.141815e-03[39m

Postprocessor Values:
+----------------+----------------+----------------+----------------+
| time           | disp_y_max     | react_y_top    | stress_vm_max  |
+----------------+----------------+----------------+----------------+
|   0.000000e+00 |   0.000000e+00 |   0.000000e+00 |   0.000000e+00 |
|   1.000000e+00 |   3.125000e-06 |   4.010656e+05 |   5.084635e+07 |
|   1.500000e+00 |   4.687500e-06 |   6.015794e+05 |   7.626133e+07 |
|   2.100000e+00 |   6.562500e-06 |   8.421790e+05 |   1.067563e+08 |
|   2.820000e+00 |   8.812500e-06 |   1.130874e+06 |   1.433431e+08 |
|   3.684000e+00 |   1.151250e-05 |   1.477274e+06 |   1.872368e+08 |
|   4.684000e+00 |   1.463750e-05 |   1.876793e+06 |   2.036162e+08 |
|   5.684000e+00 |   1.776250e-05 |   2.268824e+06 |   2.041877e+08 |
|   6.684000e+00 |   2.088750e-05 |   2.648712e+06 |   2.048321e+08 |
|   7.684000e+00 |   2.401250e-05 |   3.011574e+06 |   2.036570e+08 |
|   8.684000e+00 |   2.713750e-05 |   3.350035e+06 |   2.032823e+08 |
|   9.684000e+00 |   3.026250e-05 |   3.626049e+06 |   2.050792e+08 |
|   1.068400e+01 |   3.338750e-05 |   3.747094e+06 |   2.081397e+08 |
|   1.168400e+01 |   3.651250e-05 |   3.766184e+06 |   2.111167e+08 |
+----------------+----------------+----------------+----------------+


Time Step 14, time = 12.684, dt = 1
  Applying predictor with scale factor = 1
 0 Nonlinear |R| = [32m1.461625e+04[39m
      0 Linear |R| = [32m1.461625e+04[39m
      1 Linear |R| = [32m1.951783e-10[39m
 1 Nonlinear |R| = [32m2.354125e+03[39m
      0 Linear |R| = [32m2.354125e+03[39m
      1 Linear |R| = [32m3.357798e-11[39m
 2 Nonlinear |R| = [32m2.021488e+02[39m
      0 Linear |R| = [32m2.021488e+02[39m
      1 Linear |R| = [32m1.739185e-12[39m
 3 Nonlinear |R| = [32m1.658234e-01[39m
      0 Linear |R| = [32m1.658234e-01[39m
      1 Linear |R| = [32m1.356913e-15[39m
 4 Nonlinear |R| = [32m2.903885e-05[39m
  Nonlinear solve converged due to CONVERGED_FNORM_ABS iterations 4
[32m Solve Converged![39m

Outlier Variable Residual Norms:
  stress_xx: [33m1.602898e-05[39m
  stress_yy: [33m1.195226e-05[39m
  stress_zz: [33m1.315894e-05[39m
  stress_xy: [33m1.290406e-05[39m

Postprocessor Values:
+----------------+----------------+----------------+----------------+
| time           | disp_y_max     | react_y_top    | stress_vm_max  |
+----------------+----------------+----------------+----------------+
|   0.000000e+00 |   0.000000e+00 |   0.000000e+00 |   0.000000e+00 |
|   1.000000e+00 |   3.125000e-06 |   4.010656e+05 |   5.084635e+07 |
|   1.500000e+00 |   4.687500e-06 |   6.015794e+05 |   7.626133e+07 |
|   2.100000e+00 |   6.562500e-06 |   8.421790e+05 |   1.067563e+08 |
|   2.820000e+00 |   8.812500e-06 |   1.130874e+06 |   1.433431e+08 |
|   3.684000e+00 |   1.151250e-05 |   1.477274e+06 |   1.872368e+08 |
|   4.684000e+00 |   1.463750e-05 |   1.876793e+06 |   2.036162e+08 |
|   5.684000e+00 |   1.776250e-05 |   2.268824e+06 |   2.041877e+08 |
|   6.684000e+00 |   2.088750e-05 |   2.648712e+06 |   2.048321e+08 |
|   7.684000e+00 |   2.401250e-05 |   3.011574e+06 |   2.036570e+08 |
|   8.684000e+00 |   2.713750e-05 |   3.350035e+06 |   2.032823e+08 |
|   9.684000e+00 |   3.026250e-05 |   3.626049e+06 |   2.050792e+08 |
|   1.068400e+01 |   3.338750e-05 |   3.747094e+06 |   2.081397e+08 |
|   1.168400e+01 |   3.651250e-05 |   3.766184e+06 |   2.111167e+08 |
|   1.268400e+01 |   3.963750e-05 |   3.782181e+06 |   2.138151e+08 |
+----------------+----------------+----------------+----------------+


Time Step 15, time = 13.684, dt = 1
  Applying predictor with scale factor = 1
 0 Nonlinear |R| = [32m8.814294e+03[39m
      0 Linear |R| = [32m8.814294e+03[39m
      1 Linear |R| = [32m2.395080e-10[39m
 1 Nonlinear |R| = [32m2.288701e+03[39m
      0 Linear |R| = [32m2.288701e+03[39m
      1 Linear |R| = [32m5.527950e-11[39m
 2 Nonlinear |R| = [32m4.233113e+01[39m
      0 Linear |R| = [32m4.233113e+01[39m
      1 Linear |R| = [32m2.564487e-13[39m
 3 Nonlinear |R| = [32m1.369975e-02[39m
      0 Linear |R| = [32m1.369975e-02[39m
      1 Linear |R| = [32m1.131695e-16[39m
 4 Nonlinear |R| = [32m2.228692e-06[39m
  Nonlinear solve converged due to CONVERGED_FNORM_ABS iterations 4
[32m Solve Converged![39m

Outlier Variable Residual Norms:
  disp_x: [33m1.163042e-06[39m
  disp_y: [33m1.822775e-06[39m

Postprocessor Values:
+----------------+----------------+----------------+----------------+
| time           | disp_y_max     | react_y_top    | stress_vm_max  |
+----------------+----------------+----------------+----------------+
:                :                :                :                :
|   1.000000e+00 |   3.125000e-06 |   4.010656e+05 |   5.084635e+07 |
|   1.500000e+00 |   4.687500e-06 |   6.015794e+05 |   7.626133e+07 |
|   2.100000e+00 |   6.562500e-06 |   8.421790e+05 |   1.067563e+08 |
|   2.820000e+00 |   8.812500e-06 |   1.130874e+06 |   1.433431e+08 |
|   3.684000e+00 |   1.151250e-05 |   1.477274e+06 |   1.872368e+08 |
|   4.684000e+00 |   1.463750e-05 |   1.876793e+06 |   2.036162e+08 |
|   5.684000e+00 |   1.776250e-05 |   2.268824e+06 |   2.041877e+08 |
|   6.684000e+00 |   2.088750e-05 |   2.648712e+06 |   2.048321e+08 |
|   7.684000e+00 |   2.401250e-05 |   3.011574e+06 |   2.036570e+08 |
|   8.684000e+00 |   2.713750e-05 |   3.350035e+06 |   2.032823e+08 |
|   9.684000e+00 |   3.026250e-05 |   3.626049e+06 |   2.050792e+08 |
|   1.068400e+01 |   3.338750e-05 |   3.747094e+06 |   2.081397e+08 |
|   1.168400e+01 |   3.651250e-05 |   3.766184e+06 |   2.111167e+08 |
|   1.268400e+01 |   3.963750e-05 |   3.782181e+06 |   2.138151e+08 |
|   1.368400e+01 |   4.276250e-05 |   3.796301e+06 |   2.163760e+08 |
+----------------+----------------+----------------+----------------+


Time Step 16, time = 14.684, dt = 1
  Applying predictor with scale factor = 1
 0 Nonlinear |R| = [32m9.914507e+03[39m
      0 Linear |R| = [32m9.914507e+03[39m
      1 Linear |R| = [32m2.874786e-10[39m
 1 Nonlinear |R| = [32m4.880242e+03[39m
      0 Linear |R| = [32m4.880242e+03[39m
      1 Linear |R| = [32m2.254757e-10[39m
 2 Nonlinear |R| = [32m1.810992e+02[39m
      0 Linear |R| = [32m1.810992e+02[39m
      1 Linear |R| = [32m4.627540e-12[39m
 3 Nonlinear |R| = [32m1.392632e-01[39m
      0 Linear |R| = [32m1.392632e-01[39m
      1 Linear |R| = [32m4.054005e-15[39m
 4 Nonlinear |R| = [32m4.695943e-05[39m
  Nonlinear solve converged due to CONVERGED_FNORM_ABS iterations 4
[32m Solve Converged![39m

Outlier Variable Residual Norms:
  stress_xx: [33m2.616073e-05[39m
  stress_zz: [33m1.905434e-05[39m
  stress_xy: [33m2.636949e-05[39m

Postprocessor Values:
+----------------+----------------+----------------+----------------+
| time           | disp_y_max     | react_y_top    | stress_vm_max  |
+----------------+----------------+----------------+----------------+
:                :                :                :                :
|   1.500000e+00 |   4.687500e-06 |   6.015794e+05 |   7.626133e+07 |
|   2.100000e+00 |   6.562500e-06 |   8.421790e+05 |   1.067563e+08 |
|   2.820000e+00 |   8.812500e-06 |   1.130874e+06 |   1.433431e+08 |
|   3.684000e+00 |   1.151250e-05 |   1.477274e+06 |   1.872368e+08 |
|   4.684000e+00 |   1.463750e-05 |   1.876793e+06 |   2.036162e+08 |
|   5.684000e+00 |   1.776250e-05 |   2.268824e+06 |   2.041877e+08 |
|   6.684000e+00 |   2.088750e-05 |   2.648712e+06 |   2.048321e+08 |
|   7.684000e+00 |   2.401250e-05 |   3.011574e+06 |   2.036570e+08 |
|   8.684000e+00 |   2.713750e-05 |   3.350035e+06 |   2.032823e+08 |
|   9.684000e+00 |   3.026250e-05 |   3.626049e+06 |   2.050792e+08 |
|   1.068400e+01 |   3.338750e-05 |   3.747094e+06 |   2.081397e+08 |
|   1.168400e+01 |   3.651250e-05 |   3.766184e+06 |   2.111167e+08 |
|   1.268400e+01 |   3.963750e-05 |   3.782181e+06 |   2.138151e+08 |
|   1.368400e+01 |   4.276250e-05 |   3.796301e+06 |   2.163760e+08 |
|   1.468400e+01 |   4.588750e-05 |   3.808093e+06 |   2.185900e+08 |
+----------------+----------------+----------------+----------------+


Time Step 17, time = 15.684, dt = 1
  Applying predictor with scale factor = 1
 0 Nonlinear |R| = [32m6.097196e+03[39m
      0 Linear |R| = [32m6.097196e+03[39m
      1 Linear |R| = [32m2.712577e-10[39m
 1 Nonlinear |R| = [32m1.089325e+03[39m
      0 Linear |R| = [32m1.089325e+03[39m
      1 Linear |R| = [32m1.270101e-11[39m
 2 Nonlinear |R| = [32m1.856378e+01[39m
      0 Linear |R| = [32m1.856378e+01[39m
      1 Linear |R| = [32m3.810806e-13[39m
 3 Nonlinear |R| = [32m1.281475e-02[39m
      0 Linear |R| = [32m1.281475e-02[39m
      1 Linear |R| = [32m1.408301e-16[39m
 4 Nonlinear |R| = [32m2.278506e-06[39m
  Nonlinear solve converged due to CONVERGED_FNORM_ABS iterations 4
[32m Solve Converged![39m

Outlier Variable Residual Norms:
  disp_x: [33m1.198596e-06[39m
  disp_y: [33m1.761805e-06[39m

Postprocessor Values:
+----------------+----------------+----------------+----------------+
| time           | disp_y_max     | react_y_top    | stress_vm_max  |
+----------------+----------------+----------------+----------------+
:                :                :                :                :
|   2.100000e+00 |   6.562500e-06 |   8.421790e+05 |   1.067563e+08 |
|   2.820000e+00 |   8.812500e-06 |   1.130874e+06 |   1.433431e+08 |
|   3.684000e+00 |   1.151250e-05 |   1.477274e+06 |   1.872368e+08 |
|   4.684000e+00 |   1.463750e-05 |   1.876793e+06 |   2.036162e+08 |
|   5.684000e+00 |   1.776250e-05 |   2.268824e+06 |   2.041877e+08 |
|   6.684000e+00 |   2.088750e-05 |   2.648712e+06 |   2.048321e+08 |
|   7.684000e+00 |   2.401250e-05 |   3.011574e+06 |   2.036570e+08 |
|   8.684000e+00 |   2.713750e-05 |   3.350035e+06 |   2.032823e+08 |
|   9.684000e+00 |   3.026250e-05 |   3.626049e+06 |   2.050792e+08 |
|   1.068400e+01 |   3.338750e-05 |   3.747094e+06 |   2.081397e+08 |
|   1.168400e+01 |   3.651250e-05 |   3.766184e+06 |   2.111167e+08 |
|   1.268400e+01 |   3.963750e-05 |   3.782181e+06 |   2.138151e+08 |
|   1.368400e+01 |   4.276250e-05 |   3.796301e+06 |   2.163760e+08 |
|   1.468400e+01 |   4.588750e-05 |   3.808093e+06 |   2.185900e+08 |
|   1.568400e+01 |   4.901250e-05 |   3.818661e+06 |   2.206042e+08 |
+----------------+----------------+----------------+----------------+


Time Step 18, time = 16.684, dt = 1
  Applying predictor with scale factor = 1
 0 Nonlinear |R| = [32m5.520592e+03[39m
      0 Linear |R| = [32m5.520592e+03[39m
      1 Linear |R| = [32m1.285648e-10[39m
 1 Nonlinear |R| = [32m9.744824e+02[39m
      0 Linear |R| = [32m9.744824e+02[39m
      1 Linear |R| = [32m1.511462e-11[39m
 2 Nonlinear |R| = [32m1.864592e+02[39m
      0 Linear |R| = [32m1.864592e+02[39m
      1 Linear |R| = [32m1.660630e-12[39m
 3 Nonlinear |R| = [32m1.255209e-01[39m
      0 Linear |R| = [32m1.255209e-01[39m
      1 Linear |R| = [32m1.447125e-15[39m
 4 Nonlinear |R| = [32m4.631486e-05[39m
  Nonlinear solve converged due to CONVERGED_FNORM_ABS iterations 4
[32m Solve Converged![39m

Outlier Variable Residual Norms:
  stress_xx: [33m2.956958e-05[39m
  stress_zz: [33m2.816788e-05[39m

Postprocessor Values:
+----------------+----------------+----------------+----------------+
| time           | disp_y_max     | react_y_top    | stress_vm_max  |
+----------------+----------------+----------------+----------------+
:                :                :                :                :
|   2.820000e+00 |   8.812500e-06 |   1.130874e+06 |   1.433431e+08 |
|   3.684000e+00 |   1.151250e-05 |   1.477274e+06 |   1.872368e+08 |
|   4.684000e+00 |   1.463750e-05 |   1.876793e+06 |   2.036162e+08 |
|   5.684000e+00 |   1.776250e-05 |   2.268824e+06 |   2.041877e+08 |
|   6.684000e+00 |   2.088750e-05 |   2.648712e+06 |   2.048321e+08 |
|   7.684000e+00 |   2.401250e-05 |   3.011574e+06 |   2.036570e+08 |
|   8.684000e+00 |   2.713750e-05 |   3.350035e+06 |   2.032823e+08 |
|   9.684000e+00 |   3.026250e-05 |   3.626049e+06 |   2.050792e+08 |
|   1.068400e+01 |   3.338750e-05 |   3.747094e+06 |   2.081397e+08 |
|   1.168400e+01 |   3.651250e-05 |   3.766184e+06 |   2.111167e+08 |
|   1.268400e+01 |   3.963750e-05 |   3.782181e+06 |   2.138151e+08 |
|   1.368400e+01 |   4.276250e-05 |   3.796301e+06 |   2.163760e+08 |
|   1.468400e+01 |   4.588750e-05 |   3.808093e+06 |   2.185900e+08 |
|   1.568400e+01 |   4.901250e-05 |   3.818661e+06 |   2.206042e+08 |
|   1.668400e+01 |   5.213750e-05 |   3.828550e+06 |   2.225213e+08 |
+----------------+----------------+----------------+----------------+


Time Step 19, time = 17.684, dt = 1
  Applying predictor with scale factor = 1
 0 Nonlinear |R| = [32m6.474534e+03[39m
      0 Linear |R| = [32m6.474534e+03[39m
      1 Linear |R| = [32m1.434365e-10[39m
 1 Nonlinear |R| = [32m2.808400e+02[39m
      0 Linear |R| = [32m2.808400e+02[39m
      1 Linear |R| = [32m3.925034e-12[39m
 2 Nonlinear |R| = [32m2.447895e+01[39m
      0 Linear |R| = [32m2.447895e+01[39m
      1 Linear |R| = [32m1.228718e-13[39m
 3 Nonlinear |R| = [32m5.777372e-03[39m
  Nonlinear solve converged due to CONVERGED_FNORM_ABS iterations 3
[32m Solve Converged![39m

Outlier Variable Residual Norms:
  vonmises_stress: [33m3.387226e-03[39m
  stress_xx: [33m2.786040e-03[39m
  stress_yy: [33m2.766522e-03[39m
  stress_zz: [33m2.070532e-03[39m

Postprocessor Values:
+----------------+----------------+----------------+----------------+
| time           | disp_y_max     | react_y_top    | stress_vm_max  |
+----------------+----------------+----------------+----------------+
:                :                :                :                :
|   3.684000e+00 |   1.151250e-05 |   1.477274e+06 |   1.872368e+08 |
|   4.684000e+00 |   1.463750e-05 |   1.876793e+06 |   2.036162e+08 |
|   5.684000e+00 |   1.776250e-05 |   2.268824e+06 |   2.041877e+08 |
|   6.684000e+00 |   2.088750e-05 |   2.648712e+06 |   2.048321e+08 |
|   7.684000e+00 |   2.401250e-05 |   3.011574e+06 |   2.036570e+08 |
|   8.684000e+00 |   2.713750e-05 |   3.350035e+06 |   2.032823e+08 |
|   9.684000e+00 |   3.026250e-05 |   3.626049e+06 |   2.050792e+08 |
|   1.068400e+01 |   3.338750e-05 |   3.747094e+06 |   2.081397e+08 |
|   1.168400e+01 |   3.651250e-05 |   3.766184e+06 |   2.111167e+08 |
|   1.268400e+01 |   3.963750e-05 |   3.782181e+06 |   2.138151e+08 |
|   1.368400e+01 |   4.276250e-05 |   3.796301e+06 |   2.163760e+08 |
|   1.468400e+01 |   4.588750e-05 |   3.808093e+06 |   2.185900e+08 |
|   1.568400e+01 |   4.901250e-05 |   3.818661e+06 |   2.206042e+08 |
|   1.668400e+01 |   5.213750e-05 |   3.828550e+06 |   2.225213e+08 |
|   1.768400e+01 |   5.526250e-05 |   3.837772e+06 |   2.243529e+08 |
+----------------+----------------+----------------+----------------+


Time Step 20, time = 18.684, dt = 1
  Applying predictor with scale factor = 1
 0 Nonlinear |R| = [32m4.067894e+03[39m
      0 Linear |R| = [32m4.067894e+03[39m
      1 Linear |R| = [32m1.101066e-10[39m
 1 Nonlinear |R| = [32m3.580603e+02[39m
      0 Linear |R| = [32m3.580603e+02[39m
      1 Linear |R| = [32m4.582258e-12[39m
 2 Nonlinear |R| = [32m5.915978e+00[39m
      0 Linear |R| = [32m5.915978e+00[39m
      1 Linear |R| = [32m3.992610e-14[39m
 3 Nonlinear |R| = [32m1.499095e-03[39m
  Nonlinear solve converged due to CONVERGED_FNORM_ABS iterations 3
[32m Solve Converged![39m

Outlier Variable Residual Norms:
  vonmises_stress: [33m8.298379e-04[39m
  stress_xx: [33m7.199857e-04[39m
  stress_yy: [33m8.018237e-04[39m

Postprocessor Values:
+----------------+----------------+----------------+----------------+
| time           | disp_y_max     | react_y_top    | stress_vm_max  |
+----------------+----------------+----------------+----------------+
:                :                :                :                :
|   4.684000e+00 |   1.463750e-05 |   1.876793e+06 |   2.036162e+08 |
|   5.684000e+00 |   1.776250e-05 |   2.268824e+06 |   2.041877e+08 |
|   6.684000e+00 |   2.088750e-05 |   2.648712e+06 |   2.048321e+08 |
|   7.684000e+00 |   2.401250e-05 |   3.011574e+06 |   2.036570e+08 |
|   8.684000e+00 |   2.713750e-05 |   3.350035e+06 |   2.032823e+08 |
|   9.684000e+00 |   3.026250e-05 |   3.626049e+06 |   2.050792e+08 |
|   1.068400e+01 |   3.338750e-05 |   3.747094e+06 |   2.081397e+08 |
|   1.168400e+01 |   3.651250e-05 |   3.766184e+06 |   2.111167e+08 |
|   1.268400e+01 |   3.963750e-05 |   3.782181e+06 |   2.138151e+08 |
|   1.368400e+01 |   4.276250e-05 |   3.796301e+06 |   2.163760e+08 |
|   1.468400e+01 |   4.588750e-05 |   3.808093e+06 |   2.185900e+08 |
|   1.568400e+01 |   4.901250e-05 |   3.818661e+06 |   2.206042e+08 |
|   1.668400e+01 |   5.213750e-05 |   3.828550e+06 |   2.225213e+08 |
|   1.768400e+01 |   5.526250e-05 |   3.837772e+06 |   2.243529e+08 |
|   1.868400e+01 |   5.838750e-05 |   3.846538e+06 |   2.261340e+08 |
+----------------+----------------+----------------+----------------+


Time Step 21, time = 19.684, dt = 1
  Applying predictor with scale factor = 1
 0 Nonlinear |R| = [32m3.452012e+03[39m
      0 Linear |R| = [32m3.452012e+03[39m
      1 Linear |R| = [32m9.006439e-11[39m
 1 Nonlinear |R| = [32m9.341744e+01[39m
      0 Linear |R| = [32m9.341744e+01[39m
      1 Linear |R| = [32m7.753604e-13[39m
 2 Nonlinear |R| = [32m3.749139e-02[39m
      0 Linear |R| = [32m3.749139e-02[39m
      1 Linear |R| = [32m2.256919e-16[39m
 3 Nonlinear |R| = [32m3.217781e-06[39m
  Nonlinear solve converged due to CONVERGED_FNORM_ABS iterations 3
[32m Solve Converged![39m

Outlier Variable Residual Norms:
  stress_xx: [33m1.334839e-06[39m
  disp_x: [33m1.246268e-06[39m
  disp_y: [33m1.864819e-06[39m

Postprocessor Values:
+----------------+----------------+----------------+----------------+
| time           | disp_y_max     | react_y_top    | stress_vm_max  |
+----------------+----------------+----------------+----------------+
:                :                :                :                :
|   5.684000e+00 |   1.776250e-05 |   2.268824e+06 |   2.041877e+08 |
|   6.684000e+00 |   2.088750e-05 |   2.648712e+06 |   2.048321e+08 |
|   7.684000e+00 |   2.401250e-05 |   3.011574e+06 |   2.036570e+08 |
|   8.684000e+00 |   2.713750e-05 |   3.350035e+06 |   2.032823e+08 |
|   9.684000e+00 |   3.026250e-05 |   3.626049e+06 |   2.050792e+08 |
|   1.068400e+01 |   3.338750e-05 |   3.747094e+06 |   2.081397e+08 |
|   1.168400e+01 |   3.651250e-05 |   3.766184e+06 |   2.111167e+08 |
|   1.268400e+01 |   3.963750e-05 |   3.782181e+06 |   2.138151e+08 |
|   1.368400e+01 |   4.276250e-05 |   3.796301e+06 |   2.163760e+08 |
|   1.468400e+01 |   4.588750e-05 |   3.808093e+06 |   2.185900e+08 |
|   1.568400e+01 |   4.901250e-05 |   3.818661e+06 |   2.206042e+08 |
|   1.668400e+01 |   5.213750e-05 |   3.828550e+06 |   2.225213e+08 |
|   1.768400e+01 |   5.526250e-05 |   3.837772e+06 |   2.243529e+08 |
|   1.868400e+01 |   5.838750e-05 |   3.846538e+06 |   2.261340e+08 |
|   1.968400e+01 |   6.151250e-05 |   3.854966e+06 |   2.278806e+08 |
+----------------+----------------+----------------+----------------+


Time Step 22, time = 20.684, dt = 1
  Applying predictor with scale factor = 1
 0 Nonlinear |R| = [32m2.920230e+03[39m
      0 Linear |R| = [32m2.920230e+03[39m
      1 Linear |R| = [32m7.056951e-11[39m
 1 Nonlinear |R| = [32m3.001756e+02[39m
      0 Linear |R| = [32m3.001756e+02[39m
      1 Linear |R| = [32m5.672862e-12[39m
 2 Nonlinear |R| = [32m4.244234e-01[39m
      0 Linear |R| = [32m4.244234e-01[39m
      1 Linear |R| = [32m1.091789e-14[39m
 3 Nonlinear |R| = [32m1.021094e-04[39m
  Nonlinear solve converged due to CONVERGED_FNORM_ABS iterations 3
[32m Solve Converged![39m

Outlier Variable Residual Norms:
  vonmises_stress: [33m4.268780e-05[39m
  stress_xx: [33m6.003694e-05[39m
  stress_yy: [33m3.733859e-05[39m
  stress_zz: [33m4.722639e-05[39m
  stress_xy: [33m3.698833e-05[39m

Postprocessor Values:
+----------------+----------------+----------------+----------------+
| time           | disp_y_max     | react_y_top    | stress_vm_max  |
+----------------+----------------+----------------+----------------+
:                :                :                :                :
|   6.684000e+00 |   2.088750e-05 |   2.648712e+06 |   2.048321e+08 |
|   7.684000e+00 |   2.401250e-05 |   3.011574e+06 |   2.036570e+08 |
|   8.684000e+00 |   2.713750e-05 |   3.350035e+06 |   2.032823e+08 |
|   9.684000e+00 |   3.026250e-05 |   3.626049e+06 |   2.050792e+08 |
|   1.068400e+01 |   3.338750e-05 |   3.747094e+06 |   2.081397e+08 |
|   1.168400e+01 |   3.651250e-05 |   3.766184e+06 |   2.111167e+08 |
|   1.268400e+01 |   3.963750e-05 |   3.782181e+06 |   2.138151e+08 |
|   1.368400e+01 |   4.276250e-05 |   3.796301e+06 |   2.163760e+08 |
|   1.468400e+01 |   4.588750e-05 |   3.808093e+06 |   2.185900e+08 |
|   1.568400e+01 |   4.901250e-05 |   3.818661e+06 |   2.206042e+08 |
|   1.668400e+01 |   5.213750e-05 |   3.828550e+06 |   2.225213e+08 |
|   1.768400e+01 |   5.526250e-05 |   3.837772e+06 |   2.243529e+08 |
|   1.868400e+01 |   5.838750e-05 |   3.846538e+06 |   2.261340e+08 |
|   1.968400e+01 |   6.151250e-05 |   3.854966e+06 |   2.278806e+08 |
|   2.068400e+01 |   6.463750e-05 |   3.863124e+06 |   2.296038e+08 |
+----------------+----------------+----------------+----------------+


Time Step 23, time = 21.684, dt = 1
  Applying predictor with scale factor = 1
 0 Nonlinear |R| = [32m4.313829e+03[39m
      0 Linear |R| = [32m4.313829e+03[39m
      1 Linear |R| = [32m1.486504e-10[39m
 1 Nonlinear |R| = [32m6.260230e+02[39m
      0 Linear |R| = [32m6.260230e+02[39m
      1 Linear |R| = [32m1.812046e-11[39m
 2 Nonlinear |R| = [32m3.938970e+00[39m
      0 Linear |R| = [32m3.938970e+00[39m
      1 Linear |R| = [32m1.178254e-13[39m
 3 Nonlinear |R| = [32m1.137200e-03[39m
  Nonlinear solve converged due to CONVERGED_FNORM_ABS iterations 3
[32m Solve Converged![39m

Outlier Variable Residual Norms:
  stress_xx: [33m6.777616e-04[39m
  stress_zz: [33m5.942556e-04[39m
  stress_xy: [33m4.305901e-04[39m

Postprocessor Values:
+----------------+----------------+----------------+----------------+
| time           | disp_y_max     | react_y_top    | stress_vm_max  |
+----------------+----------------+----------------+----------------+
:                :                :                :                :
|   7.684000e+00 |   2.401250e-05 |   3.011574e+06 |   2.036570e+08 |
|   8.684000e+00 |   2.713750e-05 |   3.350035e+06 |   2.032823e+08 |
|   9.684000e+00 |   3.026250e-05 |   3.626049e+06 |   2.050792e+08 |
|   1.068400e+01 |   3.338750e-05 |   3.747094e+06 |   2.081397e+08 |
|   1.168400e+01 |   3.651250e-05 |   3.766184e+06 |   2.111167e+08 |
|   1.268400e+01 |   3.963750e-05 |   3.782181e+06 |   2.138151e+08 |
|   1.368400e+01 |   4.276250e-05 |   3.796301e+06 |   2.163760e+08 |
|   1.468400e+01 |   4.588750e-05 |   3.808093e+06 |   2.185900e+08 |
|   1.568400e+01 |   4.901250e-05 |   3.818661e+06 |   2.206042e+08 |
|   1.668400e+01 |   5.213750e-05 |   3.828550e+06 |   2.225213e+08 |
|   1.768400e+01 |   5.526250e-05 |   3.837772e+06 |   2.243529e+08 |
|   1.868400e+01 |   5.838750e-05 |   3.846538e+06 |   2.261340e+08 |
|   1.968400e+01 |   6.151250e-05 |   3.854966e+06 |   2.278806e+08 |
|   2.068400e+01 |   6.463750e-05 |   3.863124e+06 |   2.296038e+08 |
|   2.168400e+01 |   6.776250e-05 |   3.870932e+06 |   2.312857e+08 |
+----------------+----------------+----------------+----------------+


Time Step 24, time = 22.684, dt = 1
  Applying predictor with scale factor = 1
 0 Nonlinear |R| = [32m3.503147e+03[39m
      0 Linear |R| = [32m3.503147e+03[39m
      1 Linear |R| = [32m1.029613e-10[39m
 1 Nonlinear |R| = [32m4.893227e+02[39m
      0 Linear |R| = [32m4.893227e+02[39m
      1 Linear |R| = [32m5.513633e-12[39m
 2 Nonlinear |R| = [32m2.081307e+01[39m
      0 Linear |R| = [32m2.081307e+01[39m
      1 Linear |R| = [32m3.178891e-13[39m
 3 Nonlinear |R| = [32m1.394278e-02[39m
      0 Linear |R| = [32m1.394278e-02[39m
      1 Linear |R| = [32m5.508822e-17[39m
 4 Nonlinear |R| = [32m2.274388e-06[39m
  Nonlinear solve converged due to CONVERGED_FNORM_ABS iterations 4
[32m Solve Converged![39m

Outlier Variable Residual Norms:
  disp_x: [33m1.205885e-06[39m
  disp_y: [33m1.886183e-06[39m

Postprocessor Values:
+----------------+----------------+----------------+----------------+
| time           | disp_y_max     | react_y_top    | stress_vm_max  |
+----------------+----------------+----------------+----------------+
:                :                :                :                :
|   8.684000e+00 |   2.713750e-05 |   3.350035e+06 |   2.032823e+08 |
|   9.684000e+00 |   3.026250e-05 |   3.626049e+06 |   2.050792e+08 |
|   1.068400e+01 |   3.338750e-05 |   3.747094e+06 |   2.081397e+08 |
|   1.168400e+01 |   3.651250e-05 |   3.766184e+06 |   2.111167e+08 |
|   1.268400e+01 |   3.963750e-05 |   3.782181e+06 |   2.138151e+08 |
|   1.368400e+01 |   4.276250e-05 |   3.796301e+06 |   2.163760e+08 |
|   1.468400e+01 |   4.588750e-05 |   3.808093e+06 |   2.185900e+08 |
|   1.568400e+01 |   4.901250e-05 |   3.818661e+06 |   2.206042e+08 |
|   1.668400e+01 |   5.213750e-05 |   3.828550e+06 |   2.225213e+08 |
|   1.768400e+01 |   5.526250e-05 |   3.837772e+06 |   2.243529e+08 |
|   1.868400e+01 |   5.838750e-05 |   3.846538e+06 |   2.261340e+08 |
|   1.968400e+01 |   6.151250e-05 |   3.854966e+06 |   2.278806e+08 |
|   2.068400e+01 |   6.463750e-05 |   3.863124e+06 |   2.296038e+08 |
|   2.168400e+01 |   6.776250e-05 |   3.870932e+06 |   2.312857e+08 |
|   2.268400e+01 |   7.088750e-05 |   3.878449e+06 |   2.329313e+08 |
+----------------+----------------+----------------+----------------+


Time Step 25, time = 23.684, dt = 1
  Applying predictor with scale factor = 1
 0 Nonlinear |R| = [32m3.900940e+03[39m
      0 Linear |R| = [32m3.900940e+03[39m
      1 Linear |R| = [32m1.921863e-10[39m
 1 Nonlinear |R| = [32m4.628004e+02[39m
      0 Linear |R| = [32m4.628004e+02[39m
      1 Linear |R| = [32m5.787791e-12[39m
 2 Nonlinear |R| = [32m1.011973e+01[39m
      0 Linear |R| = [32m1.011973e+01[39m
      1 Linear |R| = [32m1.209158e-13[39m
 3 Nonlinear |R| = [32m5.217179e-03[39m
      0 Linear |R| = [32m5.217179e-03[39m
      1 Linear |R| = [32m3.721478e-17[39m
 4 Nonlinear |R| = [32m2.126082e-06[39m
  Nonlinear solve converged due to CONVERGED_FNORM_ABS iterations 4
[32m Solve Converged![39m

Outlier Variable Residual Norms:
  disp_x: [33m1.084561e-06[39m
  disp_y: [33m1.827243e-06[39m

Postprocessor Values:
+----------------+----------------+----------------+----------------+
| time           | disp_y_max     | react_y_top    | stress_vm_max  |
+----------------+----------------+----------------+----------------+
:                :                :                :                :
|   9.684000e+00 |   3.026250e-05 |   3.626049e+06 |   2.050792e+08 |
|   1.068400e+01 |   3.338750e-05 |   3.747094e+06 |   2.081397e+08 |
|   1.168400e+01 |   3.651250e-05 |   3.766184e+06 |   2.111167e+08 |
|   1.268400e+01 |   3.963750e-05 |   3.782181e+06 |   2.138151e+08 |
|   1.368400e+01 |   4.276250e-05 |   3.796301e+06 |   2.163760e+08 |
|   1.468400e+01 |   4.588750e-05 |   3.808093e+06 |   2.185900e+08 |
|   1.568400e+01 |   4.901250e-05 |   3.818661e+06 |   2.206042e+08 |
|   1.668400e+01 |   5.213750e-05 |   3.828550e+06 |   2.225213e+08 |
|   1.768400e+01 |   5.526250e-05 |   3.837772e+06 |   2.243529e+08 |
|   1.868400e+01 |   5.838750e-05 |   3.846538e+06 |   2.261340e+08 |
|   1.968400e+01 |   6.151250e-05 |   3.854966e+06 |   2.278806e+08 |
|   2.068400e+01 |   6.463750e-05 |   3.863124e+06 |   2.296038e+08 |
|   2.168400e+01 |   6.776250e-05 |   3.870932e+06 |   2.312857e+08 |
|   2.268400e+01 |   7.088750e-05 |   3.878449e+06 |   2.329313e+08 |
|   2.368400e+01 |   7.401250e-05 |   3.885550e+06 |   2.345310e+08 |
+----------------+----------------+----------------+----------------+


Time Step 26, time = 24.684, dt = 1
  Applying predictor with scale factor = 1
 0 Nonlinear |R| = [32m2.934909e+03[39m
      0 Linear |R| = [32m2.934909e+03[39m
      1 Linear |R| = [32m9.960645e-11[39m
 1 Nonlinear |R| = [32m5.913005e+02[39m
      0 Linear |R| = [32m5.913005e+02[39m
      1 Linear |R| = [32m8.618661e-12[39m
 2 Nonlinear |R| = [32m9.021236e+01[39m
      0 Linear |R| = [32m9.021236e+01[39m
      1 Linear |R| = [32m1.066572e-12[39m
 3 Nonlinear |R| = [32m3.659563e-02[39m
      0 Linear |R| = [32m3.659563e-02[39m
      1 Linear |R| = [32m6.560598e-16[39m
 4 Nonlinear |R| = [32m8.069720e-06[39m
  Nonlinear solve converged due to CONVERGED_FNORM_ABS iterations 4
[32m Solve Converged![39m

Outlier Variable Residual Norms:
  stress_xx: [33m4.586718e-06[39m
  stress_zz: [33m4.196352e-06[39m

Postprocessor Values:
+----------------+----------------+----------------+----------------+
| time           | disp_y_max     | react_y_top    | stress_vm_max  |
+----------------+----------------+----------------+----------------+
:                :                :                :                :
|   1.068400e+01 |   3.338750e-05 |   3.747094e+06 |   2.081397e+08 |
|   1.168400e+01 |   3.651250e-05 |   3.766184e+06 |   2.111167e+08 |
|   1.268400e+01 |   3.963750e-05 |   3.782181e+06 |   2.138151e+08 |
|   1.368400e+01 |   4.276250e-05 |   3.796301e+06 |   2.163760e+08 |
|   1.468400e+01 |   4.588750e-05 |   3.808093e+06 |   2.185900e+08 |
|   1.568400e+01 |   4.901250e-05 |   3.818661e+06 |   2.206042e+08 |
|   1.668400e+01 |   5.213750e-05 |   3.828550e+06 |   2.225213e+08 |
|   1.768400e+01 |   5.526250e-05 |   3.837772e+06 |   2.243529e+08 |
|   1.868400e+01 |   5.838750e-05 |   3.846538e+06 |   2.261340e+08 |
|   1.968400e+01 |   6.151250e-05 |   3.854966e+06 |   2.278806e+08 |
|   2.068400e+01 |   6.463750e-05 |   3.863124e+06 |   2.296038e+08 |
|   2.168400e+01 |   6.776250e-05 |   3.870932e+06 |   2.312857e+08 |
|   2.268400e+01 |   7.088750e-05 |   3.878449e+06 |   2.329313e+08 |
|   2.368400e+01 |   7.401250e-05 |   3.885550e+06 |   2.345310e+08 |
|   2.468400e+01 |   7.713750e-05 |   3.892409e+06 |   2.360924e+08 |
+----------------+----------------+----------------+----------------+


Time Step 27, time = 25.684, dt = 1
  Applying predictor with scale factor = 1
 0 Nonlinear |R| = [32m3.076085e+03[39m
      0 Linear |R| = [32m3.076085e+03[39m
      1 Linear |R| = [32m8.375513e-11[39m
 1 Nonlinear |R| = [32m4.616068e+02[39m
      0 Linear |R| = [32m4.616068e+02[39m
      1 Linear |R| = [32m9.573583e-12[39m
 2 Nonlinear |R| = [32m5.504733e+01[39m
      0 Linear |R| = [32m5.504733e+01[39m
      1 Linear |R| = [32m5.196182e-13[39m
 3 Nonlinear |R| = [32m2.156073e-02[39m
      0 Linear |R| = [32m2.156073e-02[39m
      1 Linear |R| = [32m2.432244e-16[39m
 4 Nonlinear |R| = [32m2.932886e-06[39m
  Nonlinear solve converged due to CONVERGED_FNORM_ABS iterations 4
[32m Solve Converged![39m

Outlier Variable Residual Norms:
  stress_xx: [33m1.065041e-06[39m
  disp_x: [33m1.267081e-06[39m
  disp_y: [33m1.970615e-06[39m

Postprocessor Values:
+----------------+----------------+----------------+----------------+
| time           | disp_y_max     | react_y_top    | stress_vm_max  |
+----------------+----------------+----------------+----------------+
:                :                :                :                :
|   1.168400e+01 |   3.651250e-05 |   3.766184e+06 |   2.111167e+08 |
|   1.268400e+01 |   3.963750e-05 |   3.782181e+06 |   2.138151e+08 |
|   1.368400e+01 |   4.276250e-05 |   3.796301e+06 |   2.163760e+08 |
|   1.468400e+01 |   4.588750e-05 |   3.808093e+06 |   2.185900e+08 |
|   1.568400e+01 |   4.901250e-05 |   3.818661e+06 |   2.206042e+08 |
|   1.668400e+01 |   5.213750e-05 |   3.828550e+06 |   2.225213e+08 |
|   1.768400e+01 |   5.526250e-05 |   3.837772e+06 |   2.243529e+08 |
|   1.868400e+01 |   5.838750e-05 |   3.846538e+06 |   2.261340e+08 |
|   1.968400e+01 |   6.151250e-05 |   3.854966e+06 |   2.278806e+08 |
|   2.068400e+01 |   6.463750e-05 |   3.863124e+06 |   2.296038e+08 |
|   2.168400e+01 |   6.776250e-05 |   3.870932e+06 |   2.312857e+08 |
|   2.268400e+01 |   7.088750e-05 |   3.878449e+06 |   2.329313e+08 |
|   2.368400e+01 |   7.401250e-05 |   3.885550e+06 |   2.345310e+08 |
|   2.468400e+01 |   7.713750e-05 |   3.892409e+06 |   2.360924e+08 |
|   2.568400e+01 |   8.026250e-05 |   3.899096e+06 |   2.375965e+08 |
+----------------+----------------+----------------+----------------+


Time Step 28, time = 26.684, dt = 1
  Applying predictor with scale factor = 1
 0 Nonlinear |R| = [32m3.340799e+03[39m
      0 Linear |R| = [32m3.340799e+03[39m
      1 Linear |R| = [32m1.061818e-10[39m
 1 Nonlinear |R| = [32m6.984317e+01[39m
      0 Linear |R| = [32m6.984317e+01[39m
      1 Linear |R| = [32m8.883899e-13[39m
 2 Nonlinear |R| = [32m1.926173e+00[39m
      0 Linear |R| = [32m1.926173e+00[39m
      1 Linear |R| = [32m5.242319e-15[39m
 3 Nonlinear |R| = [32m2.943319e-04[39m
  Nonlinear solve converged due to CONVERGED_FNORM_ABS iterations 3
[32m Solve Converged![39m

Outlier Variable Residual Norms:
  vonmises_stress: [33m1.920673e-04[39m
  stress_xx: [33m1.237322e-04[39m
  stress_yy: [33m1.538459e-04[39m

Postprocessor Values:
+----------------+----------------+----------------+----------------+
| time           | disp_y_max     | react_y_top    | stress_vm_max  |
+----------------+----------------+----------------+----------------+
:                :                :                :                :
|   1.268400e+01 |   3.963750e-05 |   3.782181e+06 |   2.138151e+08 |
|   1.368400e+01 |   4.276250e-05 |   3.796301e+06 |   2.163760e+08 |
|   1.468400e+01 |   4.588750e-05 |   3.808093e+06 |   2.185900e+08 |
|   1.568400e+01 |   4.901250e-05 |   3.818661e+06 |   2.206042e+08 |
|   1.668400e+01 |   5.213750e-05 |   3.828550e+06 |   2.225213e+08 |
|   1.768400e+01 |   5.526250e-05 |   3.837772e+06 |   2.243529e+08 |
|   1.868400e+01 |   5.838750e-05 |   3.846538e+06 |   2.261340e+08 |
|   1.968400e+01 |   6.151250e-05 |   3.854966e+06 |   2.278806e+08 |
|   2.068400e+01 |   6.463750e-05 |   3.863124e+06 |   2.296038e+08 |
|   2.168400e+01 |   6.776250e-05 |   3.870932e+06 |   2.312857e+08 |
|   2.268400e+01 |   7.088750e-05 |   3.878449e+06 |   2.329313e+08 |
|   2.368400e+01 |   7.401250e-05 |   3.885550e+06 |   2.345310e+08 |
|   2.468400e+01 |   7.713750e-05 |   3.892409e+06 |   2.360924e+08 |
|   2.568400e+01 |   8.026250e-05 |   3.899096e+06 |   2.375965e+08 |
|   2.668400e+01 |   8.338750e-05 |   3.905594e+06 |   2.390583e+08 |
+----------------+----------------+----------------+----------------+


Time Step 29, time = 27.684, dt = 1
  Applying predictor with scale factor = 1
 0 Nonlinear |R| = [32m2.838735e+03[39m
      0 Linear |R| = [32m2.838735e+03[39m
      1 Linear |R| = [32m8.132436e-11[39m
 1 Nonlinear |R| = [32m1.513339e+02[39m
      0 Linear |R| = [32m1.513339e+02[39m
      1 Linear |R| = [32m1.241912e-12[39m
 2 Nonlinear |R| = [32m8.230899e-02[39m
      0 Linear |R| = [32m8.230899e-02[39m
      1 Linear |R| = [32m6.688146e-16[39m
 3 Nonlinear |R| = [32m2.509880e-05[39m
  Nonlinear solve converged due to CONVERGED_FNORM_ABS iterations 3
[32m Solve Converged![39m

Outlier Variable Residual Norms:
  stress_xx: [33m1.710217e-05[39m
  stress_zz: [33m1.542142e-05[39m

Postprocessor Values:
+----------------+----------------+----------------+----------------+
| time           | disp_y_max     | react_y_top    | stress_vm_max  |
+----------------+----------------+----------------+----------------+
:                :                :                :                :
|   1.368400e+01 |   4.276250e-05 |   3.796301e+06 |   2.163760e+08 |
|   1.468400e+01 |   4.588750e-05 |   3.808093e+06 |   2.185900e+08 |
|   1.568400e+01 |   4.901250e-05 |   3.818661e+06 |   2.206042e+08 |
|   1.668400e+01 |   5.213750e-05 |   3.828550e+06 |   2.225213e+08 |
|   1.768400e+01 |   5.526250e-05 |   3.837772e+06 |   2.243529e+08 |
|   1.868400e+01 |   5.838750e-05 |   3.846538e+06 |   2.261340e+08 |
|   1.968400e+01 |   6.151250e-05 |   3.854966e+06 |   2.278806e+08 |
|   2.068400e+01 |   6.463750e-05 |   3.863124e+06 |   2.296038e+08 |
|   2.168400e+01 |   6.776250e-05 |   3.870932e+06 |   2.312857e+08 |
|   2.268400e+01 |   7.088750e-05 |   3.878449e+06 |   2.329313e+08 |
|   2.368400e+01 |   7.401250e-05 |   3.885550e+06 |   2.345310e+08 |
|   2.468400e+01 |   7.713750e-05 |   3.892409e+06 |   2.360924e+08 |
|   2.568400e+01 |   8.026250e-05 |   3.899096e+06 |   2.375965e+08 |
|   2.668400e+01 |   8.338750e-05 |   3.905594e+06 |   2.390583e+08 |
|   2.768400e+01 |   8.651250e-05 |   3.911931e+06 |   2.404828e+08 |
+----------------+----------------+----------------+----------------+


Time Step 30, time = 28.684, dt = 1
  Applying predictor with scale factor = 1
 0 Nonlinear |R| = [32m3.532644e+03[39m
      0 Linear |R| = [32m3.532644e+03[39m
      1 Linear |R| = [32m1.651737e-10[39m
 1 Nonlinear |R| = [32m4.156840e+02[39m
      0 Linear |R| = [32m4.156840e+02[39m
      1 Linear |R| = [32m6.465224e-12[39m
 2 Nonlinear |R| = [32m7.717026e-01[39m
      0 Linear |R| = [32m7.717026e-01[39m
      1 Linear |R| = [32m1.458601e-14[39m
 3 Nonlinear |R| = [32m3.097059e-04[39m
  Nonlinear solve converged due to CONVERGED_FNORM_ABS iterations 3
[32m Solve Converged![39m

Outlier Variable Residual Norms:
  stress_xx: [33m1.966615e-04[39m
  stress_zz: [33m1.931934e-04[39m

Postprocessor Values:
+----------------+----------------+----------------+----------------+
| time           | disp_y_max     | react_y_top    | stress_vm_max  |
+----------------+----------------+----------------+----------------+
:                :                :                :                :
|   1.468400e+01 |   4.588750e-05 |   3.808093e+06 |   2.185900e+08 |
|   1.568400e+01 |   4.901250e-05 |   3.818661e+06 |   2.206042e+08 |
|   1.668400e+01 |   5.213750e-05 |   3.828550e+06 |   2.225213e+08 |
|   1.768400e+01 |   5.526250e-05 |   3.837772e+06 |   2.243529e+08 |
|   1.868400e+01 |   5.838750e-05 |   3.846538e+06 |   2.261340e+08 |
|   1.968400e+01 |   6.151250e-05 |   3.854966e+06 |   2.278806e+08 |
|   2.068400e+01 |   6.463750e-05 |   3.863124e+06 |   2.296038e+08 |
|   2.168400e+01 |   6.776250e-05 |   3.870932e+06 |   2.312857e+08 |
|   2.268400e+01 |   7.088750e-05 |   3.878449e+06 |   2.329313e+08 |
|   2.368400e+01 |   7.401250e-05 |   3.885550e+06 |   2.345310e+08 |
|   2.468400e+01 |   7.713750e-05 |   3.892409e+06 |   2.360924e+08 |
|   2.568400e+01 |   8.026250e-05 |   3.899096e+06 |   2.375965e+08 |
|   2.668400e+01 |   8.338750e-05 |   3.905594e+06 |   2.390583e+08 |
|   2.768400e+01 |   8.651250e-05 |   3.911931e+06 |   2.404828e+08 |
|   2.868400e+01 |   8.963750e-05 |   3.918034e+06 |   2.418182e+08 |
+----------------+----------------+----------------+----------------+


Time Step 31, time = 29.684, dt = 1
  Applying predictor with scale factor = 1
 0 Nonlinear |R| = [32m2.631531e+03[39m
      0 Linear |R| = [32m2.631531e+03[39m
      1 Linear |R| = [32m8.966730e-11[39m
 1 Nonlinear |R| = [32m6.737524e+01[39m
      0 Linear |R| = [32m6.737524e+01[39m
      1 Linear |R| = [32m1.052842e-12[39m
 2 Nonlinear |R| = [32m3.823545e-02[39m
      0 Linear |R| = [32m3.823545e-02[39m
      1 Linear |R| = [32m3.311396e-16[39m
 3 Nonlinear |R| = [32m3.098159e-06[39m
  Nonlinear solve converged due to CONVERGED_FNORM_ABS iterations 3
[32m Solve Converged![39m

Outlier Variable Residual Norms:
  stress_xx: [33m1.169065e-06[39m
  disp_x: [33m1.322297e-06[39m
  disp_y: [33m2.032002e-06[39m

Postprocessor Values:
+----------------+----------------+----------------+----------------+
| time           | disp_y_max     | react_y_top    | stress_vm_max  |
+----------------+----------------+----------------+----------------+
:                :                :                :                :
|   1.568400e+01 |   4.901250e-05 |   3.818661e+06 |   2.206042e+08 |
|   1.668400e+01 |   5.213750e-05 |   3.828550e+06 |   2.225213e+08 |
|   1.768400e+01 |   5.526250e-05 |   3.837772e+06 |   2.243529e+08 |
|   1.868400e+01 |   5.838750e-05 |   3.846538e+06 |   2.261340e+08 |
|   1.968400e+01 |   6.151250e-05 |   3.854966e+06 |   2.278806e+08 |
|   2.068400e+01 |   6.463750e-05 |   3.863124e+06 |   2.296038e+08 |
|   2.168400e+01 |   6.776250e-05 |   3.870932e+06 |   2.312857e+08 |
|   2.268400e+01 |   7.088750e-05 |   3.878449e+06 |   2.329313e+08 |
|   2.368400e+01 |   7.401250e-05 |   3.885550e+06 |   2.345310e+08 |
|   2.468400e+01 |   7.713750e-05 |   3.892409e+06 |   2.360924e+08 |
|   2.568400e+01 |   8.026250e-05 |   3.899096e+06 |   2.375965e+08 |
|   2.668400e+01 |   8.338750e-05 |   3.905594e+06 |   2.390583e+08 |
|   2.768400e+01 |   8.651250e-05 |   3.911931e+06 |   2.404828e+08 |
|   2.868400e+01 |   8.963750e-05 |   3.918034e+06 |   2.418182e+08 |
|   2.968400e+01 |   9.276250e-05 |   3.923974e+06 |   2.431168e+08 |
+----------------+----------------+----------------+----------------+


Time Step 32, time = 30.684, dt = 1
  Applying predictor with scale factor = 1
 0 Nonlinear |R| = [32m2.683640e+03[39m
      0 Linear |R| = [32m2.683640e+03[39m
      1 Linear |R| = [32m8.395527e-11[39m
 1 Nonlinear |R| = [32m1.947746e+01[39m
      0 Linear |R| = [32m1.947746e+01[39m
      1 Linear |R| = [32m6.050038e-13[39m
 2 Nonlinear |R| = [32m8.144679e-03[39m
      0 Linear |R| = [32m8.144679e-03[39m
      1 Linear |R| = [32m1.823154e-16[39m
 3 Nonlinear |R| = [32m2.646123e-06[39m
  Nonlinear solve converged due to CONVERGED_FNORM_ABS iterations 3
[32m Solve Converged![39m

Outlier Variable Residual Norms:
  disp_x: [33m1.292909e-06[39m
  disp_y: [33m1.994411e-06[39m

Postprocessor Values:
+----------------+----------------+----------------+----------------+
| time           | disp_y_max     | react_y_top    | stress_vm_max  |
+----------------+----------------+----------------+----------------+
:                :                :                :                :
|   1.668400e+01 |   5.213750e-05 |   3.828550e+06 |   2.225213e+08 |
|   1.768400e+01 |   5.526250e-05 |   3.837772e+06 |   2.243529e+08 |
|   1.868400e+01 |   5.838750e-05 |   3.846538e+06 |   2.261340e+08 |
|   1.968400e+01 |   6.151250e-05 |   3.854966e+06 |   2.278806e+08 |
|   2.068400e+01 |   6.463750e-05 |   3.863124e+06 |   2.296038e+08 |
|   2.168400e+01 |   6.776250e-05 |   3.870932e+06 |   2.312857e+08 |
|   2.268400e+01 |   7.088750e-05 |   3.878449e+06 |   2.329313e+08 |
|   2.368400e+01 |   7.401250e-05 |   3.885550e+06 |   2.345310e+08 |
|   2.468400e+01 |   7.713750e-05 |   3.892409e+06 |   2.360924e+08 |
|   2.568400e+01 |   8.026250e-05 |   3.899096e+06 |   2.375965e+08 |
|   2.668400e+01 |   8.338750e-05 |   3.905594e+06 |   2.390583e+08 |
|   2.768400e+01 |   8.651250e-05 |   3.911931e+06 |   2.404828e+08 |
|   2.868400e+01 |   8.963750e-05 |   3.918034e+06 |   2.418182e+08 |
|   2.968400e+01 |   9.276250e-05 |   3.923974e+06 |   2.431168e+08 |
|   3.068400e+01 |   9.588750e-05 |   3.929775e+06 |   2.443825e+08 |
+----------------+----------------+----------------+----------------+


Time Step 33, time = 31.684, dt = 1
  Applying predictor with scale factor = 1
 0 Nonlinear |R| = [32m1.935965e+03[39m
      0 Linear |R| = [32m1.935965e+03[39m
      1 Linear |R| = [32m7.138962e-11[39m
 1 Nonlinear |R| = [32m1.500257e+01[39m
      0 Linear |R| = [32m1.500257e+01[39m
      1 Linear |R| = [32m5.236909e-13[39m
 2 Nonlinear |R| = [32m5.363153e-03[39m
      0 Linear |R| = [32m5.363153e-03[39m
      1 Linear |R| = [32m1.107309e-16[39m
 3 Nonlinear |R| = [32m2.589404e-06[39m
  Nonlinear solve converged due to CONVERGED_FNORM_ABS iterations 3
[32m Solve Converged![39m

Outlier Variable Residual Norms:
  disp_x: [33m1.339158e-06[39m
  disp_y: [33m2.106145e-06[39m

Postprocessor Values:
+----------------+----------------+----------------+----------------+
| time           | disp_y_max     | react_y_top    | stress_vm_max  |
+----------------+----------------+----------------+----------------+
:                :                :                :                :
|   1.768400e+01 |   5.526250e-05 |   3.837772e+06 |   2.243529e+08 |
|   1.868400e+01 |   5.838750e-05 |   3.846538e+06 |   2.261340e+08 |
|   1.968400e+01 |   6.151250e-05 |   3.854966e+06 |   2.278806e+08 |
|   2.068400e+01 |   6.463750e-05 |   3.863124e+06 |   2.296038e+08 |
|   2.168400e+01 |   6.776250e-05 |   3.870932e+06 |   2.312857e+08 |
|   2.268400e+01 |   7.088750e-05 |   3.878449e+06 |   2.329313e+08 |
|   2.368400e+01 |   7.401250e-05 |   3.885550e+06 |   2.345310e+08 |
|   2.468400e+01 |   7.713750e-05 |   3.892409e+06 |   2.360924e+08 |
|   2.568400e+01 |   8.026250e-05 |   3.899096e+06 |   2.375965e+08 |
|   2.668400e+01 |   8.338750e-05 |   3.905594e+06 |   2.390583e+08 |
|   2.768400e+01 |   8.651250e-05 |   3.911931e+06 |   2.404828e+08 |
|   2.868400e+01 |   8.963750e-05 |   3.918034e+06 |   2.418182e+08 |
|   2.968400e+01 |   9.276250e-05 |   3.923974e+06 |   2.431168e+08 |
|   3.068400e+01 |   9.588750e-05 |   3.929775e+06 |   2.443825e+08 |
|   3.168400e+01 |   9.901250e-05 |   3.935490e+06 |   2.456272e+08 |
+----------------+----------------+----------------+----------------+


Time Step 34, time = 32, dt = 0.316
  Applying predictor with scale factor = 1
 0 Nonlinear |R| = [32m3.827166e+02[39m
      0 Linear |R| = [32m3.827166e+02[39m
      1 Linear |R| = [32m1.200043e-11[39m
 1 Nonlinear |R| = [32m3.129075e-01[39m
      0 Linear |R| = [32m3.129075e-01[39m
      1 Linear |R| = [32m7.912984e-15[39m
 2 Nonlinear |R| = [32m6.409257e-05[39m
  Nonlinear solve converged due to CONVERGED_FNORM_ABS iterations 2
[32m Solve Converged![39m

Outlier Variable Residual Norms:
  stress_xx: [33m3.595317e-05[39m
  stress_yy: [33m2.460092e-05[39m
  stress_zz: [33m2.880832e-05[39m
  stress_xy: [33m3.128956e-05[39m

Postprocessor Values:
+----------------+----------------+----------------+----------------+
| time           | disp_y_max     | react_y_top    | stress_vm_max  |
+----------------+----------------+----------------+----------------+
:                :                :                :                :
|   1.868400e+01 |   5.838750e-05 |   3.846538e+06 |   2.261340e+08 |
|   1.968400e+01 |   6.151250e-05 |   3.854966e+06 |   2.278806e+08 |
|   2.068400e+01 |   6.463750e-05 |   3.863124e+06 |   2.296038e+08 |
|   2.168400e+01 |   6.776250e-05 |   3.870932e+06 |   2.312857e+08 |
|   2.268400e+01 |   7.088750e-05 |   3.878449e+06 |   2.329313e+08 |
|   2.368400e+01 |   7.401250e-05 |   3.885550e+06 |   2.345310e+08 |
|   2.468400e+01 |   7.713750e-05 |   3.892409e+06 |   2.360924e+08 |
|   2.568400e+01 |   8.026250e-05 |   3.899096e+06 |   2.375965e+08 |
|   2.668400e+01 |   8.338750e-05 |   3.905594e+06 |   2.390583e+08 |
|   2.768400e+01 |   8.651250e-05 |   3.911931e+06 |   2.404828e+08 |
|   2.868400e+01 |   8.963750e-05 |   3.918034e+06 |   2.418182e+08 |
|   2.968400e+01 |   9.276250e-05 |   3.923974e+06 |   2.431168e+08 |
|   3.068400e+01 |   9.588750e-05 |   3.929775e+06 |   2.443825e+08 |
|   3.168400e+01 |   9.901250e-05 |   3.935490e+06 |   2.456272e+08 |
|   3.200000e+01 |   1.000000e-04 |   3.937283e+06 |   2.460180e+08 |
+----------------+----------------+----------------+----------------+

Finished Executing                                                                       [[33m189.35 s[39m] [[33m  328 MB[39m]
