Framework Information:
MOOSE Version:           git commit b85414d92b on 2025-11-25
LibMesh Version:         910736a3a20aded528c3ba99371ce65980dc8e2c
PETSc Version:           3.24.0
SLEPc Version:           3.24.0
Current Time:            Wed Jul  8 20:49:02 2026
Executable Timestamp:    Wed Nov 26 18:13:58 2025

Input File(s):
  /home/lloydf/vfmverif/data/platehole3d_elas_het.i

Command Line Argument(s):
  --n-threads=2

Checkpoint:
  Wall Time Interval:      Every 3600 s
  User Checkpoint:         Disabled
  # Checkpoints Kept:      2
  Execute On:              TIMESTEP_END 

Parallelism:
  Num Processors:          2
  Num Threads:             2

Mesh: 
  Parallel Type:           replicated
  Mesh Dimension:          3
  Spatial Dimension:       3
  Nodes:                   
    Total:                 4032
    Local:                 2085
    Min/Max/Avg:           1947/2085/2016
  Elems:                   
    Total:                 672
    Local:                 336
    Min/Max/Avg:           336/336/336
  Num Subdomains:          1
  Num Partitions:          2
  Partitioner:             metis

Nonlinear System:
  Num DOFs:                12096
  Num Local DOFs:          6255
  Variables:               { "disp_x" "disp_y" "disp_z" } 
  Finite Element Types:    "LAGRANGE" 
  Approximation Orders:    "SECOND" 

Auxiliary System:
  Num DOFs:                9408
  Num Local DOFs:          4704
  Variables:               { "vonmises_stress" "strain_xx" "strain_yy" "strain_zz" "strain_xy" ... "stress_zz" 
                             "stress_xy" "stress_yz" "stress_xz" "youngs_modulus_out" } 
  Finite Element Types:    "MONOMIAL" 
  Approximation Orders:    "CONSTANT" 

Execution Information:
  Executioner:             Transient
  TimeStepper:             IterationAdaptiveDT
  TimeIntegrator(s):       ImplicitEuler
  Solver Mode:             NEWTON 
  PETSc Preconditioner:    lu 
  MOOSE Preconditioner:    SMP 

Time Step 0, time = 0

Postprocessor Values:
+----------------+----------------+----------------+
| time           | disp_y_max     | react_y_top    |
+----------------+----------------+----------------+
|   0.000000e+00 |   0.000000e+00 |   0.000000e+00 |
+----------------+----------------+----------------+


Time Step 1, time = 1, dt = 1
 Skipping predictor this step
 0 Nonlinear |R| = [32m1.521113e+04[39m
      0 Linear |R| = [32m1.521113e+04[39m
      1 Linear |R| = [32m5.759918e-11[39m
 1 Nonlinear |R| = [32m5.951903e-11[39m
  Nonlinear solve converged due to CONVERGED_FNORM_ABS iterations 1
[32m Solve Converged![39m

Outlier Variable Residual Norms:
  disp_y: [31m5.780990e-11[39m

Postprocessor Values:
+----------------+----------------+----------------+
| time           | disp_y_max     | react_y_top    |
+----------------+----------------+----------------+
|   0.000000e+00 |   0.000000e+00 |   0.000000e+00 |
|   1.000000e+00 |   3.125000e-03 |   4.327672e+02 |
+----------------+----------------+----------------+


Time Step 2, time = 2, dt = 1
  Applying predictor with scale factor = 1
 0 Nonlinear |R| = [32m1.190381e-10[39m
  Nonlinear solve converged due to CONVERGED_FNORM_ABS iterations 0
[32m Solve Converged![39m

Outlier Variable Residual Norms:
  disp_y: [31m1.156198e-10[39m

Postprocessor Values:
+----------------+----------------+----------------+
| time           | disp_y_max     | react_y_top    |
+----------------+----------------+----------------+
|   0.000000e+00 |   0.000000e+00 |   0.000000e+00 |
|   1.000000e+00 |   3.125000e-03 |   4.327672e+02 |
|   2.000000e+00 |   6.250000e-03 |   8.654914e+02 |
+----------------+----------------+----------------+


Time Step 3, time = 3, dt = 1
  Applying predictor with scale factor = 1
 0 Nonlinear |R| = [32m1.794619e-10[39m
  Nonlinear solve converged due to CONVERGED_FNORM_ABS iterations 0
[32m Solve Converged![39m

Outlier Variable Residual Norms:
  disp_y: [31m1.742731e-10[39m

Postprocessor Values:
+----------------+----------------+----------------+
| time           | disp_y_max     | react_y_top    |
+----------------+----------------+----------------+
|   0.000000e+00 |   0.000000e+00 |   0.000000e+00 |
|   1.000000e+00 |   3.125000e-03 |   4.327672e+02 |
|   2.000000e+00 |   6.250000e-03 |   8.654914e+02 |
|   3.000000e+00 |   9.375000e-03 |   1.298173e+03 |
+----------------+----------------+----------------+


Time Step 4, time = 4, dt = 1
  Applying predictor with scale factor = 1
 0 Nonlinear |R| = [32m2.435911e-10[39m
  Nonlinear solve converged due to CONVERGED_FNORM_ABS iterations 0
[32m Solve Converged![39m

Outlier Variable Residual Norms:
  disp_y: [31m2.363960e-10[39m

Postprocessor Values:
+----------------+----------------+----------------+
| time           | disp_y_max     | react_y_top    |
+----------------+----------------+----------------+
|   0.000000e+00 |   0.000000e+00 |   0.000000e+00 |
|   1.000000e+00 |   3.125000e-03 |   4.327672e+02 |
|   2.000000e+00 |   6.250000e-03 |   8.654914e+02 |
|   3.000000e+00 |   9.375000e-03 |   1.298173e+03 |
|   4.000000e+00 |   1.250000e-02 |   1.730811e+03 |
+----------------+----------------+----------------+


Time Step 5, time = 5, dt = 1
  Applying predictor with scale factor = 1
 0 Nonlinear |R| = [32m3.155485e-10[39m
  Nonlinear solve converged due to CONVERGED_FNORM_ABS iterations 0
[32m Solve Converged![39m

Outlier Variable Residual Norms:
  disp_y: [31m3.063418e-10[39m

Postprocessor Values:
+----------------+----------------+----------------+
| time           | disp_y_max     | react_y_top    |
+----------------+----------------+----------------+
|   0.000000e+00 |   0.000000e+00 |   0.000000e+00 |
|   1.000000e+00 |   3.125000e-03 |   4.327672e+02 |
|   2.000000e+00 |   6.250000e-03 |   8.654914e+02 |
|   3.000000e+00 |   9.375000e-03 |   1.298173e+03 |
|   4.000000e+00 |   1.250000e-02 |   1.730811e+03 |
|   5.000000e+00 |   1.562500e-02 |   2.163406e+03 |
+----------------+----------------+----------------+


Time Step 6, time = 6, dt = 1
  Applying predictor with scale factor = 1
 0 Nonlinear |R| = [32m3.854599e-10[39m
  Nonlinear solve converged due to CONVERGED_FNORM_ABS iterations 0
[32m Solve Converged![39m

Outlier Variable Residual Norms:
  disp_y: [31m3.741317e-10[39m

Postprocessor Values:
+----------------+----------------+----------------+
| time           | disp_y_max     | react_y_top    |
+----------------+----------------+----------------+
|   0.000000e+00 |   0.000000e+00 |   0.000000e+00 |
|   1.000000e+00 |   3.125000e-03 |   4.327672e+02 |
|   2.000000e+00 |   6.250000e-03 |   8.654914e+02 |
|   3.000000e+00 |   9.375000e-03 |   1.298173e+03 |
|   4.000000e+00 |   1.250000e-02 |   1.730811e+03 |
|   5.000000e+00 |   1.562500e-02 |   2.163406e+03 |
|   6.000000e+00 |   1.875000e-02 |   2.595958e+03 |
+----------------+----------------+----------------+


Time Step 7, time = 7, dt = 1
  Applying predictor with scale factor = 1
 0 Nonlinear |R| = [32m4.604665e-10[39m
  Nonlinear solve converged due to CONVERGED_FNORM_ABS iterations 0
[32m Solve Converged![39m

Outlier Variable Residual Norms:
  disp_y: [31m4.470111e-10[39m

Postprocessor Values:
+----------------+----------------+----------------+
| time           | disp_y_max     | react_y_top    |
+----------------+----------------+----------------+
|   0.000000e+00 |   0.000000e+00 |   0.000000e+00 |
|   1.000000e+00 |   3.125000e-03 |   4.327672e+02 |
|   2.000000e+00 |   6.250000e-03 |   8.654914e+02 |
|   3.000000e+00 |   9.375000e-03 |   1.298173e+03 |
|   4.000000e+00 |   1.250000e-02 |   1.730811e+03 |
|   5.000000e+00 |   1.562500e-02 |   2.163406e+03 |
|   6.000000e+00 |   1.875000e-02 |   2.595958e+03 |
|   7.000000e+00 |   2.187500e-02 |   3.028467e+03 |
+----------------+----------------+----------------+


Time Step 8, time = 8, dt = 1
  Applying predictor with scale factor = 1
 0 Nonlinear |R| = [32m5.382064e-10[39m
  Nonlinear solve converged due to CONVERGED_FNORM_ABS iterations 0
[32m Solve Converged![39m

Outlier Variable Residual Norms:
  disp_y: [31m5.226464e-10[39m

Postprocessor Values:
+----------------+----------------+----------------+
| time           | disp_y_max     | react_y_top    |
+----------------+----------------+----------------+
|   0.000000e+00 |   0.000000e+00 |   0.000000e+00 |
|   1.000000e+00 |   3.125000e-03 |   4.327672e+02 |
|   2.000000e+00 |   6.250000e-03 |   8.654914e+02 |
|   3.000000e+00 |   9.375000e-03 |   1.298173e+03 |
|   4.000000e+00 |   1.250000e-02 |   1.730811e+03 |
|   5.000000e+00 |   1.562500e-02 |   2.163406e+03 |
|   6.000000e+00 |   1.875000e-02 |   2.595958e+03 |
|   7.000000e+00 |   2.187500e-02 |   3.028467e+03 |
|   8.000000e+00 |   2.500000e-02 |   3.460933e+03 |
+----------------+----------------+----------------+


Time Step 9, time = 9, dt = 1
  Applying predictor with scale factor = 1
 0 Nonlinear |R| = [32m6.224836e-10[39m
  Nonlinear solve converged due to CONVERGED_FNORM_ABS iterations 0
[32m Solve Converged![39m

Outlier Variable Residual Norms:
  disp_y: [31m6.045653e-10[39m

Postprocessor Values:
+----------------+----------------+----------------+
| time           | disp_y_max     | react_y_top    |
+----------------+----------------+----------------+
|   0.000000e+00 |   0.000000e+00 |   0.000000e+00 |
|   1.000000e+00 |   3.125000e-03 |   4.327672e+02 |
|   2.000000e+00 |   6.250000e-03 |   8.654914e+02 |
|   3.000000e+00 |   9.375000e-03 |   1.298173e+03 |
|   4.000000e+00 |   1.250000e-02 |   1.730811e+03 |
|   5.000000e+00 |   1.562500e-02 |   2.163406e+03 |
|   6.000000e+00 |   1.875000e-02 |   2.595958e+03 |
|   7.000000e+00 |   2.187500e-02 |   3.028467e+03 |
|   8.000000e+00 |   2.500000e-02 |   3.460933e+03 |
|   9.000000e+00 |   2.812500e-02 |   3.893356e+03 |
+----------------+----------------+----------------+


Time Step 10, time = 10, dt = 1
  Applying predictor with scale factor = 1
 0 Nonlinear |R| = [32m7.071448e-10[39m
  Nonlinear solve converged due to CONVERGED_FNORM_ABS iterations 0
[32m Solve Converged![39m

Outlier Variable Residual Norms:
  disp_y: [31m6.868708e-10[39m

Postprocessor Values:
+----------------+----------------+----------------+
| time           | disp_y_max     | react_y_top    |
+----------------+----------------+----------------+
|   0.000000e+00 |   0.000000e+00 |   0.000000e+00 |
|   1.000000e+00 |   3.125000e-03 |   4.327672e+02 |
|   2.000000e+00 |   6.250000e-03 |   8.654914e+02 |
|   3.000000e+00 |   9.375000e-03 |   1.298173e+03 |
|   4.000000e+00 |   1.250000e-02 |   1.730811e+03 |
|   5.000000e+00 |   1.562500e-02 |   2.163406e+03 |
|   6.000000e+00 |   1.875000e-02 |   2.595958e+03 |
|   7.000000e+00 |   2.187500e-02 |   3.028467e+03 |
|   8.000000e+00 |   2.500000e-02 |   3.460933e+03 |
|   9.000000e+00 |   2.812500e-02 |   3.893356e+03 |
|   1.000000e+01 |   3.125000e-02 |   4.325736e+03 |
+----------------+----------------+----------------+


Time Step 11, time = 11, dt = 1
  Applying predictor with scale factor = 1
 0 Nonlinear |R| = [32m7.977004e-10[39m
  Nonlinear solve converged due to CONVERGED_FNORM_ABS iterations 0
[32m Solve Converged![39m

Outlier Variable Residual Norms:
  disp_y: [31m7.747420e-10[39m

Postprocessor Values:
+----------------+----------------+----------------+
| time           | disp_y_max     | react_y_top    |
+----------------+----------------+----------------+
|   0.000000e+00 |   0.000000e+00 |   0.000000e+00 |
|   1.000000e+00 |   3.125000e-03 |   4.327672e+02 |
|   2.000000e+00 |   6.250000e-03 |   8.654914e+02 |
|   3.000000e+00 |   9.375000e-03 |   1.298173e+03 |
|   4.000000e+00 |   1.250000e-02 |   1.730811e+03 |
|   5.000000e+00 |   1.562500e-02 |   2.163406e+03 |
|   6.000000e+00 |   1.875000e-02 |   2.595958e+03 |
|   7.000000e+00 |   2.187500e-02 |   3.028467e+03 |
|   8.000000e+00 |   2.500000e-02 |   3.460933e+03 |
|   9.000000e+00 |   2.812500e-02 |   3.893356e+03 |
|   1.000000e+01 |   3.125000e-02 |   4.325736e+03 |
|   1.100000e+01 |   3.437500e-02 |   4.758072e+03 |
+----------------+----------------+----------------+


Time Step 12, time = 12, dt = 1
  Applying predictor with scale factor = 1
 0 Nonlinear |R| = [32m9.011136e-10[39m
  Nonlinear solve converged due to CONVERGED_FNORM_ABS iterations 0
[32m Solve Converged![39m

Outlier Variable Residual Norms:
  disp_y: [31m8.749008e-10[39m

Postprocessor Values:
+----------------+----------------+----------------+
| time           | disp_y_max     | react_y_top    |
+----------------+----------------+----------------+
|   0.000000e+00 |   0.000000e+00 |   0.000000e+00 |
|   1.000000e+00 |   3.125000e-03 |   4.327672e+02 |
|   2.000000e+00 |   6.250000e-03 |   8.654914e+02 |
|   3.000000e+00 |   9.375000e-03 |   1.298173e+03 |
|   4.000000e+00 |   1.250000e-02 |   1.730811e+03 |
|   5.000000e+00 |   1.562500e-02 |   2.163406e+03 |
|   6.000000e+00 |   1.875000e-02 |   2.595958e+03 |
|   7.000000e+00 |   2.187500e-02 |   3.028467e+03 |
|   8.000000e+00 |   2.500000e-02 |   3.460933e+03 |
|   9.000000e+00 |   2.812500e-02 |   3.893356e+03 |
|   1.000000e+01 |   3.125000e-02 |   4.325736e+03 |
|   1.100000e+01 |   3.437500e-02 |   4.758072e+03 |
|   1.200000e+01 |   3.750000e-02 |   5.190366e+03 |
+----------------+----------------+----------------+


Time Step 13, time = 13, dt = 1
  Applying predictor with scale factor = 1
 0 Nonlinear |R| = [32m9.948338e-10[39m
  Nonlinear solve converged due to CONVERGED_FNORM_ABS iterations 0
[32m Solve Converged![39m

Outlier Variable Residual Norms:
  disp_y: [31m9.642768e-10[39m

Postprocessor Values:
+----------------+----------------+----------------+
| time           | disp_y_max     | react_y_top    |
+----------------+----------------+----------------+
|   0.000000e+00 |   0.000000e+00 |   0.000000e+00 |
|   1.000000e+00 |   3.125000e-03 |   4.327672e+02 |
|   2.000000e+00 |   6.250000e-03 |   8.654914e+02 |
|   3.000000e+00 |   9.375000e-03 |   1.298173e+03 |
|   4.000000e+00 |   1.250000e-02 |   1.730811e+03 |
|   5.000000e+00 |   1.562500e-02 |   2.163406e+03 |
|   6.000000e+00 |   1.875000e-02 |   2.595958e+03 |
|   7.000000e+00 |   2.187500e-02 |   3.028467e+03 |
|   8.000000e+00 |   2.500000e-02 |   3.460933e+03 |
|   9.000000e+00 |   2.812500e-02 |   3.893356e+03 |
|   1.000000e+01 |   3.125000e-02 |   4.325736e+03 |
|   1.100000e+01 |   3.437500e-02 |   4.758072e+03 |
|   1.200000e+01 |   3.750000e-02 |   5.190366e+03 |
|   1.300000e+01 |   4.062500e-02 |   5.622617e+03 |
+----------------+----------------+----------------+


Time Step 14, time = 14, dt = 1
  Applying predictor with scale factor = 1
 0 Nonlinear |R| = [32m1.103632e-09[39m
  Nonlinear solve converged due to CONVERGED_FNORM_ABS iterations 0
[32m Solve Converged![39m

Outlier Variable Residual Norms:
  disp_y: [31m1.069481e-09[39m

Postprocessor Values:
+----------------+----------------+----------------+
| time           | disp_y_max     | react_y_top    |
+----------------+----------------+----------------+
|   0.000000e+00 |   0.000000e+00 |   0.000000e+00 |
|   1.000000e+00 |   3.125000e-03 |   4.327672e+02 |
|   2.000000e+00 |   6.250000e-03 |   8.654914e+02 |
|   3.000000e+00 |   9.375000e-03 |   1.298173e+03 |
|   4.000000e+00 |   1.250000e-02 |   1.730811e+03 |
|   5.000000e+00 |   1.562500e-02 |   2.163406e+03 |
|   6.000000e+00 |   1.875000e-02 |   2.595958e+03 |
|   7.000000e+00 |   2.187500e-02 |   3.028467e+03 |
|   8.000000e+00 |   2.500000e-02 |   3.460933e+03 |
|   9.000000e+00 |   2.812500e-02 |   3.893356e+03 |
|   1.000000e+01 |   3.125000e-02 |   4.325736e+03 |
|   1.100000e+01 |   3.437500e-02 |   4.758072e+03 |
|   1.200000e+01 |   3.750000e-02 |   5.190366e+03 |
|   1.300000e+01 |   4.062500e-02 |   5.622617e+03 |
|   1.400000e+01 |   4.375000e-02 |   6.054825e+03 |
+----------------+----------------+----------------+


Time Step 15, time = 15, dt = 1
  Applying predictor with scale factor = 1
 0 Nonlinear |R| = [32m1.218792e-09[39m
  Nonlinear solve converged due to CONVERGED_FNORM_ABS iterations 0
[32m Solve Converged![39m

Outlier Variable Residual Norms:
  disp_y: [31m1.180295e-09[39m

Postprocessor Values:
+----------------+----------------+----------------+
| time           | disp_y_max     | react_y_top    |
+----------------+----------------+----------------+
:                :                :                :
|   1.000000e+00 |   3.125000e-03 |   4.327672e+02 |
|   2.000000e+00 |   6.250000e-03 |   8.654914e+02 |
|   3.000000e+00 |   9.375000e-03 |   1.298173e+03 |
|   4.000000e+00 |   1.250000e-02 |   1.730811e+03 |
|   5.000000e+00 |   1.562500e-02 |   2.163406e+03 |
|   6.000000e+00 |   1.875000e-02 |   2.595958e+03 |
|   7.000000e+00 |   2.187500e-02 |   3.028467e+03 |
|   8.000000e+00 |   2.500000e-02 |   3.460933e+03 |
|   9.000000e+00 |   2.812500e-02 |   3.893356e+03 |
|   1.000000e+01 |   3.125000e-02 |   4.325736e+03 |
|   1.100000e+01 |   3.437500e-02 |   4.758072e+03 |
|   1.200000e+01 |   3.750000e-02 |   5.190366e+03 |
|   1.300000e+01 |   4.062500e-02 |   5.622617e+03 |
|   1.400000e+01 |   4.375000e-02 |   6.054825e+03 |
|   1.500000e+01 |   4.687500e-02 |   6.486990e+03 |
+----------------+----------------+----------------+


Time Step 16, time = 16, dt = 1
  Applying predictor with scale factor = 1
 0 Nonlinear |R| = [32m1.345275e-09[39m
  Nonlinear solve converged due to CONVERGED_FNORM_ABS iterations 0
[32m Solve Converged![39m

Outlier Variable Residual Norms:
  disp_y: [31m1.301919e-09[39m

Postprocessor Values:
+----------------+----------------+----------------+
| time           | disp_y_max     | react_y_top    |
+----------------+----------------+----------------+
:                :                :                :
|   2.000000e+00 |   6.250000e-03 |   8.654914e+02 |
|   3.000000e+00 |   9.375000e-03 |   1.298173e+03 |
|   4.000000e+00 |   1.250000e-02 |   1.730811e+03 |
|   5.000000e+00 |   1.562500e-02 |   2.163406e+03 |
|   6.000000e+00 |   1.875000e-02 |   2.595958e+03 |
|   7.000000e+00 |   2.187500e-02 |   3.028467e+03 |
|   8.000000e+00 |   2.500000e-02 |   3.460933e+03 |
|   9.000000e+00 |   2.812500e-02 |   3.893356e+03 |
|   1.000000e+01 |   3.125000e-02 |   4.325736e+03 |
|   1.100000e+01 |   3.437500e-02 |   4.758072e+03 |
|   1.200000e+01 |   3.750000e-02 |   5.190366e+03 |
|   1.300000e+01 |   4.062500e-02 |   5.622617e+03 |
|   1.400000e+01 |   4.375000e-02 |   6.054825e+03 |
|   1.500000e+01 |   4.687500e-02 |   6.486990e+03 |
|   1.600000e+01 |   5.000000e-02 |   6.919112e+03 |
+----------------+----------------+----------------+


Time Step 17, time = 17, dt = 1
  Applying predictor with scale factor = 1
 0 Nonlinear |R| = [32m1.502208e-09[39m
  Nonlinear solve converged due to CONVERGED_FNORM_ABS iterations 0
[32m Solve Converged![39m

Outlier Variable Residual Norms:
  disp_y: [31m1.453659e-09[39m

Postprocessor Values:
+----------------+----------------+----------------+
| time           | disp_y_max     | react_y_top    |
+----------------+----------------+----------------+
:                :                :                :
|   3.000000e+00 |   9.375000e-03 |   1.298173e+03 |
|   4.000000e+00 |   1.250000e-02 |   1.730811e+03 |
|   5.000000e+00 |   1.562500e-02 |   2.163406e+03 |
|   6.000000e+00 |   1.875000e-02 |   2.595958e+03 |
|   7.000000e+00 |   2.187500e-02 |   3.028467e+03 |
|   8.000000e+00 |   2.500000e-02 |   3.460933e+03 |
|   9.000000e+00 |   2.812500e-02 |   3.893356e+03 |
|   1.000000e+01 |   3.125000e-02 |   4.325736e+03 |
|   1.100000e+01 |   3.437500e-02 |   4.758072e+03 |
|   1.200000e+01 |   3.750000e-02 |   5.190366e+03 |
|   1.300000e+01 |   4.062500e-02 |   5.622617e+03 |
|   1.400000e+01 |   4.375000e-02 |   6.054825e+03 |
|   1.500000e+01 |   4.687500e-02 |   6.486990e+03 |
|   1.600000e+01 |   5.000000e-02 |   6.919112e+03 |
|   1.700000e+01 |   5.312500e-02 |   7.351190e+03 |
+----------------+----------------+----------------+


Time Step 18, time = 18, dt = 1
  Applying predictor with scale factor = 1
 0 Nonlinear |R| = [32m1.654568e-09[39m
  Nonlinear solve converged due to CONVERGED_FNORM_ABS iterations 0
[32m Solve Converged![39m

Outlier Variable Residual Norms:
  disp_y: [31m1.602121e-09[39m

Postprocessor Values:
+----------------+----------------+----------------+
| time           | disp_y_max     | react_y_top    |
+----------------+----------------+----------------+
:                :                :                :
|   4.000000e+00 |   1.250000e-02 |   1.730811e+03 |
|   5.000000e+00 |   1.562500e-02 |   2.163406e+03 |
|   6.000000e+00 |   1.875000e-02 |   2.595958e+03 |
|   7.000000e+00 |   2.187500e-02 |   3.028467e+03 |
|   8.000000e+00 |   2.500000e-02 |   3.460933e+03 |
|   9.000000e+00 |   2.812500e-02 |   3.893356e+03 |
|   1.000000e+01 |   3.125000e-02 |   4.325736e+03 |
|   1.100000e+01 |   3.437500e-02 |   4.758072e+03 |
|   1.200000e+01 |   3.750000e-02 |   5.190366e+03 |
|   1.300000e+01 |   4.062500e-02 |   5.622617e+03 |
|   1.400000e+01 |   4.375000e-02 |   6.054825e+03 |
|   1.500000e+01 |   4.687500e-02 |   6.486990e+03 |
|   1.600000e+01 |   5.000000e-02 |   6.919112e+03 |
|   1.700000e+01 |   5.312500e-02 |   7.351190e+03 |
|   1.800000e+01 |   5.625000e-02 |   7.783226e+03 |
+----------------+----------------+----------------+


Time Step 19, time = 19, dt = 1
  Applying predictor with scale factor = 1
 0 Nonlinear |R| = [32m1.810894e-09[39m
  Nonlinear solve converged due to CONVERGED_FNORM_ABS iterations 0
[32m Solve Converged![39m

Outlier Variable Residual Norms:
  disp_y: [31m1.752669e-09[39m

Postprocessor Values:
+----------------+----------------+----------------+
| time           | disp_y_max     | react_y_top    |
+----------------+----------------+----------------+
:                :                :                :
|   5.000000e+00 |   1.562500e-02 |   2.163406e+03 |
|   6.000000e+00 |   1.875000e-02 |   2.595958e+03 |
|   7.000000e+00 |   2.187500e-02 |   3.028467e+03 |
|   8.000000e+00 |   2.500000e-02 |   3.460933e+03 |
|   9.000000e+00 |   2.812500e-02 |   3.893356e+03 |
|   1.000000e+01 |   3.125000e-02 |   4.325736e+03 |
|   1.100000e+01 |   3.437500e-02 |   4.758072e+03 |
|   1.200000e+01 |   3.750000e-02 |   5.190366e+03 |
|   1.300000e+01 |   4.062500e-02 |   5.622617e+03 |
|   1.400000e+01 |   4.375000e-02 |   6.054825e+03 |
|   1.500000e+01 |   4.687500e-02 |   6.486990e+03 |
|   1.600000e+01 |   5.000000e-02 |   6.919112e+03 |
|   1.700000e+01 |   5.312500e-02 |   7.351190e+03 |
|   1.800000e+01 |   5.625000e-02 |   7.783226e+03 |
|   1.900000e+01 |   5.937500e-02 |   8.215219e+03 |
+----------------+----------------+----------------+


Time Step 20, time = 20, dt = 1
  Applying predictor with scale factor = 1
 0 Nonlinear |R| = [32m1.960523e-09[39m
  Nonlinear solve converged due to CONVERGED_FNORM_ABS iterations 0
[32m Solve Converged![39m

Outlier Variable Residual Norms:
  disp_y: [31m1.897111e-09[39m

Postprocessor Values:
+----------------+----------------+----------------+
| time           | disp_y_max     | react_y_top    |
+----------------+----------------+----------------+
:                :                :                :
|   6.000000e+00 |   1.875000e-02 |   2.595958e+03 |
|   7.000000e+00 |   2.187500e-02 |   3.028467e+03 |
|   8.000000e+00 |   2.500000e-02 |   3.460933e+03 |
|   9.000000e+00 |   2.812500e-02 |   3.893356e+03 |
|   1.000000e+01 |   3.125000e-02 |   4.325736e+03 |
|   1.100000e+01 |   3.437500e-02 |   4.758072e+03 |
|   1.200000e+01 |   3.750000e-02 |   5.190366e+03 |
|   1.300000e+01 |   4.062500e-02 |   5.622617e+03 |
|   1.400000e+01 |   4.375000e-02 |   6.054825e+03 |
|   1.500000e+01 |   4.687500e-02 |   6.486990e+03 |
|   1.600000e+01 |   5.000000e-02 |   6.919112e+03 |
|   1.700000e+01 |   5.312500e-02 |   7.351190e+03 |
|   1.800000e+01 |   5.625000e-02 |   7.783226e+03 |
|   1.900000e+01 |   5.937500e-02 |   8.215219e+03 |
|   2.000000e+01 |   6.250000e-02 |   8.647169e+03 |
+----------------+----------------+----------------+


Time Step 21, time = 21, dt = 1
  Applying predictor with scale factor = 1
 0 Nonlinear |R| = [32m2.128406e-09[39m
  Nonlinear solve converged due to CONVERGED_FNORM_ABS iterations 0
[32m Solve Converged![39m

Outlier Variable Residual Norms:
  disp_y: [31m2.058943e-09[39m

Postprocessor Values:
+----------------+----------------+----------------+
| time           | disp_y_max     | react_y_top    |
+----------------+----------------+----------------+
:                :                :                :
|   7.000000e+00 |   2.187500e-02 |   3.028467e+03 |
|   8.000000e+00 |   2.500000e-02 |   3.460933e+03 |
|   9.000000e+00 |   2.812500e-02 |   3.893356e+03 |
|   1.000000e+01 |   3.125000e-02 |   4.325736e+03 |
|   1.100000e+01 |   3.437500e-02 |   4.758072e+03 |
|   1.200000e+01 |   3.750000e-02 |   5.190366e+03 |
|   1.300000e+01 |   4.062500e-02 |   5.622617e+03 |
|   1.400000e+01 |   4.375000e-02 |   6.054825e+03 |
|   1.500000e+01 |   4.687500e-02 |   6.486990e+03 |
|   1.600000e+01 |   5.000000e-02 |   6.919112e+03 |
|   1.700000e+01 |   5.312500e-02 |   7.351190e+03 |
|   1.800000e+01 |   5.625000e-02 |   7.783226e+03 |
|   1.900000e+01 |   5.937500e-02 |   8.215219e+03 |
|   2.000000e+01 |   6.250000e-02 |   8.647169e+03 |
|   2.100000e+01 |   6.562500e-02 |   9.079075e+03 |
+----------------+----------------+----------------+


Time Step 22, time = 22, dt = 1
  Applying predictor with scale factor = 1
 0 Nonlinear |R| = [32m2.296516e-09[39m
  Nonlinear solve converged due to CONVERGED_FNORM_ABS iterations 0
[32m Solve Converged![39m

Outlier Variable Residual Norms:
  disp_y: [31m2.222832e-09[39m

Postprocessor Values:
+----------------+----------------+----------------+
| time           | disp_y_max     | react_y_top    |
+----------------+----------------+----------------+
:                :                :                :
|   8.000000e+00 |   2.500000e-02 |   3.460933e+03 |
|   9.000000e+00 |   2.812500e-02 |   3.893356e+03 |
|   1.000000e+01 |   3.125000e-02 |   4.325736e+03 |
|   1.100000e+01 |   3.437500e-02 |   4.758072e+03 |
|   1.200000e+01 |   3.750000e-02 |   5.190366e+03 |
|   1.300000e+01 |   4.062500e-02 |   5.622617e+03 |
|   1.400000e+01 |   4.375000e-02 |   6.054825e+03 |
|   1.500000e+01 |   4.687500e-02 |   6.486990e+03 |
|   1.600000e+01 |   5.000000e-02 |   6.919112e+03 |
|   1.700000e+01 |   5.312500e-02 |   7.351190e+03 |
|   1.800000e+01 |   5.625000e-02 |   7.783226e+03 |
|   1.900000e+01 |   5.937500e-02 |   8.215219e+03 |
|   2.000000e+01 |   6.250000e-02 |   8.647169e+03 |
|   2.100000e+01 |   6.562500e-02 |   9.079075e+03 |
|   2.200000e+01 |   6.875000e-02 |   9.510939e+03 |
+----------------+----------------+----------------+


Time Step 23, time = 23, dt = 1
  Applying predictor with scale factor = 1
 0 Nonlinear |R| = [32m2.486804e-09[39m
  Nonlinear solve converged due to CONVERGED_FNORM_ABS iterations 0
[32m Solve Converged![39m

Outlier Variable Residual Norms:
  disp_y: [31m2.406672e-09[39m

Postprocessor Values:
+----------------+----------------+----------------+
| time           | disp_y_max     | react_y_top    |
+----------------+----------------+----------------+
:                :                :                :
|   9.000000e+00 |   2.812500e-02 |   3.893356e+03 |
|   1.000000e+01 |   3.125000e-02 |   4.325736e+03 |
|   1.100000e+01 |   3.437500e-02 |   4.758072e+03 |
|   1.200000e+01 |   3.750000e-02 |   5.190366e+03 |
|   1.300000e+01 |   4.062500e-02 |   5.622617e+03 |
|   1.400000e+01 |   4.375000e-02 |   6.054825e+03 |
|   1.500000e+01 |   4.687500e-02 |   6.486990e+03 |
|   1.600000e+01 |   5.000000e-02 |   6.919112e+03 |
|   1.700000e+01 |   5.312500e-02 |   7.351190e+03 |
|   1.800000e+01 |   5.625000e-02 |   7.783226e+03 |
|   1.900000e+01 |   5.937500e-02 |   8.215219e+03 |
|   2.000000e+01 |   6.250000e-02 |   8.647169e+03 |
|   2.100000e+01 |   6.562500e-02 |   9.079075e+03 |
|   2.200000e+01 |   6.875000e-02 |   9.510939e+03 |
|   2.300000e+01 |   7.187500e-02 |   9.942760e+03 |
+----------------+----------------+----------------+


Time Step 24, time = 24, dt = 1
  Applying predictor with scale factor = 1
 0 Nonlinear |R| = [32m2.681461e-09[39m
  Nonlinear solve converged due to CONVERGED_FNORM_ABS iterations 0
[32m Solve Converged![39m

Outlier Variable Residual Norms:
  disp_y: [31m2.595788e-09[39m

Postprocessor Values:
+----------------+----------------+----------------+
| time           | disp_y_max     | react_y_top    |
+----------------+----------------+----------------+
:                :                :                :
|   1.000000e+01 |   3.125000e-02 |   4.325736e+03 |
|   1.100000e+01 |   3.437500e-02 |   4.758072e+03 |
|   1.200000e+01 |   3.750000e-02 |   5.190366e+03 |
|   1.300000e+01 |   4.062500e-02 |   5.622617e+03 |
|   1.400000e+01 |   4.375000e-02 |   6.054825e+03 |
|   1.500000e+01 |   4.687500e-02 |   6.486990e+03 |
|   1.600000e+01 |   5.000000e-02 |   6.919112e+03 |
|   1.700000e+01 |   5.312500e-02 |   7.351190e+03 |
|   1.800000e+01 |   5.625000e-02 |   7.783226e+03 |
|   1.900000e+01 |   5.937500e-02 |   8.215219e+03 |
|   2.000000e+01 |   6.250000e-02 |   8.647169e+03 |
|   2.100000e+01 |   6.562500e-02 |   9.079075e+03 |
|   2.200000e+01 |   6.875000e-02 |   9.510939e+03 |
|   2.300000e+01 |   7.187500e-02 |   9.942760e+03 |
|   2.400000e+01 |   7.500000e-02 |   1.037454e+04 |
+----------------+----------------+----------------+


Time Step 25, time = 25, dt = 1
  Applying predictor with scale factor = 1
 0 Nonlinear |R| = [32m2.896393e-09[39m
  Nonlinear solve converged due to CONVERGED_FNORM_ABS iterations 0
[32m Solve Converged![39m

Outlier Variable Residual Norms:
  disp_y: [31m2.805172e-09[39m

Postprocessor Values:
+----------------+----------------+----------------+
| time           | disp_y_max     | react_y_top    |
+----------------+----------------+----------------+
:                :                :                :
|   1.100000e+01 |   3.437500e-02 |   4.758072e+03 |
|   1.200000e+01 |   3.750000e-02 |   5.190366e+03 |
|   1.300000e+01 |   4.062500e-02 |   5.622617e+03 |
|   1.400000e+01 |   4.375000e-02 |   6.054825e+03 |
|   1.500000e+01 |   4.687500e-02 |   6.486990e+03 |
|   1.600000e+01 |   5.000000e-02 |   6.919112e+03 |
|   1.700000e+01 |   5.312500e-02 |   7.351190e+03 |
|   1.800000e+01 |   5.625000e-02 |   7.783226e+03 |
|   1.900000e+01 |   5.937500e-02 |   8.215219e+03 |
|   2.000000e+01 |   6.250000e-02 |   8.647169e+03 |
|   2.100000e+01 |   6.562500e-02 |   9.079075e+03 |
|   2.200000e+01 |   6.875000e-02 |   9.510939e+03 |
|   2.300000e+01 |   7.187500e-02 |   9.942760e+03 |
|   2.400000e+01 |   7.500000e-02 |   1.037454e+04 |
|   2.500000e+01 |   7.812500e-02 |   1.080627e+04 |
+----------------+----------------+----------------+


Time Step 26, time = 26, dt = 1
  Applying predictor with scale factor = 1
 0 Nonlinear |R| = [32m3.108824e-09[39m
  Nonlinear solve converged due to CONVERGED_FNORM_ABS iterations 0
[32m Solve Converged![39m

Outlier Variable Residual Norms:
  disp_y: [31m3.010450e-09[39m

Postprocessor Values:
+----------------+----------------+----------------+
| time           | disp_y_max     | react_y_top    |
+----------------+----------------+----------------+
:                :                :                :
|   1.200000e+01 |   3.750000e-02 |   5.190366e+03 |
|   1.300000e+01 |   4.062500e-02 |   5.622617e+03 |
|   1.400000e+01 |   4.375000e-02 |   6.054825e+03 |
|   1.500000e+01 |   4.687500e-02 |   6.486990e+03 |
|   1.600000e+01 |   5.000000e-02 |   6.919112e+03 |
|   1.700000e+01 |   5.312500e-02 |   7.351190e+03 |
|   1.800000e+01 |   5.625000e-02 |   7.783226e+03 |
|   1.900000e+01 |   5.937500e-02 |   8.215219e+03 |
|   2.000000e+01 |   6.250000e-02 |   8.647169e+03 |
|   2.100000e+01 |   6.562500e-02 |   9.079075e+03 |
|   2.200000e+01 |   6.875000e-02 |   9.510939e+03 |
|   2.300000e+01 |   7.187500e-02 |   9.942760e+03 |
|   2.400000e+01 |   7.500000e-02 |   1.037454e+04 |
|   2.500000e+01 |   7.812500e-02 |   1.080627e+04 |
|   2.600000e+01 |   8.125000e-02 |   1.123796e+04 |
+----------------+----------------+----------------+


Time Step 27, time = 27, dt = 1
  Applying predictor with scale factor = 1
 0 Nonlinear |R| = [32m3.343101e-09[39m
  Nonlinear solve converged due to CONVERGED_FNORM_ABS iterations 0
[32m Solve Converged![39m

Outlier Variable Residual Norms:
  disp_y: [31m3.239695e-09[39m

Postprocessor Values:
+----------------+----------------+----------------+
| time           | disp_y_max     | react_y_top    |
+----------------+----------------+----------------+
:                :                :                :
|   1.300000e+01 |   4.062500e-02 |   5.622617e+03 |
|   1.400000e+01 |   4.375000e-02 |   6.054825e+03 |
|   1.500000e+01 |   4.687500e-02 |   6.486990e+03 |
|   1.600000e+01 |   5.000000e-02 |   6.919112e+03 |
|   1.700000e+01 |   5.312500e-02 |   7.351190e+03 |
|   1.800000e+01 |   5.625000e-02 |   7.783226e+03 |
|   1.900000e+01 |   5.937500e-02 |   8.215219e+03 |
|   2.000000e+01 |   6.250000e-02 |   8.647169e+03 |
|   2.100000e+01 |   6.562500e-02 |   9.079075e+03 |
|   2.200000e+01 |   6.875000e-02 |   9.510939e+03 |
|   2.300000e+01 |   7.187500e-02 |   9.942760e+03 |
|   2.400000e+01 |   7.500000e-02 |   1.037454e+04 |
|   2.500000e+01 |   7.812500e-02 |   1.080627e+04 |
|   2.600000e+01 |   8.125000e-02 |   1.123796e+04 |
|   2.700000e+01 |   8.437500e-02 |   1.166961e+04 |
+----------------+----------------+----------------+


Time Step 28, time = 28, dt = 1
  Applying predictor with scale factor = 1
 0 Nonlinear |R| = [32m3.574156e-09[39m
  Nonlinear solve converged due to CONVERGED_FNORM_ABS iterations 0
[32m Solve Converged![39m

Outlier Variable Residual Norms:
  disp_y: [31m3.464522e-09[39m

Postprocessor Values:
+----------------+----------------+----------------+
| time           | disp_y_max     | react_y_top    |
+----------------+----------------+----------------+
:                :                :                :
|   1.400000e+01 |   4.375000e-02 |   6.054825e+03 |
|   1.500000e+01 |   4.687500e-02 |   6.486990e+03 |
|   1.600000e+01 |   5.000000e-02 |   6.919112e+03 |
|   1.700000e+01 |   5.312500e-02 |   7.351190e+03 |
|   1.800000e+01 |   5.625000e-02 |   7.783226e+03 |
|   1.900000e+01 |   5.937500e-02 |   8.215219e+03 |
|   2.000000e+01 |   6.250000e-02 |   8.647169e+03 |
|   2.100000e+01 |   6.562500e-02 |   9.079075e+03 |
|   2.200000e+01 |   6.875000e-02 |   9.510939e+03 |
|   2.300000e+01 |   7.187500e-02 |   9.942760e+03 |
|   2.400000e+01 |   7.500000e-02 |   1.037454e+04 |
|   2.500000e+01 |   7.812500e-02 |   1.080627e+04 |
|   2.600000e+01 |   8.125000e-02 |   1.123796e+04 |
|   2.700000e+01 |   8.437500e-02 |   1.166961e+04 |
|   2.800000e+01 |   8.750000e-02 |   1.210122e+04 |
+----------------+----------------+----------------+


Time Step 29, time = 29, dt = 1
  Applying predictor with scale factor = 1
 0 Nonlinear |R| = [32m3.808316e-09[39m
  Nonlinear solve converged due to CONVERGED_FNORM_ABS iterations 0
[32m Solve Converged![39m

Outlier Variable Residual Norms:
  disp_y: [31m3.690964e-09[39m

Postprocessor Values:
+----------------+----------------+----------------+
| time           | disp_y_max     | react_y_top    |
+----------------+----------------+----------------+
:                :                :                :
|   1.500000e+01 |   4.687500e-02 |   6.486990e+03 |
|   1.600000e+01 |   5.000000e-02 |   6.919112e+03 |
|   1.700000e+01 |   5.312500e-02 |   7.351190e+03 |
|   1.800000e+01 |   5.625000e-02 |   7.783226e+03 |
|   1.900000e+01 |   5.937500e-02 |   8.215219e+03 |
|   2.000000e+01 |   6.250000e-02 |   8.647169e+03 |
|   2.100000e+01 |   6.562500e-02 |   9.079075e+03 |
|   2.200000e+01 |   6.875000e-02 |   9.510939e+03 |
|   2.300000e+01 |   7.187500e-02 |   9.942760e+03 |
|   2.400000e+01 |   7.500000e-02 |   1.037454e+04 |
|   2.500000e+01 |   7.812500e-02 |   1.080627e+04 |
|   2.600000e+01 |   8.125000e-02 |   1.123796e+04 |
|   2.700000e+01 |   8.437500e-02 |   1.166961e+04 |
|   2.800000e+01 |   8.750000e-02 |   1.210122e+04 |
|   2.900000e+01 |   9.062500e-02 |   1.253278e+04 |
+----------------+----------------+----------------+


Time Step 30, time = 30, dt = 1
  Applying predictor with scale factor = 1
 0 Nonlinear |R| = [32m4.054920e-09[39m
  Nonlinear solve converged due to CONVERGED_FNORM_ABS iterations 0
[32m Solve Converged![39m

Outlier Variable Residual Norms:
  disp_y: [31m3.929694e-09[39m

Postprocessor Values:
+----------------+----------------+----------------+
| time           | disp_y_max     | react_y_top    |
+----------------+----------------+----------------+
:                :                :                :
|   1.600000e+01 |   5.000000e-02 |   6.919112e+03 |
|   1.700000e+01 |   5.312500e-02 |   7.351190e+03 |
|   1.800000e+01 |   5.625000e-02 |   7.783226e+03 |
|   1.900000e+01 |   5.937500e-02 |   8.215219e+03 |
|   2.000000e+01 |   6.250000e-02 |   8.647169e+03 |
|   2.100000e+01 |   6.562500e-02 |   9.079075e+03 |
|   2.200000e+01 |   6.875000e-02 |   9.510939e+03 |
|   2.300000e+01 |   7.187500e-02 |   9.942760e+03 |
|   2.400000e+01 |   7.500000e-02 |   1.037454e+04 |
|   2.500000e+01 |   7.812500e-02 |   1.080627e+04 |
|   2.600000e+01 |   8.125000e-02 |   1.123796e+04 |
|   2.700000e+01 |   8.437500e-02 |   1.166961e+04 |
|   2.800000e+01 |   8.750000e-02 |   1.210122e+04 |
|   2.900000e+01 |   9.062500e-02 |   1.253278e+04 |
|   3.000000e+01 |   9.375000e-02 |   1.296430e+04 |
+----------------+----------------+----------------+


Time Step 31, time = 31, dt = 1
  Applying predictor with scale factor = 1
 0 Nonlinear |R| = [32m4.313563e-09[39m
  Nonlinear solve converged due to CONVERGED_FNORM_ABS iterations 0
[32m Solve Converged![39m

Outlier Variable Residual Norms:
  disp_y: [31m4.180862e-09[39m

Postprocessor Values:
+----------------+----------------+----------------+
| time           | disp_y_max     | react_y_top    |
+----------------+----------------+----------------+
:                :                :                :
|   1.700000e+01 |   5.312500e-02 |   7.351190e+03 |
|   1.800000e+01 |   5.625000e-02 |   7.783226e+03 |
|   1.900000e+01 |   5.937500e-02 |   8.215219e+03 |
|   2.000000e+01 |   6.250000e-02 |   8.647169e+03 |
|   2.100000e+01 |   6.562500e-02 |   9.079075e+03 |
|   2.200000e+01 |   6.875000e-02 |   9.510939e+03 |
|   2.300000e+01 |   7.187500e-02 |   9.942760e+03 |
|   2.400000e+01 |   7.500000e-02 |   1.037454e+04 |
|   2.500000e+01 |   7.812500e-02 |   1.080627e+04 |
|   2.600000e+01 |   8.125000e-02 |   1.123796e+04 |
|   2.700000e+01 |   8.437500e-02 |   1.166961e+04 |
|   2.800000e+01 |   8.750000e-02 |   1.210122e+04 |
|   2.900000e+01 |   9.062500e-02 |   1.253278e+04 |
|   3.000000e+01 |   9.375000e-02 |   1.296430e+04 |
|   3.100000e+01 |   9.687500e-02 |   1.339578e+04 |
+----------------+----------------+----------------+


Time Step 32, time = 32, dt = 1
  Applying predictor with scale factor = 1
 0 Nonlinear |R| = [32m4.571928e-09[39m
  Nonlinear solve converged due to CONVERGED_FNORM_ABS iterations 0
[32m Solve Converged![39m

Outlier Variable Residual Norms:
  disp_y: [31m4.432997e-09[39m

Postprocessor Values:
+----------------+----------------+----------------+
| time           | disp_y_max     | react_y_top    |
+----------------+----------------+----------------+
:                :                :                :
|   1.800000e+01 |   5.625000e-02 |   7.783226e+03 |
|   1.900000e+01 |   5.937500e-02 |   8.215219e+03 |
|   2.000000e+01 |   6.250000e-02 |   8.647169e+03 |
|   2.100000e+01 |   6.562500e-02 |   9.079075e+03 |
|   2.200000e+01 |   6.875000e-02 |   9.510939e+03 |
|   2.300000e+01 |   7.187500e-02 |   9.942760e+03 |
|   2.400000e+01 |   7.500000e-02 |   1.037454e+04 |
|   2.500000e+01 |   7.812500e-02 |   1.080627e+04 |
|   2.600000e+01 |   8.125000e-02 |   1.123796e+04 |
|   2.700000e+01 |   8.437500e-02 |   1.166961e+04 |
|   2.800000e+01 |   8.750000e-02 |   1.210122e+04 |
|   2.900000e+01 |   9.062500e-02 |   1.253278e+04 |
|   3.000000e+01 |   9.375000e-02 |   1.296430e+04 |
|   3.100000e+01 |   9.687500e-02 |   1.339578e+04 |
|   3.200000e+01 |   1.000000e-01 |   1.382721e+04 |
+----------------+----------------+----------------+

Finished Executing                                                                       [[33m 12.52 s[39m] [[33m  248 MB[39m]
