Framework Information:
MOOSE Version:           git commit b85414d92b on 2025-11-25
LibMesh Version:         910736a3a20aded528c3ba99371ce65980dc8e2c
PETSc Version:           3.24.0
SLEPc Version:           3.24.0
Current Time:            Tue Jun 16 09:32:27 2026
Executable Timestamp:    Wed Nov 26 18:13:58 2025

Input File(s):
  /home/lloydf/vfmverif/data/platenotch2d_plas_het.i

Command Line Argument(s):
  --n-threads=2

Checkpoint:
  Wall Time Interval:      Every 3600 s
  User Checkpoint:         Disabled
  # Checkpoints Kept:      2
  Execute On:              TIMESTEP_END 

Parallelism:
  Num Processors:          2
  Num Threads:             2

Mesh: 
  Parallel Type:           replicated
  Mesh Dimension:          2
  Spatial Dimension:       2
  Nodes:                   
    Total:                 6045
    Local:                 3043
    Min/Max/Avg:           3002/3043/3022
  Elems:                   
    Total:                 2928
    Local:                 1464
    Min/Max/Avg:           1464/1464/1464
  Num Subdomains:          1
  Num Partitions:          2
  Partitioner:             metis

Nonlinear System:
  Num DOFs:                33916
  Num Local DOFs:          17146
  Variables:               { "vonmises_stress" "strain_xx" "strain_yy" "strain_zz" "strain_xy" ... "stress_xx" 
                             "stress_yy" "stress_zz" "stress_xy" "scalar_strain_zz" } { "disp_x" "disp_y" 
                             } 
  Finite Element Types:    "LAGRANGE" "LAGRANGE" 
  Approximation Orders:    "FIRST" "SECOND" 

Auxiliary System:
  Num DOFs:                8784
  Num Local DOFs:          4392
  Variables:               { "effective_plastic_strain_out" "yield_stress_field" "yield_stress_out" } 
  Finite Element Types:    "MONOMIAL" 
  Approximation Orders:    "CONSTANT" 

Execution Information:
  Executioner:             Transient
  TimeStepper:             IterationAdaptiveDT
  TimeIntegrator(s):       ImplicitEuler
  Solver Mode:             NEWTON 
  PETSc Preconditioner:    lu 
  MOOSE Preconditioner:    SMP 

Time Step 0, time = 0

Postprocessor Values:
+----------------+----------------+----------------+----------------+
| time           | disp_y_max     | react_y_top    | stress_vm_max  |
+----------------+----------------+----------------+----------------+
|   0.000000e+00 |   0.000000e+00 |   0.000000e+00 |   0.000000e+00 |
+----------------+----------------+----------------+----------------+


Time Step 1, time = 1, dt = 1
 Skipping predictor this step
 0 Nonlinear |R| = [32m6.849596e+06[39m
      0 Linear |R| = [32m6.849596e+06[39m
      1 Linear |R| = [32m9.114858e-08[39m
 1 Nonlinear |R| = [32m1.729496e+06[39m
      0 Linear |R| = [32m1.729496e+06[39m
      1 Linear |R| = [32m3.859691e-07[39m
 2 Nonlinear |R| = [32m1.207421e+06[39m
      0 Linear |R| = [32m1.207421e+06[39m
      1 Linear |R| = [32m4.555696e-07[39m
 3 Nonlinear |R| = [32m1.077033e+06[39m
      0 Linear |R| = [32m1.077033e+06[39m
      1 Linear |R| = [32m4.178282e-07[39m
 4 Nonlinear |R| = [32m9.172329e+05[39m
      0 Linear |R| = [32m9.172329e+05[39m
      1 Linear |R| = [32m3.281586e-07[39m
 5 Nonlinear |R| = [33m8.997314e+05[39m
      0 Linear |R| = [32m8.997314e+05[39m
      1 Linear |R| = [32m3.103261e-07[39m
 6 Nonlinear |R| = [33m8.825257e+05[39m
      0 Linear |R| = [32m8.825257e+05[39m
      1 Linear |R| = [32m2.785912e-07[39m
 7 Nonlinear |R| = [33m8.582371e+05[39m
      0 Linear |R| = [32m8.582371e+05[39m
      1 Linear |R| = [32m2.235578e-07[39m
 8 Nonlinear |R| = [33m8.244616e+05[39m
      0 Linear |R| = [32m8.244616e+05[39m
      1 Linear |R| = [32m9.588890e-08[39m
 9 Nonlinear |R| = [33m8.140144e+05[39m
      0 Linear |R| = [32m8.140144e+05[39m
      1 Linear |R| = [32m7.051512e-08[39m
10 Nonlinear |R| = [33m8.024410e+05[39m
      0 Linear |R| = [32m8.024410e+05[39m
      1 Linear |R| = [32m4.989526e-08[39m
11 Nonlinear |R| = [33m7.866209e+05[39m
      0 Linear |R| = [32m7.866209e+05[39m
      1 Linear |R| = [32m2.977816e-08[39m
12 Nonlinear |R| = [32m6.782211e+05[39m
      0 Linear |R| = [32m6.782211e+05[39m
      1 Linear |R| = [32m2.700067e-07[39m
13 Nonlinear |R| = [33m6.663266e+05[39m
      0 Linear |R| = [32m6.663266e+05[39m
      1 Linear |R| = [32m4.402460e-08[39m
14 Nonlinear |R| = [32m4.503172e+05[39m
      0 Linear |R| = [32m4.503172e+05[39m
      1 Linear |R| = [32m7.176719e-08[39m
15 Nonlinear |R| = [32m3.673741e+05[39m
      0 Linear |R| = [32m3.673741e+05[39m
      1 Linear |R| = [32m2.416512e-08[39m
16 Nonlinear |R| = [32m3.253919e+05[39m
      0 Linear |R| = [32m3.253919e+05[39m
      1 Linear |R| = [32m1.338333e-08[39m
17 Nonlinear |R| = [32m2.566799e+05[39m
      0 Linear |R| = [32m2.566799e+05[39m
      1 Linear |R| = [32m7.137082e-09[39m
18 Nonlinear |R| = [32m2.193957e+05[39m
      0 Linear |R| = [32m2.193957e+05[39m
      1 Linear |R| = [32m2.463406e-09[39m
19 Nonlinear |R| = [32m1.342518e+05[39m
      0 Linear |R| = [32m1.342518e+05[39m
      1 Linear |R| = [32m3.359154e-10[39m
20 Nonlinear |R| = [32m9.348927e+01[39m
      0 Linear |R| = [32m9.348927e+01[39m
      1 Linear |R| = [32m2.239910e-13[39m
21 Nonlinear |R| = [32m2.140599e-02[39m
  Nonlinear solve converged due to CONVERGED_FNORM_ABS iterations 21
Currently Executing
  Finished Solving                                                                       [[33m 22.29 s[39m] [[33m  271 MB[39m]
[32m Solve Converged![39m

Outlier Variable Residual Norms:
  vonmises_stress: [33m8.752870e-03[39m
  stress_xx: [33m8.646418e-03[39m
  stress_yy: [33m1.516179e-02[39m
  stress_zz: [33m8.030975e-03[39m

Postprocessor Values:
+----------------+----------------+----------------+----------------+
| time           | disp_y_max     | react_y_top    | stress_vm_max  |
+----------------+----------------+----------------+----------------+
|   0.000000e+00 |   0.000000e+00 |   0.000000e+00 |   0.000000e+00 |
|   1.000000e+00 |   3.125000e-06 |   2.904052e+05 |   4.527343e+07 |
+----------------+----------------+----------------+----------------+


Time Step 2, time = 1.5, dt = 0.5
  Applying predictor with scale factor = 1
 0 Nonlinear |R| = [32m8.204387e+00[39m
      0 Linear |R| = [32m8.204387e+00[39m
      1 Linear |R| = [32m2.927810e-12[39m
 1 Nonlinear |R| = [32m2.838547e-02[39m
      0 Linear |R| = [32m2.838547e-02[39m
      1 Linear |R| = [32m7.914235e-17[39m
 2 Nonlinear |R| = [32m1.521710e-06[39m
  Nonlinear solve converged due to CONVERGED_FNORM_ABS iterations 2
[32m Solve Converged![39m

Outlier Variable Residual Norms:
  disp_x: [33m9.888362e-07[39m
  disp_y: [33m1.156634e-06[39m

Postprocessor Values:
+----------------+----------------+----------------+----------------+
| time           | disp_y_max     | react_y_top    | stress_vm_max  |
+----------------+----------------+----------------+----------------+
|   0.000000e+00 |   0.000000e+00 |   0.000000e+00 |   0.000000e+00 |
|   1.000000e+00 |   3.125000e-06 |   2.904052e+05 |   4.527343e+07 |
|   1.500000e+00 |   4.687500e-06 |   4.356007e+05 |   6.790487e+07 |
+----------------+----------------+----------------+----------------+


Time Step 3, time = 2.1, dt = 0.6
  Applying predictor with scale factor = 1
 0 Nonlinear |R| = [32m7.216195e+00[39m
      0 Linear |R| = [32m7.216195e+00[39m
      1 Linear |R| = [32m2.571507e-12[39m
 1 Nonlinear |R| = [32m2.496656e-02[39m
      0 Linear |R| = [32m2.496656e-02[39m
      1 Linear |R| = [32m1.194274e-17[39m
 2 Nonlinear |R| = [32m1.514326e-06[39m
  Nonlinear solve converged due to CONVERGED_FNORM_ABS iterations 2
[32m Solve Converged![39m

Outlier Variable Residual Norms:
  disp_x: [33m9.878997e-07[39m
  disp_y: [33m1.147709e-06[39m

Postprocessor Values:
+----------------+----------------+----------------+----------------+
| time           | disp_y_max     | react_y_top    | stress_vm_max  |
+----------------+----------------+----------------+----------------+
|   0.000000e+00 |   0.000000e+00 |   0.000000e+00 |   0.000000e+00 |
|   1.000000e+00 |   3.125000e-06 |   2.904052e+05 |   4.527343e+07 |
|   1.500000e+00 |   4.687500e-06 |   4.356007e+05 |   6.790487e+07 |
|   2.100000e+00 |   6.562500e-06 |   6.098289e+05 |   9.505822e+07 |
+----------------+----------------+----------------+----------------+


Time Step 4, time = 2.82, dt = 0.72
  Applying predictor with scale factor = 1
 0 Nonlinear |R| = [32m1.038701e+01[39m
      0 Linear |R| = [32m1.038701e+01[39m
      1 Linear |R| = [32m3.602740e-12[39m
 1 Nonlinear |R| = [32m3.593662e-02[39m
      0 Linear |R| = [32m3.593662e-02[39m
      1 Linear |R| = [32m1.280485e-16[39m
 2 Nonlinear |R| = [32m1.533151e-06[39m
  Nonlinear solve converged due to CONVERGED_FNORM_ABS iterations 2
[32m Solve Converged![39m

Outlier Variable Residual Norms:
  disp_x: [33m9.829580e-07[39m
  disp_y: [33m1.176581e-06[39m

Postprocessor Values:
+----------------+----------------+----------------+----------------+
| time           | disp_y_max     | react_y_top    | stress_vm_max  |
+----------------+----------------+----------------+----------------+
|   0.000000e+00 |   0.000000e+00 |   0.000000e+00 |   0.000000e+00 |
|   1.000000e+00 |   3.125000e-06 |   2.904052e+05 |   4.527343e+07 |
|   1.500000e+00 |   4.687500e-06 |   4.356007e+05 |   6.790487e+07 |
|   2.100000e+00 |   6.562500e-06 |   6.098289e+05 |   9.505822e+07 |
|   2.820000e+00 |   8.812500e-06 |   8.188936e+05 |   1.276357e+08 |
+----------------+----------------+----------------+----------------+


Time Step 5, time = 3.684, dt = 0.864
  Applying predictor with scale factor = 1
 0 Nonlinear |R| = [32m1.494996e+01[39m
      0 Linear |R| = [32m1.494996e+01[39m
      1 Linear |R| = [32m5.322880e-12[39m
 1 Nonlinear |R| = [32m5.172245e-02[39m
      0 Linear |R| = [32m5.172245e-02[39m
      1 Linear |R| = [32m2.645003e-16[39m
 2 Nonlinear |R| = [32m1.558286e-06[39m
  Nonlinear solve converged due to CONVERGED_FNORM_ABS iterations 2
[32m Solve Converged![39m

Outlier Variable Residual Norms:
  disp_x: [33m1.008514e-06[39m
  disp_y: [33m1.187919e-06[39m

Postprocessor Values:
+----------------+----------------+----------------+----------------+
| time           | disp_y_max     | react_y_top    | stress_vm_max  |
+----------------+----------------+----------------+----------------+
|   0.000000e+00 |   0.000000e+00 |   0.000000e+00 |   0.000000e+00 |
|   1.000000e+00 |   3.125000e-06 |   2.904052e+05 |   4.527343e+07 |
|   1.500000e+00 |   4.687500e-06 |   4.356007e+05 |   6.790487e+07 |
|   2.100000e+00 |   6.562500e-06 |   6.098289e+05 |   9.505822e+07 |
|   2.820000e+00 |   8.812500e-06 |   8.188936e+05 |   1.276357e+08 |
|   3.684000e+00 |   1.151250e-05 |   1.069758e+06 |   1.667195e+08 |
+----------------+----------------+----------------+----------------+


Time Step 6, time = 4.684, dt = 1
  Applying predictor with scale factor = 1
 0 Nonlinear |R| = [32m2.034981e+01[39m
      0 Linear |R| = [32m2.034981e+01[39m
      1 Linear |R| = [32m7.329767e-12[39m
 1 Nonlinear |R| = [32m7.040367e-02[39m
      0 Linear |R| = [32m7.040367e-02[39m
      1 Linear |R| = [32m3.438309e-16[39m
 2 Nonlinear |R| = [32m1.517104e-06[39m
  Nonlinear solve converged due to CONVERGED_FNORM_ABS iterations 2
[32m Solve Converged![39m

Outlier Variable Residual Norms:
  disp_x: [33m9.665796e-07[39m
  disp_y: [33m1.169322e-06[39m

Postprocessor Values:
+----------------+----------------+----------------+----------------+
| time           | disp_y_max     | react_y_top    | stress_vm_max  |
+----------------+----------------+----------------+----------------+
|   0.000000e+00 |   0.000000e+00 |   0.000000e+00 |   0.000000e+00 |
|   1.000000e+00 |   3.125000e-06 |   2.904052e+05 |   4.527343e+07 |
|   1.500000e+00 |   4.687500e-06 |   4.356007e+05 |   6.790487e+07 |
|   2.100000e+00 |   6.562500e-06 |   6.098289e+05 |   9.505822e+07 |
|   2.820000e+00 |   8.812500e-06 |   8.188936e+05 |   1.276357e+08 |
|   3.684000e+00 |   1.151250e-05 |   1.069758e+06 |   1.667195e+08 |
|   4.684000e+00 |   1.463750e-05 |   1.360093e+06 |   2.119425e+08 |
+----------------+----------------+----------------+----------------+


Time Step 7, time = 5.684, dt = 1
  Applying predictor with scale factor = 1
 0 Nonlinear |R| = [32m1.316416e+04[39m
      0 Linear |R| = [32m1.316416e+04[39m
      1 Linear |R| = [32m2.869871e-10[39m
 1 Nonlinear |R| = [32m1.779888e+03[39m
      0 Linear |R| = [32m1.779888e+03[39m
      1 Linear |R| = [32m2.112098e-11[39m
 2 Nonlinear |R| = [32m9.431216e+01[39m
      0 Linear |R| = [32m9.431216e+01[39m
      1 Linear |R| = [32m5.179452e-13[39m
 3 Nonlinear |R| = [32m4.055677e-02[39m
      0 Linear |R| = [32m4.055677e-02[39m
      1 Linear |R| = [32m1.655722e-16[39m
 4 Nonlinear |R| = [32m3.511484e-06[39m
  Nonlinear solve converged due to CONVERGED_FNORM_ABS iterations 4
[32m Solve Converged![39m

Outlier Variable Residual Norms:
  stress_xx: [33m2.036345e-06[39m
  stress_yy: [33m1.253042e-06[39m
  disp_y: [33m1.327242e-06[39m

Postprocessor Values:
+----------------+----------------+----------------+----------------+
| time           | disp_y_max     | react_y_top    | stress_vm_max  |
+----------------+----------------+----------------+----------------+
|   0.000000e+00 |   0.000000e+00 |   0.000000e+00 |   0.000000e+00 |
|   1.000000e+00 |   3.125000e-06 |   2.904052e+05 |   4.527343e+07 |
|   1.500000e+00 |   4.687500e-06 |   4.356007e+05 |   6.790487e+07 |
|   2.100000e+00 |   6.562500e-06 |   6.098289e+05 |   9.505822e+07 |
|   2.820000e+00 |   8.812500e-06 |   8.188936e+05 |   1.276357e+08 |
|   3.684000e+00 |   1.151250e-05 |   1.069758e+06 |   1.667195e+08 |
|   4.684000e+00 |   1.463750e-05 |   1.360093e+06 |   2.119425e+08 |
|   5.684000e+00 |   1.776250e-05 |   1.647677e+06 |   2.311191e+08 |
+----------------+----------------+----------------+----------------+


Time Step 8, time = 6.684, dt = 1
  Applying predictor with scale factor = 1
 0 Nonlinear |R| = [32m2.002189e+04[39m
      0 Linear |R| = [32m2.002189e+04[39m
      1 Linear |R| = [32m1.569365e-09[39m
 1 Nonlinear |R| = [32m7.816034e+03[39m
      0 Linear |R| = [32m7.816034e+03[39m
      1 Linear |R| = [32m1.112712e-10[39m
 2 Nonlinear |R| = [32m7.102827e+02[39m
      0 Linear |R| = [32m7.102827e+02[39m
      1 Linear |R| = [32m4.792931e-12[39m
 3 Nonlinear |R| = [32m8.894827e-01[39m
      0 Linear |R| = [32m8.894827e-01[39m
      1 Linear |R| = [32m4.940857e-15[39m
 4 Nonlinear |R| = [32m1.215485e-04[39m
  Nonlinear solve converged due to CONVERGED_FNORM_ABS iterations 4
[32m Solve Converged![39m

Outlier Variable Residual Norms:
  stress_xx: [33m7.819004e-05[39m
  stress_yy: [33m5.507664e-05[39m
  stress_zz: [33m5.061600e-05[39m

Postprocessor Values:
+----------------+----------------+----------------+----------------+
| time           | disp_y_max     | react_y_top    | stress_vm_max  |
+----------------+----------------+----------------+----------------+
|   0.000000e+00 |   0.000000e+00 |   0.000000e+00 |   0.000000e+00 |
|   1.000000e+00 |   3.125000e-06 |   2.904052e+05 |   4.527343e+07 |
|   1.500000e+00 |   4.687500e-06 |   4.356007e+05 |   6.790487e+07 |
|   2.100000e+00 |   6.562500e-06 |   6.098289e+05 |   9.505822e+07 |
|   2.820000e+00 |   8.812500e-06 |   8.188936e+05 |   1.276357e+08 |
|   3.684000e+00 |   1.151250e-05 |   1.069758e+06 |   1.667195e+08 |
|   4.684000e+00 |   1.463750e-05 |   1.360093e+06 |   2.119425e+08 |
|   5.684000e+00 |   1.776250e-05 |   1.647677e+06 |   2.311191e+08 |
|   6.684000e+00 |   2.088750e-05 |   1.920259e+06 |   2.318975e+08 |
+----------------+----------------+----------------+----------------+


Time Step 9, time = 7.684, dt = 1
  Applying predictor with scale factor = 1
 0 Nonlinear |R| = [32m1.918323e+04[39m
      0 Linear |R| = [32m1.918323e+04[39m
      1 Linear |R| = [32m2.164693e-09[39m
 1 Nonlinear |R| = [32m1.245599e+04[39m
      0 Linear |R| = [32m1.245599e+04[39m
      1 Linear |R| = [32m1.491241e-09[39m
 2 Nonlinear |R| = [32m2.682673e+03[39m
      0 Linear |R| = [32m2.682673e+03[39m
      1 Linear |R| = [32m6.270348e-11[39m
 3 Nonlinear |R| = [32m1.159840e+02[39m
      0 Linear |R| = [32m1.159840e+02[39m
      1 Linear |R| = [32m9.089252e-13[39m
 4 Nonlinear |R| = [32m3.517884e-02[39m
      0 Linear |R| = [32m3.517884e-02[39m
      1 Linear |R| = [32m2.078870e-16[39m
 5 Nonlinear |R| = [32m3.643940e-06[39m
  Nonlinear solve converged due to CONVERGED_FNORM_ABS iterations 5
  Finished Solving                                                                       [[33m  5.01 s[39m] [[33m  277 MB[39m]
[32m Solve Converged![39m

Outlier Variable Residual Norms:
  vonmises_stress: [33m1.322593e-06[39m
  stress_xx: [33m1.383432e-06[39m
  stress_yy: [33m1.520118e-06[39m
  stress_zz: [33m1.796068e-06[39m
  disp_y: [33m1.391920e-06[39m

Postprocessor Values:
+----------------+----------------+----------------+----------------+
| time           | disp_y_max     | react_y_top    | stress_vm_max  |
+----------------+----------------+----------------+----------------+
|   0.000000e+00 |   0.000000e+00 |   0.000000e+00 |   0.000000e+00 |
|   1.000000e+00 |   3.125000e-06 |   2.904052e+05 |   4.527343e+07 |
|   1.500000e+00 |   4.687500e-06 |   4.356007e+05 |   6.790487e+07 |
|   2.100000e+00 |   6.562500e-06 |   6.098289e+05 |   9.505822e+07 |
|   2.820000e+00 |   8.812500e-06 |   8.188936e+05 |   1.276357e+08 |
|   3.684000e+00 |   1.151250e-05 |   1.069758e+06 |   1.667195e+08 |
|   4.684000e+00 |   1.463750e-05 |   1.360093e+06 |   2.119425e+08 |
|   5.684000e+00 |   1.776250e-05 |   1.647677e+06 |   2.311191e+08 |
|   6.684000e+00 |   2.088750e-05 |   1.920259e+06 |   2.318975e+08 |
|   7.684000e+00 |   2.401250e-05 |   2.169298e+06 |   2.326542e+08 |
+----------------+----------------+----------------+----------------+


Time Step 10, time = 8.684, dt = 1
  Applying predictor with scale factor = 1
 0 Nonlinear |R| = [32m1.935886e+04[39m
      0 Linear |R| = [32m1.935886e+04[39m
      1 Linear |R| = [32m2.485742e-09[39m
 1 Nonlinear |R| = [32m1.573073e+04[39m
      0 Linear |R| = [32m1.573073e+04[39m
      1 Linear |R| = [32m2.205379e-09[39m
 2 Nonlinear |R| = [32m1.246399e+04[39m
      0 Linear |R| = [32m1.246399e+04[39m
      1 Linear |R| = [32m1.912464e-10[39m
 3 Nonlinear |R| = [32m1.905790e+03[39m
      0 Linear |R| = [32m1.905790e+03[39m
      1 Linear |R| = [32m1.718380e-11[39m
 4 Nonlinear |R| = [32m2.264032e+02[39m
      0 Linear |R| = [32m2.264032e+02[39m
      1 Linear |R| = [32m8.693793e-13[39m
 5 Nonlinear |R| = [32m1.690478e-01[39m
      0 Linear |R| = [32m1.690478e-01[39m
      1 Linear |R| = [32m6.731814e-16[39m
 6 Nonlinear |R| = [32m3.270857e-05[39m
  Nonlinear solve converged due to CONVERGED_FNORM_ABS iterations 6
  Finished Solving                                                                       [[33m  5.90 s[39m] [[33m  277 MB[39m]
[32m Solve Converged![39m

Outlier Variable Residual Norms:
  vonmises_stress: [33m1.160588e-05[39m
  stress_xx: [33m2.032897e-05[39m
  stress_yy: [33m1.513952e-05[39m
  stress_zz: [33m1.429273e-05[39m

Postprocessor Values:
+----------------+----------------+----------------+----------------+
| time           | disp_y_max     | react_y_top    | stress_vm_max  |
+----------------+----------------+----------------+----------------+
|   0.000000e+00 |   0.000000e+00 |   0.000000e+00 |   0.000000e+00 |
|   1.000000e+00 |   3.125000e-06 |   2.904052e+05 |   4.527343e+07 |
|   1.500000e+00 |   4.687500e-06 |   4.356007e+05 |   6.790487e+07 |
|   2.100000e+00 |   6.562500e-06 |   6.098289e+05 |   9.505822e+07 |
|   2.820000e+00 |   8.812500e-06 |   8.188936e+05 |   1.276357e+08 |
|   3.684000e+00 |   1.151250e-05 |   1.069758e+06 |   1.667195e+08 |
|   4.684000e+00 |   1.463750e-05 |   1.360093e+06 |   2.119425e+08 |
|   5.684000e+00 |   1.776250e-05 |   1.647677e+06 |   2.311191e+08 |
|   6.684000e+00 |   2.088750e-05 |   1.920259e+06 |   2.318975e+08 |
|   7.684000e+00 |   2.401250e-05 |   2.169298e+06 |   2.326542e+08 |
|   8.684000e+00 |   2.713750e-05 |   2.388449e+06 |   2.326228e+08 |
+----------------+----------------+----------------+----------------+


Time Step 11, time = 9.684, dt = 1
  Applying predictor with scale factor = 1
 0 Nonlinear |R| = [32m1.852421e+04[39m
      0 Linear |R| = [32m1.852421e+04[39m
      1 Linear |R| = [32m2.467275e-09[39m
 1 Nonlinear |R| = [32m1.648845e+04[39m
      0 Linear |R| = [32m1.648845e+04[39m
      1 Linear |R| = [32m2.378323e-09[39m
 2 Nonlinear |R| = [32m1.231500e+04[39m
      0 Linear |R| = [32m1.231500e+04[39m
      1 Linear |R| = [32m1.833583e-09[39m
 3 Nonlinear |R| = [32m9.133464e+03[39m
      0 Linear |R| = [32m9.133464e+03[39m
      1 Linear |R| = [32m9.307117e-11[39m
 4 Nonlinear |R| = [32m9.391212e+02[39m
      0 Linear |R| = [32m9.391212e+02[39m
      1 Linear |R| = [32m6.537924e-12[39m
 5 Nonlinear |R| = [32m5.588765e+01[39m
      0 Linear |R| = [32m5.588765e+01[39m
      1 Linear |R| = [32m5.396599e-13[39m
 6 Nonlinear |R| = [32m3.150396e-02[39m
      0 Linear |R| = [32m3.150396e-02[39m
      1 Linear |R| = [32m3.536097e-16[39m
 7 Nonlinear |R| = [32m2.887243e-06[39m
  Nonlinear solve converged due to CONVERGED_FNORM_ABS iterations 7
  Finished Solving                                                                       [[33m  6.72 s[39m] [[33m  277 MB[39m]
[32m Solve Converged![39m

Outlier Variable Residual Norms:
  stress_xx: [33m1.180563e-06[39m
  stress_zz: [33m1.475632e-06[39m
  disp_x: [33m1.132565e-06[39m
  disp_y: [33m1.277941e-06[39m

Postprocessor Values:
+----------------+----------------+----------------+----------------+
| time           | disp_y_max     | react_y_top    | stress_vm_max  |
+----------------+----------------+----------------+----------------+
|   0.000000e+00 |   0.000000e+00 |   0.000000e+00 |   0.000000e+00 |
|   1.000000e+00 |   3.125000e-06 |   2.904052e+05 |   4.527343e+07 |
|   1.500000e+00 |   4.687500e-06 |   4.356007e+05 |   6.790487e+07 |
|   2.100000e+00 |   6.562500e-06 |   6.098289e+05 |   9.505822e+07 |
|   2.820000e+00 |   8.812500e-06 |   8.188936e+05 |   1.276357e+08 |
|   3.684000e+00 |   1.151250e-05 |   1.069758e+06 |   1.667195e+08 |
|   4.684000e+00 |   1.463750e-05 |   1.360093e+06 |   2.119425e+08 |
|   5.684000e+00 |   1.776250e-05 |   1.647677e+06 |   2.311191e+08 |
|   6.684000e+00 |   2.088750e-05 |   1.920259e+06 |   2.318975e+08 |
|   7.684000e+00 |   2.401250e-05 |   2.169298e+06 |   2.326542e+08 |
|   8.684000e+00 |   2.713750e-05 |   2.388449e+06 |   2.326228e+08 |
|   9.684000e+00 |   3.026250e-05 |   2.573616e+06 |   2.326502e+08 |
+----------------+----------------+----------------+----------------+


Time Step 12, time = 10.684, dt = 1
  Applying predictor with scale factor = 1
 0 Nonlinear |R| = [32m1.782415e+04[39m
      0 Linear |R| = [32m1.782415e+04[39m
      1 Linear |R| = [32m2.335050e-09[39m
 1 Nonlinear |R| = [32m1.520880e+04[39m
      0 Linear |R| = [32m1.520880e+04[39m
      1 Linear |R| = [32m2.152514e-09[39m
 2 Nonlinear |R| = [32m1.110406e+04[39m
      0 Linear |R| = [32m1.110406e+04[39m
      1 Linear |R| = [32m1.523107e-09[39m
 3 Nonlinear |R| = [32m9.084034e+03[39m
      0 Linear |R| = [32m9.084034e+03[39m
      1 Linear |R| = [32m4.839323e-11[39m
 4 Nonlinear |R| = [32m9.016574e+02[39m
      0 Linear |R| = [32m9.016574e+02[39m
      1 Linear |R| = [32m4.751848e-12[39m
 5 Nonlinear |R| = [32m1.206606e+02[39m
      0 Linear |R| = [32m1.206606e+02[39m
      1 Linear |R| = [32m6.617595e-13[39m
 6 Nonlinear |R| = [32m6.846261e-02[39m
      0 Linear |R| = [32m6.846261e-02[39m
      1 Linear |R| = [32m3.434844e-16[39m
 7 Nonlinear |R| = [32m1.756083e-05[39m
  Nonlinear solve converged due to CONVERGED_FNORM_ABS iterations 7
  Finished Solving                                                                       [[33m  6.69 s[39m] [[33m  277 MB[39m]
[32m Solve Converged![39m

Outlier Variable Residual Norms:
  stress_xx: [33m1.075419e-05[39m
  stress_zz: [33m1.060083e-05[39m

Postprocessor Values:
+----------------+----------------+----------------+----------------+
| time           | disp_y_max     | react_y_top    | stress_vm_max  |
+----------------+----------------+----------------+----------------+
|   0.000000e+00 |   0.000000e+00 |   0.000000e+00 |   0.000000e+00 |
|   1.000000e+00 |   3.125000e-06 |   2.904052e+05 |   4.527343e+07 |
|   1.500000e+00 |   4.687500e-06 |   4.356007e+05 |   6.790487e+07 |
|   2.100000e+00 |   6.562500e-06 |   6.098289e+05 |   9.505822e+07 |
|   2.820000e+00 |   8.812500e-06 |   8.188936e+05 |   1.276357e+08 |
|   3.684000e+00 |   1.151250e-05 |   1.069758e+06 |   1.667195e+08 |
|   4.684000e+00 |   1.463750e-05 |   1.360093e+06 |   2.119425e+08 |
|   5.684000e+00 |   1.776250e-05 |   1.647677e+06 |   2.311191e+08 |
|   6.684000e+00 |   2.088750e-05 |   1.920259e+06 |   2.318975e+08 |
|   7.684000e+00 |   2.401250e-05 |   2.169298e+06 |   2.326542e+08 |
|   8.684000e+00 |   2.713750e-05 |   2.388449e+06 |   2.326228e+08 |
|   9.684000e+00 |   3.026250e-05 |   2.573616e+06 |   2.326502e+08 |
|   1.068400e+01 |   3.338750e-05 |   2.721713e+06 |   2.326984e+08 |
+----------------+----------------+----------------+----------------+


Time Step 13, time = 11.684, dt = 1
  Applying predictor with scale factor = 1
 0 Nonlinear |R| = [32m1.961832e+04[39m
      0 Linear |R| = [32m1.961832e+04[39m
      1 Linear |R| = [32m1.792279e-09[39m
 1 Nonlinear |R| = [32m1.391091e+04[39m
      0 Linear |R| = [32m1.391091e+04[39m
      1 Linear |R| = [32m1.221785e-09[39m
 2 Nonlinear |R| = [32m7.558239e+03[39m
      0 Linear |R| = [32m7.558239e+03[39m
      1 Linear |R| = [32m7.228547e-11[39m
 3 Nonlinear |R| = [32m4.671956e+02[39m
      0 Linear |R| = [32m4.671956e+02[39m
      1 Linear |R| = [32m2.088508e-12[39m
 4 Nonlinear |R| = [32m1.807289e+01[39m
      0 Linear |R| = [32m1.807289e+01[39m
      1 Linear |R| = [32m5.010761e-14[39m
 5 Nonlinear |R| = [32m5.932117e-03[39m
  Nonlinear solve converged due to CONVERGED_FNORM_ABS iterations 5
[32m Solve Converged![39m

Outlier Variable Residual Norms:
  vonmises_stress: [33m3.415962e-03[39m
  stress_xx: [33m3.116924e-03[39m
  stress_yy: [33m2.957974e-03[39m

Postprocessor Values:
+----------------+----------------+----------------+----------------+
| time           | disp_y_max     | react_y_top    | stress_vm_max  |
+----------------+----------------+----------------+----------------+
|   0.000000e+00 |   0.000000e+00 |   0.000000e+00 |   0.000000e+00 |
|   1.000000e+00 |   3.125000e-06 |   2.904052e+05 |   4.527343e+07 |
|   1.500000e+00 |   4.687500e-06 |   4.356007e+05 |   6.790487e+07 |
|   2.100000e+00 |   6.562500e-06 |   6.098289e+05 |   9.505822e+07 |
|   2.820000e+00 |   8.812500e-06 |   8.188936e+05 |   1.276357e+08 |
|   3.684000e+00 |   1.151250e-05 |   1.069758e+06 |   1.667195e+08 |
|   4.684000e+00 |   1.463750e-05 |   1.360093e+06 |   2.119425e+08 |
|   5.684000e+00 |   1.776250e-05 |   1.647677e+06 |   2.311191e+08 |
|   6.684000e+00 |   2.088750e-05 |   1.920259e+06 |   2.318975e+08 |
|   7.684000e+00 |   2.401250e-05 |   2.169298e+06 |   2.326542e+08 |
|   8.684000e+00 |   2.713750e-05 |   2.388449e+06 |   2.326228e+08 |
|   9.684000e+00 |   3.026250e-05 |   2.573616e+06 |   2.326502e+08 |
|   1.068400e+01 |   3.338750e-05 |   2.721713e+06 |   2.326984e+08 |
|   1.168400e+01 |   3.651250e-05 |   2.828162e+06 |   2.367367e+08 |
+----------------+----------------+----------------+----------------+


Time Step 14, time = 12.684, dt = 1
  Applying predictor with scale factor = 1
 0 Nonlinear |R| = [32m2.196371e+04[39m
      0 Linear |R| = [32m2.196371e+04[39m
      1 Linear |R| = [32m1.237439e-09[39m
 1 Nonlinear |R| = [32m5.906240e+03[39m
      0 Linear |R| = [32m5.906240e+03[39m
      1 Linear |R| = [32m8.362033e-11[39m
 2 Nonlinear |R| = [32m1.646957e+03[39m
      0 Linear |R| = [32m1.646957e+03[39m
      1 Linear |R| = [32m2.144190e-11[39m
 3 Nonlinear |R| = [32m2.164167e+02[39m
      0 Linear |R| = [32m2.164167e+02[39m
      1 Linear |R| = [32m1.452367e-12[39m
 4 Nonlinear |R| = [32m4.205885e+00[39m
      0 Linear |R| = [32m4.205885e+00[39m
      1 Linear |R| = [32m1.384026e-14[39m
 5 Nonlinear |R| = [32m1.088291e-03[39m
  Nonlinear solve converged due to CONVERGED_FNORM_ABS iterations 5
[32m Solve Converged![39m

Outlier Variable Residual Norms:
  vonmises_stress: [33m6.923732e-04[39m
  stress_xx: [33m4.792352e-04[39m
  stress_yy: [33m5.321744e-04[39m

Postprocessor Values:
+----------------+----------------+----------------+----------------+
| time           | disp_y_max     | react_y_top    | stress_vm_max  |
+----------------+----------------+----------------+----------------+
|   0.000000e+00 |   0.000000e+00 |   0.000000e+00 |   0.000000e+00 |
|   1.000000e+00 |   3.125000e-06 |   2.904052e+05 |   4.527343e+07 |
|   1.500000e+00 |   4.687500e-06 |   4.356007e+05 |   6.790487e+07 |
|   2.100000e+00 |   6.562500e-06 |   6.098289e+05 |   9.505822e+07 |
|   2.820000e+00 |   8.812500e-06 |   8.188936e+05 |   1.276357e+08 |
|   3.684000e+00 |   1.151250e-05 |   1.069758e+06 |   1.667195e+08 |
|   4.684000e+00 |   1.463750e-05 |   1.360093e+06 |   2.119425e+08 |
|   5.684000e+00 |   1.776250e-05 |   1.647677e+06 |   2.311191e+08 |
|   6.684000e+00 |   2.088750e-05 |   1.920259e+06 |   2.318975e+08 |
|   7.684000e+00 |   2.401250e-05 |   2.169298e+06 |   2.326542e+08 |
|   8.684000e+00 |   2.713750e-05 |   2.388449e+06 |   2.326228e+08 |
|   9.684000e+00 |   3.026250e-05 |   2.573616e+06 |   2.326502e+08 |
|   1.068400e+01 |   3.338750e-05 |   2.721713e+06 |   2.326984e+08 |
|   1.168400e+01 |   3.651250e-05 |   2.828162e+06 |   2.367367e+08 |
|   1.268400e+01 |   3.963750e-05 |   2.894130e+06 |   2.405391e+08 |
+----------------+----------------+----------------+----------------+


Time Step 15, time = 13.684, dt = 1
  Applying predictor with scale factor = 1
 0 Nonlinear |R| = [32m2.222558e+04[39m
      0 Linear |R| = [32m2.222558e+04[39m
      1 Linear |R| = [32m1.865484e-09[39m
 1 Nonlinear |R| = [32m1.208622e+04[39m
      0 Linear |R| = [32m1.208622e+04[39m
      1 Linear |R| = [32m4.917422e-10[39m
 2 Nonlinear |R| = [32m4.973233e+03[39m
      0 Linear |R| = [32m4.973233e+03[39m
      1 Linear |R| = [32m2.276285e-10[39m
 3 Nonlinear |R| = [32m1.849326e+03[39m
      0 Linear |R| = [32m1.849326e+03[39m
      1 Linear |R| = [32m3.749623e-11[39m
 4 Nonlinear |R| = [32m5.548142e+01[39m
      0 Linear |R| = [32m5.548142e+01[39m
      1 Linear |R| = [32m6.749347e-13[39m
 5 Nonlinear |R| = [32m1.001218e+01[39m
      0 Linear |R| = [32m1.001218e+01[39m
      1 Linear |R| = [32m1.184518e-13[39m
 6 Nonlinear |R| = [32m6.228241e-03[39m
  Nonlinear solve converged due to CONVERGED_FNORM_ABS iterations 6
  Finished Solving                                                                       [[33m  5.62 s[39m] [[33m  303 MB[39m]
[32m Solve Converged![39m

Outlier Variable Residual Norms:
  stress_xx: [33m5.119202e-03[39m

Postprocessor Values:
+----------------+----------------+----------------+----------------+
| time           | disp_y_max     | react_y_top    | stress_vm_max  |
+----------------+----------------+----------------+----------------+
:                :                :                :                :
|   1.000000e+00 |   3.125000e-06 |   2.904052e+05 |   4.527343e+07 |
|   1.500000e+00 |   4.687500e-06 |   4.356007e+05 |   6.790487e+07 |
|   2.100000e+00 |   6.562500e-06 |   6.098289e+05 |   9.505822e+07 |
|   2.820000e+00 |   8.812500e-06 |   8.188936e+05 |   1.276357e+08 |
|   3.684000e+00 |   1.151250e-05 |   1.069758e+06 |   1.667195e+08 |
|   4.684000e+00 |   1.463750e-05 |   1.360093e+06 |   2.119425e+08 |
|   5.684000e+00 |   1.776250e-05 |   1.647677e+06 |   2.311191e+08 |
|   6.684000e+00 |   2.088750e-05 |   1.920259e+06 |   2.318975e+08 |
|   7.684000e+00 |   2.401250e-05 |   2.169298e+06 |   2.326542e+08 |
|   8.684000e+00 |   2.713750e-05 |   2.388449e+06 |   2.326228e+08 |
|   9.684000e+00 |   3.026250e-05 |   2.573616e+06 |   2.326502e+08 |
|   1.068400e+01 |   3.338750e-05 |   2.721713e+06 |   2.326984e+08 |
|   1.168400e+01 |   3.651250e-05 |   2.828162e+06 |   2.367367e+08 |
|   1.268400e+01 |   3.963750e-05 |   2.894130e+06 |   2.405391e+08 |
|   1.368400e+01 |   4.290527e-05 |   2.931728e+06 |   2.408341e+08 |
+----------------+----------------+----------------+----------------+


Time Step 16, time = 14.684, dt = 1
  Applying predictor with scale factor = 1
 0 Nonlinear |R| = [32m1.879771e+04[39m
      0 Linear |R| = [32m1.879771e+04[39m
      1 Linear |R| = [32m2.432519e-09[39m
 1 Nonlinear |R| = [32m9.293219e+03[39m
      0 Linear |R| = [32m9.293219e+03[39m
      1 Linear |R| = [32m4.726998e-10[39m
 2 Nonlinear |R| = [32m3.409876e+03[39m
      0 Linear |R| = [32m3.409876e+03[39m
      1 Linear |R| = [32m7.208534e-11[39m
 3 Nonlinear |R| = [32m5.842694e+02[39m
      0 Linear |R| = [32m5.842694e+02[39m
      1 Linear |R| = [32m5.303990e-12[39m
 4 Nonlinear |R| = [32m9.967284e+01[39m
      0 Linear |R| = [32m9.967284e+01[39m
      1 Linear |R| = [32m1.160123e-12[39m
 5 Nonlinear |R| = [32m1.313943e-01[39m
      0 Linear |R| = [32m1.313943e-01[39m
      1 Linear |R| = [32m9.428073e-16[39m
 6 Nonlinear |R| = [32m4.269401e-05[39m
  Nonlinear solve converged due to CONVERGED_FNORM_ABS iterations 6
  Finished Solving                                                                       [[33m  5.45 s[39m] [[33m  304 MB[39m]
[32m Solve Converged![39m

Outlier Variable Residual Norms:
  stress_xx: [33m2.882278e-05[39m
  stress_zz: [33m2.384714e-05[39m

Postprocessor Values:
+----------------+----------------+----------------+----------------+
| time           | disp_y_max     | react_y_top    | stress_vm_max  |
+----------------+----------------+----------------+----------------+
:                :                :                :                :
|   1.500000e+00 |   4.687500e-06 |   4.356007e+05 |   6.790487e+07 |
|   2.100000e+00 |   6.562500e-06 |   6.098289e+05 |   9.505822e+07 |
|   2.820000e+00 |   8.812500e-06 |   8.188936e+05 |   1.276357e+08 |
|   3.684000e+00 |   1.151250e-05 |   1.069758e+06 |   1.667195e+08 |
|   4.684000e+00 |   1.463750e-05 |   1.360093e+06 |   2.119425e+08 |
|   5.684000e+00 |   1.776250e-05 |   1.647677e+06 |   2.311191e+08 |
|   6.684000e+00 |   2.088750e-05 |   1.920259e+06 |   2.318975e+08 |
|   7.684000e+00 |   2.401250e-05 |   2.169298e+06 |   2.326542e+08 |
|   8.684000e+00 |   2.713750e-05 |   2.388449e+06 |   2.326228e+08 |
|   9.684000e+00 |   3.026250e-05 |   2.573616e+06 |   2.326502e+08 |
|   1.068400e+01 |   3.338750e-05 |   2.721713e+06 |   2.326984e+08 |
|   1.168400e+01 |   3.651250e-05 |   2.828162e+06 |   2.367367e+08 |
|   1.268400e+01 |   3.963750e-05 |   2.894130e+06 |   2.405391e+08 |
|   1.368400e+01 |   4.290527e-05 |   2.931728e+06 |   2.408341e+08 |
|   1.468400e+01 |   4.620124e-05 |   2.951375e+06 |   2.411136e+08 |
+----------------+----------------+----------------+----------------+


Time Step 17, time = 15.684, dt = 1
  Applying predictor with scale factor = 1
 0 Nonlinear |R| = [32m1.278531e+04[39m
      0 Linear |R| = [32m1.278531e+04[39m
      1 Linear |R| = [32m9.414311e-10[39m
 1 Nonlinear |R| = [32m4.874759e+03[39m
      0 Linear |R| = [32m4.874759e+03[39m
      1 Linear |R| = [32m1.039124e-10[39m
 2 Nonlinear |R| = [32m8.996743e+02[39m
      0 Linear |R| = [32m8.996743e+02[39m
      1 Linear |R| = [32m9.251599e-12[39m
 3 Nonlinear |R| = [32m9.185030e+01[39m
      0 Linear |R| = [32m9.185030e+01[39m
      1 Linear |R| = [32m1.243777e-12[39m
 4 Nonlinear |R| = [32m5.647375e-02[39m
      0 Linear |R| = [32m5.647375e-02[39m
      1 Linear |R| = [32m4.759475e-16[39m
 5 Nonlinear |R| = [32m9.022145e-06[39m
  Nonlinear solve converged due to CONVERGED_FNORM_ABS iterations 5
[32m Solve Converged![39m

Outlier Variable Residual Norms:
  stress_xx: [33m4.818923e-06[39m
  stress_yy: [33m3.336778e-06[39m
  stress_zz: [33m3.469885e-06[39m
  stress_xy: [33m4.707662e-06[39m

Postprocessor Values:
+----------------+----------------+----------------+----------------+
| time           | disp_y_max     | react_y_top    | stress_vm_max  |
+----------------+----------------+----------------+----------------+
:                :                :                :                :
|   2.100000e+00 |   6.562500e-06 |   6.098289e+05 |   9.505822e+07 |
|   2.820000e+00 |   8.812500e-06 |   8.188936e+05 |   1.276357e+08 |
|   3.684000e+00 |   1.151250e-05 |   1.069758e+06 |   1.667195e+08 |
|   4.684000e+00 |   1.463750e-05 |   1.360093e+06 |   2.119425e+08 |
|   5.684000e+00 |   1.776250e-05 |   1.647677e+06 |   2.311191e+08 |
|   6.684000e+00 |   2.088750e-05 |   1.920259e+06 |   2.318975e+08 |
|   7.684000e+00 |   2.401250e-05 |   2.169298e+06 |   2.326542e+08 |
|   8.684000e+00 |   2.713750e-05 |   2.388449e+06 |   2.326228e+08 |
|   9.684000e+00 |   3.026250e-05 |   2.573616e+06 |   2.326502e+08 |
|   1.068400e+01 |   3.338750e-05 |   2.721713e+06 |   2.326984e+08 |
|   1.168400e+01 |   3.651250e-05 |   2.828162e+06 |   2.367367e+08 |
|   1.268400e+01 |   3.963750e-05 |   2.894130e+06 |   2.405391e+08 |
|   1.368400e+01 |   4.290527e-05 |   2.931728e+06 |   2.408341e+08 |
|   1.468400e+01 |   4.620124e-05 |   2.951375e+06 |   2.411136e+08 |
|   1.568400e+01 |   4.945415e-05 |   2.965053e+06 |   2.420392e+08 |
+----------------+----------------+----------------+----------------+


Time Step 18, time = 16.684, dt = 1
  Applying predictor with scale factor = 1
 0 Nonlinear |R| = [32m9.491530e+03[39m
      0 Linear |R| = [32m9.491530e+03[39m
      1 Linear |R| = [32m2.629229e-10[39m
 1 Nonlinear |R| = [32m1.743300e+03[39m
      0 Linear |R| = [32m1.743300e+03[39m
      1 Linear |R| = [32m3.786333e-11[39m
 2 Nonlinear |R| = [32m9.449651e+01[39m
      0 Linear |R| = [32m9.449651e+01[39m
      1 Linear |R| = [32m1.101079e-12[39m
 3 Nonlinear |R| = [32m5.956637e+00[39m
      0 Linear |R| = [32m5.956637e+00[39m
      1 Linear |R| = [32m8.650254e-14[39m
 4 Nonlinear |R| = [32m1.951193e-03[39m
  Nonlinear solve converged due to CONVERGED_FNORM_ABS iterations 4
[32m Solve Converged![39m

Outlier Variable Residual Norms:
  vonmises_stress: [33m1.077119e-03[39m
  stress_xx: [33m1.208299e-03[39m
  stress_zz: [33m7.027548e-04[39m

Postprocessor Values:
+----------------+----------------+----------------+----------------+
| time           | disp_y_max     | react_y_top    | stress_vm_max  |
+----------------+----------------+----------------+----------------+
:                :                :                :                :
|   2.820000e+00 |   8.812500e-06 |   8.188936e+05 |   1.276357e+08 |
|   3.684000e+00 |   1.151250e-05 |   1.069758e+06 |   1.667195e+08 |
|   4.684000e+00 |   1.463750e-05 |   1.360093e+06 |   2.119425e+08 |
|   5.684000e+00 |   1.776250e-05 |   1.647677e+06 |   2.311191e+08 |
|   6.684000e+00 |   2.088750e-05 |   1.920259e+06 |   2.318975e+08 |
|   7.684000e+00 |   2.401250e-05 |   2.169298e+06 |   2.326542e+08 |
|   8.684000e+00 |   2.713750e-05 |   2.388449e+06 |   2.326228e+08 |
|   9.684000e+00 |   3.026250e-05 |   2.573616e+06 |   2.326502e+08 |
|   1.068400e+01 |   3.338750e-05 |   2.721713e+06 |   2.326984e+08 |
|   1.168400e+01 |   3.651250e-05 |   2.828162e+06 |   2.367367e+08 |
|   1.268400e+01 |   3.963750e-05 |   2.894130e+06 |   2.405391e+08 |
|   1.368400e+01 |   4.290527e-05 |   2.931728e+06 |   2.408341e+08 |
|   1.468400e+01 |   4.620124e-05 |   2.951375e+06 |   2.411136e+08 |
|   1.568400e+01 |   4.945415e-05 |   2.965053e+06 |   2.420392e+08 |
|   1.668400e+01 |   5.269489e-05 |   2.976794e+06 |   2.429013e+08 |
+----------------+----------------+----------------+----------------+


Time Step 19, time = 17.684, dt = 1
  Applying predictor with scale factor = 1
 0 Nonlinear |R| = [32m7.950621e+03[39m
      0 Linear |R| = [32m7.950621e+03[39m
      1 Linear |R| = [32m1.923247e-10[39m
 1 Nonlinear |R| = [32m1.148836e+03[39m
      0 Linear |R| = [32m1.148836e+03[39m
      1 Linear |R| = [32m2.806388e-11[39m
 2 Nonlinear |R| = [32m2.015626e+01[39m
      0 Linear |R| = [32m2.015626e+01[39m
      1 Linear |R| = [32m2.190318e-13[39m
 3 Nonlinear |R| = [32m3.875980e-01[39m
      0 Linear |R| = [32m3.875980e-01[39m
      1 Linear |R| = [32m1.944244e-15[39m
 4 Nonlinear |R| = [32m2.228836e-04[39m
  Nonlinear solve converged due to CONVERGED_FNORM_ABS iterations 4
[32m Solve Converged![39m

Outlier Variable Residual Norms:
  vonmises_stress: [33m1.403803e-04[39m
  stress_xx: [33m8.422031e-05[39m
  stress_yy: [33m9.828865e-05[39m
  stress_zz: [33m1.049558e-04[39m

Postprocessor Values:
+----------------+----------------+----------------+----------------+
| time           | disp_y_max     | react_y_top    | stress_vm_max  |
+----------------+----------------+----------------+----------------+
:                :                :                :                :
|   3.684000e+00 |   1.151250e-05 |   1.069758e+06 |   1.667195e+08 |
|   4.684000e+00 |   1.463750e-05 |   1.360093e+06 |   2.119425e+08 |
|   5.684000e+00 |   1.776250e-05 |   1.647677e+06 |   2.311191e+08 |
|   6.684000e+00 |   2.088750e-05 |   1.920259e+06 |   2.318975e+08 |
|   7.684000e+00 |   2.401250e-05 |   2.169298e+06 |   2.326542e+08 |
|   8.684000e+00 |   2.713750e-05 |   2.388449e+06 |   2.326228e+08 |
|   9.684000e+00 |   3.026250e-05 |   2.573616e+06 |   2.326502e+08 |
|   1.068400e+01 |   3.338750e-05 |   2.721713e+06 |   2.326984e+08 |
|   1.168400e+01 |   3.651250e-05 |   2.828162e+06 |   2.367367e+08 |
|   1.268400e+01 |   3.963750e-05 |   2.894130e+06 |   2.405391e+08 |
|   1.368400e+01 |   4.290527e-05 |   2.931728e+06 |   2.408341e+08 |
|   1.468400e+01 |   4.620124e-05 |   2.951375e+06 |   2.411136e+08 |
|   1.568400e+01 |   4.945415e-05 |   2.965053e+06 |   2.420392e+08 |
|   1.668400e+01 |   5.269489e-05 |   2.976794e+06 |   2.429013e+08 |
|   1.768400e+01 |   5.592665e-05 |   2.987152e+06 |   2.436925e+08 |
+----------------+----------------+----------------+----------------+


Time Step 20, time = 18.684, dt = 1
  Applying predictor with scale factor = 1
 0 Nonlinear |R| = [32m6.091375e+03[39m
      0 Linear |R| = [32m6.091375e+03[39m
      1 Linear |R| = [32m1.431290e-10[39m
 1 Nonlinear |R| = [32m6.943099e+02[39m
      0 Linear |R| = [32m6.943099e+02[39m
      1 Linear |R| = [32m9.109977e-12[39m
 2 Nonlinear |R| = [32m5.709354e+00[39m
      0 Linear |R| = [32m5.709354e+00[39m
      1 Linear |R| = [32m5.332761e-14[39m
 3 Nonlinear |R| = [32m1.540527e-03[39m
  Nonlinear solve converged due to CONVERGED_FNORM_ABS iterations 3
[32m Solve Converged![39m

Outlier Variable Residual Norms:
  vonmises_stress: [33m7.218169e-04[39m
  stress_xx: [33m7.729637e-04[39m
  stress_zz: [33m6.910506e-04[39m

Postprocessor Values:
+----------------+----------------+----------------+----------------+
| time           | disp_y_max     | react_y_top    | stress_vm_max  |
+----------------+----------------+----------------+----------------+
:                :                :                :                :
|   4.684000e+00 |   1.463750e-05 |   1.360093e+06 |   2.119425e+08 |
|   5.684000e+00 |   1.776250e-05 |   1.647677e+06 |   2.311191e+08 |
|   6.684000e+00 |   2.088750e-05 |   1.920259e+06 |   2.318975e+08 |
|   7.684000e+00 |   2.401250e-05 |   2.169298e+06 |   2.326542e+08 |
|   8.684000e+00 |   2.713750e-05 |   2.388449e+06 |   2.326228e+08 |
|   9.684000e+00 |   3.026250e-05 |   2.573616e+06 |   2.326502e+08 |
|   1.068400e+01 |   3.338750e-05 |   2.721713e+06 |   2.326984e+08 |
|   1.168400e+01 |   3.651250e-05 |   2.828162e+06 |   2.367367e+08 |
|   1.268400e+01 |   3.963750e-05 |   2.894130e+06 |   2.405391e+08 |
|   1.368400e+01 |   4.290527e-05 |   2.931728e+06 |   2.408341e+08 |
|   1.468400e+01 |   4.620124e-05 |   2.951375e+06 |   2.411136e+08 |
|   1.568400e+01 |   4.945415e-05 |   2.965053e+06 |   2.420392e+08 |
|   1.668400e+01 |   5.269489e-05 |   2.976794e+06 |   2.429013e+08 |
|   1.768400e+01 |   5.592665e-05 |   2.987152e+06 |   2.436925e+08 |
|   1.868400e+01 |   5.915499e-05 |   2.996590e+06 |   2.444259e+08 |
+----------------+----------------+----------------+----------------+


Time Step 21, time = 19.684, dt = 1
  Applying predictor with scale factor = 1
 0 Nonlinear |R| = [32m5.516144e+03[39m
      0 Linear |R| = [32m5.516144e+03[39m
      1 Linear |R| = [32m1.163897e-10[39m
 1 Nonlinear |R| = [32m4.580638e+02[39m
      0 Linear |R| = [32m4.580638e+02[39m
      1 Linear |R| = [32m3.951836e-12[39m
 2 Nonlinear |R| = [32m1.899433e+01[39m
      0 Linear |R| = [32m1.899433e+01[39m
      1 Linear |R| = [32m1.012744e-13[39m
 3 Nonlinear |R| = [32m3.517705e-03[39m
  Nonlinear solve converged due to CONVERGED_FNORM_ABS iterations 3
[32m Solve Converged![39m

Outlier Variable Residual Norms:
  vonmises_stress: [33m2.316426e-03[39m
  stress_xx: [33m1.327568e-03[39m
  stress_yy: [33m1.793369e-03[39m

Postprocessor Values:
+----------------+----------------+----------------+----------------+
| time           | disp_y_max     | react_y_top    | stress_vm_max  |
+----------------+----------------+----------------+----------------+
:                :                :                :                :
|   5.684000e+00 |   1.776250e-05 |   1.647677e+06 |   2.311191e+08 |
|   6.684000e+00 |   2.088750e-05 |   1.920259e+06 |   2.318975e+08 |
|   7.684000e+00 |   2.401250e-05 |   2.169298e+06 |   2.326542e+08 |
|   8.684000e+00 |   2.713750e-05 |   2.388449e+06 |   2.326228e+08 |
|   9.684000e+00 |   3.026250e-05 |   2.573616e+06 |   2.326502e+08 |
|   1.068400e+01 |   3.338750e-05 |   2.721713e+06 |   2.326984e+08 |
|   1.168400e+01 |   3.651250e-05 |   2.828162e+06 |   2.367367e+08 |
|   1.268400e+01 |   3.963750e-05 |   2.894130e+06 |   2.405391e+08 |
|   1.368400e+01 |   4.290527e-05 |   2.931728e+06 |   2.408341e+08 |
|   1.468400e+01 |   4.620124e-05 |   2.951375e+06 |   2.411136e+08 |
|   1.568400e+01 |   4.945415e-05 |   2.965053e+06 |   2.420392e+08 |
|   1.668400e+01 |   5.269489e-05 |   2.976794e+06 |   2.429013e+08 |
|   1.768400e+01 |   5.592665e-05 |   2.987152e+06 |   2.436925e+08 |
|   1.868400e+01 |   5.915499e-05 |   2.996590e+06 |   2.444259e+08 |
|   1.968400e+01 |   6.238039e-05 |   3.005410e+06 |   2.451158e+08 |
+----------------+----------------+----------------+----------------+


Time Step 22, time = 20.684, dt = 1
  Applying predictor with scale factor = 1
 0 Nonlinear |R| = [32m5.183344e+03[39m
      0 Linear |R| = [32m5.183344e+03[39m
      1 Linear |R| = [32m1.093969e-10[39m
 1 Nonlinear |R| = [32m3.976049e+02[39m
      0 Linear |R| = [32m3.976049e+02[39m
      1 Linear |R| = [32m3.705171e-12[39m
 2 Nonlinear |R| = [32m1.794602e+01[39m
      0 Linear |R| = [32m1.794602e+01[39m
      1 Linear |R| = [32m2.875953e-13[39m
 3 Nonlinear |R| = [32m7.609615e-03[39m
      0 Linear |R| = [32m7.609615e-03[39m
      1 Linear |R| = [32m4.276987e-17[39m
 4 Nonlinear |R| = [32m1.611386e-06[39m
  Nonlinear solve converged due to CONVERGED_FNORM_ABS iterations 4
[32m Solve Converged![39m

Outlier Variable Residual Norms:
  disp_x: [33m1.009402e-06[39m
  disp_y: [33m1.133840e-06[39m

Postprocessor Values:
+----------------+----------------+----------------+----------------+
| time           | disp_y_max     | react_y_top    | stress_vm_max  |
+----------------+----------------+----------------+----------------+
:                :                :                :                :
|   6.684000e+00 |   2.088750e-05 |   1.920259e+06 |   2.318975e+08 |
|   7.684000e+00 |   2.401250e-05 |   2.169298e+06 |   2.326542e+08 |
|   8.684000e+00 |   2.713750e-05 |   2.388449e+06 |   2.326228e+08 |
|   9.684000e+00 |   3.026250e-05 |   2.573616e+06 |   2.326502e+08 |
|   1.068400e+01 |   3.338750e-05 |   2.721713e+06 |   2.326984e+08 |
|   1.168400e+01 |   3.651250e-05 |   2.828162e+06 |   2.367367e+08 |
|   1.268400e+01 |   3.963750e-05 |   2.894130e+06 |   2.405391e+08 |
|   1.368400e+01 |   4.290527e-05 |   2.931728e+06 |   2.408341e+08 |
|   1.468400e+01 |   4.620124e-05 |   2.951375e+06 |   2.411136e+08 |
|   1.568400e+01 |   4.945415e-05 |   2.965053e+06 |   2.420392e+08 |
|   1.668400e+01 |   5.269489e-05 |   2.976794e+06 |   2.429013e+08 |
|   1.768400e+01 |   5.592665e-05 |   2.987152e+06 |   2.436925e+08 |
|   1.868400e+01 |   5.915499e-05 |   2.996590e+06 |   2.444259e+08 |
|   1.968400e+01 |   6.238039e-05 |   3.005410e+06 |   2.451158e+08 |
|   2.068400e+01 |   6.560396e-05 |   3.013683e+06 |   2.457717e+08 |
+----------------+----------------+----------------+----------------+


Time Step 23, time = 21.684, dt = 1
  Applying predictor with scale factor = 1
 0 Nonlinear |R| = [32m4.691614e+03[39m
      0 Linear |R| = [32m4.691614e+03[39m
      1 Linear |R| = [32m1.204288e-10[39m
 1 Nonlinear |R| = [32m3.272494e+02[39m
      0 Linear |R| = [32m3.272494e+02[39m
      1 Linear |R| = [32m2.494792e-12[39m
 2 Nonlinear |R| = [32m3.394826e+01[39m
      0 Linear |R| = [32m3.394826e+01[39m
      1 Linear |R| = [32m3.351100e-13[39m
 3 Nonlinear |R| = [32m8.018527e-03[39m
      0 Linear |R| = [32m8.018527e-03[39m
      1 Linear |R| = [32m4.094141e-17[39m
 4 Nonlinear |R| = [32m1.536065e-06[39m
  Nonlinear solve converged due to CONVERGED_FNORM_ABS iterations 4
[32m Solve Converged![39m

Outlier Variable Residual Norms:
  disp_x: [33m9.832754e-07[39m
  disp_y: [33m1.098596e-06[39m

Postprocessor Values:
+----------------+----------------+----------------+----------------+
| time           | disp_y_max     | react_y_top    | stress_vm_max  |
+----------------+----------------+----------------+----------------+
:                :                :                :                :
|   7.684000e+00 |   2.401250e-05 |   2.169298e+06 |   2.326542e+08 |
|   8.684000e+00 |   2.713750e-05 |   2.388449e+06 |   2.326228e+08 |
|   9.684000e+00 |   3.026250e-05 |   2.573616e+06 |   2.326502e+08 |
|   1.068400e+01 |   3.338750e-05 |   2.721713e+06 |   2.326984e+08 |
|   1.168400e+01 |   3.651250e-05 |   2.828162e+06 |   2.367367e+08 |
|   1.268400e+01 |   3.963750e-05 |   2.894130e+06 |   2.405391e+08 |
|   1.368400e+01 |   4.290527e-05 |   2.931728e+06 |   2.408341e+08 |
|   1.468400e+01 |   4.620124e-05 |   2.951375e+06 |   2.411136e+08 |
|   1.568400e+01 |   4.945415e-05 |   2.965053e+06 |   2.420392e+08 |
|   1.668400e+01 |   5.269489e-05 |   2.976794e+06 |   2.429013e+08 |
|   1.768400e+01 |   5.592665e-05 |   2.987152e+06 |   2.436925e+08 |
|   1.868400e+01 |   5.915499e-05 |   2.996590e+06 |   2.444259e+08 |
|   1.968400e+01 |   6.238039e-05 |   3.005410e+06 |   2.451158e+08 |
|   2.068400e+01 |   6.560396e-05 |   3.013683e+06 |   2.457717e+08 |
|   2.168400e+01 |   6.882560e-05 |   3.021523e+06 |   2.463959e+08 |
+----------------+----------------+----------------+----------------+


Time Step 24, time = 22.684, dt = 1
  Applying predictor with scale factor = 1
 0 Nonlinear |R| = [32m4.507866e+03[39m
      0 Linear |R| = [32m4.507866e+03[39m
      1 Linear |R| = [32m1.270606e-10[39m
 1 Nonlinear |R| = [32m4.733829e+02[39m
      0 Linear |R| = [32m4.733829e+02[39m
      1 Linear |R| = [32m5.114319e-12[39m
 2 Nonlinear |R| = [32m8.692769e-01[39m
      0 Linear |R| = [32m8.692769e-01[39m
      1 Linear |R| = [32m1.063977e-14[39m
 3 Nonlinear |R| = [32m1.270831e-04[39m
  Nonlinear solve converged due to CONVERGED_FNORM_ABS iterations 3
[32m Solve Converged![39m

Outlier Variable Residual Norms:
  vonmises_stress: [33m5.197306e-05[39m
  stress_xx: [33m7.055354e-05[39m
  stress_yy: [33m5.069013e-05[39m
  stress_xy: [33m6.611967e-05[39m

Postprocessor Values:
+----------------+----------------+----------------+----------------+
| time           | disp_y_max     | react_y_top    | stress_vm_max  |
+----------------+----------------+----------------+----------------+
:                :                :                :                :
|   8.684000e+00 |   2.713750e-05 |   2.388449e+06 |   2.326228e+08 |
|   9.684000e+00 |   3.026250e-05 |   2.573616e+06 |   2.326502e+08 |
|   1.068400e+01 |   3.338750e-05 |   2.721713e+06 |   2.326984e+08 |
|   1.168400e+01 |   3.651250e-05 |   2.828162e+06 |   2.367367e+08 |
|   1.268400e+01 |   3.963750e-05 |   2.894130e+06 |   2.405391e+08 |
|   1.368400e+01 |   4.290527e-05 |   2.931728e+06 |   2.408341e+08 |
|   1.468400e+01 |   4.620124e-05 |   2.951375e+06 |   2.411136e+08 |
|   1.568400e+01 |   4.945415e-05 |   2.965053e+06 |   2.420392e+08 |
|   1.668400e+01 |   5.269489e-05 |   2.976794e+06 |   2.429013e+08 |
|   1.768400e+01 |   5.592665e-05 |   2.987152e+06 |   2.436925e+08 |
|   1.868400e+01 |   5.915499e-05 |   2.996590e+06 |   2.444259e+08 |
|   1.968400e+01 |   6.238039e-05 |   3.005410e+06 |   2.451158e+08 |
|   2.068400e+01 |   6.560396e-05 |   3.013683e+06 |   2.457717e+08 |
|   2.168400e+01 |   6.882560e-05 |   3.021523e+06 |   2.463959e+08 |
|   2.268400e+01 |   7.204628e-05 |   3.029133e+06 |   2.469859e+08 |
+----------------+----------------+----------------+----------------+


Time Step 25, time = 23.684, dt = 1
  Applying predictor with scale factor = 1
 0 Nonlinear |R| = [32m4.182746e+03[39m
      0 Linear |R| = [32m4.182746e+03[39m
      1 Linear |R| = [32m1.206501e-10[39m
 1 Nonlinear |R| = [32m4.024080e+02[39m
      0 Linear |R| = [32m4.024080e+02[39m
      1 Linear |R| = [32m4.472380e-12[39m
 2 Nonlinear |R| = [32m5.271650e-01[39m
      0 Linear |R| = [32m5.271650e-01[39m
      1 Linear |R| = [32m9.236050e-15[39m
 3 Nonlinear |R| = [32m1.056685e-04[39m
  Nonlinear solve converged due to CONVERGED_FNORM_ABS iterations 3
[32m Solve Converged![39m

Outlier Variable Residual Norms:
  vonmises_stress: [33m4.833014e-05[39m
  stress_xx: [33m6.270565e-05[39m
  stress_xy: [33m4.826308e-05[39m

Postprocessor Values:
+----------------+----------------+----------------+----------------+
| time           | disp_y_max     | react_y_top    | stress_vm_max  |
+----------------+----------------+----------------+----------------+
:                :                :                :                :
|   9.684000e+00 |   3.026250e-05 |   2.573616e+06 |   2.326502e+08 |
|   1.068400e+01 |   3.338750e-05 |   2.721713e+06 |   2.326984e+08 |
|   1.168400e+01 |   3.651250e-05 |   2.828162e+06 |   2.367367e+08 |
|   1.268400e+01 |   3.963750e-05 |   2.894130e+06 |   2.405391e+08 |
|   1.368400e+01 |   4.290527e-05 |   2.931728e+06 |   2.408341e+08 |
|   1.468400e+01 |   4.620124e-05 |   2.951375e+06 |   2.411136e+08 |
|   1.568400e+01 |   4.945415e-05 |   2.965053e+06 |   2.420392e+08 |
|   1.668400e+01 |   5.269489e-05 |   2.976794e+06 |   2.429013e+08 |
|   1.768400e+01 |   5.592665e-05 |   2.987152e+06 |   2.436925e+08 |
|   1.868400e+01 |   5.915499e-05 |   2.996590e+06 |   2.444259e+08 |
|   1.968400e+01 |   6.238039e-05 |   3.005410e+06 |   2.451158e+08 |
|   2.068400e+01 |   6.560396e-05 |   3.013683e+06 |   2.457717e+08 |
|   2.168400e+01 |   6.882560e-05 |   3.021523e+06 |   2.463959e+08 |
|   2.268400e+01 |   7.204628e-05 |   3.029133e+06 |   2.469859e+08 |
|   2.368400e+01 |   7.526629e-05 |   3.036038e+06 |   2.475486e+08 |
+----------------+----------------+----------------+----------------+


Time Step 26, time = 24.684, dt = 1
  Applying predictor with scale factor = 1
 0 Nonlinear |R| = [32m3.944200e+03[39m
      0 Linear |R| = [32m3.944200e+03[39m
      1 Linear |R| = [32m1.042340e-10[39m
 1 Nonlinear |R| = [32m2.051896e+02[39m
      0 Linear |R| = [32m2.051896e+02[39m
      1 Linear |R| = [32m1.365236e-12[39m
 2 Nonlinear |R| = [32m4.270626e+00[39m
      0 Linear |R| = [32m4.270626e+00[39m
      1 Linear |R| = [32m3.774837e-14[39m
 3 Nonlinear |R| = [32m1.043847e-03[39m
  Nonlinear solve converged due to CONVERGED_FNORM_ABS iterations 3
[32m Solve Converged![39m

Outlier Variable Residual Norms:
  vonmises_stress: [33m7.378263e-04[39m
  stress_xx: [33m3.910794e-04[39m
  stress_yy: [33m5.465088e-04[39m

Postprocessor Values:
+----------------+----------------+----------------+----------------+
| time           | disp_y_max     | react_y_top    | stress_vm_max  |
+----------------+----------------+----------------+----------------+
:                :                :                :                :
|   1.068400e+01 |   3.338750e-05 |   2.721713e+06 |   2.326984e+08 |
|   1.168400e+01 |   3.651250e-05 |   2.828162e+06 |   2.367367e+08 |
|   1.268400e+01 |   3.963750e-05 |   2.894130e+06 |   2.405391e+08 |
|   1.368400e+01 |   4.290527e-05 |   2.931728e+06 |   2.408341e+08 |
|   1.468400e+01 |   4.620124e-05 |   2.951375e+06 |   2.411136e+08 |
|   1.568400e+01 |   4.945415e-05 |   2.965053e+06 |   2.420392e+08 |
|   1.668400e+01 |   5.269489e-05 |   2.976794e+06 |   2.429013e+08 |
|   1.768400e+01 |   5.592665e-05 |   2.987152e+06 |   2.436925e+08 |
|   1.868400e+01 |   5.915499e-05 |   2.996590e+06 |   2.444259e+08 |
|   1.968400e+01 |   6.238039e-05 |   3.005410e+06 |   2.451158e+08 |
|   2.068400e+01 |   6.560396e-05 |   3.013683e+06 |   2.457717e+08 |
|   2.168400e+01 |   6.882560e-05 |   3.021523e+06 |   2.463959e+08 |
|   2.268400e+01 |   7.204628e-05 |   3.029133e+06 |   2.469859e+08 |
|   2.368400e+01 |   7.526629e-05 |   3.036038e+06 |   2.475486e+08 |
|   2.468400e+01 |   7.848593e-05 |   3.043011e+06 |   2.480866e+08 |
+----------------+----------------+----------------+----------------+


Time Step 27, time = 25.684, dt = 1
  Applying predictor with scale factor = 1
 0 Nonlinear |R| = [32m3.988762e+03[39m
      0 Linear |R| = [32m3.988762e+03[39m
      1 Linear |R| = [32m1.207629e-10[39m
 1 Nonlinear |R| = [32m2.361841e+02[39m
      0 Linear |R| = [32m2.361841e+02[39m
      1 Linear |R| = [32m1.909615e-12[39m
 2 Nonlinear |R| = [32m7.011535e+00[39m
      0 Linear |R| = [32m7.011535e+00[39m
      1 Linear |R| = [32m5.028171e-14[39m
 3 Nonlinear |R| = [32m1.444879e-03[39m
  Nonlinear solve converged due to CONVERGED_FNORM_ABS iterations 3
[32m Solve Converged![39m

Outlier Variable Residual Norms:
  vonmises_stress: [33m9.973765e-04[39m
  stress_xx: [33m5.164734e-04[39m
  stress_yy: [33m7.547147e-04[39m

Postprocessor Values:
+----------------+----------------+----------------+----------------+
| time           | disp_y_max     | react_y_top    | stress_vm_max  |
+----------------+----------------+----------------+----------------+
:                :                :                :                :
|   1.168400e+01 |   3.651250e-05 |   2.828162e+06 |   2.367367e+08 |
|   1.268400e+01 |   3.963750e-05 |   2.894130e+06 |   2.405391e+08 |
|   1.368400e+01 |   4.290527e-05 |   2.931728e+06 |   2.408341e+08 |
|   1.468400e+01 |   4.620124e-05 |   2.951375e+06 |   2.411136e+08 |
|   1.568400e+01 |   4.945415e-05 |   2.965053e+06 |   2.420392e+08 |
|   1.668400e+01 |   5.269489e-05 |   2.976794e+06 |   2.429013e+08 |
|   1.768400e+01 |   5.592665e-05 |   2.987152e+06 |   2.436925e+08 |
|   1.868400e+01 |   5.915499e-05 |   2.996590e+06 |   2.444259e+08 |
|   1.968400e+01 |   6.238039e-05 |   3.005410e+06 |   2.451158e+08 |
|   2.068400e+01 |   6.560396e-05 |   3.013683e+06 |   2.457717e+08 |
|   2.168400e+01 |   6.882560e-05 |   3.021523e+06 |   2.463959e+08 |
|   2.268400e+01 |   7.204628e-05 |   3.029133e+06 |   2.469859e+08 |
|   2.368400e+01 |   7.526629e-05 |   3.036038e+06 |   2.475486e+08 |
|   2.468400e+01 |   7.848593e-05 |   3.043011e+06 |   2.480866e+08 |
|   2.568400e+01 |   8.170459e-05 |   3.049365e+06 |   2.485978e+08 |
+----------------+----------------+----------------+----------------+


Time Step 28, time = 26.684, dt = 1
  Applying predictor with scale factor = 1
 0 Nonlinear |R| = [32m3.783904e+03[39m
      0 Linear |R| = [32m3.783904e+03[39m
      1 Linear |R| = [32m1.025828e-10[39m
 1 Nonlinear |R| = [32m2.013680e+02[39m
      0 Linear |R| = [32m2.013680e+02[39m
      1 Linear |R| = [32m1.151927e-12[39m
 2 Nonlinear |R| = [32m7.014583e-02[39m
      0 Linear |R| = [32m7.014583e-02[39m
      1 Linear |R| = [32m3.355514e-16[39m
 3 Nonlinear |R| = [32m1.091622e-05[39m
  Nonlinear solve converged due to CONVERGED_FNORM_ABS iterations 3
[32m Solve Converged![39m

Outlier Variable Residual Norms:
  stress_xx: [33m6.159742e-06[39m
  stress_yy: [33m4.714768e-06[39m
  stress_zz: [33m5.326647e-06[39m

Postprocessor Values:
+----------------+----------------+----------------+----------------+
| time           | disp_y_max     | react_y_top    | stress_vm_max  |
+----------------+----------------+----------------+----------------+
:                :                :                :                :
|   1.268400e+01 |   3.963750e-05 |   2.894130e+06 |   2.405391e+08 |
|   1.368400e+01 |   4.290527e-05 |   2.931728e+06 |   2.408341e+08 |
|   1.468400e+01 |   4.620124e-05 |   2.951375e+06 |   2.411136e+08 |
|   1.568400e+01 |   4.945415e-05 |   2.965053e+06 |   2.420392e+08 |
|   1.668400e+01 |   5.269489e-05 |   2.976794e+06 |   2.429013e+08 |
|   1.768400e+01 |   5.592665e-05 |   2.987152e+06 |   2.436925e+08 |
|   1.868400e+01 |   5.915499e-05 |   2.996590e+06 |   2.444259e+08 |
|   1.968400e+01 |   6.238039e-05 |   3.005410e+06 |   2.451158e+08 |
|   2.068400e+01 |   6.560396e-05 |   3.013683e+06 |   2.457717e+08 |
|   2.168400e+01 |   6.882560e-05 |   3.021523e+06 |   2.463959e+08 |
|   2.268400e+01 |   7.204628e-05 |   3.029133e+06 |   2.469859e+08 |
|   2.368400e+01 |   7.526629e-05 |   3.036038e+06 |   2.475486e+08 |
|   2.468400e+01 |   7.848593e-05 |   3.043011e+06 |   2.480866e+08 |
|   2.568400e+01 |   8.170459e-05 |   3.049365e+06 |   2.485978e+08 |
|   2.668400e+01 |   8.492319e-05 |   3.055795e+06 |   2.490904e+08 |
+----------------+----------------+----------------+----------------+


Time Step 29, time = 27.684, dt = 1
  Applying predictor with scale factor = 1
 0 Nonlinear |R| = [32m3.498232e+03[39m
      0 Linear |R| = [32m3.498232e+03[39m
      1 Linear |R| = [32m1.090165e-10[39m
 1 Nonlinear |R| = [32m9.898683e+01[39m
      0 Linear |R| = [32m9.898683e+01[39m
      1 Linear |R| = [32m6.970931e-13[39m
 2 Nonlinear |R| = [32m2.919399e-01[39m
      0 Linear |R| = [32m2.919399e-01[39m
      1 Linear |R| = [32m4.687327e-15[39m
 3 Nonlinear |R| = [32m9.659054e-05[39m
  Nonlinear solve converged due to CONVERGED_FNORM_ABS iterations 3
[32m Solve Converged![39m

Outlier Variable Residual Norms:
  vonmises_stress: [33m4.634479e-05[39m
  stress_xx: [33m5.341500e-05[39m
  stress_yy: [33m4.747563e-05[39m
  stress_xy: [33m3.795765e-05[39m

Postprocessor Values:
+----------------+----------------+----------------+----------------+
| time           | disp_y_max     | react_y_top    | stress_vm_max  |
+----------------+----------------+----------------+----------------+
:                :                :                :                :
|   1.368400e+01 |   4.290527e-05 |   2.931728e+06 |   2.408341e+08 |
|   1.468400e+01 |   4.620124e-05 |   2.951375e+06 |   2.411136e+08 |
|   1.568400e+01 |   4.945415e-05 |   2.965053e+06 |   2.420392e+08 |
|   1.668400e+01 |   5.269489e-05 |   2.976794e+06 |   2.429013e+08 |
|   1.768400e+01 |   5.592665e-05 |   2.987152e+06 |   2.436925e+08 |
|   1.868400e+01 |   5.915499e-05 |   2.996590e+06 |   2.444259e+08 |
|   1.968400e+01 |   6.238039e-05 |   3.005410e+06 |   2.451158e+08 |
|   2.068400e+01 |   6.560396e-05 |   3.013683e+06 |   2.457717e+08 |
|   2.168400e+01 |   6.882560e-05 |   3.021523e+06 |   2.463959e+08 |
|   2.268400e+01 |   7.204628e-05 |   3.029133e+06 |   2.469859e+08 |
|   2.368400e+01 |   7.526629e-05 |   3.036038e+06 |   2.475486e+08 |
|   2.468400e+01 |   7.848593e-05 |   3.043011e+06 |   2.480866e+08 |
|   2.568400e+01 |   8.170459e-05 |   3.049365e+06 |   2.485978e+08 |
|   2.668400e+01 |   8.492319e-05 |   3.055795e+06 |   2.490904e+08 |
|   2.768400e+01 |   8.814216e-05 |   3.061859e+06 |   2.495664e+08 |
+----------------+----------------+----------------+----------------+


Time Step 30, time = 28.684, dt = 1
  Applying predictor with scale factor = 1
 0 Nonlinear |R| = [32m3.221185e+03[39m
      0 Linear |R| = [32m3.221185e+03[39m
      1 Linear |R| = [32m1.189199e-10[39m
 1 Nonlinear |R| = [32m1.349284e+02[39m
      0 Linear |R| = [32m1.349284e+02[39m
      1 Linear |R| = [32m1.221250e-12[39m
 2 Nonlinear |R| = [32m4.495911e-02[39m
      0 Linear |R| = [32m4.495911e-02[39m
      1 Linear |R| = [32m5.809938e-16[39m
 3 Nonlinear |R| = [32m8.849776e-06[39m
  Nonlinear solve converged due to CONVERGED_FNORM_ABS iterations 3
[32m Solve Converged![39m

Outlier Variable Residual Norms:
  stress_xx: [33m5.044731e-06[39m
  stress_yy: [33m4.173783e-06[39m
  stress_zz: [33m3.194503e-06[39m
  stress_xy: [33m3.844614e-06[39m

Postprocessor Values:
+----------------+----------------+----------------+----------------+
| time           | disp_y_max     | react_y_top    | stress_vm_max  |
+----------------+----------------+----------------+----------------+
:                :                :                :                :
|   1.468400e+01 |   4.620124e-05 |   2.951375e+06 |   2.411136e+08 |
|   1.568400e+01 |   4.945415e-05 |   2.965053e+06 |   2.420392e+08 |
|   1.668400e+01 |   5.269489e-05 |   2.976794e+06 |   2.429013e+08 |
|   1.768400e+01 |   5.592665e-05 |   2.987152e+06 |   2.436925e+08 |
|   1.868400e+01 |   5.915499e-05 |   2.996590e+06 |   2.444259e+08 |
|   1.968400e+01 |   6.238039e-05 |   3.005410e+06 |   2.451158e+08 |
|   2.068400e+01 |   6.560396e-05 |   3.013683e+06 |   2.457717e+08 |
|   2.168400e+01 |   6.882560e-05 |   3.021523e+06 |   2.463959e+08 |
|   2.268400e+01 |   7.204628e-05 |   3.029133e+06 |   2.469859e+08 |
|   2.368400e+01 |   7.526629e-05 |   3.036038e+06 |   2.475486e+08 |
|   2.468400e+01 |   7.848593e-05 |   3.043011e+06 |   2.480866e+08 |
|   2.568400e+01 |   8.170459e-05 |   3.049365e+06 |   2.485978e+08 |
|   2.668400e+01 |   8.492319e-05 |   3.055795e+06 |   2.490904e+08 |
|   2.768400e+01 |   8.814216e-05 |   3.061859e+06 |   2.495664e+08 |
|   2.868400e+01 |   9.136167e-05 |   3.067689e+06 |   2.500284e+08 |
+----------------+----------------+----------------+----------------+


Time Step 31, time = 29.684, dt = 1
  Applying predictor with scale factor = 1
 0 Nonlinear |R| = [32m3.081402e+03[39m
      0 Linear |R| = [32m3.081402e+03[39m
      1 Linear |R| = [32m1.072285e-10[39m
 1 Nonlinear |R| = [32m1.541457e+02[39m
      0 Linear |R| = [32m1.541457e+02[39m
      1 Linear |R| = [32m1.035001e-12[39m
 2 Nonlinear |R| = [32m4.649678e-02[39m
      0 Linear |R| = [32m4.649678e-02[39m
      1 Linear |R| = [32m2.450262e-16[39m
 3 Nonlinear |R| = [32m4.789757e-06[39m
  Nonlinear solve converged due to CONVERGED_FNORM_ABS iterations 3
[32m Solve Converged![39m

Outlier Variable Residual Norms:
  vonmises_stress: [33m1.737903e-06[39m
  stress_xx: [33m2.403125e-06[39m
  stress_yy: [33m1.904746e-06[39m
  stress_zz: [33m1.879082e-06[39m
  stress_xy: [33m2.042423e-06[39m

Postprocessor Values:
+----------------+----------------+----------------+----------------+
| time           | disp_y_max     | react_y_top    | stress_vm_max  |
+----------------+----------------+----------------+----------------+
:                :                :                :                :
|   1.568400e+01 |   4.945415e-05 |   2.965053e+06 |   2.420392e+08 |
|   1.668400e+01 |   5.269489e-05 |   2.976794e+06 |   2.429013e+08 |
|   1.768400e+01 |   5.592665e-05 |   2.987152e+06 |   2.436925e+08 |
|   1.868400e+01 |   5.915499e-05 |   2.996590e+06 |   2.444259e+08 |
|   1.968400e+01 |   6.238039e-05 |   3.005410e+06 |   2.451158e+08 |
|   2.068400e+01 |   6.560396e-05 |   3.013683e+06 |   2.457717e+08 |
|   2.168400e+01 |   6.882560e-05 |   3.021523e+06 |   2.463959e+08 |
|   2.268400e+01 |   7.204628e-05 |   3.029133e+06 |   2.469859e+08 |
|   2.368400e+01 |   7.526629e-05 |   3.036038e+06 |   2.475486e+08 |
|   2.468400e+01 |   7.848593e-05 |   3.043011e+06 |   2.480866e+08 |
|   2.568400e+01 |   8.170459e-05 |   3.049365e+06 |   2.485978e+08 |
|   2.668400e+01 |   8.492319e-05 |   3.055795e+06 |   2.490904e+08 |
|   2.768400e+01 |   8.814216e-05 |   3.061859e+06 |   2.495664e+08 |
|   2.868400e+01 |   9.136167e-05 |   3.067689e+06 |   2.500284e+08 |
|   2.968400e+01 |   9.458157e-05 |   3.073421e+06 |   2.508178e+08 |
+----------------+----------------+----------------+----------------+


Time Step 32, time = 30.684, dt = 1
  Applying predictor with scale factor = 1
 0 Nonlinear |R| = [32m3.219180e+03[39m
      0 Linear |R| = [32m3.219180e+03[39m
      1 Linear |R| = [32m1.172933e-10[39m
 1 Nonlinear |R| = [32m6.041388e+01[39m
      0 Linear |R| = [32m6.041388e+01[39m
      1 Linear |R| = [32m5.651454e-13[39m
 2 Nonlinear |R| = [32m2.242592e-02[39m
      0 Linear |R| = [32m2.242592e-02[39m
      1 Linear |R| = [32m2.114059e-16[39m
 3 Nonlinear |R| = [32m3.806066e-06[39m
  Nonlinear solve converged due to CONVERGED_FNORM_ABS iterations 3
[32m Solve Converged![39m

Outlier Variable Residual Norms:
  stress_xx: [33m1.842258e-06[39m
  stress_yy: [33m1.570149e-06[39m
  stress_xy: [33m1.568237e-06[39m
  disp_y: [33m1.346721e-06[39m

Postprocessor Values:
+----------------+----------------+----------------+----------------+
| time           | disp_y_max     | react_y_top    | stress_vm_max  |
+----------------+----------------+----------------+----------------+
:                :                :                :                :
|   1.668400e+01 |   5.269489e-05 |   2.976794e+06 |   2.429013e+08 |
|   1.768400e+01 |   5.592665e-05 |   2.987152e+06 |   2.436925e+08 |
|   1.868400e+01 |   5.915499e-05 |   2.996590e+06 |   2.444259e+08 |
|   1.968400e+01 |   6.238039e-05 |   3.005410e+06 |   2.451158e+08 |
|   2.068400e+01 |   6.560396e-05 |   3.013683e+06 |   2.457717e+08 |
|   2.168400e+01 |   6.882560e-05 |   3.021523e+06 |   2.463959e+08 |
|   2.268400e+01 |   7.204628e-05 |   3.029133e+06 |   2.469859e+08 |
|   2.368400e+01 |   7.526629e-05 |   3.036038e+06 |   2.475486e+08 |
|   2.468400e+01 |   7.848593e-05 |   3.043011e+06 |   2.480866e+08 |
|   2.568400e+01 |   8.170459e-05 |   3.049365e+06 |   2.485978e+08 |
|   2.668400e+01 |   8.492319e-05 |   3.055795e+06 |   2.490904e+08 |
|   2.768400e+01 |   8.814216e-05 |   3.061859e+06 |   2.495664e+08 |
|   2.868400e+01 |   9.136167e-05 |   3.067689e+06 |   2.500284e+08 |
|   2.968400e+01 |   9.458157e-05 |   3.073421e+06 |   2.508178e+08 |
|   3.068400e+01 |   9.780225e-05 |   3.079037e+06 |   2.516721e+08 |
+----------------+----------------+----------------+----------------+


Time Step 33, time = 31.684, dt = 1
  Applying predictor with scale factor = 1
 0 Nonlinear |R| = [32m2.717423e+03[39m
      0 Linear |R| = [32m2.717423e+03[39m
      1 Linear |R| = [32m1.231202e-10[39m
 1 Nonlinear |R| = [32m1.333963e+02[39m
      0 Linear |R| = [32m1.333963e+02[39m
      1 Linear |R| = [32m9.120126e-13[39m
 2 Nonlinear |R| = [32m3.164677e-02[39m
      0 Linear |R| = [32m3.164677e-02[39m
      1 Linear |R| = [32m1.766072e-16[39m
 3 Nonlinear |R| = [32m3.018895e-06[39m
  Nonlinear solve converged due to CONVERGED_FNORM_ABS iterations 3
[32m Solve Converged![39m

Outlier Variable Residual Norms:
  stress_xx: [33m1.441239e-06[39m
  stress_xy: [33m1.117911e-06[39m
  disp_x: [33m1.215965e-06[39m
  disp_y: [33m1.274281e-06[39m

Postprocessor Values:
+----------------+----------------+----------------+----------------+
| time           | disp_y_max     | react_y_top    | stress_vm_max  |
+----------------+----------------+----------------+----------------+
:                :                :                :                :
|   1.768400e+01 |   5.592665e-05 |   2.987152e+06 |   2.436925e+08 |
|   1.868400e+01 |   5.915499e-05 |   2.996590e+06 |   2.444259e+08 |
|   1.968400e+01 |   6.238039e-05 |   3.005410e+06 |   2.451158e+08 |
|   2.068400e+01 |   6.560396e-05 |   3.013683e+06 |   2.457717e+08 |
|   2.168400e+01 |   6.882560e-05 |   3.021523e+06 |   2.463959e+08 |
|   2.268400e+01 |   7.204628e-05 |   3.029133e+06 |   2.469859e+08 |
|   2.368400e+01 |   7.526629e-05 |   3.036038e+06 |   2.475486e+08 |
|   2.468400e+01 |   7.848593e-05 |   3.043011e+06 |   2.480866e+08 |
|   2.568400e+01 |   8.170459e-05 |   3.049365e+06 |   2.485978e+08 |
|   2.668400e+01 |   8.492319e-05 |   3.055795e+06 |   2.490904e+08 |
|   2.768400e+01 |   8.814216e-05 |   3.061859e+06 |   2.495664e+08 |
|   2.868400e+01 |   9.136167e-05 |   3.067689e+06 |   2.500284e+08 |
|   2.968400e+01 |   9.458157e-05 |   3.073421e+06 |   2.508178e+08 |
|   3.068400e+01 |   9.780225e-05 |   3.079037e+06 |   2.516721e+08 |
|   3.168400e+01 |   1.010243e-04 |   3.084648e+06 |   2.525069e+08 |
+----------------+----------------+----------------+----------------+


Time Step 34, time = 32, dt = 0.316
  Applying predictor with scale factor = 1
 0 Nonlinear |R| = [32m7.155666e+02[39m
      0 Linear |R| = [32m7.155666e+02[39m
      1 Linear |R| = [32m1.960119e-11[39m
 1 Nonlinear |R| = [32m1.228542e+01[39m
      0 Linear |R| = [32m1.228542e+01[39m
      1 Linear |R| = [32m1.353677e-13[39m
 2 Nonlinear |R| = [32m5.318005e-03[39m
      0 Linear |R| = [32m5.318005e-03[39m
      1 Linear |R| = [32m4.800866e-17[39m
 3 Nonlinear |R| = [32m1.362510e-06[39m
  Nonlinear solve converged due to CONVERGED_FNORM_ABS iterations 3
[32m Solve Converged![39m

Outlier Variable Residual Norms:
  disp_x: [33m9.097670e-07[39m
  disp_y: [33m1.012782e-06[39m

Postprocessor Values:
+----------------+----------------+----------------+----------------+
| time           | disp_y_max     | react_y_top    | stress_vm_max  |
+----------------+----------------+----------------+----------------+
:                :                :                :                :
|   1.868400e+01 |   5.915499e-05 |   2.996590e+06 |   2.444259e+08 |
|   1.968400e+01 |   6.238039e-05 |   3.005410e+06 |   2.451158e+08 |
|   2.068400e+01 |   6.560396e-05 |   3.013683e+06 |   2.457717e+08 |
|   2.168400e+01 |   6.882560e-05 |   3.021523e+06 |   2.463959e+08 |
|   2.268400e+01 |   7.204628e-05 |   3.029133e+06 |   2.469859e+08 |
|   2.368400e+01 |   7.526629e-05 |   3.036038e+06 |   2.475486e+08 |
|   2.468400e+01 |   7.848593e-05 |   3.043011e+06 |   2.480866e+08 |
|   2.568400e+01 |   8.170459e-05 |   3.049365e+06 |   2.485978e+08 |
|   2.668400e+01 |   8.492319e-05 |   3.055795e+06 |   2.490904e+08 |
|   2.768400e+01 |   8.814216e-05 |   3.061859e+06 |   2.495664e+08 |
|   2.868400e+01 |   9.136167e-05 |   3.067689e+06 |   2.500284e+08 |
|   2.968400e+01 |   9.458157e-05 |   3.073421e+06 |   2.508178e+08 |
|   3.068400e+01 |   9.780225e-05 |   3.079037e+06 |   2.516721e+08 |
|   3.168400e+01 |   1.010243e-04 |   3.084648e+06 |   2.525069e+08 |
|   3.200000e+01 |   1.020427e-04 |   3.086125e+06 |   2.527673e+08 |
+----------------+----------------+----------------+----------------+

Finished Executing                                                                       [[33m197.27 s[39m] [[33m  271 MB[39m]
