Framework Information:
MOOSE Version:           git commit b85414d92b on 2025-11-25
LibMesh Version:         910736a3a20aded528c3ba99371ce65980dc8e2c
PETSc Version:           3.24.0
SLEPc Version:           3.24.0
Current Time:            Wed Jul  8 21:36:29 2026
Executable Timestamp:    Wed Nov 26 18:13:58 2025

Input File(s):
  /home/lloydf/vfmverif/data/platenotch3d_elas_het.i

Command Line Argument(s):
  --n-threads=2

Checkpoint:
  Wall Time Interval:      Every 3600 s
  User Checkpoint:         Disabled
  # Checkpoints Kept:      2
  Execute On:              TIMESTEP_END 

Parallelism:
  Num Processors:          2
  Num Threads:             2

Mesh: 
  Parallel Type:           replicated
  Mesh Dimension:          3
  Spatial Dimension:       3
  Nodes:                   
    Total:                 9925
    Local:                 5030
    Min/Max/Avg:           4895/5030/4962
  Elems:                   
    Total:                 5652
    Local:                 2826
    Min/Max/Avg:           2826/2826/2826
  Num Subdomains:          1
  Num Partitions:          2
  Partitioner:             metis

Nonlinear System:
  Num DOFs:                29775
  Num Local DOFs:          15090
  Variables:               { "disp_x" "disp_y" "disp_z" } 
  Finite Element Types:    "LAGRANGE" 
  Approximation Orders:    "SECOND" 

Auxiliary System:
  Num DOFs:                79128
  Num Local DOFs:          39564
  Variables:               { "vonmises_stress" "strain_xx" "strain_yy" "strain_zz" "strain_xy" ... "stress_zz" 
                             "stress_xy" "stress_yz" "stress_xz" "youngs_modulus_out" } 
  Finite Element Types:    "MONOMIAL" 
  Approximation Orders:    "CONSTANT" 

Execution Information:
  Executioner:             Transient
  TimeStepper:             IterationAdaptiveDT
  TimeIntegrator(s):       ImplicitEuler
  Solver Mode:             NEWTON 
  PETSc Preconditioner:    lu 
  MOOSE Preconditioner:    SMP 

Time Step 0, time = 0

Postprocessor Values:
+----------------+----------------+----------------+
| time           | disp_y_max     | react_y_top    |
+----------------+----------------+----------------+
|   0.000000e+00 |   0.000000e+00 |   0.000000e+00 |
+----------------+----------------+----------------+


Time Step 1, time = 1, dt = 1
 Skipping predictor this step
 0 Nonlinear |R| = [32m4.114274e+03[39m
      0 Linear |R| = [32m4.114274e+03[39m
      1 Linear |R| = [32m5.024893e-11[39m
 1 Nonlinear |R| = [32m5.063142e-11[39m
  Nonlinear solve converged due to CONVERGED_FNORM_ABS iterations 1
Currently Executing
  Finished Solving                                                                       [[33m  6.26 s[39m] [[33m  291 MB[39m]
[32m Solve Converged![39m

Outlier Variable Residual Norms:
  disp_y: [33m4.414501e-11[39m

Postprocessor Values:
+----------------+----------------+----------------+
| time           | disp_y_max     | react_y_top    |
+----------------+----------------+----------------+
|   0.000000e+00 |   0.000000e+00 |   0.000000e+00 |
|   1.000000e+00 |   3.125000e-03 |   3.153806e+02 |
+----------------+----------------+----------------+


Time Step 2, time = 2, dt = 1
  Applying predictor with scale factor = 1
 0 Nonlinear |R| = [32m1.012628e-10[39m
  Nonlinear solve converged due to CONVERGED_FNORM_ABS iterations 0
[32m Solve Converged![39m

Outlier Variable Residual Norms:
  disp_y: [33m8.829002e-11[39m

Postprocessor Values:
+----------------+----------------+----------------+
| time           | disp_y_max     | react_y_top    |
+----------------+----------------+----------------+
|   0.000000e+00 |   0.000000e+00 |   0.000000e+00 |
|   1.000000e+00 |   3.125000e-03 |   3.153806e+02 |
|   2.000000e+00 |   6.250000e-03 |   6.307284e+02 |
+----------------+----------------+----------------+


Time Step 3, time = 3, dt = 1
  Applying predictor with scale factor = 1
 0 Nonlinear |R| = [32m1.526992e-10[39m
  Nonlinear solve converged due to CONVERGED_FNORM_ABS iterations 0
[32m Solve Converged![39m

Outlier Variable Residual Norms:
  disp_y: [33m1.330144e-10[39m

Postprocessor Values:
+----------------+----------------+----------------+
| time           | disp_y_max     | react_y_top    |
+----------------+----------------+----------------+
|   0.000000e+00 |   0.000000e+00 |   0.000000e+00 |
|   1.000000e+00 |   3.125000e-03 |   3.153806e+02 |
|   2.000000e+00 |   6.250000e-03 |   6.307284e+02 |
|   3.000000e+00 |   9.375000e-03 |   9.460434e+02 |
+----------------+----------------+----------------+


Time Step 4, time = 4, dt = 1
  Applying predictor with scale factor = 1
 0 Nonlinear |R| = [32m2.104174e-10[39m
  Nonlinear solve converged due to CONVERGED_FNORM_ABS iterations 0
[32m Solve Converged![39m

Outlier Variable Residual Norms:
  disp_y: [33m1.830478e-10[39m

Postprocessor Values:
+----------------+----------------+----------------+
| time           | disp_y_max     | react_y_top    |
+----------------+----------------+----------------+
|   0.000000e+00 |   0.000000e+00 |   0.000000e+00 |
|   1.000000e+00 |   3.125000e-03 |   3.153806e+02 |
|   2.000000e+00 |   6.250000e-03 |   6.307284e+02 |
|   3.000000e+00 |   9.375000e-03 |   9.460434e+02 |
|   4.000000e+00 |   1.250000e-02 |   1.261326e+03 |
+----------------+----------------+----------------+


Time Step 5, time = 5, dt = 1
  Applying predictor with scale factor = 1
 0 Nonlinear |R| = [32m2.713231e-10[39m
  Nonlinear solve converged due to CONVERGED_FNORM_ABS iterations 0
[32m Solve Converged![39m

Outlier Variable Residual Norms:
  disp_y: [33m2.355907e-10[39m

Postprocessor Values:
+----------------+----------------+----------------+
| time           | disp_y_max     | react_y_top    |
+----------------+----------------+----------------+
|   0.000000e+00 |   0.000000e+00 |   0.000000e+00 |
|   1.000000e+00 |   3.125000e-03 |   3.153806e+02 |
|   2.000000e+00 |   6.250000e-03 |   6.307284e+02 |
|   3.000000e+00 |   9.375000e-03 |   9.460434e+02 |
|   4.000000e+00 |   1.250000e-02 |   1.261326e+03 |
|   5.000000e+00 |   1.562500e-02 |   1.576575e+03 |
+----------------+----------------+----------------+


Time Step 6, time = 6, dt = 1
  Applying predictor with scale factor = 1
 0 Nonlinear |R| = [32m3.309820e-10[39m
  Nonlinear solve converged due to CONVERGED_FNORM_ABS iterations 0
[32m Solve Converged![39m

Outlier Variable Residual Norms:
  disp_y: [33m2.871734e-10[39m

Postprocessor Values:
+----------------+----------------+----------------+
| time           | disp_y_max     | react_y_top    |
+----------------+----------------+----------------+
|   0.000000e+00 |   0.000000e+00 |   0.000000e+00 |
|   1.000000e+00 |   3.125000e-03 |   3.153806e+02 |
|   2.000000e+00 |   6.250000e-03 |   6.307284e+02 |
|   3.000000e+00 |   9.375000e-03 |   9.460434e+02 |
|   4.000000e+00 |   1.250000e-02 |   1.261326e+03 |
|   5.000000e+00 |   1.562500e-02 |   1.576575e+03 |
|   6.000000e+00 |   1.875000e-02 |   1.891792e+03 |
+----------------+----------------+----------------+


Time Step 7, time = 7, dt = 1
  Applying predictor with scale factor = 1
 0 Nonlinear |R| = [32m3.955646e-10[39m
  Nonlinear solve converged due to CONVERGED_FNORM_ABS iterations 0
[32m Solve Converged![39m

Outlier Variable Residual Norms:
  disp_y: [33m3.429613e-10[39m

Postprocessor Values:
+----------------+----------------+----------------+
| time           | disp_y_max     | react_y_top    |
+----------------+----------------+----------------+
|   0.000000e+00 |   0.000000e+00 |   0.000000e+00 |
|   1.000000e+00 |   3.125000e-03 |   3.153806e+02 |
|   2.000000e+00 |   6.250000e-03 |   6.307284e+02 |
|   3.000000e+00 |   9.375000e-03 |   9.460434e+02 |
|   4.000000e+00 |   1.250000e-02 |   1.261326e+03 |
|   5.000000e+00 |   1.562500e-02 |   1.576575e+03 |
|   6.000000e+00 |   1.875000e-02 |   1.891792e+03 |
|   7.000000e+00 |   2.187500e-02 |   2.206976e+03 |
+----------------+----------------+----------------+


Time Step 8, time = 8, dt = 1
  Applying predictor with scale factor = 1
 0 Nonlinear |R| = [32m4.632881e-10[39m
  Nonlinear solve converged due to CONVERGED_FNORM_ABS iterations 0
[32m Solve Converged![39m

Outlier Variable Residual Norms:
  disp_y: [33m4.019108e-10[39m

Postprocessor Values:
+----------------+----------------+----------------+
| time           | disp_y_max     | react_y_top    |
+----------------+----------------+----------------+
|   0.000000e+00 |   0.000000e+00 |   0.000000e+00 |
|   1.000000e+00 |   3.125000e-03 |   3.153806e+02 |
|   2.000000e+00 |   6.250000e-03 |   6.307284e+02 |
|   3.000000e+00 |   9.375000e-03 |   9.460434e+02 |
|   4.000000e+00 |   1.250000e-02 |   1.261326e+03 |
|   5.000000e+00 |   1.562500e-02 |   1.576575e+03 |
|   6.000000e+00 |   1.875000e-02 |   1.891792e+03 |
|   7.000000e+00 |   2.187500e-02 |   2.206976e+03 |
|   8.000000e+00 |   2.500000e-02 |   2.522127e+03 |
+----------------+----------------+----------------+


Time Step 9, time = 9, dt = 1
  Applying predictor with scale factor = 1
 0 Nonlinear |R| = [32m5.354964e-10[39m
  Nonlinear solve converged due to CONVERGED_FNORM_ABS iterations 0
[32m Solve Converged![39m

Outlier Variable Residual Norms:
  disp_y: [33m4.646196e-10[39m

Postprocessor Values:
+----------------+----------------+----------------+
| time           | disp_y_max     | react_y_top    |
+----------------+----------------+----------------+
|   0.000000e+00 |   0.000000e+00 |   0.000000e+00 |
|   1.000000e+00 |   3.125000e-03 |   3.153806e+02 |
|   2.000000e+00 |   6.250000e-03 |   6.307284e+02 |
|   3.000000e+00 |   9.375000e-03 |   9.460434e+02 |
|   4.000000e+00 |   1.250000e-02 |   1.261326e+03 |
|   5.000000e+00 |   1.562500e-02 |   1.576575e+03 |
|   6.000000e+00 |   1.875000e-02 |   1.891792e+03 |
|   7.000000e+00 |   2.187500e-02 |   2.206976e+03 |
|   8.000000e+00 |   2.500000e-02 |   2.522127e+03 |
|   9.000000e+00 |   2.812500e-02 |   2.837245e+03 |
+----------------+----------------+----------------+


Time Step 10, time = 10, dt = 1
  Applying predictor with scale factor = 1
 0 Nonlinear |R| = [32m6.091576e-10[39m
  Nonlinear solve converged due to CONVERGED_FNORM_ABS iterations 0
[32m Solve Converged![39m

Outlier Variable Residual Norms:
  disp_y: [33m5.282753e-10[39m

Postprocessor Values:
+----------------+----------------+----------------+
| time           | disp_y_max     | react_y_top    |
+----------------+----------------+----------------+
|   0.000000e+00 |   0.000000e+00 |   0.000000e+00 |
|   1.000000e+00 |   3.125000e-03 |   3.153806e+02 |
|   2.000000e+00 |   6.250000e-03 |   6.307284e+02 |
|   3.000000e+00 |   9.375000e-03 |   9.460434e+02 |
|   4.000000e+00 |   1.250000e-02 |   1.261326e+03 |
|   5.000000e+00 |   1.562500e-02 |   1.576575e+03 |
|   6.000000e+00 |   1.875000e-02 |   1.891792e+03 |
|   7.000000e+00 |   2.187500e-02 |   2.206976e+03 |
|   8.000000e+00 |   2.500000e-02 |   2.522127e+03 |
|   9.000000e+00 |   2.812500e-02 |   2.837245e+03 |
|   1.000000e+01 |   3.125000e-02 |   3.152330e+03 |
+----------------+----------------+----------------+


Time Step 11, time = 11, dt = 1
  Applying predictor with scale factor = 1
 0 Nonlinear |R| = [32m6.861695e-10[39m
  Nonlinear solve converged due to CONVERGED_FNORM_ABS iterations 0
[32m Solve Converged![39m

Outlier Variable Residual Norms:
  disp_y: [33m5.945038e-10[39m

Postprocessor Values:
+----------------+----------------+----------------+
| time           | disp_y_max     | react_y_top    |
+----------------+----------------+----------------+
|   0.000000e+00 |   0.000000e+00 |   0.000000e+00 |
|   1.000000e+00 |   3.125000e-03 |   3.153806e+02 |
|   2.000000e+00 |   6.250000e-03 |   6.307284e+02 |
|   3.000000e+00 |   9.375000e-03 |   9.460434e+02 |
|   4.000000e+00 |   1.250000e-02 |   1.261326e+03 |
|   5.000000e+00 |   1.562500e-02 |   1.576575e+03 |
|   6.000000e+00 |   1.875000e-02 |   1.891792e+03 |
|   7.000000e+00 |   2.187500e-02 |   2.206976e+03 |
|   8.000000e+00 |   2.500000e-02 |   2.522127e+03 |
|   9.000000e+00 |   2.812500e-02 |   2.837245e+03 |
|   1.000000e+01 |   3.125000e-02 |   3.152330e+03 |
|   1.100000e+01 |   3.437500e-02 |   3.467383e+03 |
+----------------+----------------+----------------+


Time Step 12, time = 12, dt = 1
  Applying predictor with scale factor = 1
 0 Nonlinear |R| = [32m7.721697e-10[39m
  Nonlinear solve converged due to CONVERGED_FNORM_ABS iterations 0
[32m Solve Converged![39m

Outlier Variable Residual Norms:
  disp_y: [33m6.690851e-10[39m

Postprocessor Values:
+----------------+----------------+----------------+
| time           | disp_y_max     | react_y_top    |
+----------------+----------------+----------------+
|   0.000000e+00 |   0.000000e+00 |   0.000000e+00 |
|   1.000000e+00 |   3.125000e-03 |   3.153806e+02 |
|   2.000000e+00 |   6.250000e-03 |   6.307284e+02 |
|   3.000000e+00 |   9.375000e-03 |   9.460434e+02 |
|   4.000000e+00 |   1.250000e-02 |   1.261326e+03 |
|   5.000000e+00 |   1.562500e-02 |   1.576575e+03 |
|   6.000000e+00 |   1.875000e-02 |   1.891792e+03 |
|   7.000000e+00 |   2.187500e-02 |   2.206976e+03 |
|   8.000000e+00 |   2.500000e-02 |   2.522127e+03 |
|   9.000000e+00 |   2.812500e-02 |   2.837245e+03 |
|   1.000000e+01 |   3.125000e-02 |   3.152330e+03 |
|   1.100000e+01 |   3.437500e-02 |   3.467383e+03 |
|   1.200000e+01 |   3.750000e-02 |   3.782403e+03 |
+----------------+----------------+----------------+


Time Step 13, time = 13, dt = 1
  Applying predictor with scale factor = 1
 0 Nonlinear |R| = [32m8.661574e-10[39m
  Nonlinear solve converged due to CONVERGED_FNORM_ABS iterations 0
[32m Solve Converged![39m

Outlier Variable Residual Norms:
  disp_y: [33m7.500620e-10[39m

Postprocessor Values:
+----------------+----------------+----------------+
| time           | disp_y_max     | react_y_top    |
+----------------+----------------+----------------+
|   0.000000e+00 |   0.000000e+00 |   0.000000e+00 |
|   1.000000e+00 |   3.125000e-03 |   3.153806e+02 |
|   2.000000e+00 |   6.250000e-03 |   6.307284e+02 |
|   3.000000e+00 |   9.375000e-03 |   9.460434e+02 |
|   4.000000e+00 |   1.250000e-02 |   1.261326e+03 |
|   5.000000e+00 |   1.562500e-02 |   1.576575e+03 |
|   6.000000e+00 |   1.875000e-02 |   1.891792e+03 |
|   7.000000e+00 |   2.187500e-02 |   2.206976e+03 |
|   8.000000e+00 |   2.500000e-02 |   2.522127e+03 |
|   9.000000e+00 |   2.812500e-02 |   2.837245e+03 |
|   1.000000e+01 |   3.125000e-02 |   3.152330e+03 |
|   1.100000e+01 |   3.437500e-02 |   3.467383e+03 |
|   1.200000e+01 |   3.750000e-02 |   3.782403e+03 |
|   1.300000e+01 |   4.062500e-02 |   4.097390e+03 |
+----------------+----------------+----------------+


Time Step 14, time = 14, dt = 1
  Applying predictor with scale factor = 1
 0 Nonlinear |R| = [32m9.654287e-10[39m
  Nonlinear solve converged due to CONVERGED_FNORM_ABS iterations 0
[32m Solve Converged![39m

Outlier Variable Residual Norms:
  disp_y: [33m8.354837e-10[39m

Postprocessor Values:
+----------------+----------------+----------------+
| time           | disp_y_max     | react_y_top    |
+----------------+----------------+----------------+
|   0.000000e+00 |   0.000000e+00 |   0.000000e+00 |
|   1.000000e+00 |   3.125000e-03 |   3.153806e+02 |
|   2.000000e+00 |   6.250000e-03 |   6.307284e+02 |
|   3.000000e+00 |   9.375000e-03 |   9.460434e+02 |
|   4.000000e+00 |   1.250000e-02 |   1.261326e+03 |
|   5.000000e+00 |   1.562500e-02 |   1.576575e+03 |
|   6.000000e+00 |   1.875000e-02 |   1.891792e+03 |
|   7.000000e+00 |   2.187500e-02 |   2.206976e+03 |
|   8.000000e+00 |   2.500000e-02 |   2.522127e+03 |
|   9.000000e+00 |   2.812500e-02 |   2.837245e+03 |
|   1.000000e+01 |   3.125000e-02 |   3.152330e+03 |
|   1.100000e+01 |   3.437500e-02 |   3.467383e+03 |
|   1.200000e+01 |   3.750000e-02 |   3.782403e+03 |
|   1.300000e+01 |   4.062500e-02 |   4.097390e+03 |
|   1.400000e+01 |   4.375000e-02 |   4.412344e+03 |
+----------------+----------------+----------------+


Time Step 15, time = 15, dt = 1
  Applying predictor with scale factor = 1
 0 Nonlinear |R| = [32m1.074116e-09[39m
  Nonlinear solve converged due to CONVERGED_FNORM_ABS iterations 0
[32m Solve Converged![39m

Outlier Variable Residual Norms:
  disp_y: [33m9.296216e-10[39m

Postprocessor Values:
+----------------+----------------+----------------+
| time           | disp_y_max     | react_y_top    |
+----------------+----------------+----------------+
:                :                :                :
|   1.000000e+00 |   3.125000e-03 |   3.153806e+02 |
|   2.000000e+00 |   6.250000e-03 |   6.307284e+02 |
|   3.000000e+00 |   9.375000e-03 |   9.460434e+02 |
|   4.000000e+00 |   1.250000e-02 |   1.261326e+03 |
|   5.000000e+00 |   1.562500e-02 |   1.576575e+03 |
|   6.000000e+00 |   1.875000e-02 |   1.891792e+03 |
|   7.000000e+00 |   2.187500e-02 |   2.206976e+03 |
|   8.000000e+00 |   2.500000e-02 |   2.522127e+03 |
|   9.000000e+00 |   2.812500e-02 |   2.837245e+03 |
|   1.000000e+01 |   3.125000e-02 |   3.152330e+03 |
|   1.100000e+01 |   3.437500e-02 |   3.467383e+03 |
|   1.200000e+01 |   3.750000e-02 |   3.782403e+03 |
|   1.300000e+01 |   4.062500e-02 |   4.097390e+03 |
|   1.400000e+01 |   4.375000e-02 |   4.412344e+03 |
|   1.500000e+01 |   4.687500e-02 |   4.727266e+03 |
+----------------+----------------+----------------+


Time Step 16, time = 16, dt = 1
  Applying predictor with scale factor = 1
 0 Nonlinear |R| = [32m1.193951e-09[39m
  Nonlinear solve converged due to CONVERGED_FNORM_ABS iterations 0
[32m Solve Converged![39m

Outlier Variable Residual Norms:
  disp_y: [33m1.031510e-09[39m

Postprocessor Values:
+----------------+----------------+----------------+
| time           | disp_y_max     | react_y_top    |
+----------------+----------------+----------------+
:                :                :                :
|   2.000000e+00 |   6.250000e-03 |   6.307284e+02 |
|   3.000000e+00 |   9.375000e-03 |   9.460434e+02 |
|   4.000000e+00 |   1.250000e-02 |   1.261326e+03 |
|   5.000000e+00 |   1.562500e-02 |   1.576575e+03 |
|   6.000000e+00 |   1.875000e-02 |   1.891792e+03 |
|   7.000000e+00 |   2.187500e-02 |   2.206976e+03 |
|   8.000000e+00 |   2.500000e-02 |   2.522127e+03 |
|   9.000000e+00 |   2.812500e-02 |   2.837245e+03 |
|   1.000000e+01 |   3.125000e-02 |   3.152330e+03 |
|   1.100000e+01 |   3.437500e-02 |   3.467383e+03 |
|   1.200000e+01 |   3.750000e-02 |   3.782403e+03 |
|   1.300000e+01 |   4.062500e-02 |   4.097390e+03 |
|   1.400000e+01 |   4.375000e-02 |   4.412344e+03 |
|   1.500000e+01 |   4.687500e-02 |   4.727266e+03 |
|   1.600000e+01 |   5.000000e-02 |   5.042154e+03 |
+----------------+----------------+----------------+


Time Step 17, time = 17, dt = 1
  Applying predictor with scale factor = 1
 0 Nonlinear |R| = [32m1.321216e-09[39m
  Nonlinear solve converged due to CONVERGED_FNORM_ABS iterations 0
[32m Solve Converged![39m

Outlier Variable Residual Norms:
  disp_y: [33m1.139371e-09[39m

Postprocessor Values:
+----------------+----------------+----------------+
| time           | disp_y_max     | react_y_top    |
+----------------+----------------+----------------+
:                :                :                :
|   3.000000e+00 |   9.375000e-03 |   9.460434e+02 |
|   4.000000e+00 |   1.250000e-02 |   1.261326e+03 |
|   5.000000e+00 |   1.562500e-02 |   1.576575e+03 |
|   6.000000e+00 |   1.875000e-02 |   1.891792e+03 |
|   7.000000e+00 |   2.187500e-02 |   2.206976e+03 |
|   8.000000e+00 |   2.500000e-02 |   2.522127e+03 |
|   9.000000e+00 |   2.812500e-02 |   2.837245e+03 |
|   1.000000e+01 |   3.125000e-02 |   3.152330e+03 |
|   1.100000e+01 |   3.437500e-02 |   3.467383e+03 |
|   1.200000e+01 |   3.750000e-02 |   3.782403e+03 |
|   1.300000e+01 |   4.062500e-02 |   4.097390e+03 |
|   1.400000e+01 |   4.375000e-02 |   4.412344e+03 |
|   1.500000e+01 |   4.687500e-02 |   4.727266e+03 |
|   1.600000e+01 |   5.000000e-02 |   5.042154e+03 |
|   1.700000e+01 |   5.312500e-02 |   5.357010e+03 |
+----------------+----------------+----------------+


Time Step 18, time = 18, dt = 1
  Applying predictor with scale factor = 1
 0 Nonlinear |R| = [32m1.454638e-09[39m
  Nonlinear solve converged due to CONVERGED_FNORM_ABS iterations 0
[32m Solve Converged![39m

Outlier Variable Residual Norms:
  disp_y: [33m1.252903e-09[39m

Postprocessor Values:
+----------------+----------------+----------------+
| time           | disp_y_max     | react_y_top    |
+----------------+----------------+----------------+
:                :                :                :
|   4.000000e+00 |   1.250000e-02 |   1.261326e+03 |
|   5.000000e+00 |   1.562500e-02 |   1.576575e+03 |
|   6.000000e+00 |   1.875000e-02 |   1.891792e+03 |
|   7.000000e+00 |   2.187500e-02 |   2.206976e+03 |
|   8.000000e+00 |   2.500000e-02 |   2.522127e+03 |
|   9.000000e+00 |   2.812500e-02 |   2.837245e+03 |
|   1.000000e+01 |   3.125000e-02 |   3.152330e+03 |
|   1.100000e+01 |   3.437500e-02 |   3.467383e+03 |
|   1.200000e+01 |   3.750000e-02 |   3.782403e+03 |
|   1.300000e+01 |   4.062500e-02 |   4.097390e+03 |
|   1.400000e+01 |   4.375000e-02 |   4.412344e+03 |
|   1.500000e+01 |   4.687500e-02 |   4.727266e+03 |
|   1.600000e+01 |   5.000000e-02 |   5.042154e+03 |
|   1.700000e+01 |   5.312500e-02 |   5.357010e+03 |
|   1.800000e+01 |   5.625000e-02 |   5.671834e+03 |
+----------------+----------------+----------------+


Time Step 19, time = 19, dt = 1
  Applying predictor with scale factor = 1
 0 Nonlinear |R| = [32m1.591353e-09[39m
  Nonlinear solve converged due to CONVERGED_FNORM_ABS iterations 0
[32m Solve Converged![39m

Outlier Variable Residual Norms:
  disp_y: [33m1.368946e-09[39m

Postprocessor Values:
+----------------+----------------+----------------+
| time           | disp_y_max     | react_y_top    |
+----------------+----------------+----------------+
:                :                :                :
|   5.000000e+00 |   1.562500e-02 |   1.576575e+03 |
|   6.000000e+00 |   1.875000e-02 |   1.891792e+03 |
|   7.000000e+00 |   2.187500e-02 |   2.206976e+03 |
|   8.000000e+00 |   2.500000e-02 |   2.522127e+03 |
|   9.000000e+00 |   2.812500e-02 |   2.837245e+03 |
|   1.000000e+01 |   3.125000e-02 |   3.152330e+03 |
|   1.100000e+01 |   3.437500e-02 |   3.467383e+03 |
|   1.200000e+01 |   3.750000e-02 |   3.782403e+03 |
|   1.300000e+01 |   4.062500e-02 |   4.097390e+03 |
|   1.400000e+01 |   4.375000e-02 |   4.412344e+03 |
|   1.500000e+01 |   4.687500e-02 |   4.727266e+03 |
|   1.600000e+01 |   5.000000e-02 |   5.042154e+03 |
|   1.700000e+01 |   5.312500e-02 |   5.357010e+03 |
|   1.800000e+01 |   5.625000e-02 |   5.671834e+03 |
|   1.900000e+01 |   5.937500e-02 |   5.986624e+03 |
+----------------+----------------+----------------+


Time Step 20, time = 20, dt = 1
  Applying predictor with scale factor = 1
 0 Nonlinear |R| = [32m1.733682e-09[39m
  Nonlinear solve converged due to CONVERGED_FNORM_ABS iterations 0
[32m Solve Converged![39m

Outlier Variable Residual Norms:
  disp_y: [33m1.489504e-09[39m

Postprocessor Values:
+----------------+----------------+----------------+
| time           | disp_y_max     | react_y_top    |
+----------------+----------------+----------------+
:                :                :                :
|   6.000000e+00 |   1.875000e-02 |   1.891792e+03 |
|   7.000000e+00 |   2.187500e-02 |   2.206976e+03 |
|   8.000000e+00 |   2.500000e-02 |   2.522127e+03 |
|   9.000000e+00 |   2.812500e-02 |   2.837245e+03 |
|   1.000000e+01 |   3.125000e-02 |   3.152330e+03 |
|   1.100000e+01 |   3.437500e-02 |   3.467383e+03 |
|   1.200000e+01 |   3.750000e-02 |   3.782403e+03 |
|   1.300000e+01 |   4.062500e-02 |   4.097390e+03 |
|   1.400000e+01 |   4.375000e-02 |   4.412344e+03 |
|   1.500000e+01 |   4.687500e-02 |   4.727266e+03 |
|   1.600000e+01 |   5.000000e-02 |   5.042154e+03 |
|   1.700000e+01 |   5.312500e-02 |   5.357010e+03 |
|   1.800000e+01 |   5.625000e-02 |   5.671834e+03 |
|   1.900000e+01 |   5.937500e-02 |   5.986624e+03 |
|   2.000000e+01 |   6.250000e-02 |   6.301382e+03 |
+----------------+----------------+----------------+


Time Step 21, time = 21, dt = 1
  Applying predictor with scale factor = 1
 0 Nonlinear |R| = [32m1.878225e-09[39m
  Nonlinear solve converged due to CONVERGED_FNORM_ABS iterations 0
[32m Solve Converged![39m

Outlier Variable Residual Norms:
  disp_y: [33m1.612113e-09[39m

Postprocessor Values:
+----------------+----------------+----------------+
| time           | disp_y_max     | react_y_top    |
+----------------+----------------+----------------+
:                :                :                :
|   7.000000e+00 |   2.187500e-02 |   2.206976e+03 |
|   8.000000e+00 |   2.500000e-02 |   2.522127e+03 |
|   9.000000e+00 |   2.812500e-02 |   2.837245e+03 |
|   1.000000e+01 |   3.125000e-02 |   3.152330e+03 |
|   1.100000e+01 |   3.437500e-02 |   3.467383e+03 |
|   1.200000e+01 |   3.750000e-02 |   3.782403e+03 |
|   1.300000e+01 |   4.062500e-02 |   4.097390e+03 |
|   1.400000e+01 |   4.375000e-02 |   4.412344e+03 |
|   1.500000e+01 |   4.687500e-02 |   4.727266e+03 |
|   1.600000e+01 |   5.000000e-02 |   5.042154e+03 |
|   1.700000e+01 |   5.312500e-02 |   5.357010e+03 |
|   1.800000e+01 |   5.625000e-02 |   5.671834e+03 |
|   1.900000e+01 |   5.937500e-02 |   5.986624e+03 |
|   2.000000e+01 |   6.250000e-02 |   6.301382e+03 |
|   2.100000e+01 |   6.562500e-02 |   6.616106e+03 |
+----------------+----------------+----------------+


Time Step 22, time = 22, dt = 1
  Applying predictor with scale factor = 1
 0 Nonlinear |R| = [32m2.022679e-09[39m
  Nonlinear solve converged due to CONVERGED_FNORM_ABS iterations 0
[32m Solve Converged![39m

Outlier Variable Residual Norms:
  disp_y: [33m1.732646e-09[39m

Postprocessor Values:
+----------------+----------------+----------------+
| time           | disp_y_max     | react_y_top    |
+----------------+----------------+----------------+
:                :                :                :
|   8.000000e+00 |   2.500000e-02 |   2.522127e+03 |
|   9.000000e+00 |   2.812500e-02 |   2.837245e+03 |
|   1.000000e+01 |   3.125000e-02 |   3.152330e+03 |
|   1.100000e+01 |   3.437500e-02 |   3.467383e+03 |
|   1.200000e+01 |   3.750000e-02 |   3.782403e+03 |
|   1.300000e+01 |   4.062500e-02 |   4.097390e+03 |
|   1.400000e+01 |   4.375000e-02 |   4.412344e+03 |
|   1.500000e+01 |   4.687500e-02 |   4.727266e+03 |
|   1.600000e+01 |   5.000000e-02 |   5.042154e+03 |
|   1.700000e+01 |   5.312500e-02 |   5.357010e+03 |
|   1.800000e+01 |   5.625000e-02 |   5.671834e+03 |
|   1.900000e+01 |   5.937500e-02 |   5.986624e+03 |
|   2.000000e+01 |   6.250000e-02 |   6.301382e+03 |
|   2.100000e+01 |   6.562500e-02 |   6.616106e+03 |
|   2.200000e+01 |   6.875000e-02 |   6.930799e+03 |
+----------------+----------------+----------------+


Time Step 23, time = 23, dt = 1
  Applying predictor with scale factor = 1
 0 Nonlinear |R| = [32m2.177484e-09[39m
  Nonlinear solve converged due to CONVERGED_FNORM_ABS iterations 0
[32m Solve Converged![39m

Outlier Variable Residual Norms:
  disp_y: [33m1.863237e-09[39m

Postprocessor Values:
+----------------+----------------+----------------+
| time           | disp_y_max     | react_y_top    |
+----------------+----------------+----------------+
:                :                :                :
|   9.000000e+00 |   2.812500e-02 |   2.837245e+03 |
|   1.000000e+01 |   3.125000e-02 |   3.152330e+03 |
|   1.100000e+01 |   3.437500e-02 |   3.467383e+03 |
|   1.200000e+01 |   3.750000e-02 |   3.782403e+03 |
|   1.300000e+01 |   4.062500e-02 |   4.097390e+03 |
|   1.400000e+01 |   4.375000e-02 |   4.412344e+03 |
|   1.500000e+01 |   4.687500e-02 |   4.727266e+03 |
|   1.600000e+01 |   5.000000e-02 |   5.042154e+03 |
|   1.700000e+01 |   5.312500e-02 |   5.357010e+03 |
|   1.800000e+01 |   5.625000e-02 |   5.671834e+03 |
|   1.900000e+01 |   5.937500e-02 |   5.986624e+03 |
|   2.000000e+01 |   6.250000e-02 |   6.301382e+03 |
|   2.100000e+01 |   6.562500e-02 |   6.616106e+03 |
|   2.200000e+01 |   6.875000e-02 |   6.930799e+03 |
|   2.300000e+01 |   7.187500e-02 |   7.245458e+03 |
+----------------+----------------+----------------+


Time Step 24, time = 24, dt = 1
  Applying predictor with scale factor = 1
 0 Nonlinear |R| = [32m2.338862e-09[39m
  Nonlinear solve converged due to CONVERGED_FNORM_ABS iterations 0
[32m Solve Converged![39m

Outlier Variable Residual Norms:
  disp_y: [33m1.999293e-09[39m

Postprocessor Values:
+----------------+----------------+----------------+
| time           | disp_y_max     | react_y_top    |
+----------------+----------------+----------------+
:                :                :                :
|   1.000000e+01 |   3.125000e-02 |   3.152330e+03 |
|   1.100000e+01 |   3.437500e-02 |   3.467383e+03 |
|   1.200000e+01 |   3.750000e-02 |   3.782403e+03 |
|   1.300000e+01 |   4.062500e-02 |   4.097390e+03 |
|   1.400000e+01 |   4.375000e-02 |   4.412344e+03 |
|   1.500000e+01 |   4.687500e-02 |   4.727266e+03 |
|   1.600000e+01 |   5.000000e-02 |   5.042154e+03 |
|   1.700000e+01 |   5.312500e-02 |   5.357010e+03 |
|   1.800000e+01 |   5.625000e-02 |   5.671834e+03 |
|   1.900000e+01 |   5.937500e-02 |   5.986624e+03 |
|   2.000000e+01 |   6.250000e-02 |   6.301382e+03 |
|   2.100000e+01 |   6.562500e-02 |   6.616106e+03 |
|   2.200000e+01 |   6.875000e-02 |   6.930799e+03 |
|   2.300000e+01 |   7.187500e-02 |   7.245458e+03 |
|   2.400000e+01 |   7.500000e-02 |   7.560084e+03 |
+----------------+----------------+----------------+


Time Step 25, time = 25, dt = 1
  Applying predictor with scale factor = 1
 0 Nonlinear |R| = [32m2.518632e-09[39m
  Nonlinear solve converged due to CONVERGED_FNORM_ABS iterations 0
[32m Solve Converged![39m

Outlier Variable Residual Norms:
  disp_y: [33m2.151954e-09[39m

Postprocessor Values:
+----------------+----------------+----------------+
| time           | disp_y_max     | react_y_top    |
+----------------+----------------+----------------+
:                :                :                :
|   1.100000e+01 |   3.437500e-02 |   3.467383e+03 |
|   1.200000e+01 |   3.750000e-02 |   3.782403e+03 |
|   1.300000e+01 |   4.062500e-02 |   4.097390e+03 |
|   1.400000e+01 |   4.375000e-02 |   4.412344e+03 |
|   1.500000e+01 |   4.687500e-02 |   4.727266e+03 |
|   1.600000e+01 |   5.000000e-02 |   5.042154e+03 |
|   1.700000e+01 |   5.312500e-02 |   5.357010e+03 |
|   1.800000e+01 |   5.625000e-02 |   5.671834e+03 |
|   1.900000e+01 |   5.937500e-02 |   5.986624e+03 |
|   2.000000e+01 |   6.250000e-02 |   6.301382e+03 |
|   2.100000e+01 |   6.562500e-02 |   6.616106e+03 |
|   2.200000e+01 |   6.875000e-02 |   6.930799e+03 |
|   2.300000e+01 |   7.187500e-02 |   7.245458e+03 |
|   2.400000e+01 |   7.500000e-02 |   7.560084e+03 |
|   2.500000e+01 |   7.812500e-02 |   7.874678e+03 |
+----------------+----------------+----------------+


Time Step 26, time = 26, dt = 1
  Applying predictor with scale factor = 1
 0 Nonlinear |R| = [32m2.704916e-09[39m
  Nonlinear solve converged due to CONVERGED_FNORM_ABS iterations 0
[32m Solve Converged![39m

Outlier Variable Residual Norms:
  disp_y: [33m2.309986e-09[39m

Postprocessor Values:
+----------------+----------------+----------------+
| time           | disp_y_max     | react_y_top    |
+----------------+----------------+----------------+
:                :                :                :
|   1.200000e+01 |   3.750000e-02 |   3.782403e+03 |
|   1.300000e+01 |   4.062500e-02 |   4.097390e+03 |
|   1.400000e+01 |   4.375000e-02 |   4.412344e+03 |
|   1.500000e+01 |   4.687500e-02 |   4.727266e+03 |
|   1.600000e+01 |   5.000000e-02 |   5.042154e+03 |
|   1.700000e+01 |   5.312500e-02 |   5.357010e+03 |
|   1.800000e+01 |   5.625000e-02 |   5.671834e+03 |
|   1.900000e+01 |   5.937500e-02 |   5.986624e+03 |
|   2.000000e+01 |   6.250000e-02 |   6.301382e+03 |
|   2.100000e+01 |   6.562500e-02 |   6.616106e+03 |
|   2.200000e+01 |   6.875000e-02 |   6.930799e+03 |
|   2.300000e+01 |   7.187500e-02 |   7.245458e+03 |
|   2.400000e+01 |   7.500000e-02 |   7.560084e+03 |
|   2.500000e+01 |   7.812500e-02 |   7.874678e+03 |
|   2.600000e+01 |   8.125000e-02 |   8.189239e+03 |
+----------------+----------------+----------------+


Time Step 27, time = 27, dt = 1
  Applying predictor with scale factor = 1
 0 Nonlinear |R| = [32m2.898860e-09[39m
  Nonlinear solve converged due to CONVERGED_FNORM_ABS iterations 0
[32m Solve Converged![39m

Outlier Variable Residual Norms:
  disp_y: [33m2.475101e-09[39m

Postprocessor Values:
+----------------+----------------+----------------+
| time           | disp_y_max     | react_y_top    |
+----------------+----------------+----------------+
:                :                :                :
|   1.300000e+01 |   4.062500e-02 |   4.097390e+03 |
|   1.400000e+01 |   4.375000e-02 |   4.412344e+03 |
|   1.500000e+01 |   4.687500e-02 |   4.727266e+03 |
|   1.600000e+01 |   5.000000e-02 |   5.042154e+03 |
|   1.700000e+01 |   5.312500e-02 |   5.357010e+03 |
|   1.800000e+01 |   5.625000e-02 |   5.671834e+03 |
|   1.900000e+01 |   5.937500e-02 |   5.986624e+03 |
|   2.000000e+01 |   6.250000e-02 |   6.301382e+03 |
|   2.100000e+01 |   6.562500e-02 |   6.616106e+03 |
|   2.200000e+01 |   6.875000e-02 |   6.930799e+03 |
|   2.300000e+01 |   7.187500e-02 |   7.245458e+03 |
|   2.400000e+01 |   7.500000e-02 |   7.560084e+03 |
|   2.500000e+01 |   7.812500e-02 |   7.874678e+03 |
|   2.600000e+01 |   8.125000e-02 |   8.189239e+03 |
|   2.700000e+01 |   8.437500e-02 |   8.503767e+03 |
+----------------+----------------+----------------+


Time Step 28, time = 28, dt = 1
  Applying predictor with scale factor = 1
 0 Nonlinear |R| = [32m3.098252e-09[39m
  Nonlinear solve converged due to CONVERGED_FNORM_ABS iterations 0
[32m Solve Converged![39m

Outlier Variable Residual Norms:
  disp_y: [33m2.644721e-09[39m

Postprocessor Values:
+----------------+----------------+----------------+
| time           | disp_y_max     | react_y_top    |
+----------------+----------------+----------------+
:                :                :                :
|   1.400000e+01 |   4.375000e-02 |   4.412344e+03 |
|   1.500000e+01 |   4.687500e-02 |   4.727266e+03 |
|   1.600000e+01 |   5.000000e-02 |   5.042154e+03 |
|   1.700000e+01 |   5.312500e-02 |   5.357010e+03 |
|   1.800000e+01 |   5.625000e-02 |   5.671834e+03 |
|   1.900000e+01 |   5.937500e-02 |   5.986624e+03 |
|   2.000000e+01 |   6.250000e-02 |   6.301382e+03 |
|   2.100000e+01 |   6.562500e-02 |   6.616106e+03 |
|   2.200000e+01 |   6.875000e-02 |   6.930799e+03 |
|   2.300000e+01 |   7.187500e-02 |   7.245458e+03 |
|   2.400000e+01 |   7.500000e-02 |   7.560084e+03 |
|   2.500000e+01 |   7.812500e-02 |   7.874678e+03 |
|   2.600000e+01 |   8.125000e-02 |   8.189239e+03 |
|   2.700000e+01 |   8.437500e-02 |   8.503767e+03 |
|   2.800000e+01 |   8.750000e-02 |   8.818263e+03 |
+----------------+----------------+----------------+


Time Step 29, time = 29, dt = 1
  Applying predictor with scale factor = 1
 0 Nonlinear |R| = [32m3.304456e-09[39m
  Nonlinear solve converged due to CONVERGED_FNORM_ABS iterations 0
[32m Solve Converged![39m

Outlier Variable Residual Norms:
  disp_y: [33m2.820265e-09[39m

Postprocessor Values:
+----------------+----------------+----------------+
| time           | disp_y_max     | react_y_top    |
+----------------+----------------+----------------+
:                :                :                :
|   1.500000e+01 |   4.687500e-02 |   4.727266e+03 |
|   1.600000e+01 |   5.000000e-02 |   5.042154e+03 |
|   1.700000e+01 |   5.312500e-02 |   5.357010e+03 |
|   1.800000e+01 |   5.625000e-02 |   5.671834e+03 |
|   1.900000e+01 |   5.937500e-02 |   5.986624e+03 |
|   2.000000e+01 |   6.250000e-02 |   6.301382e+03 |
|   2.100000e+01 |   6.562500e-02 |   6.616106e+03 |
|   2.200000e+01 |   6.875000e-02 |   6.930799e+03 |
|   2.300000e+01 |   7.187500e-02 |   7.245458e+03 |
|   2.400000e+01 |   7.500000e-02 |   7.560084e+03 |
|   2.500000e+01 |   7.812500e-02 |   7.874678e+03 |
|   2.600000e+01 |   8.125000e-02 |   8.189239e+03 |
|   2.700000e+01 |   8.437500e-02 |   8.503767e+03 |
|   2.800000e+01 |   8.750000e-02 |   8.818263e+03 |
|   2.900000e+01 |   9.062500e-02 |   9.132725e+03 |
+----------------+----------------+----------------+


Time Step 30, time = 30, dt = 1
  Applying predictor with scale factor = 1
 0 Nonlinear |R| = [32m3.521140e-09[39m
  Nonlinear solve converged due to CONVERGED_FNORM_ABS iterations 0
[32m Solve Converged![39m

Outlier Variable Residual Norms:
  disp_y: [33m3.005737e-09[39m

Postprocessor Values:
+----------------+----------------+----------------+
| time           | disp_y_max     | react_y_top    |
+----------------+----------------+----------------+
:                :                :                :
|   1.600000e+01 |   5.000000e-02 |   5.042154e+03 |
|   1.700000e+01 |   5.312500e-02 |   5.357010e+03 |
|   1.800000e+01 |   5.625000e-02 |   5.671834e+03 |
|   1.900000e+01 |   5.937500e-02 |   5.986624e+03 |
|   2.000000e+01 |   6.250000e-02 |   6.301382e+03 |
|   2.100000e+01 |   6.562500e-02 |   6.616106e+03 |
|   2.200000e+01 |   6.875000e-02 |   6.930799e+03 |
|   2.300000e+01 |   7.187500e-02 |   7.245458e+03 |
|   2.400000e+01 |   7.500000e-02 |   7.560084e+03 |
|   2.500000e+01 |   7.812500e-02 |   7.874678e+03 |
|   2.600000e+01 |   8.125000e-02 |   8.189239e+03 |
|   2.700000e+01 |   8.437500e-02 |   8.503767e+03 |
|   2.800000e+01 |   8.750000e-02 |   8.818263e+03 |
|   2.900000e+01 |   9.062500e-02 |   9.132725e+03 |
|   3.000000e+01 |   9.375000e-02 |   9.447155e+03 |
+----------------+----------------+----------------+


Time Step 31, time = 31, dt = 1
  Applying predictor with scale factor = 1
 0 Nonlinear |R| = [32m3.738118e-09[39m
  Nonlinear solve converged due to CONVERGED_FNORM_ABS iterations 0
[32m Solve Converged![39m

Outlier Variable Residual Norms:
  disp_y: [33m3.191216e-09[39m

Postprocessor Values:
+----------------+----------------+----------------+
| time           | disp_y_max     | react_y_top    |
+----------------+----------------+----------------+
:                :                :                :
|   1.700000e+01 |   5.312500e-02 |   5.357010e+03 |
|   1.800000e+01 |   5.625000e-02 |   5.671834e+03 |
|   1.900000e+01 |   5.937500e-02 |   5.986624e+03 |
|   2.000000e+01 |   6.250000e-02 |   6.301382e+03 |
|   2.100000e+01 |   6.562500e-02 |   6.616106e+03 |
|   2.200000e+01 |   6.875000e-02 |   6.930799e+03 |
|   2.300000e+01 |   7.187500e-02 |   7.245458e+03 |
|   2.400000e+01 |   7.500000e-02 |   7.560084e+03 |
|   2.500000e+01 |   7.812500e-02 |   7.874678e+03 |
|   2.600000e+01 |   8.125000e-02 |   8.189239e+03 |
|   2.700000e+01 |   8.437500e-02 |   8.503767e+03 |
|   2.800000e+01 |   8.750000e-02 |   8.818263e+03 |
|   2.900000e+01 |   9.062500e-02 |   9.132725e+03 |
|   3.000000e+01 |   9.375000e-02 |   9.447155e+03 |
|   3.100000e+01 |   9.687500e-02 |   9.761552e+03 |
+----------------+----------------+----------------+


Time Step 32, time = 32, dt = 1
  Applying predictor with scale factor = 1
 0 Nonlinear |R| = [32m3.962899e-09[39m
  Nonlinear solve converged due to CONVERGED_FNORM_ABS iterations 0
[32m Solve Converged![39m

Outlier Variable Residual Norms:
  disp_y: [33m3.383073e-09[39m

Postprocessor Values:
+----------------+----------------+----------------+
| time           | disp_y_max     | react_y_top    |
+----------------+----------------+----------------+
:                :                :                :
|   1.800000e+01 |   5.625000e-02 |   5.671834e+03 |
|   1.900000e+01 |   5.937500e-02 |   5.986624e+03 |
|   2.000000e+01 |   6.250000e-02 |   6.301382e+03 |
|   2.100000e+01 |   6.562500e-02 |   6.616106e+03 |
|   2.200000e+01 |   6.875000e-02 |   6.930799e+03 |
|   2.300000e+01 |   7.187500e-02 |   7.245458e+03 |
|   2.400000e+01 |   7.500000e-02 |   7.560084e+03 |
|   2.500000e+01 |   7.812500e-02 |   7.874678e+03 |
|   2.600000e+01 |   8.125000e-02 |   8.189239e+03 |
|   2.700000e+01 |   8.437500e-02 |   8.503767e+03 |
|   2.800000e+01 |   8.750000e-02 |   8.818263e+03 |
|   2.900000e+01 |   9.062500e-02 |   9.132725e+03 |
|   3.000000e+01 |   9.375000e-02 |   9.447155e+03 |
|   3.100000e+01 |   9.687500e-02 |   9.761552e+03 |
|   3.200000e+01 |   1.000000e-01 |   1.007592e+04 |
+----------------+----------------+----------------+

Finished Executing                                                                       [[33m 33.22 s[39m] [[33m  291 MB[39m]
