Framework Information:
MOOSE Version:           git commit b85414d92b on 2025-11-25
LibMesh Version:         910736a3a20aded528c3ba99371ce65980dc8e2c
PETSc Version:           3.24.0
SLEPc Version:           3.24.0
Current Time:            Wed Jul  8 20:48:52 2026
Executable Timestamp:    Wed Nov 26 18:13:58 2025

Input File(s):
  /home/lloydf/vfmverif/data/platehole3d_elas.i

Command Line Argument(s):
  --n-threads=2

Checkpoint:
  Wall Time Interval:      Every 3600 s
  User Checkpoint:         Disabled
  # Checkpoints Kept:      2
  Execute On:              TIMESTEP_END 

Parallelism:
  Num Processors:          2
  Num Threads:             2

Mesh: 
  Parallel Type:           replicated
  Mesh Dimension:          3
  Spatial Dimension:       3
  Nodes:                   
    Total:                 4032
    Local:                 2085
    Min/Max/Avg:           1947/2085/2016
  Elems:                   
    Total:                 672
    Local:                 336
    Min/Max/Avg:           336/336/336
  Num Subdomains:          1
  Num Partitions:          2
  Partitioner:             metis

Nonlinear System:
  Num DOFs:                12096
  Num Local DOFs:          6255
  Variables:               { "disp_x" "disp_y" "disp_z" } 
  Finite Element Types:    "LAGRANGE" 
  Approximation Orders:    "SECOND" 

Auxiliary System:
  Num DOFs:                8736
  Num Local DOFs:          4368
  Variables:               { "vonmises_stress" "strain_xx" "strain_yy" "strain_zz" "strain_xy" ... "stress_yy" 
                             "stress_zz" "stress_xy" "stress_yz" "stress_xz" } 
  Finite Element Types:    "MONOMIAL" 
  Approximation Orders:    "CONSTANT" 

Execution Information:
  Executioner:             Transient
  TimeStepper:             IterationAdaptiveDT
  TimeIntegrator(s):       ImplicitEuler
  Solver Mode:             NEWTON 
  PETSc Preconditioner:    lu 
  MOOSE Preconditioner:    SMP 

Time Step 0, time = 0

Postprocessor Values:
+----------------+----------------+----------------+
| time           | disp_y_max     | react_y_top    |
+----------------+----------------+----------------+
|   0.000000e+00 |   0.000000e+00 |   0.000000e+00 |
+----------------+----------------+----------------+


Time Step 1, time = 1, dt = 1
 Skipping predictor this step
 0 Nonlinear |R| = [32m1.515272e+04[39m
      0 Linear |R| = [32m1.515272e+04[39m
      1 Linear |R| = [32m5.822270e-11[39m
 1 Nonlinear |R| = [32m6.063187e-11[39m
  Nonlinear solve converged due to CONVERGED_FNORM_ABS iterations 1
[32m Solve Converged![39m

Outlier Variable Residual Norms:
  disp_y: [31m5.901777e-11[39m

Postprocessor Values:
+----------------+----------------+----------------+
| time           | disp_y_max     | react_y_top    |
+----------------+----------------+----------------+
|   0.000000e+00 |   0.000000e+00 |   0.000000e+00 |
|   1.000000e+00 |   3.125000e-03 |   4.010764e+02 |
+----------------+----------------+----------------+


Time Step 2, time = 2, dt = 1
  Applying predictor with scale factor = 1
 0 Nonlinear |R| = [32m1.212639e-10[39m
  Nonlinear solve converged due to CONVERGED_FNORM_ABS iterations 0
[32m Solve Converged![39m

Outlier Variable Residual Norms:
  disp_y: [31m1.180357e-10[39m

Postprocessor Values:
+----------------+----------------+----------------+
| time           | disp_y_max     | react_y_top    |
+----------------+----------------+----------------+
|   0.000000e+00 |   0.000000e+00 |   0.000000e+00 |
|   1.000000e+00 |   3.125000e-03 |   4.010764e+02 |
|   2.000000e+00 |   6.250000e-03 |   8.021156e+02 |
+----------------+----------------+----------------+


Time Step 3, time = 3, dt = 1
  Applying predictor with scale factor = 1
 0 Nonlinear |R| = [32m1.822058e-10[39m
  Nonlinear solve converged due to CONVERGED_FNORM_ABS iterations 0
[32m Solve Converged![39m

Outlier Variable Residual Norms:
  disp_y: [31m1.772411e-10[39m

Postprocessor Values:
+----------------+----------------+----------------+
| time           | disp_y_max     | react_y_top    |
+----------------+----------------+----------------+
|   0.000000e+00 |   0.000000e+00 |   0.000000e+00 |
|   1.000000e+00 |   3.125000e-03 |   4.010764e+02 |
|   2.000000e+00 |   6.250000e-03 |   8.021156e+02 |
|   3.000000e+00 |   9.375000e-03 |   1.203118e+03 |
+----------------+----------------+----------------+


Time Step 4, time = 4, dt = 1
  Applying predictor with scale factor = 1
 0 Nonlinear |R| = [32m2.511791e-10[39m
  Nonlinear solve converged due to CONVERGED_FNORM_ABS iterations 0
[32m Solve Converged![39m

Outlier Variable Residual Norms:
  disp_y: [31m2.445669e-10[39m

Postprocessor Values:
+----------------+----------------+----------------+
| time           | disp_y_max     | react_y_top    |
+----------------+----------------+----------------+
|   0.000000e+00 |   0.000000e+00 |   0.000000e+00 |
|   1.000000e+00 |   3.125000e-03 |   4.010764e+02 |
|   2.000000e+00 |   6.250000e-03 |   8.021156e+02 |
|   3.000000e+00 |   9.375000e-03 |   1.203118e+03 |
|   4.000000e+00 |   1.250000e-02 |   1.604082e+03 |
+----------------+----------------+----------------+


Time Step 5, time = 5, dt = 1
  Applying predictor with scale factor = 1
 0 Nonlinear |R| = [32m3.221785e-10[39m
  Nonlinear solve converged due to CONVERGED_FNORM_ABS iterations 0
[32m Solve Converged![39m

Outlier Variable Residual Norms:
  disp_y: [31m3.135369e-10[39m

Postprocessor Values:
+----------------+----------------+----------------+
| time           | disp_y_max     | react_y_top    |
+----------------+----------------+----------------+
|   0.000000e+00 |   0.000000e+00 |   0.000000e+00 |
|   1.000000e+00 |   3.125000e-03 |   4.010764e+02 |
|   2.000000e+00 |   6.250000e-03 |   8.021156e+02 |
|   3.000000e+00 |   9.375000e-03 |   1.203118e+03 |
|   4.000000e+00 |   1.250000e-02 |   1.604082e+03 |
|   5.000000e+00 |   1.562500e-02 |   2.005010e+03 |
+----------------+----------------+----------------+


Time Step 6, time = 6, dt = 1
  Applying predictor with scale factor = 1
 0 Nonlinear |R| = [32m3.915874e-10[39m
  Nonlinear solve converged due to CONVERGED_FNORM_ABS iterations 0
[32m Solve Converged![39m

Outlier Variable Residual Norms:
  disp_y: [31m3.813631e-10[39m

Postprocessor Values:
+----------------+----------------+----------------+
| time           | disp_y_max     | react_y_top    |
+----------------+----------------+----------------+
|   0.000000e+00 |   0.000000e+00 |   0.000000e+00 |
|   1.000000e+00 |   3.125000e-03 |   4.010764e+02 |
|   2.000000e+00 |   6.250000e-03 |   8.021156e+02 |
|   3.000000e+00 |   9.375000e-03 |   1.203118e+03 |
|   4.000000e+00 |   1.250000e-02 |   1.604082e+03 |
|   5.000000e+00 |   1.562500e-02 |   2.005010e+03 |
|   6.000000e+00 |   1.875000e-02 |   2.405901e+03 |
+----------------+----------------+----------------+


Time Step 7, time = 7, dt = 1
  Applying predictor with scale factor = 1
 0 Nonlinear |R| = [32m4.675901e-10[39m
  Nonlinear solve converged due to CONVERGED_FNORM_ABS iterations 0
[32m Solve Converged![39m

Outlier Variable Residual Norms:
  disp_y: [31m4.552377e-10[39m

Postprocessor Values:
+----------------+----------------+----------------+
| time           | disp_y_max     | react_y_top    |
+----------------+----------------+----------------+
|   0.000000e+00 |   0.000000e+00 |   0.000000e+00 |
|   1.000000e+00 |   3.125000e-03 |   4.010764e+02 |
|   2.000000e+00 |   6.250000e-03 |   8.021156e+02 |
|   3.000000e+00 |   9.375000e-03 |   1.203118e+03 |
|   4.000000e+00 |   1.250000e-02 |   1.604082e+03 |
|   5.000000e+00 |   1.562500e-02 |   2.005010e+03 |
|   6.000000e+00 |   1.875000e-02 |   2.405901e+03 |
|   7.000000e+00 |   2.187500e-02 |   2.806754e+03 |
+----------------+----------------+----------------+


Time Step 8, time = 8, dt = 1
  Applying predictor with scale factor = 1
 0 Nonlinear |R| = [32m5.487978e-10[39m
  Nonlinear solve converged due to CONVERGED_FNORM_ABS iterations 0
[32m Solve Converged![39m

Outlier Variable Residual Norms:
  disp_y: [31m5.345648e-10[39m

Postprocessor Values:
+----------------+----------------+----------------+
| time           | disp_y_max     | react_y_top    |
+----------------+----------------+----------------+
|   0.000000e+00 |   0.000000e+00 |   0.000000e+00 |
|   1.000000e+00 |   3.125000e-03 |   4.010764e+02 |
|   2.000000e+00 |   6.250000e-03 |   8.021156e+02 |
|   3.000000e+00 |   9.375000e-03 |   1.203118e+03 |
|   4.000000e+00 |   1.250000e-02 |   1.604082e+03 |
|   5.000000e+00 |   1.562500e-02 |   2.005010e+03 |
|   6.000000e+00 |   1.875000e-02 |   2.405901e+03 |
|   7.000000e+00 |   2.187500e-02 |   2.806754e+03 |
|   8.000000e+00 |   2.500000e-02 |   3.207570e+03 |
+----------------+----------------+----------------+


Time Step 9, time = 9, dt = 1
  Applying predictor with scale factor = 1
 0 Nonlinear |R| = [32m6.326984e-10[39m
  Nonlinear solve converged due to CONVERGED_FNORM_ABS iterations 0
[32m Solve Converged![39m

Outlier Variable Residual Norms:
  disp_y: [31m6.161850e-10[39m

Postprocessor Values:
+----------------+----------------+----------------+
| time           | disp_y_max     | react_y_top    |
+----------------+----------------+----------------+
|   0.000000e+00 |   0.000000e+00 |   0.000000e+00 |
|   1.000000e+00 |   3.125000e-03 |   4.010764e+02 |
|   2.000000e+00 |   6.250000e-03 |   8.021156e+02 |
|   3.000000e+00 |   9.375000e-03 |   1.203118e+03 |
|   4.000000e+00 |   1.250000e-02 |   1.604082e+03 |
|   5.000000e+00 |   1.562500e-02 |   2.005010e+03 |
|   6.000000e+00 |   1.875000e-02 |   2.405901e+03 |
|   7.000000e+00 |   2.187500e-02 |   2.806754e+03 |
|   8.000000e+00 |   2.500000e-02 |   3.207570e+03 |
|   9.000000e+00 |   2.812500e-02 |   3.608349e+03 |
+----------------+----------------+----------------+


Time Step 10, time = 10, dt = 1
  Applying predictor with scale factor = 1
 0 Nonlinear |R| = [32m7.245606e-10[39m
  Nonlinear solve converged due to CONVERGED_FNORM_ABS iterations 0
[32m Solve Converged![39m

Outlier Variable Residual Norms:
  disp_y: [31m7.061884e-10[39m

Postprocessor Values:
+----------------+----------------+----------------+
| time           | disp_y_max     | react_y_top    |
+----------------+----------------+----------------+
|   0.000000e+00 |   0.000000e+00 |   0.000000e+00 |
|   1.000000e+00 |   3.125000e-03 |   4.010764e+02 |
|   2.000000e+00 |   6.250000e-03 |   8.021156e+02 |
|   3.000000e+00 |   9.375000e-03 |   1.203118e+03 |
|   4.000000e+00 |   1.250000e-02 |   1.604082e+03 |
|   5.000000e+00 |   1.562500e-02 |   2.005010e+03 |
|   6.000000e+00 |   1.875000e-02 |   2.405901e+03 |
|   7.000000e+00 |   2.187500e-02 |   2.806754e+03 |
|   8.000000e+00 |   2.500000e-02 |   3.207570e+03 |
|   9.000000e+00 |   2.812500e-02 |   3.608349e+03 |
|   1.000000e+01 |   3.125000e-02 |   4.009091e+03 |
+----------------+----------------+----------------+


Time Step 11, time = 11, dt = 1
  Applying predictor with scale factor = 1
 0 Nonlinear |R| = [32m8.182958e-10[39m
  Nonlinear solve converged due to CONVERGED_FNORM_ABS iterations 0
[32m Solve Converged![39m

Outlier Variable Residual Norms:
  disp_y: [31m7.974776e-10[39m

Postprocessor Values:
+----------------+----------------+----------------+
| time           | disp_y_max     | react_y_top    |
+----------------+----------------+----------------+
|   0.000000e+00 |   0.000000e+00 |   0.000000e+00 |
|   1.000000e+00 |   3.125000e-03 |   4.010764e+02 |
|   2.000000e+00 |   6.250000e-03 |   8.021156e+02 |
|   3.000000e+00 |   9.375000e-03 |   1.203118e+03 |
|   4.000000e+00 |   1.250000e-02 |   1.604082e+03 |
|   5.000000e+00 |   1.562500e-02 |   2.005010e+03 |
|   6.000000e+00 |   1.875000e-02 |   2.405901e+03 |
|   7.000000e+00 |   2.187500e-02 |   2.806754e+03 |
|   8.000000e+00 |   2.500000e-02 |   3.207570e+03 |
|   9.000000e+00 |   2.812500e-02 |   3.608349e+03 |
|   1.000000e+01 |   3.125000e-02 |   4.009091e+03 |
|   1.100000e+01 |   3.437500e-02 |   4.409796e+03 |
+----------------+----------------+----------------+


Time Step 12, time = 12, dt = 1
  Applying predictor with scale factor = 1
 0 Nonlinear |R| = [32m9.174238e-10[39m
  Nonlinear solve converged due to CONVERGED_FNORM_ABS iterations 0
[32m Solve Converged![39m

Outlier Variable Residual Norms:
  disp_y: [31m8.942613e-10[39m

Postprocessor Values:
+----------------+----------------+----------------+
| time           | disp_y_max     | react_y_top    |
+----------------+----------------+----------------+
|   0.000000e+00 |   0.000000e+00 |   0.000000e+00 |
|   1.000000e+00 |   3.125000e-03 |   4.010764e+02 |
|   2.000000e+00 |   6.250000e-03 |   8.021156e+02 |
|   3.000000e+00 |   9.375000e-03 |   1.203118e+03 |
|   4.000000e+00 |   1.250000e-02 |   1.604082e+03 |
|   5.000000e+00 |   1.562500e-02 |   2.005010e+03 |
|   6.000000e+00 |   1.875000e-02 |   2.405901e+03 |
|   7.000000e+00 |   2.187500e-02 |   2.806754e+03 |
|   8.000000e+00 |   2.500000e-02 |   3.207570e+03 |
|   9.000000e+00 |   2.812500e-02 |   3.608349e+03 |
|   1.000000e+01 |   3.125000e-02 |   4.009091e+03 |
|   1.100000e+01 |   3.437500e-02 |   4.409796e+03 |
|   1.200000e+01 |   3.750000e-02 |   4.810463e+03 |
+----------------+----------------+----------------+


Time Step 13, time = 13, dt = 1
  Applying predictor with scale factor = 1
 0 Nonlinear |R| = [32m1.051612e-09[39m
  Nonlinear solve converged due to CONVERGED_FNORM_ABS iterations 0
[32m Solve Converged![39m

Outlier Variable Residual Norms:
  disp_y: [31m1.026035e-09[39m

Postprocessor Values:
+----------------+----------------+----------------+
| time           | disp_y_max     | react_y_top    |
+----------------+----------------+----------------+
|   0.000000e+00 |   0.000000e+00 |   0.000000e+00 |
|   1.000000e+00 |   3.125000e-03 |   4.010764e+02 |
|   2.000000e+00 |   6.250000e-03 |   8.021156e+02 |
|   3.000000e+00 |   9.375000e-03 |   1.203118e+03 |
|   4.000000e+00 |   1.250000e-02 |   1.604082e+03 |
|   5.000000e+00 |   1.562500e-02 |   2.005010e+03 |
|   6.000000e+00 |   1.875000e-02 |   2.405901e+03 |
|   7.000000e+00 |   2.187500e-02 |   2.806754e+03 |
|   8.000000e+00 |   2.500000e-02 |   3.207570e+03 |
|   9.000000e+00 |   2.812500e-02 |   3.608349e+03 |
|   1.000000e+01 |   3.125000e-02 |   4.009091e+03 |
|   1.100000e+01 |   3.437500e-02 |   4.409796e+03 |
|   1.200000e+01 |   3.750000e-02 |   4.810463e+03 |
|   1.300000e+01 |   4.062500e-02 |   5.211093e+03 |
+----------------+----------------+----------------+


Time Step 14, time = 14, dt = 1
  Applying predictor with scale factor = 1
 0 Nonlinear |R| = [32m1.178617e-09[39m
  Nonlinear solve converged due to CONVERGED_FNORM_ABS iterations 0
[32m Solve Converged![39m

Outlier Variable Residual Norms:
  disp_y: [31m1.150071e-09[39m

Postprocessor Values:
+----------------+----------------+----------------+
| time           | disp_y_max     | react_y_top    |
+----------------+----------------+----------------+
|   0.000000e+00 |   0.000000e+00 |   0.000000e+00 |
|   1.000000e+00 |   3.125000e-03 |   4.010764e+02 |
|   2.000000e+00 |   6.250000e-03 |   8.021156e+02 |
|   3.000000e+00 |   9.375000e-03 |   1.203118e+03 |
|   4.000000e+00 |   1.250000e-02 |   1.604082e+03 |
|   5.000000e+00 |   1.562500e-02 |   2.005010e+03 |
|   6.000000e+00 |   1.875000e-02 |   2.405901e+03 |
|   7.000000e+00 |   2.187500e-02 |   2.806754e+03 |
|   8.000000e+00 |   2.500000e-02 |   3.207570e+03 |
|   9.000000e+00 |   2.812500e-02 |   3.608349e+03 |
|   1.000000e+01 |   3.125000e-02 |   4.009091e+03 |
|   1.100000e+01 |   3.437500e-02 |   4.409796e+03 |
|   1.200000e+01 |   3.750000e-02 |   4.810463e+03 |
|   1.300000e+01 |   4.062500e-02 |   5.211093e+03 |
|   1.400000e+01 |   4.375000e-02 |   5.611686e+03 |
+----------------+----------------+----------------+


Time Step 15, time = 15, dt = 1
  Applying predictor with scale factor = 1
 0 Nonlinear |R| = [32m1.323479e-09[39m
  Nonlinear solve converged due to CONVERGED_FNORM_ABS iterations 0
[32m Solve Converged![39m

Outlier Variable Residual Norms:
  disp_y: [31m1.291743e-09[39m

Postprocessor Values:
+----------------+----------------+----------------+
| time           | disp_y_max     | react_y_top    |
+----------------+----------------+----------------+
:                :                :                :
|   1.000000e+00 |   3.125000e-03 |   4.010764e+02 |
|   2.000000e+00 |   6.250000e-03 |   8.021156e+02 |
|   3.000000e+00 |   9.375000e-03 |   1.203118e+03 |
|   4.000000e+00 |   1.250000e-02 |   1.604082e+03 |
|   5.000000e+00 |   1.562500e-02 |   2.005010e+03 |
|   6.000000e+00 |   1.875000e-02 |   2.405901e+03 |
|   7.000000e+00 |   2.187500e-02 |   2.806754e+03 |
|   8.000000e+00 |   2.500000e-02 |   3.207570e+03 |
|   9.000000e+00 |   2.812500e-02 |   3.608349e+03 |
|   1.000000e+01 |   3.125000e-02 |   4.009091e+03 |
|   1.100000e+01 |   3.437500e-02 |   4.409796e+03 |
|   1.200000e+01 |   3.750000e-02 |   4.810463e+03 |
|   1.300000e+01 |   4.062500e-02 |   5.211093e+03 |
|   1.400000e+01 |   4.375000e-02 |   5.611686e+03 |
|   1.500000e+01 |   4.687500e-02 |   6.012242e+03 |
+----------------+----------------+----------------+


Time Step 16, time = 16, dt = 1
  Applying predictor with scale factor = 1
 0 Nonlinear |R| = [32m1.477155e-09[39m
  Nonlinear solve converged due to CONVERGED_FNORM_ABS iterations 0
[32m Solve Converged![39m

Outlier Variable Residual Norms:
  disp_y: [31m1.442306e-09[39m

Postprocessor Values:
+----------------+----------------+----------------+
| time           | disp_y_max     | react_y_top    |
+----------------+----------------+----------------+
:                :                :                :
|   2.000000e+00 |   6.250000e-03 |   8.021156e+02 |
|   3.000000e+00 |   9.375000e-03 |   1.203118e+03 |
|   4.000000e+00 |   1.250000e-02 |   1.604082e+03 |
|   5.000000e+00 |   1.562500e-02 |   2.005010e+03 |
|   6.000000e+00 |   1.875000e-02 |   2.405901e+03 |
|   7.000000e+00 |   2.187500e-02 |   2.806754e+03 |
|   8.000000e+00 |   2.500000e-02 |   3.207570e+03 |
|   9.000000e+00 |   2.812500e-02 |   3.608349e+03 |
|   1.000000e+01 |   3.125000e-02 |   4.009091e+03 |
|   1.100000e+01 |   3.437500e-02 |   4.409796e+03 |
|   1.200000e+01 |   3.750000e-02 |   4.810463e+03 |
|   1.300000e+01 |   4.062500e-02 |   5.211093e+03 |
|   1.400000e+01 |   4.375000e-02 |   5.611686e+03 |
|   1.500000e+01 |   4.687500e-02 |   6.012242e+03 |
|   1.600000e+01 |   5.000000e-02 |   6.412761e+03 |
+----------------+----------------+----------------+


Time Step 17, time = 17, dt = 1
  Applying predictor with scale factor = 1
 0 Nonlinear |R| = [32m1.634105e-09[39m
  Nonlinear solve converged due to CONVERGED_FNORM_ABS iterations 0
[32m Solve Converged![39m

Outlier Variable Residual Norms:
  disp_y: [31m1.595703e-09[39m

Postprocessor Values:
+----------------+----------------+----------------+
| time           | disp_y_max     | react_y_top    |
+----------------+----------------+----------------+
:                :                :                :
|   3.000000e+00 |   9.375000e-03 |   1.203118e+03 |
|   4.000000e+00 |   1.250000e-02 |   1.604082e+03 |
|   5.000000e+00 |   1.562500e-02 |   2.005010e+03 |
|   6.000000e+00 |   1.875000e-02 |   2.405901e+03 |
|   7.000000e+00 |   2.187500e-02 |   2.806754e+03 |
|   8.000000e+00 |   2.500000e-02 |   3.207570e+03 |
|   9.000000e+00 |   2.812500e-02 |   3.608349e+03 |
|   1.000000e+01 |   3.125000e-02 |   4.009091e+03 |
|   1.100000e+01 |   3.437500e-02 |   4.409796e+03 |
|   1.200000e+01 |   3.750000e-02 |   4.810463e+03 |
|   1.300000e+01 |   4.062500e-02 |   5.211093e+03 |
|   1.400000e+01 |   4.375000e-02 |   5.611686e+03 |
|   1.500000e+01 |   4.687500e-02 |   6.012242e+03 |
|   1.600000e+01 |   5.000000e-02 |   6.412761e+03 |
|   1.700000e+01 |   5.312500e-02 |   6.813243e+03 |
+----------------+----------------+----------------+


Time Step 18, time = 18, dt = 1
  Applying predictor with scale factor = 1
 0 Nonlinear |R| = [32m1.809600e-09[39m
  Nonlinear solve converged due to CONVERGED_FNORM_ABS iterations 0
[32m Solve Converged![39m

Outlier Variable Residual Norms:
  disp_y: [31m1.766937e-09[39m

Postprocessor Values:
+----------------+----------------+----------------+
| time           | disp_y_max     | react_y_top    |
+----------------+----------------+----------------+
:                :                :                :
|   4.000000e+00 |   1.250000e-02 |   1.604082e+03 |
|   5.000000e+00 |   1.562500e-02 |   2.005010e+03 |
|   6.000000e+00 |   1.875000e-02 |   2.405901e+03 |
|   7.000000e+00 |   2.187500e-02 |   2.806754e+03 |
|   8.000000e+00 |   2.500000e-02 |   3.207570e+03 |
|   9.000000e+00 |   2.812500e-02 |   3.608349e+03 |
|   1.000000e+01 |   3.125000e-02 |   4.009091e+03 |
|   1.100000e+01 |   3.437500e-02 |   4.409796e+03 |
|   1.200000e+01 |   3.750000e-02 |   4.810463e+03 |
|   1.300000e+01 |   4.062500e-02 |   5.211093e+03 |
|   1.400000e+01 |   4.375000e-02 |   5.611686e+03 |
|   1.500000e+01 |   4.687500e-02 |   6.012242e+03 |
|   1.600000e+01 |   5.000000e-02 |   6.412761e+03 |
|   1.700000e+01 |   5.312500e-02 |   6.813243e+03 |
|   1.800000e+01 |   5.625000e-02 |   7.213687e+03 |
+----------------+----------------+----------------+


Time Step 19, time = 19, dt = 1
  Applying predictor with scale factor = 1
 0 Nonlinear |R| = [32m1.977480e-09[39m
  Nonlinear solve converged due to CONVERGED_FNORM_ABS iterations 0
[32m Solve Converged![39m

Outlier Variable Residual Norms:
  disp_y: [31m1.931535e-09[39m

Postprocessor Values:
+----------------+----------------+----------------+
| time           | disp_y_max     | react_y_top    |
+----------------+----------------+----------------+
:                :                :                :
|   5.000000e+00 |   1.562500e-02 |   2.005010e+03 |
|   6.000000e+00 |   1.875000e-02 |   2.405901e+03 |
|   7.000000e+00 |   2.187500e-02 |   2.806754e+03 |
|   8.000000e+00 |   2.500000e-02 |   3.207570e+03 |
|   9.000000e+00 |   2.812500e-02 |   3.608349e+03 |
|   1.000000e+01 |   3.125000e-02 |   4.009091e+03 |
|   1.100000e+01 |   3.437500e-02 |   4.409796e+03 |
|   1.200000e+01 |   3.750000e-02 |   4.810463e+03 |
|   1.300000e+01 |   4.062500e-02 |   5.211093e+03 |
|   1.400000e+01 |   4.375000e-02 |   5.611686e+03 |
|   1.500000e+01 |   4.687500e-02 |   6.012242e+03 |
|   1.600000e+01 |   5.000000e-02 |   6.412761e+03 |
|   1.700000e+01 |   5.312500e-02 |   6.813243e+03 |
|   1.800000e+01 |   5.625000e-02 |   7.213687e+03 |
|   1.900000e+01 |   5.937500e-02 |   7.614095e+03 |
+----------------+----------------+----------------+


Time Step 20, time = 20, dt = 1
  Applying predictor with scale factor = 1
 0 Nonlinear |R| = [32m2.150612e-09[39m
  Nonlinear solve converged due to CONVERGED_FNORM_ABS iterations 0
[32m Solve Converged![39m

Outlier Variable Residual Norms:
  disp_y: [31m2.100565e-09[39m

Postprocessor Values:
+----------------+----------------+----------------+
| time           | disp_y_max     | react_y_top    |
+----------------+----------------+----------------+
:                :                :                :
|   6.000000e+00 |   1.875000e-02 |   2.405901e+03 |
|   7.000000e+00 |   2.187500e-02 |   2.806754e+03 |
|   8.000000e+00 |   2.500000e-02 |   3.207570e+03 |
|   9.000000e+00 |   2.812500e-02 |   3.608349e+03 |
|   1.000000e+01 |   3.125000e-02 |   4.009091e+03 |
|   1.100000e+01 |   3.437500e-02 |   4.409796e+03 |
|   1.200000e+01 |   3.750000e-02 |   4.810463e+03 |
|   1.300000e+01 |   4.062500e-02 |   5.211093e+03 |
|   1.400000e+01 |   4.375000e-02 |   5.611686e+03 |
|   1.500000e+01 |   4.687500e-02 |   6.012242e+03 |
|   1.600000e+01 |   5.000000e-02 |   6.412761e+03 |
|   1.700000e+01 |   5.312500e-02 |   6.813243e+03 |
|   1.800000e+01 |   5.625000e-02 |   7.213687e+03 |
|   1.900000e+01 |   5.937500e-02 |   7.614095e+03 |
|   2.000000e+01 |   6.250000e-02 |   8.014465e+03 |
+----------------+----------------+----------------+


Time Step 21, time = 21, dt = 1
  Applying predictor with scale factor = 1
 0 Nonlinear |R| = [32m2.323995e-09[39m
  Nonlinear solve converged due to CONVERGED_FNORM_ABS iterations 0
[32m Solve Converged![39m

Outlier Variable Residual Norms:
  disp_y: [31m2.269881e-09[39m

Postprocessor Values:
+----------------+----------------+----------------+
| time           | disp_y_max     | react_y_top    |
+----------------+----------------+----------------+
:                :                :                :
|   7.000000e+00 |   2.187500e-02 |   2.806754e+03 |
|   8.000000e+00 |   2.500000e-02 |   3.207570e+03 |
|   9.000000e+00 |   2.812500e-02 |   3.608349e+03 |
|   1.000000e+01 |   3.125000e-02 |   4.009091e+03 |
|   1.100000e+01 |   3.437500e-02 |   4.409796e+03 |
|   1.200000e+01 |   3.750000e-02 |   4.810463e+03 |
|   1.300000e+01 |   4.062500e-02 |   5.211093e+03 |
|   1.400000e+01 |   4.375000e-02 |   5.611686e+03 |
|   1.500000e+01 |   4.687500e-02 |   6.012242e+03 |
|   1.600000e+01 |   5.000000e-02 |   6.412761e+03 |
|   1.700000e+01 |   5.312500e-02 |   6.813243e+03 |
|   1.800000e+01 |   5.625000e-02 |   7.213687e+03 |
|   1.900000e+01 |   5.937500e-02 |   7.614095e+03 |
|   2.000000e+01 |   6.250000e-02 |   8.014465e+03 |
|   2.100000e+01 |   6.562500e-02 |   8.414798e+03 |
+----------------+----------------+----------------+


Time Step 22, time = 22, dt = 1
  Applying predictor with scale factor = 1
 0 Nonlinear |R| = [32m2.517268e-09[39m
  Nonlinear solve converged due to CONVERGED_FNORM_ABS iterations 0
[32m Solve Converged![39m

Outlier Variable Residual Norms:
  disp_y: [31m2.459441e-09[39m

Postprocessor Values:
+----------------+----------------+----------------+
| time           | disp_y_max     | react_y_top    |
+----------------+----------------+----------------+
:                :                :                :
|   8.000000e+00 |   2.500000e-02 |   3.207570e+03 |
|   9.000000e+00 |   2.812500e-02 |   3.608349e+03 |
|   1.000000e+01 |   3.125000e-02 |   4.009091e+03 |
|   1.100000e+01 |   3.437500e-02 |   4.409796e+03 |
|   1.200000e+01 |   3.750000e-02 |   4.810463e+03 |
|   1.300000e+01 |   4.062500e-02 |   5.211093e+03 |
|   1.400000e+01 |   4.375000e-02 |   5.611686e+03 |
|   1.500000e+01 |   4.687500e-02 |   6.012242e+03 |
|   1.600000e+01 |   5.000000e-02 |   6.412761e+03 |
|   1.700000e+01 |   5.312500e-02 |   6.813243e+03 |
|   1.800000e+01 |   5.625000e-02 |   7.213687e+03 |
|   1.900000e+01 |   5.937500e-02 |   7.614095e+03 |
|   2.000000e+01 |   6.250000e-02 |   8.014465e+03 |
|   2.100000e+01 |   6.562500e-02 |   8.414798e+03 |
|   2.200000e+01 |   6.875000e-02 |   8.815094e+03 |
+----------------+----------------+----------------+


Time Step 23, time = 23, dt = 1
  Applying predictor with scale factor = 1
 0 Nonlinear |R| = [32m2.707439e-09[39m
  Nonlinear solve converged due to CONVERGED_FNORM_ABS iterations 0
[32m Solve Converged![39m

Outlier Variable Residual Norms:
  disp_y: [31m2.645311e-09[39m

Postprocessor Values:
+----------------+----------------+----------------+
| time           | disp_y_max     | react_y_top    |
+----------------+----------------+----------------+
:                :                :                :
|   9.000000e+00 |   2.812500e-02 |   3.608349e+03 |
|   1.000000e+01 |   3.125000e-02 |   4.009091e+03 |
|   1.100000e+01 |   3.437500e-02 |   4.409796e+03 |
|   1.200000e+01 |   3.750000e-02 |   4.810463e+03 |
|   1.300000e+01 |   4.062500e-02 |   5.211093e+03 |
|   1.400000e+01 |   4.375000e-02 |   5.611686e+03 |
|   1.500000e+01 |   4.687500e-02 |   6.012242e+03 |
|   1.600000e+01 |   5.000000e-02 |   6.412761e+03 |
|   1.700000e+01 |   5.312500e-02 |   6.813243e+03 |
|   1.800000e+01 |   5.625000e-02 |   7.213687e+03 |
|   1.900000e+01 |   5.937500e-02 |   7.614095e+03 |
|   2.000000e+01 |   6.250000e-02 |   8.014465e+03 |
|   2.100000e+01 |   6.562500e-02 |   8.414798e+03 |
|   2.200000e+01 |   6.875000e-02 |   8.815094e+03 |
|   2.300000e+01 |   7.187500e-02 |   9.215352e+03 |
+----------------+----------------+----------------+


Time Step 24, time = 24, dt = 1
  Applying predictor with scale factor = 1
 0 Nonlinear |R| = [32m2.911519e-09[39m
  Nonlinear solve converged due to CONVERGED_FNORM_ABS iterations 0
[32m Solve Converged![39m

Outlier Variable Residual Norms:
  disp_y: [31m2.844413e-09[39m

Postprocessor Values:
+----------------+----------------+----------------+
| time           | disp_y_max     | react_y_top    |
+----------------+----------------+----------------+
:                :                :                :
|   1.000000e+01 |   3.125000e-02 |   4.009091e+03 |
|   1.100000e+01 |   3.437500e-02 |   4.409796e+03 |
|   1.200000e+01 |   3.750000e-02 |   4.810463e+03 |
|   1.300000e+01 |   4.062500e-02 |   5.211093e+03 |
|   1.400000e+01 |   4.375000e-02 |   5.611686e+03 |
|   1.500000e+01 |   4.687500e-02 |   6.012242e+03 |
|   1.600000e+01 |   5.000000e-02 |   6.412761e+03 |
|   1.700000e+01 |   5.312500e-02 |   6.813243e+03 |
|   1.800000e+01 |   5.625000e-02 |   7.213687e+03 |
|   1.900000e+01 |   5.937500e-02 |   7.614095e+03 |
|   2.000000e+01 |   6.250000e-02 |   8.014465e+03 |
|   2.100000e+01 |   6.562500e-02 |   8.414798e+03 |
|   2.200000e+01 |   6.875000e-02 |   8.815094e+03 |
|   2.300000e+01 |   7.187500e-02 |   9.215352e+03 |
|   2.400000e+01 |   7.500000e-02 |   9.615574e+03 |
+----------------+----------------+----------------+


Time Step 25, time = 25, dt = 1
  Applying predictor with scale factor = 1
 0 Nonlinear |R| = [32m3.154973e-09[39m
  Nonlinear solve converged due to CONVERGED_FNORM_ABS iterations 0
[32m Solve Converged![39m

Outlier Variable Residual Norms:
  disp_y: [31m3.083705e-09[39m

Postprocessor Values:
+----------------+----------------+----------------+
| time           | disp_y_max     | react_y_top    |
+----------------+----------------+----------------+
:                :                :                :
|   1.100000e+01 |   3.437500e-02 |   4.409796e+03 |
|   1.200000e+01 |   3.750000e-02 |   4.810463e+03 |
|   1.300000e+01 |   4.062500e-02 |   5.211093e+03 |
|   1.400000e+01 |   4.375000e-02 |   5.611686e+03 |
|   1.500000e+01 |   4.687500e-02 |   6.012242e+03 |
|   1.600000e+01 |   5.000000e-02 |   6.412761e+03 |
|   1.700000e+01 |   5.312500e-02 |   6.813243e+03 |
|   1.800000e+01 |   5.625000e-02 |   7.213687e+03 |
|   1.900000e+01 |   5.937500e-02 |   7.614095e+03 |
|   2.000000e+01 |   6.250000e-02 |   8.014465e+03 |
|   2.100000e+01 |   6.562500e-02 |   8.414798e+03 |
|   2.200000e+01 |   6.875000e-02 |   8.815094e+03 |
|   2.300000e+01 |   7.187500e-02 |   9.215352e+03 |
|   2.400000e+01 |   7.500000e-02 |   9.615574e+03 |
|   2.500000e+01 |   7.812500e-02 |   1.001576e+04 |
+----------------+----------------+----------------+


Time Step 26, time = 26, dt = 1
  Applying predictor with scale factor = 1
 0 Nonlinear |R| = [32m3.393507e-09[39m
  Nonlinear solve converged due to CONVERGED_FNORM_ABS iterations 0
[32m Solve Converged![39m

Outlier Variable Residual Norms:
  disp_y: [31m3.317558e-09[39m

Postprocessor Values:
+----------------+----------------+----------------+
| time           | disp_y_max     | react_y_top    |
+----------------+----------------+----------------+
:                :                :                :
|   1.200000e+01 |   3.750000e-02 |   4.810463e+03 |
|   1.300000e+01 |   4.062500e-02 |   5.211093e+03 |
|   1.400000e+01 |   4.375000e-02 |   5.611686e+03 |
|   1.500000e+01 |   4.687500e-02 |   6.012242e+03 |
|   1.600000e+01 |   5.000000e-02 |   6.412761e+03 |
|   1.700000e+01 |   5.312500e-02 |   6.813243e+03 |
|   1.800000e+01 |   5.625000e-02 |   7.213687e+03 |
|   1.900000e+01 |   5.937500e-02 |   7.614095e+03 |
|   2.000000e+01 |   6.250000e-02 |   8.014465e+03 |
|   2.100000e+01 |   6.562500e-02 |   8.414798e+03 |
|   2.200000e+01 |   6.875000e-02 |   8.815094e+03 |
|   2.300000e+01 |   7.187500e-02 |   9.215352e+03 |
|   2.400000e+01 |   7.500000e-02 |   9.615574e+03 |
|   2.500000e+01 |   7.812500e-02 |   1.001576e+04 |
|   2.600000e+01 |   8.125000e-02 |   1.041591e+04 |
+----------------+----------------+----------------+


Time Step 27, time = 27, dt = 1
  Applying predictor with scale factor = 1
 0 Nonlinear |R| = [32m3.640225e-09[39m
  Nonlinear solve converged due to CONVERGED_FNORM_ABS iterations 0
[32m Solve Converged![39m

Outlier Variable Residual Norms:
  disp_y: [31m3.557711e-09[39m

Postprocessor Values:
+----------------+----------------+----------------+
| time           | disp_y_max     | react_y_top    |
+----------------+----------------+----------------+
:                :                :                :
|   1.300000e+01 |   4.062500e-02 |   5.211093e+03 |
|   1.400000e+01 |   4.375000e-02 |   5.611686e+03 |
|   1.500000e+01 |   4.687500e-02 |   6.012242e+03 |
|   1.600000e+01 |   5.000000e-02 |   6.412761e+03 |
|   1.700000e+01 |   5.312500e-02 |   6.813243e+03 |
|   1.800000e+01 |   5.625000e-02 |   7.213687e+03 |
|   1.900000e+01 |   5.937500e-02 |   7.614095e+03 |
|   2.000000e+01 |   6.250000e-02 |   8.014465e+03 |
|   2.100000e+01 |   6.562500e-02 |   8.414798e+03 |
|   2.200000e+01 |   6.875000e-02 |   8.815094e+03 |
|   2.300000e+01 |   7.187500e-02 |   9.215352e+03 |
|   2.400000e+01 |   7.500000e-02 |   9.615574e+03 |
|   2.500000e+01 |   7.812500e-02 |   1.001576e+04 |
|   2.600000e+01 |   8.125000e-02 |   1.041591e+04 |
|   2.700000e+01 |   8.437500e-02 |   1.081602e+04 |
+----------------+----------------+----------------+


Time Step 28, time = 28, dt = 1
  Applying predictor with scale factor = 1
 0 Nonlinear |R| = [32m3.911905e-09[39m
  Nonlinear solve converged due to CONVERGED_FNORM_ABS iterations 0
[32m Solve Converged![39m

Outlier Variable Residual Norms:
  disp_y: [31m3.824825e-09[39m

Postprocessor Values:
+----------------+----------------+----------------+
| time           | disp_y_max     | react_y_top    |
+----------------+----------------+----------------+
:                :                :                :
|   1.400000e+01 |   4.375000e-02 |   5.611686e+03 |
|   1.500000e+01 |   4.687500e-02 |   6.012242e+03 |
|   1.600000e+01 |   5.000000e-02 |   6.412761e+03 |
|   1.700000e+01 |   5.312500e-02 |   6.813243e+03 |
|   1.800000e+01 |   5.625000e-02 |   7.213687e+03 |
|   1.900000e+01 |   5.937500e-02 |   7.614095e+03 |
|   2.000000e+01 |   6.250000e-02 |   8.014465e+03 |
|   2.100000e+01 |   6.562500e-02 |   8.414798e+03 |
|   2.200000e+01 |   6.875000e-02 |   8.815094e+03 |
|   2.300000e+01 |   7.187500e-02 |   9.215352e+03 |
|   2.400000e+01 |   7.500000e-02 |   9.615574e+03 |
|   2.500000e+01 |   7.812500e-02 |   1.001576e+04 |
|   2.600000e+01 |   8.125000e-02 |   1.041591e+04 |
|   2.700000e+01 |   8.437500e-02 |   1.081602e+04 |
|   2.800000e+01 |   8.750000e-02 |   1.121609e+04 |
+----------------+----------------+----------------+


Time Step 29, time = 29, dt = 1
  Applying predictor with scale factor = 1
 0 Nonlinear |R| = [32m4.187009e-09[39m
  Nonlinear solve converged due to CONVERGED_FNORM_ABS iterations 0
[32m Solve Converged![39m

Outlier Variable Residual Norms:
  disp_y: [31m4.093978e-09[39m

Postprocessor Values:
+----------------+----------------+----------------+
| time           | disp_y_max     | react_y_top    |
+----------------+----------------+----------------+
:                :                :                :
|   1.500000e+01 |   4.687500e-02 |   6.012242e+03 |
|   1.600000e+01 |   5.000000e-02 |   6.412761e+03 |
|   1.700000e+01 |   5.312500e-02 |   6.813243e+03 |
|   1.800000e+01 |   5.625000e-02 |   7.213687e+03 |
|   1.900000e+01 |   5.937500e-02 |   7.614095e+03 |
|   2.000000e+01 |   6.250000e-02 |   8.014465e+03 |
|   2.100000e+01 |   6.562500e-02 |   8.414798e+03 |
|   2.200000e+01 |   6.875000e-02 |   8.815094e+03 |
|   2.300000e+01 |   7.187500e-02 |   9.215352e+03 |
|   2.400000e+01 |   7.500000e-02 |   9.615574e+03 |
|   2.500000e+01 |   7.812500e-02 |   1.001576e+04 |
|   2.600000e+01 |   8.125000e-02 |   1.041591e+04 |
|   2.700000e+01 |   8.437500e-02 |   1.081602e+04 |
|   2.800000e+01 |   8.750000e-02 |   1.121609e+04 |
|   2.900000e+01 |   9.062500e-02 |   1.161612e+04 |
+----------------+----------------+----------------+


Time Step 30, time = 30, dt = 1
  Applying predictor with scale factor = 1
 0 Nonlinear |R| = [32m4.455026e-09[39m
  Nonlinear solve converged due to CONVERGED_FNORM_ABS iterations 0
[32m Solve Converged![39m

Outlier Variable Residual Norms:
  disp_y: [31m4.354569e-09[39m

Postprocessor Values:
+----------------+----------------+----------------+
| time           | disp_y_max     | react_y_top    |
+----------------+----------------+----------------+
:                :                :                :
|   1.600000e+01 |   5.000000e-02 |   6.412761e+03 |
|   1.700000e+01 |   5.312500e-02 |   6.813243e+03 |
|   1.800000e+01 |   5.625000e-02 |   7.213687e+03 |
|   1.900000e+01 |   5.937500e-02 |   7.614095e+03 |
|   2.000000e+01 |   6.250000e-02 |   8.014465e+03 |
|   2.100000e+01 |   6.562500e-02 |   8.414798e+03 |
|   2.200000e+01 |   6.875000e-02 |   8.815094e+03 |
|   2.300000e+01 |   7.187500e-02 |   9.215352e+03 |
|   2.400000e+01 |   7.500000e-02 |   9.615574e+03 |
|   2.500000e+01 |   7.812500e-02 |   1.001576e+04 |
|   2.600000e+01 |   8.125000e-02 |   1.041591e+04 |
|   2.700000e+01 |   8.437500e-02 |   1.081602e+04 |
|   2.800000e+01 |   8.750000e-02 |   1.121609e+04 |
|   2.900000e+01 |   9.062500e-02 |   1.161612e+04 |
|   3.000000e+01 |   9.375000e-02 |   1.201612e+04 |
+----------------+----------------+----------------+


Time Step 31, time = 31, dt = 1
  Applying predictor with scale factor = 1
 0 Nonlinear |R| = [32m4.733566e-09[39m
  Nonlinear solve converged due to CONVERGED_FNORM_ABS iterations 0
[32m Solve Converged![39m

Outlier Variable Residual Norms:
  disp_y: [31m4.627699e-09[39m

Postprocessor Values:
+----------------+----------------+----------------+
| time           | disp_y_max     | react_y_top    |
+----------------+----------------+----------------+
:                :                :                :
|   1.700000e+01 |   5.312500e-02 |   6.813243e+03 |
|   1.800000e+01 |   5.625000e-02 |   7.213687e+03 |
|   1.900000e+01 |   5.937500e-02 |   7.614095e+03 |
|   2.000000e+01 |   6.250000e-02 |   8.014465e+03 |
|   2.100000e+01 |   6.562500e-02 |   8.414798e+03 |
|   2.200000e+01 |   6.875000e-02 |   8.815094e+03 |
|   2.300000e+01 |   7.187500e-02 |   9.215352e+03 |
|   2.400000e+01 |   7.500000e-02 |   9.615574e+03 |
|   2.500000e+01 |   7.812500e-02 |   1.001576e+04 |
|   2.600000e+01 |   8.125000e-02 |   1.041591e+04 |
|   2.700000e+01 |   8.437500e-02 |   1.081602e+04 |
|   2.800000e+01 |   8.750000e-02 |   1.121609e+04 |
|   2.900000e+01 |   9.062500e-02 |   1.161612e+04 |
|   3.000000e+01 |   9.375000e-02 |   1.201612e+04 |
|   3.100000e+01 |   9.687500e-02 |   1.241608e+04 |
+----------------+----------------+----------------+


Time Step 32, time = 32, dt = 1
  Applying predictor with scale factor = 1
 0 Nonlinear |R| = [32m5.011508e-09[39m
  Nonlinear solve converged due to CONVERGED_FNORM_ABS iterations 0
[32m Solve Converged![39m

Outlier Variable Residual Norms:
  disp_y: [31m4.899903e-09[39m

Postprocessor Values:
+----------------+----------------+----------------+
| time           | disp_y_max     | react_y_top    |
+----------------+----------------+----------------+
:                :                :                :
|   1.800000e+01 |   5.625000e-02 |   7.213687e+03 |
|   1.900000e+01 |   5.937500e-02 |   7.614095e+03 |
|   2.000000e+01 |   6.250000e-02 |   8.014465e+03 |
|   2.100000e+01 |   6.562500e-02 |   8.414798e+03 |
|   2.200000e+01 |   6.875000e-02 |   8.815094e+03 |
|   2.300000e+01 |   7.187500e-02 |   9.215352e+03 |
|   2.400000e+01 |   7.500000e-02 |   9.615574e+03 |
|   2.500000e+01 |   7.812500e-02 |   1.001576e+04 |
|   2.600000e+01 |   8.125000e-02 |   1.041591e+04 |
|   2.700000e+01 |   8.437500e-02 |   1.081602e+04 |
|   2.800000e+01 |   8.750000e-02 |   1.121609e+04 |
|   2.900000e+01 |   9.062500e-02 |   1.161612e+04 |
|   3.000000e+01 |   9.375000e-02 |   1.201612e+04 |
|   3.100000e+01 |   9.687500e-02 |   1.241608e+04 |
|   3.200000e+01 |   1.000000e-01 |   1.281601e+04 |
+----------------+----------------+----------------+

Finished Executing                                                                       [[33m  8.44 s[39m] [[33m  244 MB[39m]
