Framework Information:
MOOSE Version:           git commit b85414d92b on 2025-11-25
LibMesh Version:         910736a3a20aded528c3ba99371ce65980dc8e2c
PETSc Version:           3.24.0
SLEPc Version:           3.24.0
Current Time:            Wed Jul  8 20:47:13 2026
Executable Timestamp:    Wed Nov 26 18:13:58 2025

Input File(s):
  /home/lloydf/vfmverif/data/platehole2d_elas_het.i

Command Line Argument(s):
  --n-threads=2

Checkpoint:
  Wall Time Interval:      Every 3600 s
  User Checkpoint:         Disabled
  # Checkpoints Kept:      2
  Execute On:              TIMESTEP_END 

Parallelism:
  Num Processors:          2
  Num Threads:             2

Mesh: 
  Parallel Type:           replicated
  Mesh Dimension:          2
  Spatial Dimension:       2
  Nodes:                   
    Total:                 5488
    Local:                 2785
    Min/Max/Avg:           2703/2785/2744
  Elems:                   
    Total:                 1764
    Local:                 882
    Min/Max/Avg:           882/882/882
  Num Subdomains:          1
  Num Partitions:          2
  Partitioner:             metis

Nonlinear System:
  Num DOFs:                12838
  Num Local DOFs:          6522
  Variables:               "scalar_strain_zz" { "disp_x" "disp_y" } 
  Finite Element Types:    "LAGRANGE" "LAGRANGE" 
  Approximation Orders:    "FIRST" "SECOND" 

Auxiliary System:
  Num DOFs:                17640
  Num Local DOFs:          8820
  Variables:               { "vonmises_stress" "strain_xx" "strain_yy" "strain_zz" "strain_xy" "stress_xx" 
                             "stress_yy" "stress_zz" "stress_xy" "youngs_modulus_out" } 
  Finite Element Types:    "MONOMIAL" 
  Approximation Orders:    "CONSTANT" 

Execution Information:
  Executioner:             Transient
  TimeStepper:             IterationAdaptiveDT
  TimeIntegrator(s):       ImplicitEuler
  Solver Mode:             NEWTON 
  PETSc Preconditioner:    lu 
  MOOSE Preconditioner:    SMP 

Time Step 0, time = 0

Postprocessor Values:
+----------------+----------------+----------------+
| time           | disp_y_max     | react_y_top    |
+----------------+----------------+----------------+
|   0.000000e+00 |   0.000000e+00 |   0.000000e+00 |
+----------------+----------------+----------------+


Time Step 1, time = 1, dt = 1
 Skipping predictor this step
 0 Nonlinear |R| = [32m3.738142e+04[39m
      0 Linear |R| = [32m3.738142e+04[39m
      1 Linear |R| = [32m7.541405e-11[39m
 1 Nonlinear |R| = [32m7.829009e-11[39m
  Nonlinear solve converged due to CONVERGED_FNORM_ABS iterations 1
[32m Solve Converged![39m

Outlier Variable Residual Norms:
  disp_y: [31m7.716142e-11[39m

Postprocessor Values:
+----------------+----------------+----------------+
| time           | disp_y_max     | react_y_top    |
+----------------+----------------+----------------+
|   0.000000e+00 |   0.000000e+00 |   0.000000e+00 |
|   1.000000e+00 |   3.125000e-03 |   4.327382e+02 |
+----------------+----------------+----------------+


Time Step 2, time = 2, dt = 1
  Applying predictor with scale factor = 1
 0 Nonlinear |R| = [32m1.565802e-10[39m
  Nonlinear solve converged due to CONVERGED_FNORM_ABS iterations 0
[32m Solve Converged![39m

Outlier Variable Residual Norms:
  disp_y: [31m1.543228e-10[39m

Postprocessor Values:
+----------------+----------------+----------------+
| time           | disp_y_max     | react_y_top    |
+----------------+----------------+----------------+
|   0.000000e+00 |   0.000000e+00 |   0.000000e+00 |
|   1.000000e+00 |   3.125000e-03 |   4.327382e+02 |
|   2.000000e+00 |   6.250000e-03 |   8.654566e+02 |
+----------------+----------------+----------------+


Time Step 3, time = 3, dt = 1
  Applying predictor with scale factor = 1
 0 Nonlinear |R| = [32m2.430916e-10[39m
  Nonlinear solve converged due to CONVERGED_FNORM_ABS iterations 0
[32m Solve Converged![39m

Outlier Variable Residual Norms:
  disp_y: [31m2.396923e-10[39m

Postprocessor Values:
+----------------+----------------+----------------+
| time           | disp_y_max     | react_y_top    |
+----------------+----------------+----------------+
|   0.000000e+00 |   0.000000e+00 |   0.000000e+00 |
|   1.000000e+00 |   3.125000e-03 |   4.327382e+02 |
|   2.000000e+00 |   6.250000e-03 |   8.654566e+02 |
|   3.000000e+00 |   9.375000e-03 |   1.298155e+03 |
+----------------+----------------+----------------+


Time Step 4, time = 4, dt = 1
  Applying predictor with scale factor = 1
 0 Nonlinear |R| = [32m3.543048e-10[39m
  Nonlinear solve converged due to CONVERGED_FNORM_ABS iterations 0
[32m Solve Converged![39m

Outlier Variable Residual Norms:
  disp_y: [31m3.493961e-10[39m

Postprocessor Values:
+----------------+----------------+----------------+
| time           | disp_y_max     | react_y_top    |
+----------------+----------------+----------------+
|   0.000000e+00 |   0.000000e+00 |   0.000000e+00 |
|   1.000000e+00 |   3.125000e-03 |   4.327382e+02 |
|   2.000000e+00 |   6.250000e-03 |   8.654566e+02 |
|   3.000000e+00 |   9.375000e-03 |   1.298155e+03 |
|   4.000000e+00 |   1.250000e-02 |   1.730834e+03 |
+----------------+----------------+----------------+


Time Step 5, time = 5, dt = 1
  Applying predictor with scale factor = 1
 0 Nonlinear |R| = [32m4.882336e-10[39m
  Nonlinear solve converged due to CONVERGED_FNORM_ABS iterations 0
[32m Solve Converged![39m

Outlier Variable Residual Norms:
  disp_y: [31m4.817270e-10[39m

Postprocessor Values:
+----------------+----------------+----------------+
| time           | disp_y_max     | react_y_top    |
+----------------+----------------+----------------+
|   0.000000e+00 |   0.000000e+00 |   0.000000e+00 |
|   1.000000e+00 |   3.125000e-03 |   4.327382e+02 |
|   2.000000e+00 |   6.250000e-03 |   8.654566e+02 |
|   3.000000e+00 |   9.375000e-03 |   1.298155e+03 |
|   4.000000e+00 |   1.250000e-02 |   1.730834e+03 |
|   5.000000e+00 |   1.562500e-02 |   2.163494e+03 |
+----------------+----------------+----------------+


Time Step 6, time = 6, dt = 1
  Applying predictor with scale factor = 1
 0 Nonlinear |R| = [32m6.084204e-10[39m
  Nonlinear solve converged due to CONVERGED_FNORM_ABS iterations 0
[32m Solve Converged![39m

Outlier Variable Residual Norms:
  disp_y: [31m6.000055e-10[39m

Postprocessor Values:
+----------------+----------------+----------------+
| time           | disp_y_max     | react_y_top    |
+----------------+----------------+----------------+
|   0.000000e+00 |   0.000000e+00 |   0.000000e+00 |
|   1.000000e+00 |   3.125000e-03 |   4.327382e+02 |
|   2.000000e+00 |   6.250000e-03 |   8.654566e+02 |
|   3.000000e+00 |   9.375000e-03 |   1.298155e+03 |
|   4.000000e+00 |   1.250000e-02 |   1.730834e+03 |
|   5.000000e+00 |   1.562500e-02 |   2.163494e+03 |
|   6.000000e+00 |   1.875000e-02 |   2.596133e+03 |
+----------------+----------------+----------------+


Time Step 7, time = 7, dt = 1
  Applying predictor with scale factor = 1
 0 Nonlinear |R| = [32m7.448378e-10[39m
  Nonlinear solve converged due to CONVERGED_FNORM_ABS iterations 0
[32m Solve Converged![39m

Outlier Variable Residual Norms:
  disp_y: [31m7.343510e-10[39m

Postprocessor Values:
+----------------+----------------+----------------+
| time           | disp_y_max     | react_y_top    |
+----------------+----------------+----------------+
|   0.000000e+00 |   0.000000e+00 |   0.000000e+00 |
|   1.000000e+00 |   3.125000e-03 |   4.327382e+02 |
|   2.000000e+00 |   6.250000e-03 |   8.654566e+02 |
|   3.000000e+00 |   9.375000e-03 |   1.298155e+03 |
|   4.000000e+00 |   1.250000e-02 |   1.730834e+03 |
|   5.000000e+00 |   1.562500e-02 |   2.163494e+03 |
|   6.000000e+00 |   1.875000e-02 |   2.596133e+03 |
|   7.000000e+00 |   2.187500e-02 |   3.028753e+03 |
+----------------+----------------+----------------+


Time Step 8, time = 8, dt = 1
  Applying predictor with scale factor = 1
 0 Nonlinear |R| = [32m8.895163e-10[39m
  Nonlinear solve converged due to CONVERGED_FNORM_ABS iterations 0
[32m Solve Converged![39m

Outlier Variable Residual Norms:
  disp_y: [31m8.769624e-10[39m

Postprocessor Values:
+----------------+----------------+----------------+
| time           | disp_y_max     | react_y_top    |
+----------------+----------------+----------------+
|   0.000000e+00 |   0.000000e+00 |   0.000000e+00 |
|   1.000000e+00 |   3.125000e-03 |   4.327382e+02 |
|   2.000000e+00 |   6.250000e-03 |   8.654566e+02 |
|   3.000000e+00 |   9.375000e-03 |   1.298155e+03 |
|   4.000000e+00 |   1.250000e-02 |   1.730834e+03 |
|   5.000000e+00 |   1.562500e-02 |   2.163494e+03 |
|   6.000000e+00 |   1.875000e-02 |   2.596133e+03 |
|   7.000000e+00 |   2.187500e-02 |   3.028753e+03 |
|   8.000000e+00 |   2.500000e-02 |   3.461353e+03 |
+----------------+----------------+----------------+


Time Step 9, time = 9, dt = 1
  Applying predictor with scale factor = 1
 0 Nonlinear |R| = [32m1.057673e-09[39m
  Nonlinear solve converged due to CONVERGED_FNORM_ABS iterations 0
[32m Solve Converged![39m

Outlier Variable Residual Norms:
  disp_y: [31m1.042991e-09[39m

Postprocessor Values:
+----------------+----------------+----------------+
| time           | disp_y_max     | react_y_top    |
+----------------+----------------+----------------+
|   0.000000e+00 |   0.000000e+00 |   0.000000e+00 |
|   1.000000e+00 |   3.125000e-03 |   4.327382e+02 |
|   2.000000e+00 |   6.250000e-03 |   8.654566e+02 |
|   3.000000e+00 |   9.375000e-03 |   1.298155e+03 |
|   4.000000e+00 |   1.250000e-02 |   1.730834e+03 |
|   5.000000e+00 |   1.562500e-02 |   2.163494e+03 |
|   6.000000e+00 |   1.875000e-02 |   2.596133e+03 |
|   7.000000e+00 |   2.187500e-02 |   3.028753e+03 |
|   8.000000e+00 |   2.500000e-02 |   3.461353e+03 |
|   9.000000e+00 |   2.812500e-02 |   3.893934e+03 |
+----------------+----------------+----------------+


Time Step 10, time = 10, dt = 1
  Applying predictor with scale factor = 1
 0 Nonlinear |R| = [32m1.226990e-09[39m
  Nonlinear solve converged due to CONVERGED_FNORM_ABS iterations 0
[32m Solve Converged![39m

Outlier Variable Residual Norms:
  disp_y: [31m1.210129e-09[39m

Postprocessor Values:
+----------------+----------------+----------------+
| time           | disp_y_max     | react_y_top    |
+----------------+----------------+----------------+
|   0.000000e+00 |   0.000000e+00 |   0.000000e+00 |
|   1.000000e+00 |   3.125000e-03 |   4.327382e+02 |
|   2.000000e+00 |   6.250000e-03 |   8.654566e+02 |
|   3.000000e+00 |   9.375000e-03 |   1.298155e+03 |
|   4.000000e+00 |   1.250000e-02 |   1.730834e+03 |
|   5.000000e+00 |   1.562500e-02 |   2.163494e+03 |
|   6.000000e+00 |   1.875000e-02 |   2.596133e+03 |
|   7.000000e+00 |   2.187500e-02 |   3.028753e+03 |
|   8.000000e+00 |   2.500000e-02 |   3.461353e+03 |
|   9.000000e+00 |   2.812500e-02 |   3.893934e+03 |
|   1.000000e+01 |   3.125000e-02 |   4.326495e+03 |
+----------------+----------------+----------------+


Time Step 11, time = 11, dt = 1
  Applying predictor with scale factor = 1
 0 Nonlinear |R| = [32m1.420465e-09[39m
  Nonlinear solve converged due to CONVERGED_FNORM_ABS iterations 0
[32m Solve Converged![39m

Outlier Variable Residual Norms:
  disp_y: [31m1.401344e-09[39m

Postprocessor Values:
+----------------+----------------+----------------+
| time           | disp_y_max     | react_y_top    |
+----------------+----------------+----------------+
|   0.000000e+00 |   0.000000e+00 |   0.000000e+00 |
|   1.000000e+00 |   3.125000e-03 |   4.327382e+02 |
|   2.000000e+00 |   6.250000e-03 |   8.654566e+02 |
|   3.000000e+00 |   9.375000e-03 |   1.298155e+03 |
|   4.000000e+00 |   1.250000e-02 |   1.730834e+03 |
|   5.000000e+00 |   1.562500e-02 |   2.163494e+03 |
|   6.000000e+00 |   1.875000e-02 |   2.596133e+03 |
|   7.000000e+00 |   2.187500e-02 |   3.028753e+03 |
|   8.000000e+00 |   2.500000e-02 |   3.461353e+03 |
|   9.000000e+00 |   2.812500e-02 |   3.893934e+03 |
|   1.000000e+01 |   3.125000e-02 |   4.326495e+03 |
|   1.100000e+01 |   3.437500e-02 |   4.759036e+03 |
+----------------+----------------+----------------+


Time Step 12, time = 12, dt = 1
  Applying predictor with scale factor = 1
 0 Nonlinear |R| = [32m1.629386e-09[39m
  Nonlinear solve converged due to CONVERGED_FNORM_ABS iterations 0
[32m Solve Converged![39m

Outlier Variable Residual Norms:
  disp_y: [31m1.607773e-09[39m

Postprocessor Values:
+----------------+----------------+----------------+
| time           | disp_y_max     | react_y_top    |
+----------------+----------------+----------------+
|   0.000000e+00 |   0.000000e+00 |   0.000000e+00 |
|   1.000000e+00 |   3.125000e-03 |   4.327382e+02 |
|   2.000000e+00 |   6.250000e-03 |   8.654566e+02 |
|   3.000000e+00 |   9.375000e-03 |   1.298155e+03 |
|   4.000000e+00 |   1.250000e-02 |   1.730834e+03 |
|   5.000000e+00 |   1.562500e-02 |   2.163494e+03 |
|   6.000000e+00 |   1.875000e-02 |   2.596133e+03 |
|   7.000000e+00 |   2.187500e-02 |   3.028753e+03 |
|   8.000000e+00 |   2.500000e-02 |   3.461353e+03 |
|   9.000000e+00 |   2.812500e-02 |   3.893934e+03 |
|   1.000000e+01 |   3.125000e-02 |   4.326495e+03 |
|   1.100000e+01 |   3.437500e-02 |   4.759036e+03 |
|   1.200000e+01 |   3.750000e-02 |   5.191557e+03 |
+----------------+----------------+----------------+


Time Step 13, time = 13, dt = 1
  Applying predictor with scale factor = 1
 0 Nonlinear |R| = [32m1.883771e-09[39m
  Nonlinear solve converged due to CONVERGED_FNORM_ABS iterations 0
[32m Solve Converged![39m

Outlier Variable Residual Norms:
  disp_y: [31m1.860143e-09[39m

Postprocessor Values:
+----------------+----------------+----------------+
| time           | disp_y_max     | react_y_top    |
+----------------+----------------+----------------+
|   0.000000e+00 |   0.000000e+00 |   0.000000e+00 |
|   1.000000e+00 |   3.125000e-03 |   4.327382e+02 |
|   2.000000e+00 |   6.250000e-03 |   8.654566e+02 |
|   3.000000e+00 |   9.375000e-03 |   1.298155e+03 |
|   4.000000e+00 |   1.250000e-02 |   1.730834e+03 |
|   5.000000e+00 |   1.562500e-02 |   2.163494e+03 |
|   6.000000e+00 |   1.875000e-02 |   2.596133e+03 |
|   7.000000e+00 |   2.187500e-02 |   3.028753e+03 |
|   8.000000e+00 |   2.500000e-02 |   3.461353e+03 |
|   9.000000e+00 |   2.812500e-02 |   3.893934e+03 |
|   1.000000e+01 |   3.125000e-02 |   4.326495e+03 |
|   1.100000e+01 |   3.437500e-02 |   4.759036e+03 |
|   1.200000e+01 |   3.750000e-02 |   5.191557e+03 |
|   1.300000e+01 |   4.062500e-02 |   5.624058e+03 |
+----------------+----------------+----------------+


Time Step 14, time = 14, dt = 1
  Applying predictor with scale factor = 1
 0 Nonlinear |R| = [32m2.135398e-09[39m
  Nonlinear solve converged due to CONVERGED_FNORM_ABS iterations 0
[32m Solve Converged![39m

Outlier Variable Residual Norms:
  disp_y: [31m2.109209e-09[39m

Postprocessor Values:
+----------------+----------------+----------------+
| time           | disp_y_max     | react_y_top    |
+----------------+----------------+----------------+
|   0.000000e+00 |   0.000000e+00 |   0.000000e+00 |
|   1.000000e+00 |   3.125000e-03 |   4.327382e+02 |
|   2.000000e+00 |   6.250000e-03 |   8.654566e+02 |
|   3.000000e+00 |   9.375000e-03 |   1.298155e+03 |
|   4.000000e+00 |   1.250000e-02 |   1.730834e+03 |
|   5.000000e+00 |   1.562500e-02 |   2.163494e+03 |
|   6.000000e+00 |   1.875000e-02 |   2.596133e+03 |
|   7.000000e+00 |   2.187500e-02 |   3.028753e+03 |
|   8.000000e+00 |   2.500000e-02 |   3.461353e+03 |
|   9.000000e+00 |   2.812500e-02 |   3.893934e+03 |
|   1.000000e+01 |   3.125000e-02 |   4.326495e+03 |
|   1.100000e+01 |   3.437500e-02 |   4.759036e+03 |
|   1.200000e+01 |   3.750000e-02 |   5.191557e+03 |
|   1.300000e+01 |   4.062500e-02 |   5.624058e+03 |
|   1.400000e+01 |   4.375000e-02 |   6.056540e+03 |
+----------------+----------------+----------------+


Time Step 15, time = 15, dt = 1
  Applying predictor with scale factor = 1
 0 Nonlinear |R| = [32m2.438557e-09[39m
  Nonlinear solve converged due to CONVERGED_FNORM_ABS iterations 0
[32m Solve Converged![39m

Outlier Variable Residual Norms:
  disp_y: [31m2.409897e-09[39m

Postprocessor Values:
+----------------+----------------+----------------+
| time           | disp_y_max     | react_y_top    |
+----------------+----------------+----------------+
:                :                :                :
|   1.000000e+00 |   3.125000e-03 |   4.327382e+02 |
|   2.000000e+00 |   6.250000e-03 |   8.654566e+02 |
|   3.000000e+00 |   9.375000e-03 |   1.298155e+03 |
|   4.000000e+00 |   1.250000e-02 |   1.730834e+03 |
|   5.000000e+00 |   1.562500e-02 |   2.163494e+03 |
|   6.000000e+00 |   1.875000e-02 |   2.596133e+03 |
|   7.000000e+00 |   2.187500e-02 |   3.028753e+03 |
|   8.000000e+00 |   2.500000e-02 |   3.461353e+03 |
|   9.000000e+00 |   2.812500e-02 |   3.893934e+03 |
|   1.000000e+01 |   3.125000e-02 |   4.326495e+03 |
|   1.100000e+01 |   3.437500e-02 |   4.759036e+03 |
|   1.200000e+01 |   3.750000e-02 |   5.191557e+03 |
|   1.300000e+01 |   4.062500e-02 |   5.624058e+03 |
|   1.400000e+01 |   4.375000e-02 |   6.056540e+03 |
|   1.500000e+01 |   4.687500e-02 |   6.489002e+03 |
+----------------+----------------+----------------+


Time Step 16, time = 16, dt = 1
  Applying predictor with scale factor = 1
 0 Nonlinear |R| = [32m2.764423e-09[39m
  Nonlinear solve converged due to CONVERGED_FNORM_ABS iterations 0
[32m Solve Converged![39m

Outlier Variable Residual Norms:
  disp_y: [31m2.731083e-09[39m

Postprocessor Values:
+----------------+----------------+----------------+
| time           | disp_y_max     | react_y_top    |
+----------------+----------------+----------------+
:                :                :                :
|   2.000000e+00 |   6.250000e-03 |   8.654566e+02 |
|   3.000000e+00 |   9.375000e-03 |   1.298155e+03 |
|   4.000000e+00 |   1.250000e-02 |   1.730834e+03 |
|   5.000000e+00 |   1.562500e-02 |   2.163494e+03 |
|   6.000000e+00 |   1.875000e-02 |   2.596133e+03 |
|   7.000000e+00 |   2.187500e-02 |   3.028753e+03 |
|   8.000000e+00 |   2.500000e-02 |   3.461353e+03 |
|   9.000000e+00 |   2.812500e-02 |   3.893934e+03 |
|   1.000000e+01 |   3.125000e-02 |   4.326495e+03 |
|   1.100000e+01 |   3.437500e-02 |   4.759036e+03 |
|   1.200000e+01 |   3.750000e-02 |   5.191557e+03 |
|   1.300000e+01 |   4.062500e-02 |   5.624058e+03 |
|   1.400000e+01 |   4.375000e-02 |   6.056540e+03 |
|   1.500000e+01 |   4.687500e-02 |   6.489002e+03 |
|   1.600000e+01 |   5.000000e-02 |   6.921445e+03 |
+----------------+----------------+----------------+


Time Step 17, time = 17, dt = 1
  Applying predictor with scale factor = 1
 0 Nonlinear |R| = [32m3.084545e-09[39m
  Nonlinear solve converged due to CONVERGED_FNORM_ABS iterations 0
[32m Solve Converged![39m

Outlier Variable Residual Norms:
  disp_y: [31m3.045411e-09[39m

Postprocessor Values:
+----------------+----------------+----------------+
| time           | disp_y_max     | react_y_top    |
+----------------+----------------+----------------+
:                :                :                :
|   3.000000e+00 |   9.375000e-03 |   1.298155e+03 |
|   4.000000e+00 |   1.250000e-02 |   1.730834e+03 |
|   5.000000e+00 |   1.562500e-02 |   2.163494e+03 |
|   6.000000e+00 |   1.875000e-02 |   2.596133e+03 |
|   7.000000e+00 |   2.187500e-02 |   3.028753e+03 |
|   8.000000e+00 |   2.500000e-02 |   3.461353e+03 |
|   9.000000e+00 |   2.812500e-02 |   3.893934e+03 |
|   1.000000e+01 |   3.125000e-02 |   4.326495e+03 |
|   1.100000e+01 |   3.437500e-02 |   4.759036e+03 |
|   1.200000e+01 |   3.750000e-02 |   5.191557e+03 |
|   1.300000e+01 |   4.062500e-02 |   5.624058e+03 |
|   1.400000e+01 |   4.375000e-02 |   6.056540e+03 |
|   1.500000e+01 |   4.687500e-02 |   6.489002e+03 |
|   1.600000e+01 |   5.000000e-02 |   6.921445e+03 |
|   1.700000e+01 |   5.312500e-02 |   7.353868e+03 |
+----------------+----------------+----------------+


Time Step 18, time = 18, dt = 1
  Applying predictor with scale factor = 1
 0 Nonlinear |R| = [32m3.422004e-09[39m
  Nonlinear solve converged due to CONVERGED_FNORM_ABS iterations 0
[32m Solve Converged![39m

Outlier Variable Residual Norms:
  disp_y: [31m3.377339e-09[39m

Postprocessor Values:
+----------------+----------------+----------------+
| time           | disp_y_max     | react_y_top    |
+----------------+----------------+----------------+
:                :                :                :
|   4.000000e+00 |   1.250000e-02 |   1.730834e+03 |
|   5.000000e+00 |   1.562500e-02 |   2.163494e+03 |
|   6.000000e+00 |   1.875000e-02 |   2.596133e+03 |
|   7.000000e+00 |   2.187500e-02 |   3.028753e+03 |
|   8.000000e+00 |   2.500000e-02 |   3.461353e+03 |
|   9.000000e+00 |   2.812500e-02 |   3.893934e+03 |
|   1.000000e+01 |   3.125000e-02 |   4.326495e+03 |
|   1.100000e+01 |   3.437500e-02 |   4.759036e+03 |
|   1.200000e+01 |   3.750000e-02 |   5.191557e+03 |
|   1.300000e+01 |   4.062500e-02 |   5.624058e+03 |
|   1.400000e+01 |   4.375000e-02 |   6.056540e+03 |
|   1.500000e+01 |   4.687500e-02 |   6.489002e+03 |
|   1.600000e+01 |   5.000000e-02 |   6.921445e+03 |
|   1.700000e+01 |   5.312500e-02 |   7.353868e+03 |
|   1.800000e+01 |   5.625000e-02 |   7.786271e+03 |
+----------------+----------------+----------------+


Time Step 19, time = 19, dt = 1
  Applying predictor with scale factor = 1
 0 Nonlinear |R| = [32m3.769949e-09[39m
  Nonlinear solve converged due to CONVERGED_FNORM_ABS iterations 0
[32m Solve Converged![39m

Outlier Variable Residual Norms:
  disp_y: [31m3.718672e-09[39m

Postprocessor Values:
+----------------+----------------+----------------+
| time           | disp_y_max     | react_y_top    |
+----------------+----------------+----------------+
:                :                :                :
|   5.000000e+00 |   1.562500e-02 |   2.163494e+03 |
|   6.000000e+00 |   1.875000e-02 |   2.596133e+03 |
|   7.000000e+00 |   2.187500e-02 |   3.028753e+03 |
|   8.000000e+00 |   2.500000e-02 |   3.461353e+03 |
|   9.000000e+00 |   2.812500e-02 |   3.893934e+03 |
|   1.000000e+01 |   3.125000e-02 |   4.326495e+03 |
|   1.100000e+01 |   3.437500e-02 |   4.759036e+03 |
|   1.200000e+01 |   3.750000e-02 |   5.191557e+03 |
|   1.300000e+01 |   4.062500e-02 |   5.624058e+03 |
|   1.400000e+01 |   4.375000e-02 |   6.056540e+03 |
|   1.500000e+01 |   4.687500e-02 |   6.489002e+03 |
|   1.600000e+01 |   5.000000e-02 |   6.921445e+03 |
|   1.700000e+01 |   5.312500e-02 |   7.353868e+03 |
|   1.800000e+01 |   5.625000e-02 |   7.786271e+03 |
|   1.900000e+01 |   5.937500e-02 |   8.218654e+03 |
+----------------+----------------+----------------+


Time Step 20, time = 20, dt = 1
  Applying predictor with scale factor = 1
 0 Nonlinear |R| = [32m4.149460e-09[39m
  Nonlinear solve converged due to CONVERGED_FNORM_ABS iterations 0
[32m Solve Converged![39m

Outlier Variable Residual Norms:
  disp_y: [31m4.091765e-09[39m

Postprocessor Values:
+----------------+----------------+----------------+
| time           | disp_y_max     | react_y_top    |
+----------------+----------------+----------------+
:                :                :                :
|   6.000000e+00 |   1.875000e-02 |   2.596133e+03 |
|   7.000000e+00 |   2.187500e-02 |   3.028753e+03 |
|   8.000000e+00 |   2.500000e-02 |   3.461353e+03 |
|   9.000000e+00 |   2.812500e-02 |   3.893934e+03 |
|   1.000000e+01 |   3.125000e-02 |   4.326495e+03 |
|   1.100000e+01 |   3.437500e-02 |   4.759036e+03 |
|   1.200000e+01 |   3.750000e-02 |   5.191557e+03 |
|   1.300000e+01 |   4.062500e-02 |   5.624058e+03 |
|   1.400000e+01 |   4.375000e-02 |   6.056540e+03 |
|   1.500000e+01 |   4.687500e-02 |   6.489002e+03 |
|   1.600000e+01 |   5.000000e-02 |   6.921445e+03 |
|   1.700000e+01 |   5.312500e-02 |   7.353868e+03 |
|   1.800000e+01 |   5.625000e-02 |   7.786271e+03 |
|   1.900000e+01 |   5.937500e-02 |   8.218654e+03 |
|   2.000000e+01 |   6.250000e-02 |   8.651017e+03 |
+----------------+----------------+----------------+


Time Step 21, time = 21, dt = 1
  Applying predictor with scale factor = 1
 0 Nonlinear |R| = [32m4.491323e-09[39m
  Nonlinear solve converged due to CONVERGED_FNORM_ABS iterations 0
[32m Solve Converged![39m

Outlier Variable Residual Norms:
  disp_y: [31m4.426350e-09[39m

Postprocessor Values:
+----------------+----------------+----------------+
| time           | disp_y_max     | react_y_top    |
+----------------+----------------+----------------+
:                :                :                :
|   7.000000e+00 |   2.187500e-02 |   3.028753e+03 |
|   8.000000e+00 |   2.500000e-02 |   3.461353e+03 |
|   9.000000e+00 |   2.812500e-02 |   3.893934e+03 |
|   1.000000e+01 |   3.125000e-02 |   4.326495e+03 |
|   1.100000e+01 |   3.437500e-02 |   4.759036e+03 |
|   1.200000e+01 |   3.750000e-02 |   5.191557e+03 |
|   1.300000e+01 |   4.062500e-02 |   5.624058e+03 |
|   1.400000e+01 |   4.375000e-02 |   6.056540e+03 |
|   1.500000e+01 |   4.687500e-02 |   6.489002e+03 |
|   1.600000e+01 |   5.000000e-02 |   6.921445e+03 |
|   1.700000e+01 |   5.312500e-02 |   7.353868e+03 |
|   1.800000e+01 |   5.625000e-02 |   7.786271e+03 |
|   1.900000e+01 |   5.937500e-02 |   8.218654e+03 |
|   2.000000e+01 |   6.250000e-02 |   8.651017e+03 |
|   2.100000e+01 |   6.562500e-02 |   9.083361e+03 |
+----------------+----------------+----------------+


Time Step 22, time = 22, dt = 1
  Applying predictor with scale factor = 1
 0 Nonlinear |R| = [32m4.836622e-09[39m
  Nonlinear solve converged due to CONVERGED_FNORM_ABS iterations 0
[32m Solve Converged![39m

Outlier Variable Residual Norms:
  disp_y: [31m4.764264e-09[39m

Postprocessor Values:
+----------------+----------------+----------------+
| time           | disp_y_max     | react_y_top    |
+----------------+----------------+----------------+
:                :                :                :
|   8.000000e+00 |   2.500000e-02 |   3.461353e+03 |
|   9.000000e+00 |   2.812500e-02 |   3.893934e+03 |
|   1.000000e+01 |   3.125000e-02 |   4.326495e+03 |
|   1.100000e+01 |   3.437500e-02 |   4.759036e+03 |
|   1.200000e+01 |   3.750000e-02 |   5.191557e+03 |
|   1.300000e+01 |   4.062500e-02 |   5.624058e+03 |
|   1.400000e+01 |   4.375000e-02 |   6.056540e+03 |
|   1.500000e+01 |   4.687500e-02 |   6.489002e+03 |
|   1.600000e+01 |   5.000000e-02 |   6.921445e+03 |
|   1.700000e+01 |   5.312500e-02 |   7.353868e+03 |
|   1.800000e+01 |   5.625000e-02 |   7.786271e+03 |
|   1.900000e+01 |   5.937500e-02 |   8.218654e+03 |
|   2.000000e+01 |   6.250000e-02 |   8.651017e+03 |
|   2.100000e+01 |   6.562500e-02 |   9.083361e+03 |
|   2.200000e+01 |   6.875000e-02 |   9.515685e+03 |
+----------------+----------------+----------------+


Time Step 23, time = 23, dt = 1
  Applying predictor with scale factor = 1
 0 Nonlinear |R| = [32m5.214866e-09[39m
  Nonlinear solve converged due to CONVERGED_FNORM_ABS iterations 0
[32m Solve Converged![39m

Outlier Variable Residual Norms:
  disp_y: [31m5.134939e-09[39m

Postprocessor Values:
+----------------+----------------+----------------+
| time           | disp_y_max     | react_y_top    |
+----------------+----------------+----------------+
:                :                :                :
|   9.000000e+00 |   2.812500e-02 |   3.893934e+03 |
|   1.000000e+01 |   3.125000e-02 |   4.326495e+03 |
|   1.100000e+01 |   3.437500e-02 |   4.759036e+03 |
|   1.200000e+01 |   3.750000e-02 |   5.191557e+03 |
|   1.300000e+01 |   4.062500e-02 |   5.624058e+03 |
|   1.400000e+01 |   4.375000e-02 |   6.056540e+03 |
|   1.500000e+01 |   4.687500e-02 |   6.489002e+03 |
|   1.600000e+01 |   5.000000e-02 |   6.921445e+03 |
|   1.700000e+01 |   5.312500e-02 |   7.353868e+03 |
|   1.800000e+01 |   5.625000e-02 |   7.786271e+03 |
|   1.900000e+01 |   5.937500e-02 |   8.218654e+03 |
|   2.000000e+01 |   6.250000e-02 |   8.651017e+03 |
|   2.100000e+01 |   6.562500e-02 |   9.083361e+03 |
|   2.200000e+01 |   6.875000e-02 |   9.515685e+03 |
|   2.300000e+01 |   7.187500e-02 |   9.947990e+03 |
+----------------+----------------+----------------+


Time Step 24, time = 24, dt = 1
  Applying predictor with scale factor = 1
 0 Nonlinear |R| = [32m5.671562e-09[39m
  Nonlinear solve converged due to CONVERGED_FNORM_ABS iterations 0
[32m Solve Converged![39m

Outlier Variable Residual Norms:
  disp_y: [31m5.585197e-09[39m

Postprocessor Values:
+----------------+----------------+----------------+
| time           | disp_y_max     | react_y_top    |
+----------------+----------------+----------------+
:                :                :                :
|   1.000000e+01 |   3.125000e-02 |   4.326495e+03 |
|   1.100000e+01 |   3.437500e-02 |   4.759036e+03 |
|   1.200000e+01 |   3.750000e-02 |   5.191557e+03 |
|   1.300000e+01 |   4.062500e-02 |   5.624058e+03 |
|   1.400000e+01 |   4.375000e-02 |   6.056540e+03 |
|   1.500000e+01 |   4.687500e-02 |   6.489002e+03 |
|   1.600000e+01 |   5.000000e-02 |   6.921445e+03 |
|   1.700000e+01 |   5.312500e-02 |   7.353868e+03 |
|   1.800000e+01 |   5.625000e-02 |   7.786271e+03 |
|   1.900000e+01 |   5.937500e-02 |   8.218654e+03 |
|   2.000000e+01 |   6.250000e-02 |   8.651017e+03 |
|   2.100000e+01 |   6.562500e-02 |   9.083361e+03 |
|   2.200000e+01 |   6.875000e-02 |   9.515685e+03 |
|   2.300000e+01 |   7.187500e-02 |   9.947990e+03 |
|   2.400000e+01 |   7.500000e-02 |   1.038027e+04 |
+----------------+----------------+----------------+


Time Step 25, time = 25, dt = 1
  Applying predictor with scale factor = 1
 0 Nonlinear |R| = [32m6.185498e-09[39m
  Nonlinear solve converged due to CONVERGED_FNORM_ABS iterations 0
[32m Solve Converged![39m

Outlier Variable Residual Norms:
  disp_y: [31m6.092957e-09[39m

Postprocessor Values:
+----------------+----------------+----------------+
| time           | disp_y_max     | react_y_top    |
+----------------+----------------+----------------+
:                :                :                :
|   1.100000e+01 |   3.437500e-02 |   4.759036e+03 |
|   1.200000e+01 |   3.750000e-02 |   5.191557e+03 |
|   1.300000e+01 |   4.062500e-02 |   5.624058e+03 |
|   1.400000e+01 |   4.375000e-02 |   6.056540e+03 |
|   1.500000e+01 |   4.687500e-02 |   6.489002e+03 |
|   1.600000e+01 |   5.000000e-02 |   6.921445e+03 |
|   1.700000e+01 |   5.312500e-02 |   7.353868e+03 |
|   1.800000e+01 |   5.625000e-02 |   7.786271e+03 |
|   1.900000e+01 |   5.937500e-02 |   8.218654e+03 |
|   2.000000e+01 |   6.250000e-02 |   8.651017e+03 |
|   2.100000e+01 |   6.562500e-02 |   9.083361e+03 |
|   2.200000e+01 |   6.875000e-02 |   9.515685e+03 |
|   2.300000e+01 |   7.187500e-02 |   9.947990e+03 |
|   2.400000e+01 |   7.500000e-02 |   1.038027e+04 |
|   2.500000e+01 |   7.812500e-02 |   1.081254e+04 |
+----------------+----------------+----------------+


Time Step 26, time = 26, dt = 1
  Applying predictor with scale factor = 1
 0 Nonlinear |R| = [32m6.633845e-09[39m
  Nonlinear solve converged due to CONVERGED_FNORM_ABS iterations 0
[32m Solve Converged![39m

Outlier Variable Residual Norms:
  disp_y: [31m6.533823e-09[39m

Postprocessor Values:
+----------------+----------------+----------------+
| time           | disp_y_max     | react_y_top    |
+----------------+----------------+----------------+
:                :                :                :
|   1.200000e+01 |   3.750000e-02 |   5.191557e+03 |
|   1.300000e+01 |   4.062500e-02 |   5.624058e+03 |
|   1.400000e+01 |   4.375000e-02 |   6.056540e+03 |
|   1.500000e+01 |   4.687500e-02 |   6.489002e+03 |
|   1.600000e+01 |   5.000000e-02 |   6.921445e+03 |
|   1.700000e+01 |   5.312500e-02 |   7.353868e+03 |
|   1.800000e+01 |   5.625000e-02 |   7.786271e+03 |
|   1.900000e+01 |   5.937500e-02 |   8.218654e+03 |
|   2.000000e+01 |   6.250000e-02 |   8.651017e+03 |
|   2.100000e+01 |   6.562500e-02 |   9.083361e+03 |
|   2.200000e+01 |   6.875000e-02 |   9.515685e+03 |
|   2.300000e+01 |   7.187500e-02 |   9.947990e+03 |
|   2.400000e+01 |   7.500000e-02 |   1.038027e+04 |
|   2.500000e+01 |   7.812500e-02 |   1.081254e+04 |
|   2.600000e+01 |   8.125000e-02 |   1.124478e+04 |
+----------------+----------------+----------------+


Time Step 27, time = 27, dt = 1
  Applying predictor with scale factor = 1
 0 Nonlinear |R| = [32m7.178428e-09[39m
  Nonlinear solve converged due to CONVERGED_FNORM_ABS iterations 0
[32m Solve Converged![39m

Outlier Variable Residual Norms:
  disp_y: [31m7.072290e-09[39m

Postprocessor Values:
+----------------+----------------+----------------+
| time           | disp_y_max     | react_y_top    |
+----------------+----------------+----------------+
:                :                :                :
|   1.300000e+01 |   4.062500e-02 |   5.624058e+03 |
|   1.400000e+01 |   4.375000e-02 |   6.056540e+03 |
|   1.500000e+01 |   4.687500e-02 |   6.489002e+03 |
|   1.600000e+01 |   5.000000e-02 |   6.921445e+03 |
|   1.700000e+01 |   5.312500e-02 |   7.353868e+03 |
|   1.800000e+01 |   5.625000e-02 |   7.786271e+03 |
|   1.900000e+01 |   5.937500e-02 |   8.218654e+03 |
|   2.000000e+01 |   6.250000e-02 |   8.651017e+03 |
|   2.100000e+01 |   6.562500e-02 |   9.083361e+03 |
|   2.200000e+01 |   6.875000e-02 |   9.515685e+03 |
|   2.300000e+01 |   7.187500e-02 |   9.947990e+03 |
|   2.400000e+01 |   7.500000e-02 |   1.038027e+04 |
|   2.500000e+01 |   7.812500e-02 |   1.081254e+04 |
|   2.600000e+01 |   8.125000e-02 |   1.124478e+04 |
|   2.700000e+01 |   8.437500e-02 |   1.167701e+04 |
+----------------+----------------+----------------+


Time Step 28, time = 28, dt = 1
  Applying predictor with scale factor = 1
 0 Nonlinear |R| = [32m7.750223e-09[39m
  Nonlinear solve converged due to CONVERGED_FNORM_ABS iterations 0
[32m Solve Converged![39m

Outlier Variable Residual Norms:
  disp_y: [31m7.638119e-09[39m

Postprocessor Values:
+----------------+----------------+----------------+
| time           | disp_y_max     | react_y_top    |
+----------------+----------------+----------------+
:                :                :                :
|   1.400000e+01 |   4.375000e-02 |   6.056540e+03 |
|   1.500000e+01 |   4.687500e-02 |   6.489002e+03 |
|   1.600000e+01 |   5.000000e-02 |   6.921445e+03 |
|   1.700000e+01 |   5.312500e-02 |   7.353868e+03 |
|   1.800000e+01 |   5.625000e-02 |   7.786271e+03 |
|   1.900000e+01 |   5.937500e-02 |   8.218654e+03 |
|   2.000000e+01 |   6.250000e-02 |   8.651017e+03 |
|   2.100000e+01 |   6.562500e-02 |   9.083361e+03 |
|   2.200000e+01 |   6.875000e-02 |   9.515685e+03 |
|   2.300000e+01 |   7.187500e-02 |   9.947990e+03 |
|   2.400000e+01 |   7.500000e-02 |   1.038027e+04 |
|   2.500000e+01 |   7.812500e-02 |   1.081254e+04 |
|   2.600000e+01 |   8.125000e-02 |   1.124478e+04 |
|   2.700000e+01 |   8.437500e-02 |   1.167701e+04 |
|   2.800000e+01 |   8.750000e-02 |   1.210922e+04 |
+----------------+----------------+----------------+


Time Step 29, time = 29, dt = 1
  Applying predictor with scale factor = 1
 0 Nonlinear |R| = [32m8.349666e-09[39m
  Nonlinear solve converged due to CONVERGED_FNORM_ABS iterations 0
[32m Solve Converged![39m

Outlier Variable Residual Norms:
  disp_y: [31m8.231569e-09[39m

Postprocessor Values:
+----------------+----------------+----------------+
| time           | disp_y_max     | react_y_top    |
+----------------+----------------+----------------+
:                :                :                :
|   1.500000e+01 |   4.687500e-02 |   6.489002e+03 |
|   1.600000e+01 |   5.000000e-02 |   6.921445e+03 |
|   1.700000e+01 |   5.312500e-02 |   7.353868e+03 |
|   1.800000e+01 |   5.625000e-02 |   7.786271e+03 |
|   1.900000e+01 |   5.937500e-02 |   8.218654e+03 |
|   2.000000e+01 |   6.250000e-02 |   8.651017e+03 |
|   2.100000e+01 |   6.562500e-02 |   9.083361e+03 |
|   2.200000e+01 |   6.875000e-02 |   9.515685e+03 |
|   2.300000e+01 |   7.187500e-02 |   9.947990e+03 |
|   2.400000e+01 |   7.500000e-02 |   1.038027e+04 |
|   2.500000e+01 |   7.812500e-02 |   1.081254e+04 |
|   2.600000e+01 |   8.125000e-02 |   1.124478e+04 |
|   2.700000e+01 |   8.437500e-02 |   1.167701e+04 |
|   2.800000e+01 |   8.750000e-02 |   1.210922e+04 |
|   2.900000e+01 |   9.062500e-02 |   1.254140e+04 |
+----------------+----------------+----------------+


Time Step 30, time = 30, dt = 1
  Applying predictor with scale factor = 1
 0 Nonlinear |R| = [32m8.947952e-09[39m
  Nonlinear solve converged due to CONVERGED_FNORM_ABS iterations 0
[32m Solve Converged![39m

Outlier Variable Residual Norms:
  disp_y: [31m8.821932e-09[39m

Postprocessor Values:
+----------------+----------------+----------------+
| time           | disp_y_max     | react_y_top    |
+----------------+----------------+----------------+
:                :                :                :
|   1.600000e+01 |   5.000000e-02 |   6.921445e+03 |
|   1.700000e+01 |   5.312500e-02 |   7.353868e+03 |
|   1.800000e+01 |   5.625000e-02 |   7.786271e+03 |
|   1.900000e+01 |   5.937500e-02 |   8.218654e+03 |
|   2.000000e+01 |   6.250000e-02 |   8.651017e+03 |
|   2.100000e+01 |   6.562500e-02 |   9.083361e+03 |
|   2.200000e+01 |   6.875000e-02 |   9.515685e+03 |
|   2.300000e+01 |   7.187500e-02 |   9.947990e+03 |
|   2.400000e+01 |   7.500000e-02 |   1.038027e+04 |
|   2.500000e+01 |   7.812500e-02 |   1.081254e+04 |
|   2.600000e+01 |   8.125000e-02 |   1.124478e+04 |
|   2.700000e+01 |   8.437500e-02 |   1.167701e+04 |
|   2.800000e+01 |   8.750000e-02 |   1.210922e+04 |
|   2.900000e+01 |   9.062500e-02 |   1.254140e+04 |
|   3.000000e+01 |   9.375000e-02 |   1.297357e+04 |
+----------------+----------------+----------------+


Time Step 31, time = 31, dt = 1
  Applying predictor with scale factor = 1
 0 Nonlinear |R| = [32m9.610542e-09[39m
  Nonlinear solve converged due to CONVERGED_FNORM_ABS iterations 0
[32m Solve Converged![39m

Outlier Variable Residual Norms:
  disp_y: [31m9.478010e-09[39m

Postprocessor Values:
+----------------+----------------+----------------+
| time           | disp_y_max     | react_y_top    |
+----------------+----------------+----------------+
:                :                :                :
|   1.700000e+01 |   5.312500e-02 |   7.353868e+03 |
|   1.800000e+01 |   5.625000e-02 |   7.786271e+03 |
|   1.900000e+01 |   5.937500e-02 |   8.218654e+03 |
|   2.000000e+01 |   6.250000e-02 |   8.651017e+03 |
|   2.100000e+01 |   6.562500e-02 |   9.083361e+03 |
|   2.200000e+01 |   6.875000e-02 |   9.515685e+03 |
|   2.300000e+01 |   7.187500e-02 |   9.947990e+03 |
|   2.400000e+01 |   7.500000e-02 |   1.038027e+04 |
|   2.500000e+01 |   7.812500e-02 |   1.081254e+04 |
|   2.600000e+01 |   8.125000e-02 |   1.124478e+04 |
|   2.700000e+01 |   8.437500e-02 |   1.167701e+04 |
|   2.800000e+01 |   8.750000e-02 |   1.210922e+04 |
|   2.900000e+01 |   9.062500e-02 |   1.254140e+04 |
|   3.000000e+01 |   9.375000e-02 |   1.297357e+04 |
|   3.100000e+01 |   9.687500e-02 |   1.340572e+04 |
+----------------+----------------+----------------+


Time Step 32, time = 32, dt = 1
  Applying predictor with scale factor = 1
 0 Nonlinear |R| = [32m1.018446e-08[39m
  Nonlinear solve converged due to CONVERGED_FNORM_ABS iterations 0
[32m Solve Converged![39m

Outlier Variable Residual Norms:
  disp_y: [31m1.004323e-08[39m

Postprocessor Values:
+----------------+----------------+----------------+
| time           | disp_y_max     | react_y_top    |
+----------------+----------------+----------------+
:                :                :                :
|   1.800000e+01 |   5.625000e-02 |   7.786271e+03 |
|   1.900000e+01 |   5.937500e-02 |   8.218654e+03 |
|   2.000000e+01 |   6.250000e-02 |   8.651017e+03 |
|   2.100000e+01 |   6.562500e-02 |   9.083361e+03 |
|   2.200000e+01 |   6.875000e-02 |   9.515685e+03 |
|   2.300000e+01 |   7.187500e-02 |   9.947990e+03 |
|   2.400000e+01 |   7.500000e-02 |   1.038027e+04 |
|   2.500000e+01 |   7.812500e-02 |   1.081254e+04 |
|   2.600000e+01 |   8.125000e-02 |   1.124478e+04 |
|   2.700000e+01 |   8.437500e-02 |   1.167701e+04 |
|   2.800000e+01 |   8.750000e-02 |   1.210922e+04 |
|   2.900000e+01 |   9.062500e-02 |   1.254140e+04 |
|   3.000000e+01 |   9.375000e-02 |   1.297357e+04 |
|   3.100000e+01 |   9.687500e-02 |   1.340572e+04 |
|   3.200000e+01 |   1.000000e-01 |   1.383784e+04 |
+----------------+----------------+----------------+

