Setting Up
  Initializing
    Finished Initializing Equation Systems                                               [[33m  0.30 s[39m] [[33m  337 MB[39m]
  Finished Initializing                                                                  [[33m  0.31 s[39m] [[33m  337 MB[39m]
Finished Setting Up                                                                      [[33m  0.42 s[39m] [[33m  337 MB[39m]
Framework Information:
MOOSE Version:           git commit b85414d92b on 2025-11-25
LibMesh Version:         910736a3a20aded528c3ba99371ce65980dc8e2c
PETSc Version:           3.24.0
SLEPc Version:           3.24.0
Current Time:            Tue Jun 16 09:55:50 2026
Executable Timestamp:    Wed Nov 26 18:13:58 2025

Input File(s):
  /home/lloydf/vfmverif/data/platehole3d_plas_het.i

Command Line Argument(s):
  --n-threads=2

Checkpoint:
  Wall Time Interval:      Every 3600 s
  User Checkpoint:         Disabled
  # Checkpoints Kept:      2
  Execute On:              TIMESTEP_END 

Parallelism:
  Num Processors:          2
  Num Threads:             2

Mesh: 
  Parallel Type:           replicated
  Mesh Dimension:          3
  Spatial Dimension:       3
  Nodes:                   
    Total:                 4032
    Local:                 2093
    Min/Max/Avg:           1939/2093/2016
  Elems:                   
    Total:                 672
    Local:                 336
    Min/Max/Avg:           336/336/336
  Num Subdomains:          1
  Num Partitions:          2
  Partitioner:             metis

Nonlinear System:
  Num DOFs:                33642
  Num Local DOFs:          17622
  Variables:               { "vonmises_stress" "strain_xx" "strain_yy" "strain_zz" "strain_xy" ... "stress_yy" 
                             "stress_zz" "stress_xy" "stress_yz" "stress_xz" } { "disp_x" "disp_y" "disp_z" 
                             } 
  Finite Element Types:    "LAGRANGE" "LAGRANGE" 
  Approximation Orders:    "FIRST" "SECOND" 

Auxiliary System:
  Num DOFs:                2016
  Num Local DOFs:          1008
  Variables:               { "effective_plastic_strain_out" "yield_stress_field" "yield_stress_out" } 
  Finite Element Types:    "MONOMIAL" 
  Approximation Orders:    "CONSTANT" 

Execution Information:
  Executioner:             Transient
  TimeStepper:             IterationAdaptiveDT
  TimeIntegrator(s):       ImplicitEuler
  Solver Mode:             NEWTON 
  PETSc Preconditioner:    lu 
  MOOSE Preconditioner:    SMP 

Time Step 0, time = 0

Postprocessor Values:
+----------------+----------------+----------------+----------------+
| time           | disp_y_max     | react_y_top    | stress_vm_max  |
+----------------+----------------+----------------+----------------+
|   0.000000e+00 |   0.000000e+00 |   0.000000e+00 |   0.000000e+00 |
+----------------+----------------+----------------+----------------+


Time Step 1, time = 1, dt = 1
 Skipping predictor this step
 0 Nonlinear |R| = [32m1.177994e+04[39m
      0 Linear |R| = [32m1.177994e+04[39m
      1 Linear |R| = [32m1.657873e-10[39m
 1 Nonlinear |R| = [32m2.938269e+03[39m
      0 Linear |R| = [32m2.938269e+03[39m
      1 Linear |R| = [32m5.645234e-10[39m
 2 Nonlinear |R| = [32m2.344105e+03[39m
      0 Linear |R| = [32m2.344105e+03[39m
      1 Linear |R| = [32m6.473457e-10[39m
 3 Nonlinear |R| = [32m1.495535e+03[39m
      0 Linear |R| = [32m1.495535e+03[39m
      1 Linear |R| = [32m1.108338e-10[39m
 4 Nonlinear |R| = [32m1.419529e+03[39m
      0 Linear |R| = [32m1.419529e+03[39m
      1 Linear |R| = [32m2.516075e-10[39m
 5 Nonlinear |R| = [32m1.069104e+03[39m
      0 Linear |R| = [32m1.069104e+03[39m
      1 Linear |R| = [32m2.448787e-10[39m
 6 Nonlinear |R| = [32m7.386388e+02[39m
      0 Linear |R| = [32m7.386388e+02[39m
      1 Linear |R| = [32m4.887663e-12[39m
 7 Nonlinear |R| = [32m2.455363e+02[39m
      0 Linear |R| = [32m2.455363e+02[39m
      1 Linear |R| = [32m7.726460e-13[39m
 8 Nonlinear |R| = [32m1.916096e-01[39m
      0 Linear |R| = [32m1.916096e-01[39m
      1 Linear |R| = [32m9.652216e-16[39m
 9 Nonlinear |R| = [32m4.621741e-05[39m
  Nonlinear solve converged due to CONVERGED_FNORM_ABS iterations 9
[32m Solve Converged![39m
Currently Executing
  Finished Solving                                                                       [[33m 36.14 s[39m] [[33m  488 MB[39m]

Outlier Variable Residual Norms:
  stress_xx: [33m1.435186e-05[39m
  stress_yy: [33m2.582201e-05[39m
  stress_zz: [33m3.481133e-05[39m

Postprocessor Values:
+----------------+----------------+----------------+----------------+
| time           | disp_y_max     | react_y_top    | stress_vm_max  |
+----------------+----------------+----------------+----------------+
|   0.000000e+00 |   0.000000e+00 |   0.000000e+00 |   0.000000e+00 |
|   1.000000e+00 |   3.125000e-06 |   4.010595e+02 |   4.955030e+07 |
+----------------+----------------+----------------+----------------+


Time Step 2, time = 2, dt = 1
  Applying predictor with scale factor = 1
 0 Nonlinear |R| = [32m8.582155e-02[39m
      0 Linear |R| = [32m8.582155e-02[39m
      1 Linear |R| = [32m1.539323e-15[39m
 1 Nonlinear |R| = [32m6.196817e-05[39m
      0 Linear |R| = [32m6.196817e-05[39m
      1 Linear |R| = [32m1.829286e-20[39m
 2 Nonlinear |R| = [32m1.950445e-09[39m
  Nonlinear solve converged due to CONVERGED_FNORM_ABS iterations 2
[32m Solve Converged![39m
  Finished Solving                                                                       [[33m  8.23 s[39m] [[33m  488 MB[39m]

Outlier Variable Residual Norms:
  disp_y: [33m7.113905e-10[39m
  disp_z: [31m1.764050e-09[39m

Postprocessor Values:
+----------------+----------------+----------------+----------------+
| time           | disp_y_max     | react_y_top    | stress_vm_max  |
+----------------+----------------+----------------+----------------+
|   0.000000e+00 |   0.000000e+00 |   0.000000e+00 |   0.000000e+00 |
|   1.000000e+00 |   3.125000e-06 |   4.010595e+02 |   4.955030e+07 |
|   2.000000e+00 |   6.250000e-06 |   8.020479e+02 |   9.908639e+07 |
+----------------+----------------+----------------+----------------+


Time Step 3, time = 3, dt = 1
  Applying predictor with scale factor = 1
 0 Nonlinear |R| = [32m8.581109e-02[39m
      0 Linear |R| = [32m8.581109e-02[39m
      1 Linear |R| = [32m1.289231e-15[39m
 1 Nonlinear |R| = [32m6.195206e-05[39m
      0 Linear |R| = [32m6.195206e-05[39m
      1 Linear |R| = [32m2.438215e-20[39m
 2 Nonlinear |R| = [32m1.907761e-09[39m
  Nonlinear solve converged due to CONVERGED_FNORM_ABS iterations 2
[32m Solve Converged![39m
  Finished Solving                                                                       [[33m  8.22 s[39m] [[33m  488 MB[39m]

Outlier Variable Residual Norms:
  disp_y: [33m6.995395e-10[39m
  disp_z: [31m1.723204e-09[39m

Postprocessor Values:
+----------------+----------------+----------------+----------------+
| time           | disp_y_max     | react_y_top    | stress_vm_max  |
+----------------+----------------+----------------+----------------+
|   0.000000e+00 |   0.000000e+00 |   0.000000e+00 |   0.000000e+00 |
|   1.000000e+00 |   3.125000e-06 |   4.010595e+02 |   4.955030e+07 |
|   2.000000e+00 |   6.250000e-06 |   8.020479e+02 |   9.908639e+07 |
|   3.000000e+00 |   9.375000e-06 |   1.202965e+03 |   1.486089e+08 |
+----------------+----------------+----------------+----------------+


Time Step 4, time = 4, dt = 1
  Applying predictor with scale factor = 1
 0 Nonlinear |R| = [32m8.580065e-02[39m
      0 Linear |R| = [32m8.580065e-02[39m
      1 Linear |R| = [32m1.321320e-15[39m
 1 Nonlinear |R| = [32m6.193598e-05[39m
      0 Linear |R| = [32m6.193598e-05[39m
      1 Linear |R| = [32m1.925716e-19[39m
 2 Nonlinear |R| = [32m1.850426e-09[39m
  Nonlinear solve converged due to CONVERGED_FNORM_ABS iterations 2
[32m Solve Converged![39m
  Finished Solving                                                                       [[33m  8.10 s[39m] [[33m  488 MB[39m]

Outlier Variable Residual Norms:
  disp_y: [33m6.739648e-10[39m
  disp_z: [31m1.664063e-09[39m

Postprocessor Values:
+----------------+----------------+----------------+----------------+
| time           | disp_y_max     | react_y_top    | stress_vm_max  |
+----------------+----------------+----------------+----------------+
|   0.000000e+00 |   0.000000e+00 |   0.000000e+00 |   0.000000e+00 |
|   1.000000e+00 |   3.125000e-06 |   4.010595e+02 |   4.955030e+07 |
|   2.000000e+00 |   6.250000e-06 |   8.020479e+02 |   9.908639e+07 |
|   3.000000e+00 |   9.375000e-06 |   1.202965e+03 |   1.486089e+08 |
|   4.000000e+00 |   1.250000e-05 |   1.603812e+03 |   1.981175e+08 |
+----------------+----------------+----------------+----------------+


Time Step 5, time = 5, dt = 1
  Applying predictor with scale factor = 1
 0 Nonlinear |R| = [32m1.695373e+00[39m
      0 Linear |R| = [32m1.695373e+00[39m
      1 Linear |R| = [32m1.367473e-14[39m
 1 Nonlinear |R| = [32m6.604848e-03[39m
      0 Linear |R| = [32m6.604848e-03[39m
      1 Linear |R| = [32m2.238119e-17[39m
 2 Nonlinear |R| = [32m1.079736e-06[39m
  Nonlinear solve converged due to CONVERGED_FNORM_ABS iterations 2
[32m Solve Converged![39m
  Finished Solving                                                                       [[33m  7.95 s[39m] [[33m  488 MB[39m]

Outlier Variable Residual Norms:
  vonmises_stress: [33m5.564971e-07[39m
  stress_xx: [33m5.127249e-07[39m
  stress_yy: [33m6.162944e-07[39m
  stress_xy: [33m3.315564e-07[39m

Postprocessor Values:
+----------------+----------------+----------------+----------------+
| time           | disp_y_max     | react_y_top    | stress_vm_max  |
+----------------+----------------+----------------+----------------+
|   0.000000e+00 |   0.000000e+00 |   0.000000e+00 |   0.000000e+00 |
|   1.000000e+00 |   3.125000e-06 |   4.010595e+02 |   4.955030e+07 |
|   2.000000e+00 |   6.250000e-06 |   8.020479e+02 |   9.908639e+07 |
|   3.000000e+00 |   9.375000e-06 |   1.202965e+03 |   1.486089e+08 |
|   4.000000e+00 |   1.250000e-05 |   1.603812e+03 |   1.981175e+08 |
|   5.000000e+00 |   1.562500e-05 |   2.004420e+03 |   2.426004e+08 |
+----------------+----------------+----------------+----------------+


Time Step 6, time = 6, dt = 1
  Applying predictor with scale factor = 1
 0 Nonlinear |R| = [32m1.609990e+01[39m
      0 Linear |R| = [32m1.609990e+01[39m
      1 Linear |R| = [32m2.722312e-13[39m
 1 Nonlinear |R| = [32m2.110714e+00[39m
      0 Linear |R| = [32m2.110714e+00[39m
      1 Linear |R| = [32m1.259265e-14[39m
 2 Nonlinear |R| = [32m2.383020e-03[39m
      0 Linear |R| = [32m2.383020e-03[39m
      1 Linear |R| = [32m1.250609e-17[39m
 3 Nonlinear |R| = [32m5.632811e-07[39m
  Nonlinear solve converged due to CONVERGED_FNORM_ABS iterations 3
[32m Solve Converged![39m
  Finished Solving                                                                       [[33m 11.66 s[39m] [[33m  488 MB[39m]

Outlier Variable Residual Norms:
  vonmises_stress: [33m3.172284e-07[39m
  stress_xx: [33m2.853634e-07[39m
  stress_yy: [33m3.279372e-07[39m

Postprocessor Values:
+----------------+----------------+----------------+----------------+
| time           | disp_y_max     | react_y_top    | stress_vm_max  |
+----------------+----------------+----------------+----------------+
|   0.000000e+00 |   0.000000e+00 |   0.000000e+00 |   0.000000e+00 |
|   1.000000e+00 |   3.125000e-06 |   4.010595e+02 |   4.955030e+07 |
|   2.000000e+00 |   6.250000e-06 |   8.020479e+02 |   9.908639e+07 |
|   3.000000e+00 |   9.375000e-06 |   1.202965e+03 |   1.486089e+08 |
|   4.000000e+00 |   1.250000e-05 |   1.603812e+03 |   1.981175e+08 |
|   5.000000e+00 |   1.562500e-05 |   2.004420e+03 |   2.426004e+08 |
|   6.000000e+00 |   1.875000e-05 |   2.401463e+03 |   2.483596e+08 |
+----------------+----------------+----------------+----------------+


Time Step 7, time = 7, dt = 1
  Applying predictor with scale factor = 1
 0 Nonlinear |R| = [32m2.007247e+01[39m
      0 Linear |R| = [32m2.007247e+01[39m
      1 Linear |R| = [32m5.111203e-13[39m
 1 Nonlinear |R| = [32m3.521487e+00[39m
      0 Linear |R| = [32m3.521487e+00[39m
      1 Linear |R| = [32m4.997643e-14[39m
 2 Nonlinear |R| = [32m3.387484e-02[39m
      0 Linear |R| = [32m3.387484e-02[39m
      1 Linear |R| = [32m5.008593e-16[39m
 3 Nonlinear |R| = [32m2.301173e-05[39m
      0 Linear |R| = [32m2.301173e-05[39m
      1 Linear |R| = [32m1.676212e-19[39m
 4 Nonlinear |R| = [32m2.759173e-09[39m
  Nonlinear solve converged due to CONVERGED_FNORM_ABS iterations 4
[32m Solve Converged![39m
  Finished Solving                                                                       [[33m 15.25 s[39m] [[33m  488 MB[39m]

Outlier Variable Residual Norms:
  vonmises_stress: [33m1.060476e-09[39m
  stress_yy: [33m1.095711e-09[39m
  disp_z: [33m1.977362e-09[39m

Postprocessor Values:
+----------------+----------------+----------------+----------------+
| time           | disp_y_max     | react_y_top    | stress_vm_max  |
+----------------+----------------+----------------+----------------+
|   0.000000e+00 |   0.000000e+00 |   0.000000e+00 |   0.000000e+00 |
|   1.000000e+00 |   3.125000e-06 |   4.010595e+02 |   4.955030e+07 |
|   2.000000e+00 |   6.250000e-06 |   8.020479e+02 |   9.908639e+07 |
|   3.000000e+00 |   9.375000e-06 |   1.202965e+03 |   1.486089e+08 |
|   4.000000e+00 |   1.250000e-05 |   1.603812e+03 |   1.981175e+08 |
|   5.000000e+00 |   1.562500e-05 |   2.004420e+03 |   2.426004e+08 |
|   6.000000e+00 |   1.875000e-05 |   2.401463e+03 |   2.483596e+08 |
|   7.000000e+00 |   2.187500e-05 |   2.790768e+03 |   2.470519e+08 |
+----------------+----------------+----------------+----------------+


Time Step 8, time = 8, dt = 1
  Applying predictor with scale factor = 1
 0 Nonlinear |R| = [32m2.392638e+01[39m
      0 Linear |R| = [32m2.392638e+01[39m
      1 Linear |R| = [32m7.392470e-13[39m
 1 Nonlinear |R| = [32m3.101880e+00[39m
      0 Linear |R| = [32m3.101880e+00[39m
      1 Linear |R| = [32m6.073979e-14[39m
 2 Nonlinear |R| = [32m1.529181e-02[39m
      0 Linear |R| = [32m1.529181e-02[39m
      1 Linear |R| = [32m1.115531e-16[39m
 3 Nonlinear |R| = [32m4.481226e-06[39m
  Nonlinear solve converged due to CONVERGED_FNORM_ABS iterations 3
[32m Solve Converged![39m
  Finished Solving                                                                       [[33m 11.52 s[39m] [[33m  488 MB[39m]

Outlier Variable Residual Norms:
  vonmises_stress: [33m2.692881e-06[39m
  stress_yy: [33m2.880797e-06[39m

Postprocessor Values:
+----------------+----------------+----------------+----------------+
| time           | disp_y_max     | react_y_top    | stress_vm_max  |
+----------------+----------------+----------------+----------------+
|   0.000000e+00 |   0.000000e+00 |   0.000000e+00 |   0.000000e+00 |
|   1.000000e+00 |   3.125000e-06 |   4.010595e+02 |   4.955030e+07 |
|   2.000000e+00 |   6.250000e-06 |   8.020479e+02 |   9.908639e+07 |
|   3.000000e+00 |   9.375000e-06 |   1.202965e+03 |   1.486089e+08 |
|   4.000000e+00 |   1.250000e-05 |   1.603812e+03 |   1.981175e+08 |
|   5.000000e+00 |   1.562500e-05 |   2.004420e+03 |   2.426004e+08 |
|   6.000000e+00 |   1.875000e-05 |   2.401463e+03 |   2.483596e+08 |
|   7.000000e+00 |   2.187500e-05 |   2.790768e+03 |   2.470519e+08 |
|   8.000000e+00 |   2.500000e-05 |   3.169267e+03 |   2.489138e+08 |
+----------------+----------------+----------------+----------------+


Time Step 9, time = 9, dt = 1
  Applying predictor with scale factor = 1
 0 Nonlinear |R| = [32m2.729243e+01[39m
      0 Linear |R| = [32m2.729243e+01[39m
      1 Linear |R| = [32m9.284134e-13[39m
 1 Nonlinear |R| = [32m4.436236e+00[39m
      0 Linear |R| = [32m4.436236e+00[39m
      1 Linear |R| = [32m8.468048e-14[39m
 2 Nonlinear |R| = [32m6.838240e-01[39m
      0 Linear |R| = [32m6.838240e-01[39m
      1 Linear |R| = [32m6.889327e-15[39m
 3 Nonlinear |R| = [32m6.110894e-04[39m
      0 Linear |R| = [32m6.110894e-04[39m
      1 Linear |R| = [32m3.593372e-18[39m
 4 Nonlinear |R| = [32m1.637817e-07[39m
  Nonlinear solve converged due to CONVERGED_FNORM_ABS iterations 4
[32m Solve Converged![39m
  Finished Solving                                                                       [[33m 14.89 s[39m] [[33m  488 MB[39m]

Outlier Variable Residual Norms:
  vonmises_stress: [33m7.842186e-08[39m
  stress_yy: [33m8.736399e-08[39m
  stress_zz: [33m1.016598e-07[39m

Postprocessor Values:
+----------------+----------------+----------------+----------------+
| time           | disp_y_max     | react_y_top    | stress_vm_max  |
+----------------+----------------+----------------+----------------+
|   0.000000e+00 |   0.000000e+00 |   0.000000e+00 |   0.000000e+00 |
|   1.000000e+00 |   3.125000e-06 |   4.010595e+02 |   4.955030e+07 |
|   2.000000e+00 |   6.250000e-06 |   8.020479e+02 |   9.908639e+07 |
|   3.000000e+00 |   9.375000e-06 |   1.202965e+03 |   1.486089e+08 |
|   4.000000e+00 |   1.250000e-05 |   1.603812e+03 |   1.981175e+08 |
|   5.000000e+00 |   1.562500e-05 |   2.004420e+03 |   2.426004e+08 |
|   6.000000e+00 |   1.875000e-05 |   2.401463e+03 |   2.483596e+08 |
|   7.000000e+00 |   2.187500e-05 |   2.790768e+03 |   2.470519e+08 |
|   8.000000e+00 |   2.500000e-05 |   3.169267e+03 |   2.489138e+08 |
|   9.000000e+00 |   2.812500e-05 |   3.533590e+03 |   2.490013e+08 |
+----------------+----------------+----------------+----------------+


Time Step 10, time = 10, dt = 1
  Applying predictor with scale factor = 1
 0 Nonlinear |R| = [32m3.485502e+01[39m
      0 Linear |R| = [32m3.485502e+01[39m
      1 Linear |R| = [32m1.323678e-12[39m
 1 Nonlinear |R| = [32m1.278782e+01[39m
      0 Linear |R| = [32m1.278782e+01[39m
      1 Linear |R| = [32m1.466053e-13[39m
 2 Nonlinear |R| = [32m2.648701e-01[39m
      0 Linear |R| = [32m2.648701e-01[39m
      1 Linear |R| = [32m3.452105e-15[39m
 3 Nonlinear |R| = [32m1.231486e-04[39m
      0 Linear |R| = [32m1.231486e-04[39m
      1 Linear |R| = [32m5.047272e-19[39m
 4 Nonlinear |R| = [32m1.531160e-08[39m
  Nonlinear solve converged due to CONVERGED_FNORM_ABS iterations 4
[32m Solve Converged![39m
  Finished Solving                                                                       [[33m 14.72 s[39m] [[33m  488 MB[39m]

Outlier Variable Residual Norms:
  vonmises_stress: [33m9.230685e-09[39m
  stress_xx: [33m5.316744e-09[39m
  stress_yy: [33m9.465858e-09[39m

Postprocessor Values:
+----------------+----------------+----------------+----------------+
| time           | disp_y_max     | react_y_top    | stress_vm_max  |
+----------------+----------------+----------------+----------------+
|   0.000000e+00 |   0.000000e+00 |   0.000000e+00 |   0.000000e+00 |
|   1.000000e+00 |   3.125000e-06 |   4.010595e+02 |   4.955030e+07 |
|   2.000000e+00 |   6.250000e-06 |   8.020479e+02 |   9.908639e+07 |
|   3.000000e+00 |   9.375000e-06 |   1.202965e+03 |   1.486089e+08 |
|   4.000000e+00 |   1.250000e-05 |   1.603812e+03 |   1.981175e+08 |
|   5.000000e+00 |   1.562500e-05 |   2.004420e+03 |   2.426004e+08 |
|   6.000000e+00 |   1.875000e-05 |   2.401463e+03 |   2.483596e+08 |
|   7.000000e+00 |   2.187500e-05 |   2.790768e+03 |   2.470519e+08 |
|   8.000000e+00 |   2.500000e-05 |   3.169267e+03 |   2.489138e+08 |
|   9.000000e+00 |   2.812500e-05 |   3.533590e+03 |   2.490013e+08 |
|   1.000000e+01 |   3.125000e-05 |   3.877090e+03 |   2.489967e+08 |
+----------------+----------------+----------------+----------------+


Time Step 11, time = 11, dt = 1
  Applying predictor with scale factor = 1
 0 Nonlinear |R| = [32m6.803486e+01[39m
      0 Linear |R| = [32m6.803486e+01[39m
      1 Linear |R| = [32m2.850964e-12[39m
 1 Nonlinear |R| = [32m1.811735e+01[39m
      0 Linear |R| = [32m1.811735e+01[39m
      1 Linear |R| = [32m2.388840e-13[39m
 2 Nonlinear |R| = [32m1.163846e+00[39m
      0 Linear |R| = [32m1.163846e+00[39m
      1 Linear |R| = [32m7.975950e-15[39m
 3 Nonlinear |R| = [32m1.364663e-01[39m
      0 Linear |R| = [32m1.364663e-01[39m
      1 Linear |R| = [32m6.547727e-16[39m
 4 Nonlinear |R| = [32m3.765380e-05[39m
  Nonlinear solve converged due to CONVERGED_FNORM_ABS iterations 4
[32m Solve Converged![39m
  Finished Solving                                                                       [[33m 14.70 s[39m] [[33m  488 MB[39m]

Outlier Variable Residual Norms:
  vonmises_stress: [33m2.206816e-05[39m
  stress_xx: [33m1.508818e-05[39m
  stress_yy: [33m2.016560e-05[39m

Postprocessor Values:
+----------------+----------------+----------------+----------------+
| time           | disp_y_max     | react_y_top    | stress_vm_max  |
+----------------+----------------+----------------+----------------+
|   0.000000e+00 |   0.000000e+00 |   0.000000e+00 |   0.000000e+00 |
|   1.000000e+00 |   3.125000e-06 |   4.010595e+02 |   4.955030e+07 |
|   2.000000e+00 |   6.250000e-06 |   8.020479e+02 |   9.908639e+07 |
|   3.000000e+00 |   9.375000e-06 |   1.202965e+03 |   1.486089e+08 |
|   4.000000e+00 |   1.250000e-05 |   1.603812e+03 |   1.981175e+08 |
|   5.000000e+00 |   1.562500e-05 |   2.004420e+03 |   2.426004e+08 |
|   6.000000e+00 |   1.875000e-05 |   2.401463e+03 |   2.483596e+08 |
|   7.000000e+00 |   2.187500e-05 |   2.790768e+03 |   2.470519e+08 |
|   8.000000e+00 |   2.500000e-05 |   3.169267e+03 |   2.489138e+08 |
|   9.000000e+00 |   2.812500e-05 |   3.533590e+03 |   2.490013e+08 |
|   1.000000e+01 |   3.125000e-05 |   3.877090e+03 |   2.489967e+08 |
|   1.100000e+01 |   3.437500e-05 |   4.165462e+03 |   2.498568e+08 |
+----------------+----------------+----------------+----------------+


Time Step 12, time = 12, dt = 1
  Applying predictor with scale factor = 1
 0 Nonlinear |R| = [32m1.963408e+02[39m
      0 Linear |R| = [32m1.963408e+02[39m
      1 Linear |R| = [32m9.456079e-12[39m
 1 Nonlinear |R| = [32m1.836082e+02[39m
      0 Linear |R| = [32m1.836082e+02[39m
      1 Linear |R| = [32m1.481946e-12[39m
 2 Nonlinear |R| = [32m1.119586e+01[39m
      0 Linear |R| = [32m1.119586e+01[39m
      1 Linear |R| = [32m2.191824e-13[39m
 3 Nonlinear |R| = [32m1.892529e+00[39m
      0 Linear |R| = [32m1.892529e+00[39m
      1 Linear |R| = [32m3.223113e-14[39m
 4 Nonlinear |R| = [32m4.670236e-01[39m
      0 Linear |R| = [32m4.670236e-01[39m
      1 Linear |R| = [32m6.158357e-15[39m
 5 Nonlinear |R| = [32m8.754082e-04[39m
      0 Linear |R| = [32m8.754082e-04[39m
      1 Linear |R| = [32m7.555486e-18[39m
 6 Nonlinear |R| = [32m2.548064e-07[39m
  Nonlinear solve converged due to CONVERGED_FNORM_ABS iterations 6
[32m Solve Converged![39m
  Finished Solving                                                                       [[33m 21.87 s[39m] [[33m  488 MB[39m]

Outlier Variable Residual Norms:
  vonmises_stress: [33m1.183464e-07[39m
  stress_xx: [33m1.075557e-07[39m
  stress_yy: [33m1.308262e-07[39m
  stress_zz: [33m1.189764e-07[39m
  stress_xy: [33m8.833918e-08[39m

Postprocessor Values:
+----------------+----------------+----------------+----------------+
| time           | disp_y_max     | react_y_top    | stress_vm_max  |
+----------------+----------------+----------------+----------------+
|   0.000000e+00 |   0.000000e+00 |   0.000000e+00 |   0.000000e+00 |
|   1.000000e+00 |   3.125000e-06 |   4.010595e+02 |   4.955030e+07 |
|   2.000000e+00 |   6.250000e-06 |   8.020479e+02 |   9.908639e+07 |
|   3.000000e+00 |   9.375000e-06 |   1.202965e+03 |   1.486089e+08 |
|   4.000000e+00 |   1.250000e-05 |   1.603812e+03 |   1.981175e+08 |
|   5.000000e+00 |   1.562500e-05 |   2.004420e+03 |   2.426004e+08 |
|   6.000000e+00 |   1.875000e-05 |   2.401463e+03 |   2.483596e+08 |
|   7.000000e+00 |   2.187500e-05 |   2.790768e+03 |   2.470519e+08 |
|   8.000000e+00 |   2.500000e-05 |   3.169267e+03 |   2.489138e+08 |
|   9.000000e+00 |   2.812500e-05 |   3.533590e+03 |   2.490013e+08 |
|   1.000000e+01 |   3.125000e-05 |   3.877090e+03 |   2.489967e+08 |
|   1.100000e+01 |   3.437500e-05 |   4.165462e+03 |   2.498568e+08 |
|   1.200000e+01 |   3.750000e-05 |   4.250704e+03 |   2.496128e+08 |
+----------------+----------------+----------------+----------------+


Time Step 13, time = 13, dt = 1
  Applying predictor with scale factor = 1
 0 Nonlinear |R| = [32m7.842374e+01[39m
      0 Linear |R| = [32m7.842374e+01[39m
      1 Linear |R| = [32m2.927110e-12[39m
 1 Nonlinear |R| = [32m6.174274e+01[39m
      0 Linear |R| = [32m6.174274e+01[39m
      1 Linear |R| = [32m4.820270e-13[39m
 2 Nonlinear |R| = [32m2.185774e+00[39m
      0 Linear |R| = [32m2.185774e+00[39m
      1 Linear |R| = [32m2.356689e-14[39m
 3 Nonlinear |R| = [32m7.507184e-02[39m
      0 Linear |R| = [32m7.507184e-02[39m
      1 Linear |R| = [32m7.539942e-16[39m
 4 Nonlinear |R| = [32m3.588688e-04[39m
      0 Linear |R| = [32m3.588688e-04[39m
      1 Linear |R| = [32m2.172503e-18[39m
 5 Nonlinear |R| = [32m1.255580e-07[39m
  Nonlinear solve converged due to CONVERGED_FNORM_ABS iterations 5
[32m Solve Converged![39m
  Finished Solving                                                                       [[33m 18.37 s[39m] [[33m  488 MB[39m]

Outlier Variable Residual Norms:
  vonmises_stress: [33m8.772838e-08[39m
  stress_xx: [33m4.608776e-08[39m
  stress_yy: [33m5.295281e-08[39m
  stress_zz: [33m4.884794e-08[39m

Postprocessor Values:
+----------------+----------------+----------------+----------------+
| time           | disp_y_max     | react_y_top    | stress_vm_max  |
+----------------+----------------+----------------+----------------+
|   0.000000e+00 |   0.000000e+00 |   0.000000e+00 |   0.000000e+00 |
|   1.000000e+00 |   3.125000e-06 |   4.010595e+02 |   4.955030e+07 |
|   2.000000e+00 |   6.250000e-06 |   8.020479e+02 |   9.908639e+07 |
|   3.000000e+00 |   9.375000e-06 |   1.202965e+03 |   1.486089e+08 |
|   4.000000e+00 |   1.250000e-05 |   1.603812e+03 |   1.981175e+08 |
|   5.000000e+00 |   1.562500e-05 |   2.004420e+03 |   2.426004e+08 |
|   6.000000e+00 |   1.875000e-05 |   2.401463e+03 |   2.483596e+08 |
|   7.000000e+00 |   2.187500e-05 |   2.790768e+03 |   2.470519e+08 |
|   8.000000e+00 |   2.500000e-05 |   3.169267e+03 |   2.489138e+08 |
|   9.000000e+00 |   2.812500e-05 |   3.533590e+03 |   2.490013e+08 |
|   1.000000e+01 |   3.125000e-05 |   3.877090e+03 |   2.489967e+08 |
|   1.100000e+01 |   3.437500e-05 |   4.165462e+03 |   2.498568e+08 |
|   1.200000e+01 |   3.750000e-05 |   4.250704e+03 |   2.496128e+08 |
|   1.300000e+01 |   4.062500e-05 |   4.271845e+03 |   2.509445e+08 |
+----------------+----------------+----------------+----------------+


Time Step 14, time = 14, dt = 1
  Applying predictor with scale factor = 1
 0 Nonlinear |R| = [32m1.743055e+01[39m
      0 Linear |R| = [32m1.743055e+01[39m
      1 Linear |R| = [32m3.723366e-13[39m
 1 Nonlinear |R| = [32m4.170231e+00[39m
      0 Linear |R| = [32m4.170231e+00[39m
      1 Linear |R| = [32m1.163047e-13[39m
 2 Nonlinear |R| = [32m1.550076e-02[39m
      0 Linear |R| = [32m1.550076e-02[39m
      1 Linear |R| = [32m1.497558e-16[39m
 3 Nonlinear |R| = [32m3.899407e-06[39m
  Nonlinear solve converged due to CONVERGED_FNORM_ABS iterations 3
[32m Solve Converged![39m
  Finished Solving                                                                       [[33m 11.06 s[39m] [[33m  488 MB[39m]

Outlier Variable Residual Norms:
  vonmises_stress: [33m2.057790e-06[39m
  stress_xx: [33m1.631953e-06[39m
  stress_yy: [33m2.035486e-06[39m
  stress_zz: [33m1.294103e-06[39m
  stress_xy: [33m1.511578e-06[39m

Postprocessor Values:
+----------------+----------------+----------------+----------------+
| time           | disp_y_max     | react_y_top    | stress_vm_max  |
+----------------+----------------+----------------+----------------+
|   0.000000e+00 |   0.000000e+00 |   0.000000e+00 |   0.000000e+00 |
|   1.000000e+00 |   3.125000e-06 |   4.010595e+02 |   4.955030e+07 |
|   2.000000e+00 |   6.250000e-06 |   8.020479e+02 |   9.908639e+07 |
|   3.000000e+00 |   9.375000e-06 |   1.202965e+03 |   1.486089e+08 |
|   4.000000e+00 |   1.250000e-05 |   1.603812e+03 |   1.981175e+08 |
|   5.000000e+00 |   1.562500e-05 |   2.004420e+03 |   2.426004e+08 |
|   6.000000e+00 |   1.875000e-05 |   2.401463e+03 |   2.483596e+08 |
|   7.000000e+00 |   2.187500e-05 |   2.790768e+03 |   2.470519e+08 |
|   8.000000e+00 |   2.500000e-05 |   3.169267e+03 |   2.489138e+08 |
|   9.000000e+00 |   2.812500e-05 |   3.533590e+03 |   2.490013e+08 |
|   1.000000e+01 |   3.125000e-05 |   3.877090e+03 |   2.489967e+08 |
|   1.100000e+01 |   3.437500e-05 |   4.165462e+03 |   2.498568e+08 |
|   1.200000e+01 |   3.750000e-05 |   4.250704e+03 |   2.496128e+08 |
|   1.300000e+01 |   4.062500e-05 |   4.271845e+03 |   2.509445e+08 |
|   1.400000e+01 |   4.375000e-05 |   4.286823e+03 |   2.540836e+08 |
+----------------+----------------+----------------+----------------+


Time Step 15, time = 15, dt = 1
  Applying predictor with scale factor = 1
 0 Nonlinear |R| = [32m1.617989e+01[39m
      0 Linear |R| = [32m1.617989e+01[39m
      1 Linear |R| = [32m3.718063e-13[39m
 1 Nonlinear |R| = [32m1.367541e+00[39m
      0 Linear |R| = [32m1.367541e+00[39m
      1 Linear |R| = [32m9.346525e-14[39m
 2 Nonlinear |R| = [32m1.666959e-02[39m
      0 Linear |R| = [32m1.666959e-02[39m
      1 Linear |R| = [32m1.180881e-16[39m
 3 Nonlinear |R| = [32m4.771404e-06[39m
  Nonlinear solve converged due to CONVERGED_FNORM_ABS iterations 3
[32m Solve Converged![39m
  Finished Solving                                                                       [[33m 11.05 s[39m] [[33m  488 MB[39m]

Outlier Variable Residual Norms:
  vonmises_stress: [33m3.193026e-06[39m
  stress_xx: [33m1.685986e-06[39m
  stress_yy: [33m2.550448e-06[39m

Postprocessor Values:
+----------------+----------------+----------------+----------------+
| time           | disp_y_max     | react_y_top    | stress_vm_max  |
+----------------+----------------+----------------+----------------+
:                :                :                :                :
|   1.000000e+00 |   3.125000e-06 |   4.010595e+02 |   4.955030e+07 |
|   2.000000e+00 |   6.250000e-06 |   8.020479e+02 |   9.908639e+07 |
|   3.000000e+00 |   9.375000e-06 |   1.202965e+03 |   1.486089e+08 |
|   4.000000e+00 |   1.250000e-05 |   1.603812e+03 |   1.981175e+08 |
|   5.000000e+00 |   1.562500e-05 |   2.004420e+03 |   2.426004e+08 |
|   6.000000e+00 |   1.875000e-05 |   2.401463e+03 |   2.483596e+08 |
|   7.000000e+00 |   2.187500e-05 |   2.790768e+03 |   2.470519e+08 |
|   8.000000e+00 |   2.500000e-05 |   3.169267e+03 |   2.489138e+08 |
|   9.000000e+00 |   2.812500e-05 |   3.533590e+03 |   2.490013e+08 |
|   1.000000e+01 |   3.125000e-05 |   3.877090e+03 |   2.489967e+08 |
|   1.100000e+01 |   3.437500e-05 |   4.165462e+03 |   2.498568e+08 |
|   1.200000e+01 |   3.750000e-05 |   4.250704e+03 |   2.496128e+08 |
|   1.300000e+01 |   4.062500e-05 |   4.271845e+03 |   2.509445e+08 |
|   1.400000e+01 |   4.375000e-05 |   4.286823e+03 |   2.540836e+08 |
|   1.500000e+01 |   4.687500e-05 |   4.298843e+03 |   2.573386e+08 |
+----------------+----------------+----------------+----------------+


Time Step 16, time = 16, dt = 1
  Applying predictor with scale factor = 1
 0 Nonlinear |R| = [32m1.247650e+01[39m
      0 Linear |R| = [32m1.247650e+01[39m
      1 Linear |R| = [32m5.213044e-13[39m
 1 Nonlinear |R| = [32m2.945671e-01[39m
      0 Linear |R| = [32m2.945671e-01[39m
      1 Linear |R| = [32m3.604470e-15[39m
 2 Nonlinear |R| = [32m1.329258e-04[39m
      0 Linear |R| = [32m1.329258e-04[39m
      1 Linear |R| = [32m1.292639e-18[39m
 3 Nonlinear |R| = [32m1.042898e-08[39m
  Nonlinear solve converged due to CONVERGED_FNORM_ABS iterations 3
  Finished Solving                                                                       [[33m 11.09 s[39m] [[33m  488 MB[39m]
[32m Solve Converged![39m

Outlier Variable Residual Norms:
  vonmises_stress: [33m3.960294e-09[39m
  stress_xx: [33m4.762279e-09[39m
  stress_yy: [33m4.826348e-09[39m
  stress_xy: [33m5.766558e-09[39m

Postprocessor Values:
+----------------+----------------+----------------+----------------+
| time           | disp_y_max     | react_y_top    | stress_vm_max  |
+----------------+----------------+----------------+----------------+
:                :                :                :                :
|   2.000000e+00 |   6.250000e-06 |   8.020479e+02 |   9.908639e+07 |
|   3.000000e+00 |   9.375000e-06 |   1.202965e+03 |   1.486089e+08 |
|   4.000000e+00 |   1.250000e-05 |   1.603812e+03 |   1.981175e+08 |
|   5.000000e+00 |   1.562500e-05 |   2.004420e+03 |   2.426004e+08 |
|   6.000000e+00 |   1.875000e-05 |   2.401463e+03 |   2.483596e+08 |
|   7.000000e+00 |   2.187500e-05 |   2.790768e+03 |   2.470519e+08 |
|   8.000000e+00 |   2.500000e-05 |   3.169267e+03 |   2.489138e+08 |
|   9.000000e+00 |   2.812500e-05 |   3.533590e+03 |   2.490013e+08 |
|   1.000000e+01 |   3.125000e-05 |   3.877090e+03 |   2.489967e+08 |
|   1.100000e+01 |   3.437500e-05 |   4.165462e+03 |   2.498568e+08 |
|   1.200000e+01 |   3.750000e-05 |   4.250704e+03 |   2.496128e+08 |
|   1.300000e+01 |   4.062500e-05 |   4.271845e+03 |   2.509445e+08 |
|   1.400000e+01 |   4.375000e-05 |   4.286823e+03 |   2.540836e+08 |
|   1.500000e+01 |   4.687500e-05 |   4.298843e+03 |   2.573386e+08 |
|   1.600000e+01 |   5.000000e-05 |   4.308706e+03 |   2.606296e+08 |
+----------------+----------------+----------------+----------------+


Time Step 17, time = 17, dt = 1
  Applying predictor with scale factor = 1
 0 Nonlinear |R| = [32m4.453225e+00[39m
      0 Linear |R| = [32m4.453225e+00[39m
      1 Linear |R| = [32m6.901389e-14[39m
 1 Nonlinear |R| = [32m2.076174e-02[39m
      0 Linear |R| = [32m2.076174e-02[39m
      1 Linear |R| = [32m5.205379e-16[39m
 2 Nonlinear |R| = [32m9.301793e-06[39m
      0 Linear |R| = [32m9.301793e-06[39m
      1 Linear |R| = [32m1.925301e-20[39m
 3 Nonlinear |R| = [32m1.942194e-09[39m
  Nonlinear solve converged due to CONVERGED_FNORM_ABS iterations 3
[32m Solve Converged![39m
  Finished Solving                                                                       [[33m 11.14 s[39m] [[33m  488 MB[39m]

Outlier Variable Residual Norms:
  disp_y: [33m6.940762e-10[39m
  disp_z: [33m1.730592e-09[39m

Postprocessor Values:
+----------------+----------------+----------------+----------------+
| time           | disp_y_max     | react_y_top    | stress_vm_max  |
+----------------+----------------+----------------+----------------+
:                :                :                :                :
|   3.000000e+00 |   9.375000e-06 |   1.202965e+03 |   1.486089e+08 |
|   4.000000e+00 |   1.250000e-05 |   1.603812e+03 |   1.981175e+08 |
|   5.000000e+00 |   1.562500e-05 |   2.004420e+03 |   2.426004e+08 |
|   6.000000e+00 |   1.875000e-05 |   2.401463e+03 |   2.483596e+08 |
|   7.000000e+00 |   2.187500e-05 |   2.790768e+03 |   2.470519e+08 |
|   8.000000e+00 |   2.500000e-05 |   3.169267e+03 |   2.489138e+08 |
|   9.000000e+00 |   2.812500e-05 |   3.533590e+03 |   2.490013e+08 |
|   1.000000e+01 |   3.125000e-05 |   3.877090e+03 |   2.489967e+08 |
|   1.100000e+01 |   3.437500e-05 |   4.165462e+03 |   2.498568e+08 |
|   1.200000e+01 |   3.750000e-05 |   4.250704e+03 |   2.496128e+08 |
|   1.300000e+01 |   4.062500e-05 |   4.271845e+03 |   2.509445e+08 |
|   1.400000e+01 |   4.375000e-05 |   4.286823e+03 |   2.540836e+08 |
|   1.500000e+01 |   4.687500e-05 |   4.298843e+03 |   2.573386e+08 |
|   1.600000e+01 |   5.000000e-05 |   4.308706e+03 |   2.606296e+08 |
|   1.700000e+01 |   5.312500e-05 |   4.318012e+03 |   2.637716e+08 |
+----------------+----------------+----------------+----------------+


Time Step 18, time = 18, dt = 1
  Applying predictor with scale factor = 1
 0 Nonlinear |R| = [32m5.454126e+00[39m
      0 Linear |R| = [32m5.454126e+00[39m
      1 Linear |R| = [32m8.742021e-14[39m
 1 Nonlinear |R| = [32m3.027928e-01[39m
      0 Linear |R| = [32m3.027928e-01[39m
      1 Linear |R| = [32m4.214286e-15[39m
 2 Nonlinear |R| = [32m1.835260e-04[39m
      0 Linear |R| = [32m1.835260e-04[39m
      1 Linear |R| = [32m2.553357e-18[39m
 3 Nonlinear |R| = [32m4.631569e-08[39m
  Nonlinear solve converged due to CONVERGED_FNORM_ABS iterations 3
[32m Solve Converged![39m
  Finished Solving                                                                       [[33m 11.13 s[39m] [[33m  488 MB[39m]

Outlier Variable Residual Norms:
  vonmises_stress: [33m1.966598e-08[39m
  stress_xx: [33m2.644130e-08[39m
  stress_yy: [33m2.021758e-08[39m
  stress_zz: [33m2.177028e-08[39m

Postprocessor Values:
+----------------+----------------+----------------+----------------+
| time           | disp_y_max     | react_y_top    | stress_vm_max  |
+----------------+----------------+----------------+----------------+
:                :                :                :                :
|   4.000000e+00 |   1.250000e-05 |   1.603812e+03 |   1.981175e+08 |
|   5.000000e+00 |   1.562500e-05 |   2.004420e+03 |   2.426004e+08 |
|   6.000000e+00 |   1.875000e-05 |   2.401463e+03 |   2.483596e+08 |
|   7.000000e+00 |   2.187500e-05 |   2.790768e+03 |   2.470519e+08 |
|   8.000000e+00 |   2.500000e-05 |   3.169267e+03 |   2.489138e+08 |
|   9.000000e+00 |   2.812500e-05 |   3.533590e+03 |   2.490013e+08 |
|   1.000000e+01 |   3.125000e-05 |   3.877090e+03 |   2.489967e+08 |
|   1.100000e+01 |   3.437500e-05 |   4.165462e+03 |   2.498568e+08 |
|   1.200000e+01 |   3.750000e-05 |   4.250704e+03 |   2.496128e+08 |
|   1.300000e+01 |   4.062500e-05 |   4.271845e+03 |   2.509445e+08 |
|   1.400000e+01 |   4.375000e-05 |   4.286823e+03 |   2.540836e+08 |
|   1.500000e+01 |   4.687500e-05 |   4.298843e+03 |   2.573386e+08 |
|   1.600000e+01 |   5.000000e-05 |   4.308706e+03 |   2.606296e+08 |
|   1.700000e+01 |   5.312500e-05 |   4.318012e+03 |   2.637716e+08 |
|   1.800000e+01 |   5.625000e-05 |   4.326708e+03 |   2.660824e+08 |
+----------------+----------------+----------------+----------------+


Time Step 19, time = 19, dt = 1
  Applying predictor with scale factor = 1
 0 Nonlinear |R| = [32m5.867999e+00[39m
      0 Linear |R| = [32m5.867999e+00[39m
      1 Linear |R| = [32m1.085798e-13[39m
 1 Nonlinear |R| = [32m5.504785e-01[39m
      0 Linear |R| = [32m5.504785e-01[39m
      1 Linear |R| = [32m6.840640e-15[39m
 2 Nonlinear |R| = [32m2.056136e-04[39m
      0 Linear |R| = [32m2.056136e-04[39m
      1 Linear |R| = [32m1.176297e-18[39m
 3 Nonlinear |R| = [32m3.531299e-08[39m
  Nonlinear solve converged due to CONVERGED_FNORM_ABS iterations 3
[32m Solve Converged![39m
  Finished Solving                                                                       [[33m 11.24 s[39m] [[33m  488 MB[39m]

Outlier Variable Residual Norms:
  vonmises_stress: [33m1.433424e-08[39m
  stress_xx: [33m1.840166e-08[39m
  stress_yy: [33m1.652007e-08[39m
  stress_zz: [33m1.755897e-08[39m

Postprocessor Values:
+----------------+----------------+----------------+----------------+
| time           | disp_y_max     | react_y_top    | stress_vm_max  |
+----------------+----------------+----------------+----------------+
:                :                :                :                :
|   5.000000e+00 |   1.562500e-05 |   2.004420e+03 |   2.426004e+08 |
|   6.000000e+00 |   1.875000e-05 |   2.401463e+03 |   2.483596e+08 |
|   7.000000e+00 |   2.187500e-05 |   2.790768e+03 |   2.470519e+08 |
|   8.000000e+00 |   2.500000e-05 |   3.169267e+03 |   2.489138e+08 |
|   9.000000e+00 |   2.812500e-05 |   3.533590e+03 |   2.490013e+08 |
|   1.000000e+01 |   3.125000e-05 |   3.877090e+03 |   2.489967e+08 |
|   1.100000e+01 |   3.437500e-05 |   4.165462e+03 |   2.498568e+08 |
|   1.200000e+01 |   3.750000e-05 |   4.250704e+03 |   2.496128e+08 |
|   1.300000e+01 |   4.062500e-05 |   4.271845e+03 |   2.509445e+08 |
|   1.400000e+01 |   4.375000e-05 |   4.286823e+03 |   2.540836e+08 |
|   1.500000e+01 |   4.687500e-05 |   4.298843e+03 |   2.573386e+08 |
|   1.600000e+01 |   5.000000e-05 |   4.308706e+03 |   2.606296e+08 |
|   1.700000e+01 |   5.312500e-05 |   4.318012e+03 |   2.637716e+08 |
|   1.800000e+01 |   5.625000e-05 |   4.326708e+03 |   2.660824e+08 |
|   1.900000e+01 |   5.937500e-05 |   4.334834e+03 |   2.675262e+08 |
+----------------+----------------+----------------+----------------+


Time Step 20, time = 20, dt = 1
  Applying predictor with scale factor = 1
 0 Nonlinear |R| = [32m4.791481e+00[39m
      0 Linear |R| = [32m4.791481e+00[39m
      1 Linear |R| = [32m1.000937e-13[39m
 1 Nonlinear |R| = [32m7.493531e-01[39m
      0 Linear |R| = [32m7.493531e-01[39m
      1 Linear |R| = [32m2.355107e-14[39m
 2 Nonlinear |R| = [32m2.555801e-03[39m
      0 Linear |R| = [32m2.555801e-03[39m
      1 Linear |R| = [32m7.334760e-17[39m
 3 Nonlinear |R| = [32m1.300362e-06[39m
  Nonlinear solve converged due to CONVERGED_FNORM_ABS iterations 3
[32m Solve Converged![39m
  Finished Solving                                                                       [[33m 11.05 s[39m] [[33m  488 MB[39m]

Outlier Variable Residual Norms:
  vonmises_stress: [33m4.127741e-07[39m
  stress_xx: [33m7.844973e-07[39m
  stress_yy: [33m4.861433e-07[39m
  stress_zz: [33m6.302511e-07[39m
  stress_xy: [33m5.127598e-07[39m

Postprocessor Values:
+----------------+----------------+----------------+----------------+
| time           | disp_y_max     | react_y_top    | stress_vm_max  |
+----------------+----------------+----------------+----------------+
:                :                :                :                :
|   6.000000e+00 |   1.875000e-05 |   2.401463e+03 |   2.483596e+08 |
|   7.000000e+00 |   2.187500e-05 |   2.790768e+03 |   2.470519e+08 |
|   8.000000e+00 |   2.500000e-05 |   3.169267e+03 |   2.489138e+08 |
|   9.000000e+00 |   2.812500e-05 |   3.533590e+03 |   2.490013e+08 |
|   1.000000e+01 |   3.125000e-05 |   3.877090e+03 |   2.489967e+08 |
|   1.100000e+01 |   3.437500e-05 |   4.165462e+03 |   2.498568e+08 |
|   1.200000e+01 |   3.750000e-05 |   4.250704e+03 |   2.496128e+08 |
|   1.300000e+01 |   4.062500e-05 |   4.271845e+03 |   2.509445e+08 |
|   1.400000e+01 |   4.375000e-05 |   4.286823e+03 |   2.540836e+08 |
|   1.500000e+01 |   4.687500e-05 |   4.298843e+03 |   2.573386e+08 |
|   1.600000e+01 |   5.000000e-05 |   4.308706e+03 |   2.606296e+08 |
|   1.700000e+01 |   5.312500e-05 |   4.318012e+03 |   2.637716e+08 |
|   1.800000e+01 |   5.625000e-05 |   4.326708e+03 |   2.660824e+08 |
|   1.900000e+01 |   5.937500e-05 |   4.334834e+03 |   2.675262e+08 |
|   2.000000e+01 |   6.250000e-05 |   4.342532e+03 |   2.692062e+08 |
+----------------+----------------+----------------+----------------+


Time Step 21, time = 21, dt = 1
  Applying predictor with scale factor = 1
 0 Nonlinear |R| = [32m3.756877e+00[39m
      0 Linear |R| = [32m3.756877e+00[39m
      1 Linear |R| = [32m8.947613e-14[39m
 1 Nonlinear |R| = [32m3.614887e-02[39m
      0 Linear |R| = [32m3.614887e-02[39m
      1 Linear |R| = [32m7.961592e-16[39m
 2 Nonlinear |R| = [32m1.579464e-05[39m
      0 Linear |R| = [32m1.579464e-05[39m
      1 Linear |R| = [32m1.687624e-19[39m
 3 Nonlinear |R| = [32m2.342991e-09[39m
  Nonlinear solve converged due to CONVERGED_FNORM_ABS iterations 3
[32m Solve Converged![39m
  Finished Solving                                                                       [[33m 11.08 s[39m] [[33m  546 MB[39m]

Outlier Variable Residual Norms:
  disp_y: [33m7.300376e-10[39m
  disp_z: [33m2.046525e-09[39m

Postprocessor Values:
+----------------+----------------+----------------+----------------+
| time           | disp_y_max     | react_y_top    | stress_vm_max  |
+----------------+----------------+----------------+----------------+
:                :                :                :                :
|   7.000000e+00 |   2.187500e-05 |   2.790768e+03 |   2.470519e+08 |
|   8.000000e+00 |   2.500000e-05 |   3.169267e+03 |   2.489138e+08 |
|   9.000000e+00 |   2.812500e-05 |   3.533590e+03 |   2.490013e+08 |
|   1.000000e+01 |   3.125000e-05 |   3.877090e+03 |   2.489967e+08 |
|   1.100000e+01 |   3.437500e-05 |   4.165462e+03 |   2.498568e+08 |
|   1.200000e+01 |   3.750000e-05 |   4.250704e+03 |   2.496128e+08 |
|   1.300000e+01 |   4.062500e-05 |   4.271845e+03 |   2.509445e+08 |
|   1.400000e+01 |   4.375000e-05 |   4.286823e+03 |   2.540836e+08 |
|   1.500000e+01 |   4.687500e-05 |   4.298843e+03 |   2.573386e+08 |
|   1.600000e+01 |   5.000000e-05 |   4.308706e+03 |   2.606296e+08 |
|   1.700000e+01 |   5.312500e-05 |   4.318012e+03 |   2.637716e+08 |
|   1.800000e+01 |   5.625000e-05 |   4.326708e+03 |   2.660824e+08 |
|   1.900000e+01 |   5.937500e-05 |   4.334834e+03 |   2.675262e+08 |
|   2.000000e+01 |   6.250000e-05 |   4.342532e+03 |   2.692062e+08 |
|   2.100000e+01 |   6.562500e-05 |   4.349941e+03 |   2.710648e+08 |
+----------------+----------------+----------------+----------------+


Time Step 22, time = 22, dt = 1
  Applying predictor with scale factor = 1
 0 Nonlinear |R| = [32m3.902181e+00[39m
      0 Linear |R| = [32m3.902181e+00[39m
      1 Linear |R| = [32m8.647208e-14[39m
 1 Nonlinear |R| = [32m1.524183e-01[39m
      0 Linear |R| = [32m1.524183e-01[39m
      1 Linear |R| = [32m2.079569e-15[39m
 2 Nonlinear |R| = [32m6.429553e-05[39m
      0 Linear |R| = [32m6.429553e-05[39m
      1 Linear |R| = [32m1.145820e-18[39m
 3 Nonlinear |R| = [32m8.950424e-09[39m
  Nonlinear solve converged due to CONVERGED_FNORM_ABS iterations 3
[32m Solve Converged![39m
  Finished Solving                                                                       [[33m 11.22 s[39m] [[33m  488 MB[39m]

Outlier Variable Residual Norms:
  vonmises_stress: [33m4.100900e-09[39m
  stress_xx: [33m5.153082e-09[39m
  stress_yy: [33m4.025556e-09[39m

Postprocessor Values:
+----------------+----------------+----------------+----------------+
| time           | disp_y_max     | react_y_top    | stress_vm_max  |
+----------------+----------------+----------------+----------------+
:                :                :                :                :
|   8.000000e+00 |   2.500000e-05 |   3.169267e+03 |   2.489138e+08 |
|   9.000000e+00 |   2.812500e-05 |   3.533590e+03 |   2.490013e+08 |
|   1.000000e+01 |   3.125000e-05 |   3.877090e+03 |   2.489967e+08 |
|   1.100000e+01 |   3.437500e-05 |   4.165462e+03 |   2.498568e+08 |
|   1.200000e+01 |   3.750000e-05 |   4.250704e+03 |   2.496128e+08 |
|   1.300000e+01 |   4.062500e-05 |   4.271845e+03 |   2.509445e+08 |
|   1.400000e+01 |   4.375000e-05 |   4.286823e+03 |   2.540836e+08 |
|   1.500000e+01 |   4.687500e-05 |   4.298843e+03 |   2.573386e+08 |
|   1.600000e+01 |   5.000000e-05 |   4.308706e+03 |   2.606296e+08 |
|   1.700000e+01 |   5.312500e-05 |   4.318012e+03 |   2.637716e+08 |
|   1.800000e+01 |   5.625000e-05 |   4.326708e+03 |   2.660824e+08 |
|   1.900000e+01 |   5.937500e-05 |   4.334834e+03 |   2.675262e+08 |
|   2.000000e+01 |   6.250000e-05 |   4.342532e+03 |   2.692062e+08 |
|   2.100000e+01 |   6.562500e-05 |   4.349941e+03 |   2.710648e+08 |
|   2.200000e+01 |   6.875000e-05 |   4.357034e+03 |   2.722704e+08 |
+----------------+----------------+----------------+----------------+


Time Step 23, time = 23, dt = 1
  Applying predictor with scale factor = 1
 0 Nonlinear |R| = [32m3.280303e+00[39m
      0 Linear |R| = [32m3.280303e+00[39m
      1 Linear |R| = [32m5.587382e-14[39m
 1 Nonlinear |R| = [32m9.693450e-03[39m
      0 Linear |R| = [32m9.693450e-03[39m
      1 Linear |R| = [32m7.589845e-17[39m
 2 Nonlinear |R| = [32m3.877432e-06[39m
      0 Linear |R| = [32m3.877432e-06[39m
      1 Linear |R| = [32m1.265153e-20[39m
 3 Nonlinear |R| = [32m2.068792e-09[39m
  Nonlinear solve converged due to CONVERGED_FNORM_ABS iterations 3
[32m Solve Converged![39m
  Finished Solving                                                                       [[33m 11.15 s[39m] [[33m  488 MB[39m]

Outlier Variable Residual Norms:
  disp_y: [33m7.067379e-10[39m
  disp_z: [31m1.883290e-09[39m

Postprocessor Values:
+----------------+----------------+----------------+----------------+
| time           | disp_y_max     | react_y_top    | stress_vm_max  |
+----------------+----------------+----------------+----------------+
:                :                :                :                :
|   9.000000e+00 |   2.812500e-05 |   3.533590e+03 |   2.490013e+08 |
|   1.000000e+01 |   3.125000e-05 |   3.877090e+03 |   2.489967e+08 |
|   1.100000e+01 |   3.437500e-05 |   4.165462e+03 |   2.498568e+08 |
|   1.200000e+01 |   3.750000e-05 |   4.250704e+03 |   2.496128e+08 |
|   1.300000e+01 |   4.062500e-05 |   4.271845e+03 |   2.509445e+08 |
|   1.400000e+01 |   4.375000e-05 |   4.286823e+03 |   2.540836e+08 |
|   1.500000e+01 |   4.687500e-05 |   4.298843e+03 |   2.573386e+08 |
|   1.600000e+01 |   5.000000e-05 |   4.308706e+03 |   2.606296e+08 |
|   1.700000e+01 |   5.312500e-05 |   4.318012e+03 |   2.637716e+08 |
|   1.800000e+01 |   5.625000e-05 |   4.326708e+03 |   2.660824e+08 |
|   1.900000e+01 |   5.937500e-05 |   4.334834e+03 |   2.675262e+08 |
|   2.000000e+01 |   6.250000e-05 |   4.342532e+03 |   2.692062e+08 |
|   2.100000e+01 |   6.562500e-05 |   4.349941e+03 |   2.710648e+08 |
|   2.200000e+01 |   6.875000e-05 |   4.357034e+03 |   2.722704e+08 |
|   2.300000e+01 |   7.187500e-05 |   4.363892e+03 |   2.728554e+08 |
+----------------+----------------+----------------+----------------+


Time Step 24, time = 24, dt = 1
  Applying predictor with scale factor = 1
 0 Nonlinear |R| = [32m2.367167e+00[39m
      0 Linear |R| = [32m2.367167e+00[39m
      1 Linear |R| = [32m5.720987e-14[39m
 1 Nonlinear |R| = [32m1.256734e-01[39m
      0 Linear |R| = [32m1.256734e-01[39m
      1 Linear |R| = [32m1.153752e-15[39m
 2 Nonlinear |R| = [32m5.081204e-05[39m
      0 Linear |R| = [32m5.081204e-05[39m
      1 Linear |R| = [32m2.244511e-19[39m
 3 Nonlinear |R| = [32m3.859741e-09[39m
  Nonlinear solve converged due to CONVERGED_FNORM_ABS iterations 3
  Finished Solving                                                                       [[33m 11.26 s[39m] [[33m  488 MB[39m]
[32m Solve Converged![39m

Outlier Variable Residual Norms:
  vonmises_stress: [33m1.496627e-09[39m
  stress_xx: [33m1.635464e-09[39m
  stress_yy: [33m1.790883e-09[39m
  disp_z: [33m1.969099e-09[39m

Postprocessor Values:
+----------------+----------------+----------------+----------------+
| time           | disp_y_max     | react_y_top    | stress_vm_max  |
+----------------+----------------+----------------+----------------+
:                :                :                :                :
|   1.000000e+01 |   3.125000e-05 |   3.877090e+03 |   2.489967e+08 |
|   1.100000e+01 |   3.437500e-05 |   4.165462e+03 |   2.498568e+08 |
|   1.200000e+01 |   3.750000e-05 |   4.250704e+03 |   2.496128e+08 |
|   1.300000e+01 |   4.062500e-05 |   4.271845e+03 |   2.509445e+08 |
|   1.400000e+01 |   4.375000e-05 |   4.286823e+03 |   2.540836e+08 |
|   1.500000e+01 |   4.687500e-05 |   4.298843e+03 |   2.573386e+08 |
|   1.600000e+01 |   5.000000e-05 |   4.308706e+03 |   2.606296e+08 |
|   1.700000e+01 |   5.312500e-05 |   4.318012e+03 |   2.637716e+08 |
|   1.800000e+01 |   5.625000e-05 |   4.326708e+03 |   2.660824e+08 |
|   1.900000e+01 |   5.937500e-05 |   4.334834e+03 |   2.675262e+08 |
|   2.000000e+01 |   6.250000e-05 |   4.342532e+03 |   2.692062e+08 |
|   2.100000e+01 |   6.562500e-05 |   4.349941e+03 |   2.710648e+08 |
|   2.200000e+01 |   6.875000e-05 |   4.357034e+03 |   2.722704e+08 |
|   2.300000e+01 |   7.187500e-05 |   4.363892e+03 |   2.728554e+08 |
|   2.400000e+01 |   7.500000e-05 |   4.370616e+03 |   2.731990e+08 |
+----------------+----------------+----------------+----------------+


Time Step 25, time = 25, dt = 1
  Applying predictor with scale factor = 1
 0 Nonlinear |R| = [32m2.938017e+00[39m
      0 Linear |R| = [32m2.938017e+00[39m
      1 Linear |R| = [32m7.287202e-14[39m
 1 Nonlinear |R| = [32m7.075205e-02[39m
      0 Linear |R| = [32m7.075205e-02[39m
      1 Linear |R| = [32m6.173981e-16[39m
 2 Nonlinear |R| = [32m2.116646e-05[39m
      0 Linear |R| = [32m2.116646e-05[39m
      1 Linear |R| = [32m1.798375e-19[39m
 3 Nonlinear |R| = [32m2.365872e-09[39m
  Nonlinear solve converged due to CONVERGED_FNORM_ABS iterations 3
[32m Solve Converged![39m
  Finished Solving                                                                       [[33m 12.21 s[39m] [[33m  488 MB[39m]

Outlier Variable Residual Norms:
  disp_y: [33m7.500112e-10[39m
  disp_z: [33m1.908624e-09[39m

Postprocessor Values:
+----------------+----------------+----------------+----------------+
| time           | disp_y_max     | react_y_top    | stress_vm_max  |
+----------------+----------------+----------------+----------------+
:                :                :                :                :
|   1.100000e+01 |   3.437500e-05 |   4.165462e+03 |   2.498568e+08 |
|   1.200000e+01 |   3.750000e-05 |   4.250704e+03 |   2.496128e+08 |
|   1.300000e+01 |   4.062500e-05 |   4.271845e+03 |   2.509445e+08 |
|   1.400000e+01 |   4.375000e-05 |   4.286823e+03 |   2.540836e+08 |
|   1.500000e+01 |   4.687500e-05 |   4.298843e+03 |   2.573386e+08 |
|   1.600000e+01 |   5.000000e-05 |   4.308706e+03 |   2.606296e+08 |
|   1.700000e+01 |   5.312500e-05 |   4.318012e+03 |   2.637716e+08 |
|   1.800000e+01 |   5.625000e-05 |   4.326708e+03 |   2.660824e+08 |
|   1.900000e+01 |   5.937500e-05 |   4.334834e+03 |   2.675262e+08 |
|   2.000000e+01 |   6.250000e-05 |   4.342532e+03 |   2.692062e+08 |
|   2.100000e+01 |   6.562500e-05 |   4.349941e+03 |   2.710648e+08 |
|   2.200000e+01 |   6.875000e-05 |   4.357034e+03 |   2.722704e+08 |
|   2.300000e+01 |   7.187500e-05 |   4.363892e+03 |   2.728554e+08 |
|   2.400000e+01 |   7.500000e-05 |   4.370616e+03 |   2.731990e+08 |
|   2.500000e+01 |   7.812500e-05 |   4.377189e+03 |   2.733679e+08 |
+----------------+----------------+----------------+----------------+


Time Step 26, time = 26, dt = 1
  Applying predictor with scale factor = 1
 0 Nonlinear |R| = [32m3.782515e+00[39m
      0 Linear |R| = [32m3.782515e+00[39m
      1 Linear |R| = [32m1.039898e-13[39m
 1 Nonlinear |R| = [32m3.006636e-02[39m
      0 Linear |R| = [32m3.006636e-02[39m
      1 Linear |R| = [32m3.154862e-16[39m
 2 Nonlinear |R| = [32m1.342222e-05[39m
      0 Linear |R| = [32m1.342222e-05[39m
      1 Linear |R| = [32m1.673468e-20[39m
 3 Nonlinear |R| = [32m2.233748e-09[39m
  Nonlinear solve converged due to CONVERGED_FNORM_ABS iterations 3
  Finished Solving                                                                       [[33m 11.13 s[39m] [[33m  488 MB[39m]
[32m Solve Converged![39m

Outlier Variable Residual Norms:
  disp_y: [33m7.746183e-10[39m
  disp_z: [31m2.015778e-09[39m

Postprocessor Values:
+----------------+----------------+----------------+----------------+
| time           | disp_y_max     | react_y_top    | stress_vm_max  |
+----------------+----------------+----------------+----------------+
:                :                :                :                :
|   1.200000e+01 |   3.750000e-05 |   4.250704e+03 |   2.496128e+08 |
|   1.300000e+01 |   4.062500e-05 |   4.271845e+03 |   2.509445e+08 |
|   1.400000e+01 |   4.375000e-05 |   4.286823e+03 |   2.540836e+08 |
|   1.500000e+01 |   4.687500e-05 |   4.298843e+03 |   2.573386e+08 |
|   1.600000e+01 |   5.000000e-05 |   4.308706e+03 |   2.606296e+08 |
|   1.700000e+01 |   5.312500e-05 |   4.318012e+03 |   2.637716e+08 |
|   1.800000e+01 |   5.625000e-05 |   4.326708e+03 |   2.660824e+08 |
|   1.900000e+01 |   5.937500e-05 |   4.334834e+03 |   2.675262e+08 |
|   2.000000e+01 |   6.250000e-05 |   4.342532e+03 |   2.692062e+08 |
|   2.100000e+01 |   6.562500e-05 |   4.349941e+03 |   2.710648e+08 |
|   2.200000e+01 |   6.875000e-05 |   4.357034e+03 |   2.722704e+08 |
|   2.300000e+01 |   7.187500e-05 |   4.363892e+03 |   2.728554e+08 |
|   2.400000e+01 |   7.500000e-05 |   4.370616e+03 |   2.731990e+08 |
|   2.500000e+01 |   7.812500e-05 |   4.377189e+03 |   2.733679e+08 |
|   2.600000e+01 |   8.125000e-05 |   4.383544e+03 |   2.732778e+08 |
+----------------+----------------+----------------+----------------+


Time Step 27, time = 27, dt = 1
  Applying predictor with scale factor = 1
 0 Nonlinear |R| = [32m2.440358e+00[39m
      0 Linear |R| = [32m2.440358e+00[39m
      1 Linear |R| = [32m4.786249e-14[39m
 1 Nonlinear |R| = [32m3.729071e-03[39m
      0 Linear |R| = [32m3.729071e-03[39m
      1 Linear |R| = [32m4.302158e-17[39m
 2 Nonlinear |R| = [32m1.608845e-06[39m
  Nonlinear solve converged due to CONVERGED_FNORM_ABS iterations 2
[32m Solve Converged![39m
  Finished Solving                                                                       [[33m  7.45 s[39m] [[33m  488 MB[39m]

Outlier Variable Residual Norms:
  vonmises_stress: [33m8.374607e-07[39m
  stress_xx: [33m6.663065e-07[39m
  stress_yy: [33m9.138453e-07[39m
  stress_xy: [33m6.069472e-07[39m

Postprocessor Values:
+----------------+----------------+----------------+----------------+
| time           | disp_y_max     | react_y_top    | stress_vm_max  |
+----------------+----------------+----------------+----------------+
:                :                :                :                :
|   1.300000e+01 |   4.062500e-05 |   4.271845e+03 |   2.509445e+08 |
|   1.400000e+01 |   4.375000e-05 |   4.286823e+03 |   2.540836e+08 |
|   1.500000e+01 |   4.687500e-05 |   4.298843e+03 |   2.573386e+08 |
|   1.600000e+01 |   5.000000e-05 |   4.308706e+03 |   2.606296e+08 |
|   1.700000e+01 |   5.312500e-05 |   4.318012e+03 |   2.637716e+08 |
|   1.800000e+01 |   5.625000e-05 |   4.326708e+03 |   2.660824e+08 |
|   1.900000e+01 |   5.937500e-05 |   4.334834e+03 |   2.675262e+08 |
|   2.000000e+01 |   6.250000e-05 |   4.342532e+03 |   2.692062e+08 |
|   2.100000e+01 |   6.562500e-05 |   4.349941e+03 |   2.710648e+08 |
|   2.200000e+01 |   6.875000e-05 |   4.357034e+03 |   2.722704e+08 |
|   2.300000e+01 |   7.187500e-05 |   4.363892e+03 |   2.728554e+08 |
|   2.400000e+01 |   7.500000e-05 |   4.370616e+03 |   2.731990e+08 |
|   2.500000e+01 |   7.812500e-05 |   4.377189e+03 |   2.733679e+08 |
|   2.600000e+01 |   8.125000e-05 |   4.383544e+03 |   2.732778e+08 |
|   2.700000e+01 |   8.437500e-05 |   4.389768e+03 |   2.728290e+08 |
+----------------+----------------+----------------+----------------+


Time Step 28, time = 28, dt = 1
  Applying predictor with scale factor = 1
 0 Nonlinear |R| = [32m2.913117e+00[39m
      0 Linear |R| = [32m2.913117e+00[39m
      1 Linear |R| = [32m5.322304e-14[39m
 1 Nonlinear |R| = [32m6.301531e-02[39m
      0 Linear |R| = [32m6.301531e-02[39m
      1 Linear |R| = [32m8.256448e-16[39m
 2 Nonlinear |R| = [32m2.835749e-05[39m
      0 Linear |R| = [32m2.835749e-05[39m
      1 Linear |R| = [32m1.750036e-19[39m
 3 Nonlinear |R| = [32m2.293971e-09[39m
  Nonlinear solve converged due to CONVERGED_FNORM_ABS iterations 3
[32m Solve Converged![39m
  Finished Solving                                                                       [[33m 11.01 s[39m] [[33m  488 MB[39m]

Outlier Variable Residual Norms:
  disp_y: [33m7.605600e-10[39m
  disp_z: [33m1.936157e-09[39m

Postprocessor Values:
+----------------+----------------+----------------+----------------+
| time           | disp_y_max     | react_y_top    | stress_vm_max  |
+----------------+----------------+----------------+----------------+
:                :                :                :                :
|   1.400000e+01 |   4.375000e-05 |   4.286823e+03 |   2.540836e+08 |
|   1.500000e+01 |   4.687500e-05 |   4.298843e+03 |   2.573386e+08 |
|   1.600000e+01 |   5.000000e-05 |   4.308706e+03 |   2.606296e+08 |
|   1.700000e+01 |   5.312500e-05 |   4.318012e+03 |   2.637716e+08 |
|   1.800000e+01 |   5.625000e-05 |   4.326708e+03 |   2.660824e+08 |
|   1.900000e+01 |   5.937500e-05 |   4.334834e+03 |   2.675262e+08 |
|   2.000000e+01 |   6.250000e-05 |   4.342532e+03 |   2.692062e+08 |
|   2.100000e+01 |   6.562500e-05 |   4.349941e+03 |   2.710648e+08 |
|   2.200000e+01 |   6.875000e-05 |   4.357034e+03 |   2.722704e+08 |
|   2.300000e+01 |   7.187500e-05 |   4.363892e+03 |   2.728554e+08 |
|   2.400000e+01 |   7.500000e-05 |   4.370616e+03 |   2.731990e+08 |
|   2.500000e+01 |   7.812500e-05 |   4.377189e+03 |   2.733679e+08 |
|   2.600000e+01 |   8.125000e-05 |   4.383544e+03 |   2.732778e+08 |
|   2.700000e+01 |   8.437500e-05 |   4.389768e+03 |   2.728290e+08 |
|   2.800000e+01 |   8.750000e-05 |   4.395862e+03 |   2.741963e+08 |
+----------------+----------------+----------------+----------------+


Time Step 29, time = 29, dt = 1
  Applying predictor with scale factor = 1
 0 Nonlinear |R| = [32m2.029811e+00[39m
      0 Linear |R| = [32m2.029811e+00[39m
      1 Linear |R| = [32m4.102348e-14[39m
 1 Nonlinear |R| = [32m3.431838e-03[39m
      0 Linear |R| = [32m3.431838e-03[39m
      1 Linear |R| = [32m7.414112e-17[39m
 2 Nonlinear |R| = [32m1.498400e-06[39m
  Nonlinear solve converged due to CONVERGED_FNORM_ABS iterations 2
[32m Solve Converged![39m
  Finished Solving                                                                       [[33m  7.45 s[39m] [[33m  488 MB[39m]

Outlier Variable Residual Norms:
  vonmises_stress: [33m7.634563e-07[39m
  stress_xx: [33m7.024391e-07[39m
  stress_yy: [33m8.046543e-07[39m
  stress_zz: [33m5.086095e-07[39m
  stress_xy: [33m5.021239e-07[39m

Postprocessor Values:
+----------------+----------------+----------------+----------------+
| time           | disp_y_max     | react_y_top    | stress_vm_max  |
+----------------+----------------+----------------+----------------+
:                :                :                :                :
|   1.500000e+01 |   4.687500e-05 |   4.298843e+03 |   2.573386e+08 |
|   1.600000e+01 |   5.000000e-05 |   4.308706e+03 |   2.606296e+08 |
|   1.700000e+01 |   5.312500e-05 |   4.318012e+03 |   2.637716e+08 |
|   1.800000e+01 |   5.625000e-05 |   4.326708e+03 |   2.660824e+08 |
|   1.900000e+01 |   5.937500e-05 |   4.334834e+03 |   2.675262e+08 |
|   2.000000e+01 |   6.250000e-05 |   4.342532e+03 |   2.692062e+08 |
|   2.100000e+01 |   6.562500e-05 |   4.349941e+03 |   2.710648e+08 |
|   2.200000e+01 |   6.875000e-05 |   4.357034e+03 |   2.722704e+08 |
|   2.300000e+01 |   7.187500e-05 |   4.363892e+03 |   2.728554e+08 |
|   2.400000e+01 |   7.500000e-05 |   4.370616e+03 |   2.731990e+08 |
|   2.500000e+01 |   7.812500e-05 |   4.377189e+03 |   2.733679e+08 |
|   2.600000e+01 |   8.125000e-05 |   4.383544e+03 |   2.732778e+08 |
|   2.700000e+01 |   8.437500e-05 |   4.389768e+03 |   2.728290e+08 |
|   2.800000e+01 |   8.750000e-05 |   4.395862e+03 |   2.741963e+08 |
|   2.900000e+01 |   9.062500e-05 |   4.401857e+03 |   2.755336e+08 |
+----------------+----------------+----------------+----------------+


Time Step 30, time = 30, dt = 1
  Applying predictor with scale factor = 1
 0 Nonlinear |R| = [32m1.725994e+00[39m
      0 Linear |R| = [32m1.725994e+00[39m
      1 Linear |R| = [32m4.991577e-14[39m
 1 Nonlinear |R| = [32m2.892706e-03[39m
      0 Linear |R| = [32m2.892706e-03[39m
      1 Linear |R| = [32m1.410696e-16[39m
 2 Nonlinear |R| = [32m1.352548e-06[39m
  Nonlinear solve converged due to CONVERGED_FNORM_ABS iterations 2
[32m Solve Converged![39m
  Finished Solving                                                                       [[33m  7.46 s[39m] [[33m  488 MB[39m]

Outlier Variable Residual Norms:
  vonmises_stress: [33m6.960788e-07[39m
  stress_xx: [33m6.983283e-07[39m
  stress_yy: [33m7.097372e-07[39m
  stress_xy: [33m4.364666e-07[39m

Postprocessor Values:
+----------------+----------------+----------------+----------------+
| time           | disp_y_max     | react_y_top    | stress_vm_max  |
+----------------+----------------+----------------+----------------+
:                :                :                :                :
|   1.600000e+01 |   5.000000e-05 |   4.308706e+03 |   2.606296e+08 |
|   1.700000e+01 |   5.312500e-05 |   4.318012e+03 |   2.637716e+08 |
|   1.800000e+01 |   5.625000e-05 |   4.326708e+03 |   2.660824e+08 |
|   1.900000e+01 |   5.937500e-05 |   4.334834e+03 |   2.675262e+08 |
|   2.000000e+01 |   6.250000e-05 |   4.342532e+03 |   2.692062e+08 |
|   2.100000e+01 |   6.562500e-05 |   4.349941e+03 |   2.710648e+08 |
|   2.200000e+01 |   6.875000e-05 |   4.357034e+03 |   2.722704e+08 |
|   2.300000e+01 |   7.187500e-05 |   4.363892e+03 |   2.728554e+08 |
|   2.400000e+01 |   7.500000e-05 |   4.370616e+03 |   2.731990e+08 |
|   2.500000e+01 |   7.812500e-05 |   4.377189e+03 |   2.733679e+08 |
|   2.600000e+01 |   8.125000e-05 |   4.383544e+03 |   2.732778e+08 |
|   2.700000e+01 |   8.437500e-05 |   4.389768e+03 |   2.728290e+08 |
|   2.800000e+01 |   8.750000e-05 |   4.395862e+03 |   2.741963e+08 |
|   2.900000e+01 |   9.062500e-05 |   4.401857e+03 |   2.755336e+08 |
|   3.000000e+01 |   9.375000e-05 |   4.407779e+03 |   2.768498e+08 |
+----------------+----------------+----------------+----------------+


Time Step 31, time = 31, dt = 1
  Applying predictor with scale factor = 1
 0 Nonlinear |R| = [32m1.852883e+00[39m
      0 Linear |R| = [32m1.852883e+00[39m
      1 Linear |R| = [32m4.172464e-14[39m
 1 Nonlinear |R| = [32m6.949832e-03[39m
      0 Linear |R| = [32m6.949832e-03[39m
      1 Linear |R| = [32m6.476669e-17[39m
 2 Nonlinear |R| = [32m3.229363e-06[39m
      0 Linear |R| = [32m3.229363e-06[39m
      1 Linear |R| = [32m2.408637e-20[39m
 3 Nonlinear |R| = [32m1.997424e-09[39m
  Nonlinear solve converged due to CONVERGED_FNORM_ABS iterations 3
[32m Solve Converged![39m
  Finished Solving                                                                       [[33m 10.97 s[39m] [[33m  488 MB[39m]

Outlier Variable Residual Norms:
  disp_y: [33m7.280705e-10[39m
  disp_z: [31m1.815328e-09[39m

Postprocessor Values:
+----------------+----------------+----------------+----------------+
| time           | disp_y_max     | react_y_top    | stress_vm_max  |
+----------------+----------------+----------------+----------------+
:                :                :                :                :
|   1.700000e+01 |   5.312500e-05 |   4.318012e+03 |   2.637716e+08 |
|   1.800000e+01 |   5.625000e-05 |   4.326708e+03 |   2.660824e+08 |
|   1.900000e+01 |   5.937500e-05 |   4.334834e+03 |   2.675262e+08 |
|   2.000000e+01 |   6.250000e-05 |   4.342532e+03 |   2.692062e+08 |
|   2.100000e+01 |   6.562500e-05 |   4.349941e+03 |   2.710648e+08 |
|   2.200000e+01 |   6.875000e-05 |   4.357034e+03 |   2.722704e+08 |
|   2.300000e+01 |   7.187500e-05 |   4.363892e+03 |   2.728554e+08 |
|   2.400000e+01 |   7.500000e-05 |   4.370616e+03 |   2.731990e+08 |
|   2.500000e+01 |   7.812500e-05 |   4.377189e+03 |   2.733679e+08 |
|   2.600000e+01 |   8.125000e-05 |   4.383544e+03 |   2.732778e+08 |
|   2.700000e+01 |   8.437500e-05 |   4.389768e+03 |   2.728290e+08 |
|   2.800000e+01 |   8.750000e-05 |   4.395862e+03 |   2.741963e+08 |
|   2.900000e+01 |   9.062500e-05 |   4.401857e+03 |   2.755336e+08 |
|   3.000000e+01 |   9.375000e-05 |   4.407779e+03 |   2.768498e+08 |
|   3.100000e+01 |   9.687500e-05 |   4.413634e+03 |   2.781538e+08 |
+----------------+----------------+----------------+----------------+


Time Step 32, time = 32, dt = 1
  Applying predictor with scale factor = 1
 0 Nonlinear |R| = [32m1.746387e+00[39m
      0 Linear |R| = [32m1.746387e+00[39m
      1 Linear |R| = [32m5.741707e-14[39m
 1 Nonlinear |R| = [32m1.652981e-01[39m
      0 Linear |R| = [32m1.652981e-01[39m
      1 Linear |R| = [32m4.065066e-15[39m
 2 Nonlinear |R| = [32m2.458103e-03[39m
      0 Linear |R| = [32m2.458103e-03[39m
      1 Linear |R| = [32m1.713179e-17[39m
 3 Nonlinear |R| = [32m9.120917e-07[39m
  Nonlinear solve converged due to CONVERGED_FNORM_ABS iterations 3
[32m Solve Converged![39m
  Finished Solving                                                                       [[33m 11.05 s[39m] [[33m  488 MB[39m]

Outlier Variable Residual Norms:
  vonmises_stress: [33m6.013664e-07[39m
  stress_xx: [33m3.324447e-07[39m
  stress_yy: [33m4.192147e-07[39m
  stress_zz: [33m3.821195e-07[39m

Postprocessor Values:
+----------------+----------------+----------------+----------------+
| time           | disp_y_max     | react_y_top    | stress_vm_max  |
+----------------+----------------+----------------+----------------+
:                :                :                :                :
|   1.800000e+01 |   5.625000e-05 |   4.326708e+03 |   2.660824e+08 |
|   1.900000e+01 |   5.937500e-05 |   4.334834e+03 |   2.675262e+08 |
|   2.000000e+01 |   6.250000e-05 |   4.342532e+03 |   2.692062e+08 |
|   2.100000e+01 |   6.562500e-05 |   4.349941e+03 |   2.710648e+08 |
|   2.200000e+01 |   6.875000e-05 |   4.357034e+03 |   2.722704e+08 |
|   2.300000e+01 |   7.187500e-05 |   4.363892e+03 |   2.728554e+08 |
|   2.400000e+01 |   7.500000e-05 |   4.370616e+03 |   2.731990e+08 |
|   2.500000e+01 |   7.812500e-05 |   4.377189e+03 |   2.733679e+08 |
|   2.600000e+01 |   8.125000e-05 |   4.383544e+03 |   2.732778e+08 |
|   2.700000e+01 |   8.437500e-05 |   4.389768e+03 |   2.728290e+08 |
|   2.800000e+01 |   8.750000e-05 |   4.395862e+03 |   2.741963e+08 |
|   2.900000e+01 |   9.062500e-05 |   4.401857e+03 |   2.755336e+08 |
|   3.000000e+01 |   9.375000e-05 |   4.407779e+03 |   2.768498e+08 |
|   3.100000e+01 |   9.687500e-05 |   4.413634e+03 |   2.781538e+08 |
|   3.200000e+01 |   1.000000e-04 |   4.419402e+03 |   2.795094e+08 |
+----------------+----------------+----------------+----------------+

Finished Executing                                                                       [[33m588.56 s[39m] [[33m  488 MB[39m]
