Framework Information:
MOOSE Version:           git commit b85414d92b on 2025-11-25
LibMesh Version:         910736a3a20aded528c3ba99371ce65980dc8e2c
PETSc Version:           3.24.0
SLEPc Version:           3.24.0
Current Time:            Tue Jun 16 09:29:19 2026
Executable Timestamp:    Wed Nov 26 18:13:58 2025

Input File(s):
  /home/lloydf/vfmverif/data/platenotch2d_elas_het.i

Command Line Argument(s):
  --n-threads=2

Checkpoint:
  Wall Time Interval:      Every 3600 s
  User Checkpoint:         Disabled
  # Checkpoints Kept:      2
  Execute On:              TIMESTEP_END 

Parallelism:
  Num Processors:          2
  Num Threads:             2

Mesh: 
  Parallel Type:           replicated
  Mesh Dimension:          2
  Spatial Dimension:       2
  Nodes:                   
    Total:                 6045
    Local:                 3043
    Min/Max/Avg:           3002/3043/3022
  Elems:                   
    Total:                 2928
    Local:                 1464
    Min/Max/Avg:           1464/1464/1464
  Num Subdomains:          1
  Num Partitions:          2
  Partitioner:             metis

Nonlinear System:
  Num DOFs:                27680
  Num Local DOFs:          13986
  Variables:               { "vonmises_stress" "strain_xx" "strain_yy" "strain_zz" "strain_xy" "stress_xx" 
                             "stress_yy" "stress_zz" "stress_xy" "scalar_strain_zz" } { "disp_x" "disp_y" 
                             } 
  Finite Element Types:    "LAGRANGE" "LAGRANGE" 
  Approximation Orders:    "FIRST" "SECOND" 

Auxiliary System:
  Num DOFs:                2928
  Num Local DOFs:          1464
  Variables:               "youngs_modulus_out" 
  Finite Element Types:    "MONOMIAL" 
  Approximation Orders:    "CONSTANT" 

Execution Information:
  Executioner:             Transient
  TimeStepper:             IterationAdaptiveDT
  TimeIntegrator(s):       ImplicitEuler
  Solver Mode:             NEWTON 
  PETSc Preconditioner:    lu 
  MOOSE Preconditioner:    SMP 

Time Step 0, time = 0

Postprocessor Values:
+----------------+----------------+----------------+
| time           | disp_y_max     | react_y_top    |
+----------------+----------------+----------------+
|   0.000000e+00 |   0.000000e+00 |   0.000000e+00 |
+----------------+----------------+----------------+


Time Step 1, time = 1, dt = 1
 Skipping predictor this step
 0 Nonlinear |R| = [32m9.999269e+06[39m
      0 Linear |R| = [32m9.999269e+06[39m
      1 Linear |R| = [32m3.680977e-08[39m
 1 Nonlinear |R| = [32m4.623883e+03[39m
      0 Linear |R| = [32m4.623883e+03[39m
      1 Linear |R| = [32m9.248855e-13[39m
 2 Nonlinear |R| = [32m9.721802e-09[39m
  Nonlinear solve converged due to CONVERGED_FNORM_ABS iterations 2
[32m Solve Converged![39m

Outlier Variable Residual Norms:
  disp_x: [33m4.872061e-09[39m
  disp_y: [33m8.412777e-09[39m

Postprocessor Values:
+----------------+----------------+----------------+
| time           | disp_y_max     | react_y_top    |
+----------------+----------------+----------------+
|   0.000000e+00 |   0.000000e+00 |   0.000000e+00 |
|   1.000000e+00 |   3.125000e-06 |   3.154756e+05 |
+----------------+----------------+----------------+


Time Step 2, time = 2, dt = 1
  Applying predictor with scale factor = 1
 0 Nonlinear |R| = [32m1.944360e-08[39m
  Nonlinear solve converged due to CONVERGED_FNORM_ABS iterations 0
[32m Solve Converged![39m

Outlier Variable Residual Norms:
  disp_x: [33m9.744122e-09[39m
  disp_y: [33m1.682555e-08[39m

Postprocessor Values:
+----------------+----------------+----------------+
| time           | disp_y_max     | react_y_top    |
+----------------+----------------+----------------+
|   0.000000e+00 |   0.000000e+00 |   0.000000e+00 |
|   1.000000e+00 |   3.125000e-06 |   3.154756e+05 |
|   2.000000e+00 |   6.250000e-06 |   6.309296e+05 |
+----------------+----------------+----------------+


Time Step 3, time = 3, dt = 1
  Applying predictor with scale factor = 1
 0 Nonlinear |R| = [32m3.893877e-08[39m
  Nonlinear solve converged due to CONVERGED_FNORM_ABS iterations 0
[32m Solve Converged![39m

Outlier Variable Residual Norms:
  disp_x: [33m1.839567e-08[39m
  disp_y: [33m3.431927e-08[39m

Postprocessor Values:
+----------------+----------------+----------------+
| time           | disp_y_max     | react_y_top    |
+----------------+----------------+----------------+
|   0.000000e+00 |   0.000000e+00 |   0.000000e+00 |
|   1.000000e+00 |   3.125000e-06 |   3.154756e+05 |
|   2.000000e+00 |   6.250000e-06 |   6.309296e+05 |
|   3.000000e+00 |   9.375000e-06 |   9.463619e+05 |
+----------------+----------------+----------------+


Time Step 4, time = 4, dt = 1
  Applying predictor with scale factor = 1
 0 Nonlinear |R| = [32m8.848871e-08[39m
  Nonlinear solve converged due to CONVERGED_FNORM_ABS iterations 0
[32m Solve Converged![39m

Outlier Variable Residual Norms:
  disp_x: [33m4.091724e-08[39m
  disp_y: [33m7.846021e-08[39m

Postprocessor Values:
+----------------+----------------+----------------+
| time           | disp_y_max     | react_y_top    |
+----------------+----------------+----------------+
|   0.000000e+00 |   0.000000e+00 |   0.000000e+00 |
|   1.000000e+00 |   3.125000e-06 |   3.154756e+05 |
|   2.000000e+00 |   6.250000e-06 |   6.309296e+05 |
|   3.000000e+00 |   9.375000e-06 |   9.463619e+05 |
|   4.000000e+00 |   1.250000e-05 |   1.261772e+06 |
+----------------+----------------+----------------+


Time Step 5, time = 5, dt = 1
  Applying predictor with scale factor = 1
 0 Nonlinear |R| = [32m1.449110e-07[39m
  Nonlinear solve converged due to CONVERGED_FNORM_ABS iterations 0
[32m Solve Converged![39m

Outlier Variable Residual Norms:
  disp_x: [33m6.732108e-08[39m
  disp_y: [33m1.283239e-07[39m

Postprocessor Values:
+----------------+----------------+----------------+
| time           | disp_y_max     | react_y_top    |
+----------------+----------------+----------------+
|   0.000000e+00 |   0.000000e+00 |   0.000000e+00 |
|   1.000000e+00 |   3.125000e-06 |   3.154756e+05 |
|   2.000000e+00 |   6.250000e-06 |   6.309296e+05 |
|   3.000000e+00 |   9.375000e-06 |   9.463619e+05 |
|   4.000000e+00 |   1.250000e-05 |   1.261772e+06 |
|   5.000000e+00 |   1.562500e-05 |   1.577161e+06 |
+----------------+----------------+----------------+


Time Step 6, time = 6, dt = 1
  Applying predictor with scale factor = 1
 0 Nonlinear |R| = [32m1.943447e-07[39m
  Nonlinear solve converged due to CONVERGED_FNORM_ABS iterations 0
[32m Solve Converged![39m

Outlier Variable Residual Norms:
  disp_x: [33m9.248976e-08[39m
  disp_y: [33m1.709253e-07[39m

Postprocessor Values:
+----------------+----------------+----------------+
| time           | disp_y_max     | react_y_top    |
+----------------+----------------+----------------+
|   0.000000e+00 |   0.000000e+00 |   0.000000e+00 |
|   1.000000e+00 |   3.125000e-06 |   3.154756e+05 |
|   2.000000e+00 |   6.250000e-06 |   6.309296e+05 |
|   3.000000e+00 |   9.375000e-06 |   9.463619e+05 |
|   4.000000e+00 |   1.250000e-05 |   1.261772e+06 |
|   5.000000e+00 |   1.562500e-05 |   1.577161e+06 |
|   6.000000e+00 |   1.875000e-05 |   1.892529e+06 |
+----------------+----------------+----------------+


Time Step 7, time = 7, dt = 1
  Applying predictor with scale factor = 1
 0 Nonlinear |R| = [32m2.561742e-07[39m
  Nonlinear solve converged due to CONVERGED_FNORM_ABS iterations 0
[32m Solve Converged![39m

Outlier Variable Residual Norms:
  disp_x: [33m1.211060e-07[39m
  disp_y: [33m2.257399e-07[39m

Postprocessor Values:
+----------------+----------------+----------------+
| time           | disp_y_max     | react_y_top    |
+----------------+----------------+----------------+
|   0.000000e+00 |   0.000000e+00 |   0.000000e+00 |
|   1.000000e+00 |   3.125000e-06 |   3.154756e+05 |
|   2.000000e+00 |   6.250000e-06 |   6.309296e+05 |
|   3.000000e+00 |   9.375000e-06 |   9.463619e+05 |
|   4.000000e+00 |   1.250000e-05 |   1.261772e+06 |
|   5.000000e+00 |   1.562500e-05 |   1.577161e+06 |
|   6.000000e+00 |   1.875000e-05 |   1.892529e+06 |
|   7.000000e+00 |   2.187500e-05 |   2.207874e+06 |
+----------------+----------------+----------------+


Time Step 8, time = 8, dt = 1
  Applying predictor with scale factor = 1
 0 Nonlinear |R| = [32m3.252935e-07[39m
  Nonlinear solve converged due to CONVERGED_FNORM_ABS iterations 0
[32m Solve Converged![39m

Outlier Variable Residual Norms:
  disp_x: [33m1.533546e-07[39m
  disp_y: [33m2.868765e-07[39m

Postprocessor Values:
+----------------+----------------+----------------+
| time           | disp_y_max     | react_y_top    |
+----------------+----------------+----------------+
|   0.000000e+00 |   0.000000e+00 |   0.000000e+00 |
|   1.000000e+00 |   3.125000e-06 |   3.154756e+05 |
|   2.000000e+00 |   6.250000e-06 |   6.309296e+05 |
|   3.000000e+00 |   9.375000e-06 |   9.463619e+05 |
|   4.000000e+00 |   1.250000e-05 |   1.261772e+06 |
|   5.000000e+00 |   1.562500e-05 |   1.577161e+06 |
|   6.000000e+00 |   1.875000e-05 |   1.892529e+06 |
|   7.000000e+00 |   2.187500e-05 |   2.207874e+06 |
|   8.000000e+00 |   2.500000e-05 |   2.523198e+06 |
+----------------+----------------+----------------+


Time Step 9, time = 9, dt = 1
  Applying predictor with scale factor = 1
 0 Nonlinear |R| = [32m4.006921e-07[39m
  Nonlinear solve converged due to CONVERGED_FNORM_ABS iterations 0
[32m Solve Converged![39m

Outlier Variable Residual Norms:
  disp_x: [33m1.888303e-07[39m
  disp_y: [33m3.534078e-07[39m

Postprocessor Values:
+----------------+----------------+----------------+
| time           | disp_y_max     | react_y_top    |
+----------------+----------------+----------------+
|   0.000000e+00 |   0.000000e+00 |   0.000000e+00 |
|   1.000000e+00 |   3.125000e-06 |   3.154756e+05 |
|   2.000000e+00 |   6.250000e-06 |   6.309296e+05 |
|   3.000000e+00 |   9.375000e-06 |   9.463619e+05 |
|   4.000000e+00 |   1.250000e-05 |   1.261772e+06 |
|   5.000000e+00 |   1.562500e-05 |   1.577161e+06 |
|   6.000000e+00 |   1.875000e-05 |   1.892529e+06 |
|   7.000000e+00 |   2.187500e-05 |   2.207874e+06 |
|   8.000000e+00 |   2.500000e-05 |   2.523198e+06 |
|   9.000000e+00 |   2.812500e-05 |   2.838500e+06 |
+----------------+----------------+----------------+


Time Step 10, time = 10, dt = 1
  Applying predictor with scale factor = 1
 0 Nonlinear |R| = [32m4.904719e-07[39m
  Nonlinear solve converged due to CONVERGED_FNORM_ABS iterations 0
[32m Solve Converged![39m

Outlier Variable Residual Norms:
  disp_x: [33m2.297470e-07[39m
  disp_y: [33m4.333346e-07[39m

Postprocessor Values:
+----------------+----------------+----------------+
| time           | disp_y_max     | react_y_top    |
+----------------+----------------+----------------+
|   0.000000e+00 |   0.000000e+00 |   0.000000e+00 |
|   1.000000e+00 |   3.125000e-06 |   3.154756e+05 |
|   2.000000e+00 |   6.250000e-06 |   6.309296e+05 |
|   3.000000e+00 |   9.375000e-06 |   9.463619e+05 |
|   4.000000e+00 |   1.250000e-05 |   1.261772e+06 |
|   5.000000e+00 |   1.562500e-05 |   1.577161e+06 |
|   6.000000e+00 |   1.875000e-05 |   1.892529e+06 |
|   7.000000e+00 |   2.187500e-05 |   2.207874e+06 |
|   8.000000e+00 |   2.500000e-05 |   2.523198e+06 |
|   9.000000e+00 |   2.812500e-05 |   2.838500e+06 |
|   1.000000e+01 |   3.125000e-05 |   3.153781e+06 |
+----------------+----------------+----------------+


Time Step 11, time = 11, dt = 1
  Applying predictor with scale factor = 1
 0 Nonlinear |R| = [32m5.853622e-07[39m
  Nonlinear solve converged due to CONVERGED_FNORM_ABS iterations 0
[32m Solve Converged![39m

Outlier Variable Residual Norms:
  disp_x: [33m2.734217e-07[39m
  disp_y: [33m5.175802e-07[39m

Postprocessor Values:
+----------------+----------------+----------------+
| time           | disp_y_max     | react_y_top    |
+----------------+----------------+----------------+
|   0.000000e+00 |   0.000000e+00 |   0.000000e+00 |
|   1.000000e+00 |   3.125000e-06 |   3.154756e+05 |
|   2.000000e+00 |   6.250000e-06 |   6.309296e+05 |
|   3.000000e+00 |   9.375000e-06 |   9.463619e+05 |
|   4.000000e+00 |   1.250000e-05 |   1.261772e+06 |
|   5.000000e+00 |   1.562500e-05 |   1.577161e+06 |
|   6.000000e+00 |   1.875000e-05 |   1.892529e+06 |
|   7.000000e+00 |   2.187500e-05 |   2.207874e+06 |
|   8.000000e+00 |   2.500000e-05 |   2.523198e+06 |
|   9.000000e+00 |   2.812500e-05 |   2.838500e+06 |
|   1.000000e+01 |   3.125000e-05 |   3.153781e+06 |
|   1.100000e+01 |   3.437500e-05 |   3.469040e+06 |
+----------------+----------------+----------------+


Time Step 12, time = 12, dt = 1
  Applying predictor with scale factor = 1
 0 Nonlinear |R| = [32m6.940595e-07[39m
  Nonlinear solve converged due to CONVERGED_FNORM_ABS iterations 0
[32m Solve Converged![39m

Outlier Variable Residual Norms:
  disp_x: [33m3.231683e-07[39m
  disp_y: [33m6.142317e-07[39m

Postprocessor Values:
+----------------+----------------+----------------+
| time           | disp_y_max     | react_y_top    |
+----------------+----------------+----------------+
|   0.000000e+00 |   0.000000e+00 |   0.000000e+00 |
|   1.000000e+00 |   3.125000e-06 |   3.154756e+05 |
|   2.000000e+00 |   6.250000e-06 |   6.309296e+05 |
|   3.000000e+00 |   9.375000e-06 |   9.463619e+05 |
|   4.000000e+00 |   1.250000e-05 |   1.261772e+06 |
|   5.000000e+00 |   1.562500e-05 |   1.577161e+06 |
|   6.000000e+00 |   1.875000e-05 |   1.892529e+06 |
|   7.000000e+00 |   2.187500e-05 |   2.207874e+06 |
|   8.000000e+00 |   2.500000e-05 |   2.523198e+06 |
|   9.000000e+00 |   2.812500e-05 |   2.838500e+06 |
|   1.000000e+01 |   3.125000e-05 |   3.153781e+06 |
|   1.100000e+01 |   3.437500e-05 |   3.469040e+06 |
|   1.200000e+01 |   3.750000e-05 |   3.784277e+06 |
+----------------+----------------+----------------+


Time Step 13, time = 13, dt = 1
  Applying predictor with scale factor = 1
 0 Nonlinear |R| = [32m8.140039e-07[39m
  Nonlinear solve converged due to CONVERGED_FNORM_ABS iterations 0
[32m Solve Converged![39m

Outlier Variable Residual Norms:
  disp_x: [33m3.769592e-07[39m
  disp_y: [33m7.214595e-07[39m

Postprocessor Values:
+----------------+----------------+----------------+
| time           | disp_y_max     | react_y_top    |
+----------------+----------------+----------------+
|   0.000000e+00 |   0.000000e+00 |   0.000000e+00 |
|   1.000000e+00 |   3.125000e-06 |   3.154756e+05 |
|   2.000000e+00 |   6.250000e-06 |   6.309296e+05 |
|   3.000000e+00 |   9.375000e-06 |   9.463619e+05 |
|   4.000000e+00 |   1.250000e-05 |   1.261772e+06 |
|   5.000000e+00 |   1.562500e-05 |   1.577161e+06 |
|   6.000000e+00 |   1.875000e-05 |   1.892529e+06 |
|   7.000000e+00 |   2.187500e-05 |   2.207874e+06 |
|   8.000000e+00 |   2.500000e-05 |   2.523198e+06 |
|   9.000000e+00 |   2.812500e-05 |   2.838500e+06 |
|   1.000000e+01 |   3.125000e-05 |   3.153781e+06 |
|   1.100000e+01 |   3.437500e-05 |   3.469040e+06 |
|   1.200000e+01 |   3.750000e-05 |   3.784277e+06 |
|   1.300000e+01 |   4.062500e-05 |   4.099493e+06 |
+----------------+----------------+----------------+


Time Step 14, time = 14, dt = 1
  Applying predictor with scale factor = 1
 0 Nonlinear |R| = [32m9.475331e-07[39m
  Nonlinear solve converged due to CONVERGED_FNORM_ABS iterations 0
[32m Solve Converged![39m

Outlier Variable Residual Norms:
  disp_x: [33m4.367064e-07[39m
  disp_y: [33m8.408960e-07[39m

Postprocessor Values:
+----------------+----------------+----------------+
| time           | disp_y_max     | react_y_top    |
+----------------+----------------+----------------+
|   0.000000e+00 |   0.000000e+00 |   0.000000e+00 |
|   1.000000e+00 |   3.125000e-06 |   3.154756e+05 |
|   2.000000e+00 |   6.250000e-06 |   6.309296e+05 |
|   3.000000e+00 |   9.375000e-06 |   9.463619e+05 |
|   4.000000e+00 |   1.250000e-05 |   1.261772e+06 |
|   5.000000e+00 |   1.562500e-05 |   1.577161e+06 |
|   6.000000e+00 |   1.875000e-05 |   1.892529e+06 |
|   7.000000e+00 |   2.187500e-05 |   2.207874e+06 |
|   8.000000e+00 |   2.500000e-05 |   2.523198e+06 |
|   9.000000e+00 |   2.812500e-05 |   2.838500e+06 |
|   1.000000e+01 |   3.125000e-05 |   3.153781e+06 |
|   1.100000e+01 |   3.437500e-05 |   3.469040e+06 |
|   1.200000e+01 |   3.750000e-05 |   3.784277e+06 |
|   1.300000e+01 |   4.062500e-05 |   4.099493e+06 |
|   1.400000e+01 |   4.375000e-05 |   4.414686e+06 |
+----------------+----------------+----------------+


Time Step 15, time = 15, dt = 1
  Applying predictor with scale factor = 1
 0 Nonlinear |R| = [32m1.089002e-06[39m
      0 Linear |R| = [32m1.089002e-06[39m
      1 Linear |R| = [32m1.029853e-21[39m
 1 Nonlinear |R| = [32m1.395504e-07[39m
  Nonlinear solve converged due to CONVERGED_FNORM_ABS iterations 1
[32m Solve Converged![39m

Outlier Variable Residual Norms:
  disp_x: [33m6.939769e-08[39m
  disp_y: [33m1.210714e-07[39m

Postprocessor Values:
+----------------+----------------+----------------+
| time           | disp_y_max     | react_y_top    |
+----------------+----------------+----------------+
:                :                :                :
|   1.000000e+00 |   3.125000e-06 |   3.154756e+05 |
|   2.000000e+00 |   6.250000e-06 |   6.309296e+05 |
|   3.000000e+00 |   9.375000e-06 |   9.463619e+05 |
|   4.000000e+00 |   1.250000e-05 |   1.261772e+06 |
|   5.000000e+00 |   1.562500e-05 |   1.577161e+06 |
|   6.000000e+00 |   1.875000e-05 |   1.892529e+06 |
|   7.000000e+00 |   2.187500e-05 |   2.207874e+06 |
|   8.000000e+00 |   2.500000e-05 |   2.523198e+06 |
|   9.000000e+00 |   2.812500e-05 |   2.838500e+06 |
|   1.000000e+01 |   3.125000e-05 |   3.153781e+06 |
|   1.100000e+01 |   3.437500e-05 |   3.469040e+06 |
|   1.200000e+01 |   3.750000e-05 |   3.784277e+06 |
|   1.300000e+01 |   4.062500e-05 |   4.099493e+06 |
|   1.400000e+01 |   4.375000e-05 |   4.414686e+06 |
|   1.500000e+01 |   4.687500e-05 |   4.729859e+06 |
+----------------+----------------+----------------+


Time Step 16, time = 16, dt = 1
  Applying predictor with scale factor = 1
 0 Nonlinear |R| = [32m9.819488e-07[39m
  Nonlinear solve converged due to CONVERGED_FNORM_ABS iterations 0
[32m Solve Converged![39m

Outlier Variable Residual Norms:
  disp_x: [33m4.510906e-07[39m
  disp_y: [33m8.722043e-07[39m

Postprocessor Values:
+----------------+----------------+----------------+
| time           | disp_y_max     | react_y_top    |
+----------------+----------------+----------------+
:                :                :                :
|   2.000000e+00 |   6.250000e-06 |   6.309296e+05 |
|   3.000000e+00 |   9.375000e-06 |   9.463619e+05 |
|   4.000000e+00 |   1.250000e-05 |   1.261772e+06 |
|   5.000000e+00 |   1.562500e-05 |   1.577161e+06 |
|   6.000000e+00 |   1.875000e-05 |   1.892529e+06 |
|   7.000000e+00 |   2.187500e-05 |   2.207874e+06 |
|   8.000000e+00 |   2.500000e-05 |   2.523198e+06 |
|   9.000000e+00 |   2.812500e-05 |   2.838500e+06 |
|   1.000000e+01 |   3.125000e-05 |   3.153781e+06 |
|   1.100000e+01 |   3.437500e-05 |   3.469040e+06 |
|   1.200000e+01 |   3.750000e-05 |   3.784277e+06 |
|   1.300000e+01 |   4.062500e-05 |   4.099493e+06 |
|   1.400000e+01 |   4.375000e-05 |   4.414686e+06 |
|   1.500000e+01 |   4.687500e-05 |   4.729859e+06 |
|   1.600000e+01 |   5.000000e-05 |   5.045009e+06 |
+----------------+----------------+----------------+


Time Step 17, time = 17, dt = 1
  Applying predictor with scale factor = 1
 0 Nonlinear |R| = [32m1.929949e-06[39m
      0 Linear |R| = [32m1.929949e-06[39m
      1 Linear |R| = [32m1.415998e-21[39m
 1 Nonlinear |R| = [32m1.615821e-07[39m
  Nonlinear solve converged due to CONVERGED_FNORM_ABS iterations 1
[32m Solve Converged![39m

Outlier Variable Residual Norms:
  disp_x: [33m7.874990e-08[39m
  disp_y: [33m1.410929e-07[39m

Postprocessor Values:
+----------------+----------------+----------------+
| time           | disp_y_max     | react_y_top    |
+----------------+----------------+----------------+
:                :                :                :
|   3.000000e+00 |   9.375000e-06 |   9.463619e+05 |
|   4.000000e+00 |   1.250000e-05 |   1.261772e+06 |
|   5.000000e+00 |   1.562500e-05 |   1.577161e+06 |
|   6.000000e+00 |   1.875000e-05 |   1.892529e+06 |
|   7.000000e+00 |   2.187500e-05 |   2.207874e+06 |
|   8.000000e+00 |   2.500000e-05 |   2.523198e+06 |
|   9.000000e+00 |   2.812500e-05 |   2.838500e+06 |
|   1.000000e+01 |   3.125000e-05 |   3.153781e+06 |
|   1.100000e+01 |   3.437500e-05 |   3.469040e+06 |
|   1.200000e+01 |   3.750000e-05 |   3.784277e+06 |
|   1.300000e+01 |   4.062500e-05 |   4.099493e+06 |
|   1.400000e+01 |   4.375000e-05 |   4.414686e+06 |
|   1.500000e+01 |   4.687500e-05 |   4.729859e+06 |
|   1.600000e+01 |   5.000000e-05 |   5.045009e+06 |
|   1.700000e+01 |   5.312500e-05 |   5.360138e+06 |
+----------------+----------------+----------------+


Time Step 18, time = 18, dt = 1
  Applying predictor with scale factor = 1
 0 Nonlinear |R| = [32m1.030432e-06[39m
      0 Linear |R| = [32m1.030432e-06[39m
      1 Linear |R| = [32m3.592381e-22[39m
 1 Nonlinear |R| = [32m1.650782e-07[39m
  Nonlinear solve converged due to CONVERGED_FNORM_ABS iterations 1
[32m Solve Converged![39m

Outlier Variable Residual Norms:
  disp_x: [33m8.138069e-08[39m
  disp_y: [33m1.436245e-07[39m

Postprocessor Values:
+----------------+----------------+----------------+
| time           | disp_y_max     | react_y_top    |
+----------------+----------------+----------------+
:                :                :                :
|   4.000000e+00 |   1.250000e-05 |   1.261772e+06 |
|   5.000000e+00 |   1.562500e-05 |   1.577161e+06 |
|   6.000000e+00 |   1.875000e-05 |   1.892529e+06 |
|   7.000000e+00 |   2.187500e-05 |   2.207874e+06 |
|   8.000000e+00 |   2.500000e-05 |   2.523198e+06 |
|   9.000000e+00 |   2.812500e-05 |   2.838500e+06 |
|   1.000000e+01 |   3.125000e-05 |   3.153781e+06 |
|   1.100000e+01 |   3.437500e-05 |   3.469040e+06 |
|   1.200000e+01 |   3.750000e-05 |   3.784277e+06 |
|   1.300000e+01 |   4.062500e-05 |   4.099493e+06 |
|   1.400000e+01 |   4.375000e-05 |   4.414686e+06 |
|   1.500000e+01 |   4.687500e-05 |   4.729859e+06 |
|   1.600000e+01 |   5.000000e-05 |   5.045009e+06 |
|   1.700000e+01 |   5.312500e-05 |   5.360138e+06 |
|   1.800000e+01 |   5.625000e-05 |   5.675245e+06 |
+----------------+----------------+----------------+


Time Step 19, time = 19, dt = 1
  Applying predictor with scale factor = 1
 0 Nonlinear |R| = [32m3.484011e-07[39m
  Nonlinear solve converged due to CONVERGED_FNORM_ABS iterations 0
[32m Solve Converged![39m

Outlier Variable Residual Norms:
  disp_x: [33m1.704075e-07[39m
  disp_y: [33m3.038823e-07[39m

Postprocessor Values:
+----------------+----------------+----------------+
| time           | disp_y_max     | react_y_top    |
+----------------+----------------+----------------+
:                :                :                :
|   5.000000e+00 |   1.562500e-05 |   1.577161e+06 |
|   6.000000e+00 |   1.875000e-05 |   1.892529e+06 |
|   7.000000e+00 |   2.187500e-05 |   2.207874e+06 |
|   8.000000e+00 |   2.500000e-05 |   2.523198e+06 |
|   9.000000e+00 |   2.812500e-05 |   2.838500e+06 |
|   1.000000e+01 |   3.125000e-05 |   3.153781e+06 |
|   1.100000e+01 |   3.437500e-05 |   3.469040e+06 |
|   1.200000e+01 |   3.750000e-05 |   3.784277e+06 |
|   1.300000e+01 |   4.062500e-05 |   4.099493e+06 |
|   1.400000e+01 |   4.375000e-05 |   4.414686e+06 |
|   1.500000e+01 |   4.687500e-05 |   4.729859e+06 |
|   1.600000e+01 |   5.000000e-05 |   5.045009e+06 |
|   1.700000e+01 |   5.312500e-05 |   5.360138e+06 |
|   1.800000e+01 |   5.625000e-05 |   5.675245e+06 |
|   1.900000e+01 |   5.937500e-05 |   5.990331e+06 |
+----------------+----------------+----------------+


Time Step 20, time = 20, dt = 1
  Applying predictor with scale factor = 1
 0 Nonlinear |R| = [32m5.590978e-07[39m
  Nonlinear solve converged due to CONVERGED_FNORM_ABS iterations 0
[32m Solve Converged![39m

Outlier Variable Residual Norms:
  disp_x: [33m2.741067e-07[39m
  disp_y: [33m4.872940e-07[39m

Postprocessor Values:
+----------------+----------------+----------------+
| time           | disp_y_max     | react_y_top    |
+----------------+----------------+----------------+
:                :                :                :
|   6.000000e+00 |   1.875000e-05 |   1.892529e+06 |
|   7.000000e+00 |   2.187500e-05 |   2.207874e+06 |
|   8.000000e+00 |   2.500000e-05 |   2.523198e+06 |
|   9.000000e+00 |   2.812500e-05 |   2.838500e+06 |
|   1.000000e+01 |   3.125000e-05 |   3.153781e+06 |
|   1.100000e+01 |   3.437500e-05 |   3.469040e+06 |
|   1.200000e+01 |   3.750000e-05 |   3.784277e+06 |
|   1.300000e+01 |   4.062500e-05 |   4.099493e+06 |
|   1.400000e+01 |   4.375000e-05 |   4.414686e+06 |
|   1.500000e+01 |   4.687500e-05 |   4.729859e+06 |
|   1.600000e+01 |   5.000000e-05 |   5.045009e+06 |
|   1.700000e+01 |   5.312500e-05 |   5.360138e+06 |
|   1.800000e+01 |   5.625000e-05 |   5.675245e+06 |
|   1.900000e+01 |   5.937500e-05 |   5.990331e+06 |
|   2.000000e+01 |   6.250000e-05 |   6.305394e+06 |
+----------------+----------------+----------------+


Time Step 21, time = 21, dt = 1
  Applying predictor with scale factor = 1
 0 Nonlinear |R| = [32m7.821767e-07[39m
  Nonlinear solve converged due to CONVERGED_FNORM_ABS iterations 0
[32m Solve Converged![39m

Outlier Variable Residual Norms:
  disp_x: [33m3.804109e-07[39m
  disp_y: [33m6.834376e-07[39m

Postprocessor Values:
+----------------+----------------+----------------+
| time           | disp_y_max     | react_y_top    |
+----------------+----------------+----------------+
:                :                :                :
|   7.000000e+00 |   2.187500e-05 |   2.207874e+06 |
|   8.000000e+00 |   2.500000e-05 |   2.523198e+06 |
|   9.000000e+00 |   2.812500e-05 |   2.838500e+06 |
|   1.000000e+01 |   3.125000e-05 |   3.153781e+06 |
|   1.100000e+01 |   3.437500e-05 |   3.469040e+06 |
|   1.200000e+01 |   3.750000e-05 |   3.784277e+06 |
|   1.300000e+01 |   4.062500e-05 |   4.099493e+06 |
|   1.400000e+01 |   4.375000e-05 |   4.414686e+06 |
|   1.500000e+01 |   4.687500e-05 |   4.729859e+06 |
|   1.600000e+01 |   5.000000e-05 |   5.045009e+06 |
|   1.700000e+01 |   5.312500e-05 |   5.360138e+06 |
|   1.800000e+01 |   5.625000e-05 |   5.675245e+06 |
|   1.900000e+01 |   5.937500e-05 |   5.990331e+06 |
|   2.000000e+01 |   6.250000e-05 |   6.305394e+06 |
|   2.100000e+01 |   6.562500e-05 |   6.620436e+06 |
+----------------+----------------+----------------+


Time Step 22, time = 22, dt = 1
  Applying predictor with scale factor = 1
 0 Nonlinear |R| = [32m1.033634e-06[39m
      0 Linear |R| = [32m1.033634e-06[39m
      1 Linear |R| = [32m1.655819e-21[39m
 1 Nonlinear |R| = [32m2.109507e-07[39m
  Nonlinear solve converged due to CONVERGED_FNORM_ABS iterations 1
[32m Solve Converged![39m

Outlier Variable Residual Norms:
  disp_x: [33m1.025123e-07[39m
  disp_y: [33m1.843676e-07[39m

Postprocessor Values:
+----------------+----------------+----------------+
| time           | disp_y_max     | react_y_top    |
+----------------+----------------+----------------+
:                :                :                :
|   8.000000e+00 |   2.500000e-05 |   2.523198e+06 |
|   9.000000e+00 |   2.812500e-05 |   2.838500e+06 |
|   1.000000e+01 |   3.125000e-05 |   3.153781e+06 |
|   1.100000e+01 |   3.437500e-05 |   3.469040e+06 |
|   1.200000e+01 |   3.750000e-05 |   3.784277e+06 |
|   1.300000e+01 |   4.062500e-05 |   4.099493e+06 |
|   1.400000e+01 |   4.375000e-05 |   4.414686e+06 |
|   1.500000e+01 |   4.687500e-05 |   4.729859e+06 |
|   1.600000e+01 |   5.000000e-05 |   5.045009e+06 |
|   1.700000e+01 |   5.312500e-05 |   5.360138e+06 |
|   1.800000e+01 |   5.625000e-05 |   5.675245e+06 |
|   1.900000e+01 |   5.937500e-05 |   5.990331e+06 |
|   2.000000e+01 |   6.250000e-05 |   6.305394e+06 |
|   2.100000e+01 |   6.562500e-05 |   6.620436e+06 |
|   2.200000e+01 |   6.875000e-05 |   6.935457e+06 |
+----------------+----------------+----------------+


Time Step 23, time = 23, dt = 1
  Applying predictor with scale factor = 1
 0 Nonlinear |R| = [32m8.890132e-07[39m
  Nonlinear solve converged due to CONVERGED_FNORM_ABS iterations 0
[32m Solve Converged![39m

Outlier Variable Residual Norms:
  disp_x: [33m4.275064e-07[39m
  disp_y: [33m7.794754e-07[39m

Postprocessor Values:
+----------------+----------------+----------------+
| time           | disp_y_max     | react_y_top    |
+----------------+----------------+----------------+
:                :                :                :
|   9.000000e+00 |   2.812500e-05 |   2.838500e+06 |
|   1.000000e+01 |   3.125000e-05 |   3.153781e+06 |
|   1.100000e+01 |   3.437500e-05 |   3.469040e+06 |
|   1.200000e+01 |   3.750000e-05 |   3.784277e+06 |
|   1.300000e+01 |   4.062500e-05 |   4.099493e+06 |
|   1.400000e+01 |   4.375000e-05 |   4.414686e+06 |
|   1.500000e+01 |   4.687500e-05 |   4.729859e+06 |
|   1.600000e+01 |   5.000000e-05 |   5.045009e+06 |
|   1.700000e+01 |   5.312500e-05 |   5.360138e+06 |
|   1.800000e+01 |   5.625000e-05 |   5.675245e+06 |
|   1.900000e+01 |   5.937500e-05 |   5.990331e+06 |
|   2.000000e+01 |   6.250000e-05 |   6.305394e+06 |
|   2.100000e+01 |   6.562500e-05 |   6.620436e+06 |
|   2.200000e+01 |   6.875000e-05 |   6.935457e+06 |
|   2.300000e+01 |   7.187500e-05 |   7.250456e+06 |
+----------------+----------------+----------------+


Time Step 24, time = 24, dt = 1
  Applying predictor with scale factor = 1
 0 Nonlinear |R| = [32m1.685288e-06[39m
      0 Linear |R| = [32m1.685288e-06[39m
      1 Linear |R| = [32m1.281958e-21[39m
 1 Nonlinear |R| = [32m2.370287e-07[39m
  Nonlinear solve converged due to CONVERGED_FNORM_ABS iterations 1
[32m Solve Converged![39m

Outlier Variable Residual Norms:
  disp_x: [33m1.135648e-07[39m
  disp_y: [33m2.080519e-07[39m

Postprocessor Values:
+----------------+----------------+----------------+
| time           | disp_y_max     | react_y_top    |
+----------------+----------------+----------------+
:                :                :                :
|   1.000000e+01 |   3.125000e-05 |   3.153781e+06 |
|   1.100000e+01 |   3.437500e-05 |   3.469040e+06 |
|   1.200000e+01 |   3.750000e-05 |   3.784277e+06 |
|   1.300000e+01 |   4.062500e-05 |   4.099493e+06 |
|   1.400000e+01 |   4.375000e-05 |   4.414686e+06 |
|   1.500000e+01 |   4.687500e-05 |   4.729859e+06 |
|   1.600000e+01 |   5.000000e-05 |   5.045009e+06 |
|   1.700000e+01 |   5.312500e-05 |   5.360138e+06 |
|   1.800000e+01 |   5.625000e-05 |   5.675245e+06 |
|   1.900000e+01 |   5.937500e-05 |   5.990331e+06 |
|   2.000000e+01 |   6.250000e-05 |   6.305394e+06 |
|   2.100000e+01 |   6.562500e-05 |   6.620436e+06 |
|   2.200000e+01 |   6.875000e-05 |   6.935457e+06 |
|   2.300000e+01 |   7.187500e-05 |   7.250456e+06 |
|   2.400000e+01 |   7.500000e-05 |   7.565433e+06 |
+----------------+----------------+----------------+


Time Step 25, time = 25, dt = 1
  Applying predictor with scale factor = 1
 0 Nonlinear |R| = [32m9.954509e-07[39m
  Nonlinear solve converged due to CONVERGED_FNORM_ABS iterations 0
[32m Solve Converged![39m

Outlier Variable Residual Norms:
  disp_x: [33m4.819470e-07[39m
  disp_y: [33m8.710041e-07[39m

Postprocessor Values:
+----------------+----------------+----------------+
| time           | disp_y_max     | react_y_top    |
+----------------+----------------+----------------+
:                :                :                :
|   1.100000e+01 |   3.437500e-05 |   3.469040e+06 |
|   1.200000e+01 |   3.750000e-05 |   3.784277e+06 |
|   1.300000e+01 |   4.062500e-05 |   4.099493e+06 |
|   1.400000e+01 |   4.375000e-05 |   4.414686e+06 |
|   1.500000e+01 |   4.687500e-05 |   4.729859e+06 |
|   1.600000e+01 |   5.000000e-05 |   5.045009e+06 |
|   1.700000e+01 |   5.312500e-05 |   5.360138e+06 |
|   1.800000e+01 |   5.625000e-05 |   5.675245e+06 |
|   1.900000e+01 |   5.937500e-05 |   5.990331e+06 |
|   2.000000e+01 |   6.250000e-05 |   6.305394e+06 |
|   2.100000e+01 |   6.562500e-05 |   6.620436e+06 |
|   2.200000e+01 |   6.875000e-05 |   6.935457e+06 |
|   2.300000e+01 |   7.187500e-05 |   7.250456e+06 |
|   2.400000e+01 |   7.500000e-05 |   7.565433e+06 |
|   2.500000e+01 |   7.812500e-05 |   7.880388e+06 |
+----------------+----------------+----------------+


Time Step 26, time = 26, dt = 1
  Applying predictor with scale factor = 1
 0 Nonlinear |R| = [32m1.899870e-06[39m
      0 Linear |R| = [32m1.899870e-06[39m
      1 Linear |R| = [32m5.542143e-21[39m
 1 Nonlinear |R| = [32m2.581250e-07[39m
  Nonlinear solve converged due to CONVERGED_FNORM_ABS iterations 1
[32m Solve Converged![39m

Outlier Variable Residual Norms:
  disp_x: [33m1.215955e-07[39m
  disp_y: [33m2.276905e-07[39m

Postprocessor Values:
+----------------+----------------+----------------+
| time           | disp_y_max     | react_y_top    |
+----------------+----------------+----------------+
:                :                :                :
|   1.200000e+01 |   3.750000e-05 |   3.784277e+06 |
|   1.300000e+01 |   4.062500e-05 |   4.099493e+06 |
|   1.400000e+01 |   4.375000e-05 |   4.414686e+06 |
|   1.500000e+01 |   4.687500e-05 |   4.729859e+06 |
|   1.600000e+01 |   5.000000e-05 |   5.045009e+06 |
|   1.700000e+01 |   5.312500e-05 |   5.360138e+06 |
|   1.800000e+01 |   5.625000e-05 |   5.675245e+06 |
|   1.900000e+01 |   5.937500e-05 |   5.990331e+06 |
|   2.000000e+01 |   6.250000e-05 |   6.305394e+06 |
|   2.100000e+01 |   6.562500e-05 |   6.620436e+06 |
|   2.200000e+01 |   6.875000e-05 |   6.935457e+06 |
|   2.300000e+01 |   7.187500e-05 |   7.250456e+06 |
|   2.400000e+01 |   7.500000e-05 |   7.565433e+06 |
|   2.500000e+01 |   7.812500e-05 |   7.880388e+06 |
|   2.600000e+01 |   8.125000e-05 |   8.195322e+06 |
+----------------+----------------+----------------+


Time Step 27, time = 27, dt = 1
  Applying predictor with scale factor = 1
 0 Nonlinear |R| = [32m1.115855e-06[39m
      0 Linear |R| = [32m1.115855e-06[39m
      1 Linear |R| = [32m1.299553e-21[39m
 1 Nonlinear |R| = [32m2.615887e-07[39m
  Nonlinear solve converged due to CONVERGED_FNORM_ABS iterations 1
[32m Solve Converged![39m

Outlier Variable Residual Norms:
  disp_x: [33m1.240940e-07[39m
  disp_y: [33m2.302809e-07[39m

Postprocessor Values:
+----------------+----------------+----------------+
| time           | disp_y_max     | react_y_top    |
+----------------+----------------+----------------+
:                :                :                :
|   1.300000e+01 |   4.062500e-05 |   4.099493e+06 |
|   1.400000e+01 |   4.375000e-05 |   4.414686e+06 |
|   1.500000e+01 |   4.687500e-05 |   4.729859e+06 |
|   1.600000e+01 |   5.000000e-05 |   5.045009e+06 |
|   1.700000e+01 |   5.312500e-05 |   5.360138e+06 |
|   1.800000e+01 |   5.625000e-05 |   5.675245e+06 |
|   1.900000e+01 |   5.937500e-05 |   5.990331e+06 |
|   2.000000e+01 |   6.250000e-05 |   6.305394e+06 |
|   2.100000e+01 |   6.562500e-05 |   6.620436e+06 |
|   2.200000e+01 |   6.875000e-05 |   6.935457e+06 |
|   2.300000e+01 |   7.187500e-05 |   7.250456e+06 |
|   2.400000e+01 |   7.500000e-05 |   7.565433e+06 |
|   2.500000e+01 |   7.812500e-05 |   7.880388e+06 |
|   2.600000e+01 |   8.125000e-05 |   8.195322e+06 |
|   2.700000e+01 |   8.437500e-05 |   8.510234e+06 |
+----------------+----------------+----------------+


Time Step 28, time = 28, dt = 1
  Applying predictor with scale factor = 1
 0 Nonlinear |R| = [32m5.667294e-07[39m
  Nonlinear solve converged due to CONVERGED_FNORM_ABS iterations 0
[32m Solve Converged![39m

Outlier Variable Residual Norms:
  disp_x: [33m2.653491e-07[39m
  disp_y: [33m5.007712e-07[39m

Postprocessor Values:
+----------------+----------------+----------------+
| time           | disp_y_max     | react_y_top    |
+----------------+----------------+----------------+
:                :                :                :
|   1.400000e+01 |   4.375000e-05 |   4.414686e+06 |
|   1.500000e+01 |   4.687500e-05 |   4.729859e+06 |
|   1.600000e+01 |   5.000000e-05 |   5.045009e+06 |
|   1.700000e+01 |   5.312500e-05 |   5.360138e+06 |
|   1.800000e+01 |   5.625000e-05 |   5.675245e+06 |
|   1.900000e+01 |   5.937500e-05 |   5.990331e+06 |
|   2.000000e+01 |   6.250000e-05 |   6.305394e+06 |
|   2.100000e+01 |   6.562500e-05 |   6.620436e+06 |
|   2.200000e+01 |   6.875000e-05 |   6.935457e+06 |
|   2.300000e+01 |   7.187500e-05 |   7.250456e+06 |
|   2.400000e+01 |   7.500000e-05 |   7.565433e+06 |
|   2.500000e+01 |   7.812500e-05 |   7.880388e+06 |
|   2.600000e+01 |   8.125000e-05 |   8.195322e+06 |
|   2.700000e+01 |   8.437500e-05 |   8.510234e+06 |
|   2.800000e+01 |   8.750000e-05 |   8.825124e+06 |
+----------------+----------------+----------------+


Time Step 29, time = 29, dt = 1
  Applying predictor with scale factor = 1
 0 Nonlinear |R| = [32m9.115349e-07[39m
  Nonlinear solve converged due to CONVERGED_FNORM_ABS iterations 0
[32m Solve Converged![39m

Outlier Variable Residual Norms:
  disp_x: [33m4.246622e-07[39m
  disp_y: [33m8.065713e-07[39m

Postprocessor Values:
+----------------+----------------+----------------+
| time           | disp_y_max     | react_y_top    |
+----------------+----------------+----------------+
:                :                :                :
|   1.500000e+01 |   4.687500e-05 |   4.729859e+06 |
|   1.600000e+01 |   5.000000e-05 |   5.045009e+06 |
|   1.700000e+01 |   5.312500e-05 |   5.360138e+06 |
|   1.800000e+01 |   5.625000e-05 |   5.675245e+06 |
|   1.900000e+01 |   5.937500e-05 |   5.990331e+06 |
|   2.000000e+01 |   6.250000e-05 |   6.305394e+06 |
|   2.100000e+01 |   6.562500e-05 |   6.620436e+06 |
|   2.200000e+01 |   6.875000e-05 |   6.935457e+06 |
|   2.300000e+01 |   7.187500e-05 |   7.250456e+06 |
|   2.400000e+01 |   7.500000e-05 |   7.565433e+06 |
|   2.500000e+01 |   7.812500e-05 |   7.880388e+06 |
|   2.600000e+01 |   8.125000e-05 |   8.195322e+06 |
|   2.700000e+01 |   8.437500e-05 |   8.510234e+06 |
|   2.800000e+01 |   8.750000e-05 |   8.825124e+06 |
|   2.900000e+01 |   9.062500e-05 |   9.139993e+06 |
+----------------+----------------+----------------+


Time Step 30, time = 30, dt = 1
  Applying predictor with scale factor = 1
 0 Nonlinear |R| = [32m1.279533e-06[39m
      0 Linear |R| = [32m1.279533e-06[39m
      1 Linear |R| = [32m1.724219e-21[39m
 1 Nonlinear |R| = [32m2.908749e-07[39m
  Nonlinear solve converged due to CONVERGED_FNORM_ABS iterations 1
[32m Solve Converged![39m

Outlier Variable Residual Norms:
  disp_x: [33m1.416064e-07[39m
  disp_y: [33m2.540784e-07[39m

Postprocessor Values:
+----------------+----------------+----------------+
| time           | disp_y_max     | react_y_top    |
+----------------+----------------+----------------+
:                :                :                :
|   1.600000e+01 |   5.000000e-05 |   5.045009e+06 |
|   1.700000e+01 |   5.312500e-05 |   5.360138e+06 |
|   1.800000e+01 |   5.625000e-05 |   5.675245e+06 |
|   1.900000e+01 |   5.937500e-05 |   5.990331e+06 |
|   2.000000e+01 |   6.250000e-05 |   6.305394e+06 |
|   2.100000e+01 |   6.562500e-05 |   6.620436e+06 |
|   2.200000e+01 |   6.875000e-05 |   6.935457e+06 |
|   2.300000e+01 |   7.187500e-05 |   7.250456e+06 |
|   2.400000e+01 |   7.500000e-05 |   7.565433e+06 |
|   2.500000e+01 |   7.812500e-05 |   7.880388e+06 |
|   2.600000e+01 |   8.125000e-05 |   8.195322e+06 |
|   2.700000e+01 |   8.437500e-05 |   8.510234e+06 |
|   2.800000e+01 |   8.750000e-05 |   8.825124e+06 |
|   2.900000e+01 |   9.062500e-05 |   9.139993e+06 |
|   3.000000e+01 |   9.375000e-05 |   9.454840e+06 |
+----------------+----------------+----------------+


Time Step 31, time = 31, dt = 1
  Applying predictor with scale factor = 1
 0 Nonlinear |R| = [32m1.049278e-06[39m
      0 Linear |R| = [32m1.049278e-06[39m
      1 Linear |R| = [32m1.768462e-21[39m
 1 Nonlinear |R| = [32m2.972360e-07[39m
  Nonlinear solve converged due to CONVERGED_FNORM_ABS iterations 1
[32m Solve Converged![39m

Outlier Variable Residual Norms:
  disp_x: [33m1.475435e-07[39m
  disp_y: [33m2.580313e-07[39m

Postprocessor Values:
+----------------+----------------+----------------+
| time           | disp_y_max     | react_y_top    |
+----------------+----------------+----------------+
:                :                :                :
|   1.700000e+01 |   5.312500e-05 |   5.360138e+06 |
|   1.800000e+01 |   5.625000e-05 |   5.675245e+06 |
|   1.900000e+01 |   5.937500e-05 |   5.990331e+06 |
|   2.000000e+01 |   6.250000e-05 |   6.305394e+06 |
|   2.100000e+01 |   6.562500e-05 |   6.620436e+06 |
|   2.200000e+01 |   6.875000e-05 |   6.935457e+06 |
|   2.300000e+01 |   7.187500e-05 |   7.250456e+06 |
|   2.400000e+01 |   7.500000e-05 |   7.565433e+06 |
|   2.500000e+01 |   7.812500e-05 |   7.880388e+06 |
|   2.600000e+01 |   8.125000e-05 |   8.195322e+06 |
|   2.700000e+01 |   8.437500e-05 |   8.510234e+06 |
|   2.800000e+01 |   8.750000e-05 |   8.825124e+06 |
|   2.900000e+01 |   9.062500e-05 |   9.139993e+06 |
|   3.000000e+01 |   9.375000e-05 |   9.454840e+06 |
|   3.100000e+01 |   9.687500e-05 |   9.769666e+06 |
+----------------+----------------+----------------+


Time Step 32, time = 32, dt = 1
  Applying predictor with scale factor = 1
 0 Nonlinear |R| = [32m6.308030e-07[39m
  Nonlinear solve converged due to CONVERGED_FNORM_ABS iterations 0
[32m Solve Converged![39m

Outlier Variable Residual Norms:
  disp_x: [33m2.987103e-07[39m
  disp_y: [33m5.555937e-07[39m

Postprocessor Values:
+----------------+----------------+----------------+
| time           | disp_y_max     | react_y_top    |
+----------------+----------------+----------------+
:                :                :                :
|   1.800000e+01 |   5.625000e-05 |   5.675245e+06 |
|   1.900000e+01 |   5.937500e-05 |   5.990331e+06 |
|   2.000000e+01 |   6.250000e-05 |   6.305394e+06 |
|   2.100000e+01 |   6.562500e-05 |   6.620436e+06 |
|   2.200000e+01 |   6.875000e-05 |   6.935457e+06 |
|   2.300000e+01 |   7.187500e-05 |   7.250456e+06 |
|   2.400000e+01 |   7.500000e-05 |   7.565433e+06 |
|   2.500000e+01 |   7.812500e-05 |   7.880388e+06 |
|   2.600000e+01 |   8.125000e-05 |   8.195322e+06 |
|   2.700000e+01 |   8.437500e-05 |   8.510234e+06 |
|   2.800000e+01 |   8.750000e-05 |   8.825124e+06 |
|   2.900000e+01 |   9.062500e-05 |   9.139993e+06 |
|   3.000000e+01 |   9.375000e-05 |   9.454840e+06 |
|   3.100000e+01 |   9.687500e-05 |   9.769666e+06 |
|   3.200000e+01 |   1.000000e-04 |   1.008447e+07 |
+----------------+----------------+----------------+

Finished Executing                                                                       [[33m 10.89 s[39m] [[33m  353 MB[39m]
