Framework Information:
MOOSE Version:           git commit b85414d92b on 2025-11-25
LibMesh Version:         910736a3a20aded528c3ba99371ce65980dc8e2c
PETSc Version:           3.24.0
SLEPc Version:           3.24.0
Current Time:            Wed Jul  8 20:47:10 2026
Executable Timestamp:    Wed Nov 26 18:13:58 2025

Input File(s):
  /home/lloydf/vfmverif/data/platehole2d_elas.i

Command Line Argument(s):
  --n-threads=2

Checkpoint:
  Wall Time Interval:      Every 3600 s
  User Checkpoint:         Disabled
  # Checkpoints Kept:      2
  Execute On:              TIMESTEP_END 

Parallelism:
  Num Processors:          2
  Num Threads:             2

Mesh: 
  Parallel Type:           replicated
  Mesh Dimension:          2
  Spatial Dimension:       2
  Nodes:                   
    Total:                 5488
    Local:                 2785
    Min/Max/Avg:           2703/2785/2744
  Elems:                   
    Total:                 1764
    Local:                 882
    Min/Max/Avg:           882/882/882
  Num Subdomains:          1
  Num Partitions:          2
  Partitioner:             metis

Nonlinear System:
  Num DOFs:                12838
  Num Local DOFs:          6522
  Variables:               "scalar_strain_zz" { "disp_x" "disp_y" } 
  Finite Element Types:    "LAGRANGE" "LAGRANGE" 
  Approximation Orders:    "FIRST" "SECOND" 

Auxiliary System:
  Num DOFs:                15876
  Num Local DOFs:          7938
  Variables:               { "vonmises_stress" "strain_xx" "strain_yy" "strain_zz" "strain_xy" "stress_xx" 
                             "stress_yy" "stress_zz" "stress_xy" } 
  Finite Element Types:    "MONOMIAL" 
  Approximation Orders:    "CONSTANT" 

Execution Information:
  Executioner:             Transient
  TimeStepper:             IterationAdaptiveDT
  TimeIntegrator(s):       ImplicitEuler
  Solver Mode:             NEWTON 
  PETSc Preconditioner:    lu 
  MOOSE Preconditioner:    SMP 

Time Step 0, time = 0

Postprocessor Values:
+----------------+----------------+----------------+
| time           | disp_y_max     | react_y_top    |
+----------------+----------------+----------------+
|   0.000000e+00 |   0.000000e+00 |   0.000000e+00 |
+----------------+----------------+----------------+


Time Step 1, time = 1, dt = 1
 Skipping predictor this step
 0 Nonlinear |R| = [32m3.724834e+04[39m
      0 Linear |R| = [32m3.724834e+04[39m
      1 Linear |R| = [32m7.681962e-11[39m
 1 Nonlinear |R| = [32m7.893102e-11[39m
  Nonlinear solve converged due to CONVERGED_FNORM_ABS iterations 1
[32m Solve Converged![39m

Outlier Variable Residual Norms:
  disp_y: [31m7.798318e-11[39m

Postprocessor Values:
+----------------+----------------+----------------+
| time           | disp_y_max     | react_y_top    |
+----------------+----------------+----------------+
|   0.000000e+00 |   0.000000e+00 |   0.000000e+00 |
|   1.000000e+00 |   3.125000e-03 |   4.010826e+02 |
+----------------+----------------+----------------+


Time Step 2, time = 2, dt = 1
  Applying predictor with scale factor = 1
 0 Nonlinear |R| = [32m1.578620e-10[39m
  Nonlinear solve converged due to CONVERGED_FNORM_ABS iterations 0
[32m Solve Converged![39m

Outlier Variable Residual Norms:
  disp_y: [31m1.559664e-10[39m

Postprocessor Values:
+----------------+----------------+----------------+
| time           | disp_y_max     | react_y_top    |
+----------------+----------------+----------------+
|   0.000000e+00 |   0.000000e+00 |   0.000000e+00 |
|   1.000000e+00 |   3.125000e-03 |   4.010826e+02 |
|   2.000000e+00 |   6.250000e-03 |   8.021481e+02 |
+----------------+----------------+----------------+


Time Step 3, time = 3, dt = 1
  Applying predictor with scale factor = 1
 0 Nonlinear |R| = [32m2.401202e-10[39m
  Nonlinear solve converged due to CONVERGED_FNORM_ABS iterations 0
[32m Solve Converged![39m

Outlier Variable Residual Norms:
  disp_y: [31m2.372614e-10[39m

Postprocessor Values:
+----------------+----------------+----------------+
| time           | disp_y_max     | react_y_top    |
+----------------+----------------+----------------+
|   0.000000e+00 |   0.000000e+00 |   0.000000e+00 |
|   1.000000e+00 |   3.125000e-03 |   4.010826e+02 |
|   2.000000e+00 |   6.250000e-03 |   8.021481e+02 |
|   3.000000e+00 |   9.375000e-03 |   1.203197e+03 |
+----------------+----------------+----------------+


Time Step 4, time = 4, dt = 1
  Applying predictor with scale factor = 1
 0 Nonlinear |R| = [32m3.371380e-10[39m
  Nonlinear solve converged due to CONVERGED_FNORM_ABS iterations 0
[32m Solve Converged![39m

Outlier Variable Residual Norms:
  disp_y: [31m3.329415e-10[39m

Postprocessor Values:
+----------------+----------------+----------------+
| time           | disp_y_max     | react_y_top    |
+----------------+----------------+----------------+
|   0.000000e+00 |   0.000000e+00 |   0.000000e+00 |
|   1.000000e+00 |   3.125000e-03 |   4.010826e+02 |
|   2.000000e+00 |   6.250000e-03 |   8.021481e+02 |
|   3.000000e+00 |   9.375000e-03 |   1.203197e+03 |
|   4.000000e+00 |   1.250000e-02 |   1.604228e+03 |
+----------------+----------------+----------------+


Time Step 5, time = 5, dt = 1
  Applying predictor with scale factor = 1
 0 Nonlinear |R| = [32m4.478961e-10[39m
  Nonlinear solve converged due to CONVERGED_FNORM_ABS iterations 0
[32m Solve Converged![39m

Outlier Variable Residual Norms:
  disp_y: [31m4.422292e-10[39m

Postprocessor Values:
+----------------+----------------+----------------+
| time           | disp_y_max     | react_y_top    |
+----------------+----------------+----------------+
|   0.000000e+00 |   0.000000e+00 |   0.000000e+00 |
|   1.000000e+00 |   3.125000e-03 |   4.010826e+02 |
|   2.000000e+00 |   6.250000e-03 |   8.021481e+02 |
|   3.000000e+00 |   9.375000e-03 |   1.203197e+03 |
|   4.000000e+00 |   1.250000e-02 |   1.604228e+03 |
|   5.000000e+00 |   1.562500e-02 |   2.005242e+03 |
+----------------+----------------+----------------+


Time Step 6, time = 6, dt = 1
  Applying predictor with scale factor = 1
 0 Nonlinear |R| = [32m5.612073e-10[39m
  Nonlinear solve converged due to CONVERGED_FNORM_ABS iterations 0
[32m Solve Converged![39m

Outlier Variable Residual Norms:
  disp_y: [31m5.539287e-10[39m

Postprocessor Values:
+----------------+----------------+----------------+
| time           | disp_y_max     | react_y_top    |
+----------------+----------------+----------------+
|   0.000000e+00 |   0.000000e+00 |   0.000000e+00 |
|   1.000000e+00 |   3.125000e-03 |   4.010826e+02 |
|   2.000000e+00 |   6.250000e-03 |   8.021481e+02 |
|   3.000000e+00 |   9.375000e-03 |   1.203197e+03 |
|   4.000000e+00 |   1.250000e-02 |   1.604228e+03 |
|   5.000000e+00 |   1.562500e-02 |   2.005242e+03 |
|   6.000000e+00 |   1.875000e-02 |   2.406240e+03 |
+----------------+----------------+----------------+


Time Step 7, time = 7, dt = 1
  Applying predictor with scale factor = 1
 0 Nonlinear |R| = [32m6.879991e-10[39m
  Nonlinear solve converged due to CONVERGED_FNORM_ABS iterations 0
[32m Solve Converged![39m

Outlier Variable Residual Norms:
  disp_y: [31m6.791274e-10[39m

Postprocessor Values:
+----------------+----------------+----------------+
| time           | disp_y_max     | react_y_top    |
+----------------+----------------+----------------+
|   0.000000e+00 |   0.000000e+00 |   0.000000e+00 |
|   1.000000e+00 |   3.125000e-03 |   4.010826e+02 |
|   2.000000e+00 |   6.250000e-03 |   8.021481e+02 |
|   3.000000e+00 |   9.375000e-03 |   1.203197e+03 |
|   4.000000e+00 |   1.250000e-02 |   1.604228e+03 |
|   5.000000e+00 |   1.562500e-02 |   2.005242e+03 |
|   6.000000e+00 |   1.875000e-02 |   2.406240e+03 |
|   7.000000e+00 |   2.187500e-02 |   2.807220e+03 |
+----------------+----------------+----------------+


Time Step 8, time = 8, dt = 1
  Applying predictor with scale factor = 1
 0 Nonlinear |R| = [32m8.203837e-10[39m
  Nonlinear solve converged due to CONVERGED_FNORM_ABS iterations 0
[32m Solve Converged![39m

Outlier Variable Residual Norms:
  disp_y: [31m8.096440e-10[39m

Postprocessor Values:
+----------------+----------------+----------------+
| time           | disp_y_max     | react_y_top    |
+----------------+----------------+----------------+
|   0.000000e+00 |   0.000000e+00 |   0.000000e+00 |
|   1.000000e+00 |   3.125000e-03 |   4.010826e+02 |
|   2.000000e+00 |   6.250000e-03 |   8.021481e+02 |
|   3.000000e+00 |   9.375000e-03 |   1.203197e+03 |
|   4.000000e+00 |   1.250000e-02 |   1.604228e+03 |
|   5.000000e+00 |   1.562500e-02 |   2.005242e+03 |
|   6.000000e+00 |   1.875000e-02 |   2.406240e+03 |
|   7.000000e+00 |   2.187500e-02 |   2.807220e+03 |
|   8.000000e+00 |   2.500000e-02 |   3.208184e+03 |
+----------------+----------------+----------------+


Time Step 9, time = 9, dt = 1
  Applying predictor with scale factor = 1
 0 Nonlinear |R| = [32m9.670382e-10[39m
  Nonlinear solve converged due to CONVERGED_FNORM_ABS iterations 0
[32m Solve Converged![39m

Outlier Variable Residual Norms:
  disp_y: [31m9.544136e-10[39m

Postprocessor Values:
+----------------+----------------+----------------+
| time           | disp_y_max     | react_y_top    |
+----------------+----------------+----------------+
|   0.000000e+00 |   0.000000e+00 |   0.000000e+00 |
|   1.000000e+00 |   3.125000e-03 |   4.010826e+02 |
|   2.000000e+00 |   6.250000e-03 |   8.021481e+02 |
|   3.000000e+00 |   9.375000e-03 |   1.203197e+03 |
|   4.000000e+00 |   1.250000e-02 |   1.604228e+03 |
|   5.000000e+00 |   1.562500e-02 |   2.005242e+03 |
|   6.000000e+00 |   1.875000e-02 |   2.406240e+03 |
|   7.000000e+00 |   2.187500e-02 |   2.807220e+03 |
|   8.000000e+00 |   2.500000e-02 |   3.208184e+03 |
|   9.000000e+00 |   2.812500e-02 |   3.609130e+03 |
+----------------+----------------+----------------+


Time Step 10, time = 10, dt = 1
  Applying predictor with scale factor = 1
 0 Nonlinear |R| = [32m1.106852e-09[39m
  Nonlinear solve converged due to CONVERGED_FNORM_ABS iterations 0
[32m Solve Converged![39m

Outlier Variable Residual Norms:
  disp_y: [31m1.091953e-09[39m

Postprocessor Values:
+----------------+----------------+----------------+
| time           | disp_y_max     | react_y_top    |
+----------------+----------------+----------------+
|   0.000000e+00 |   0.000000e+00 |   0.000000e+00 |
|   1.000000e+00 |   3.125000e-03 |   4.010826e+02 |
|   2.000000e+00 |   6.250000e-03 |   8.021481e+02 |
|   3.000000e+00 |   9.375000e-03 |   1.203197e+03 |
|   4.000000e+00 |   1.250000e-02 |   1.604228e+03 |
|   5.000000e+00 |   1.562500e-02 |   2.005242e+03 |
|   6.000000e+00 |   1.875000e-02 |   2.406240e+03 |
|   7.000000e+00 |   2.187500e-02 |   2.807220e+03 |
|   8.000000e+00 |   2.500000e-02 |   3.208184e+03 |
|   9.000000e+00 |   2.812500e-02 |   3.609130e+03 |
|   1.000000e+01 |   3.125000e-02 |   4.010059e+03 |
+----------------+----------------+----------------+


Time Step 11, time = 11, dt = 1
  Applying predictor with scale factor = 1
 0 Nonlinear |R| = [32m1.300632e-09[39m
  Nonlinear solve converged due to CONVERGED_FNORM_ABS iterations 0
[32m Solve Converged![39m

Outlier Variable Residual Norms:
  disp_y: [31m1.283848e-09[39m

Postprocessor Values:
+----------------+----------------+----------------+
| time           | disp_y_max     | react_y_top    |
+----------------+----------------+----------------+
|   0.000000e+00 |   0.000000e+00 |   0.000000e+00 |
|   1.000000e+00 |   3.125000e-03 |   4.010826e+02 |
|   2.000000e+00 |   6.250000e-03 |   8.021481e+02 |
|   3.000000e+00 |   9.375000e-03 |   1.203197e+03 |
|   4.000000e+00 |   1.250000e-02 |   1.604228e+03 |
|   5.000000e+00 |   1.562500e-02 |   2.005242e+03 |
|   6.000000e+00 |   1.875000e-02 |   2.406240e+03 |
|   7.000000e+00 |   2.187500e-02 |   2.807220e+03 |
|   8.000000e+00 |   2.500000e-02 |   3.208184e+03 |
|   9.000000e+00 |   2.812500e-02 |   3.609130e+03 |
|   1.000000e+01 |   3.125000e-02 |   4.010059e+03 |
|   1.100000e+01 |   3.437500e-02 |   4.410971e+03 |
+----------------+----------------+----------------+


Time Step 12, time = 12, dt = 1
  Applying predictor with scale factor = 1
 0 Nonlinear |R| = [32m1.503287e-09[39m
  Nonlinear solve converged due to CONVERGED_FNORM_ABS iterations 0
[32m Solve Converged![39m

Outlier Variable Residual Norms:
  disp_y: [31m1.484227e-09[39m

Postprocessor Values:
+----------------+----------------+----------------+
| time           | disp_y_max     | react_y_top    |
+----------------+----------------+----------------+
|   0.000000e+00 |   0.000000e+00 |   0.000000e+00 |
|   1.000000e+00 |   3.125000e-03 |   4.010826e+02 |
|   2.000000e+00 |   6.250000e-03 |   8.021481e+02 |
|   3.000000e+00 |   9.375000e-03 |   1.203197e+03 |
|   4.000000e+00 |   1.250000e-02 |   1.604228e+03 |
|   5.000000e+00 |   1.562500e-02 |   2.005242e+03 |
|   6.000000e+00 |   1.875000e-02 |   2.406240e+03 |
|   7.000000e+00 |   2.187500e-02 |   2.807220e+03 |
|   8.000000e+00 |   2.500000e-02 |   3.208184e+03 |
|   9.000000e+00 |   2.812500e-02 |   3.609130e+03 |
|   1.000000e+01 |   3.125000e-02 |   4.010059e+03 |
|   1.100000e+01 |   3.437500e-02 |   4.410971e+03 |
|   1.200000e+01 |   3.750000e-02 |   4.811867e+03 |
+----------------+----------------+----------------+


Time Step 13, time = 13, dt = 1
  Applying predictor with scale factor = 1
 0 Nonlinear |R| = [32m1.704940e-09[39m
  Nonlinear solve converged due to CONVERGED_FNORM_ABS iterations 0
[32m Solve Converged![39m

Outlier Variable Residual Norms:
  disp_y: [31m1.683563e-09[39m

Postprocessor Values:
+----------------+----------------+----------------+
| time           | disp_y_max     | react_y_top    |
+----------------+----------------+----------------+
|   0.000000e+00 |   0.000000e+00 |   0.000000e+00 |
|   1.000000e+00 |   3.125000e-03 |   4.010826e+02 |
|   2.000000e+00 |   6.250000e-03 |   8.021481e+02 |
|   3.000000e+00 |   9.375000e-03 |   1.203197e+03 |
|   4.000000e+00 |   1.250000e-02 |   1.604228e+03 |
|   5.000000e+00 |   1.562500e-02 |   2.005242e+03 |
|   6.000000e+00 |   1.875000e-02 |   2.406240e+03 |
|   7.000000e+00 |   2.187500e-02 |   2.807220e+03 |
|   8.000000e+00 |   2.500000e-02 |   3.208184e+03 |
|   9.000000e+00 |   2.812500e-02 |   3.609130e+03 |
|   1.000000e+01 |   3.125000e-02 |   4.010059e+03 |
|   1.100000e+01 |   3.437500e-02 |   4.410971e+03 |
|   1.200000e+01 |   3.750000e-02 |   4.811867e+03 |
|   1.300000e+01 |   4.062500e-02 |   5.212745e+03 |
+----------------+----------------+----------------+


Time Step 14, time = 14, dt = 1
  Applying predictor with scale factor = 1
 0 Nonlinear |R| = [32m1.969714e-09[39m
  Nonlinear solve converged due to CONVERGED_FNORM_ABS iterations 0
[32m Solve Converged![39m

Outlier Variable Residual Norms:
  disp_y: [31m1.946246e-09[39m

Postprocessor Values:
+----------------+----------------+----------------+
| time           | disp_y_max     | react_y_top    |
+----------------+----------------+----------------+
|   0.000000e+00 |   0.000000e+00 |   0.000000e+00 |
|   1.000000e+00 |   3.125000e-03 |   4.010826e+02 |
|   2.000000e+00 |   6.250000e-03 |   8.021481e+02 |
|   3.000000e+00 |   9.375000e-03 |   1.203197e+03 |
|   4.000000e+00 |   1.250000e-02 |   1.604228e+03 |
|   5.000000e+00 |   1.562500e-02 |   2.005242e+03 |
|   6.000000e+00 |   1.875000e-02 |   2.406240e+03 |
|   7.000000e+00 |   2.187500e-02 |   2.807220e+03 |
|   8.000000e+00 |   2.500000e-02 |   3.208184e+03 |
|   9.000000e+00 |   2.812500e-02 |   3.609130e+03 |
|   1.000000e+01 |   3.125000e-02 |   4.010059e+03 |
|   1.100000e+01 |   3.437500e-02 |   4.410971e+03 |
|   1.200000e+01 |   3.750000e-02 |   4.811867e+03 |
|   1.300000e+01 |   4.062500e-02 |   5.212745e+03 |
|   1.400000e+01 |   4.375000e-02 |   5.613606e+03 |
+----------------+----------------+----------------+


Time Step 15, time = 15, dt = 1
  Applying predictor with scale factor = 1
 0 Nonlinear |R| = [32m2.218507e-09[39m
  Nonlinear solve converged due to CONVERGED_FNORM_ABS iterations 0
[32m Solve Converged![39m

Outlier Variable Residual Norms:
  disp_y: [31m2.192540e-09[39m

Postprocessor Values:
+----------------+----------------+----------------+
| time           | disp_y_max     | react_y_top    |
+----------------+----------------+----------------+
:                :                :                :
|   1.000000e+00 |   3.125000e-03 |   4.010826e+02 |
|   2.000000e+00 |   6.250000e-03 |   8.021481e+02 |
|   3.000000e+00 |   9.375000e-03 |   1.203197e+03 |
|   4.000000e+00 |   1.250000e-02 |   1.604228e+03 |
|   5.000000e+00 |   1.562500e-02 |   2.005242e+03 |
|   6.000000e+00 |   1.875000e-02 |   2.406240e+03 |
|   7.000000e+00 |   2.187500e-02 |   2.807220e+03 |
|   8.000000e+00 |   2.500000e-02 |   3.208184e+03 |
|   9.000000e+00 |   2.812500e-02 |   3.609130e+03 |
|   1.000000e+01 |   3.125000e-02 |   4.010059e+03 |
|   1.100000e+01 |   3.437500e-02 |   4.410971e+03 |
|   1.200000e+01 |   3.750000e-02 |   4.811867e+03 |
|   1.300000e+01 |   4.062500e-02 |   5.212745e+03 |
|   1.400000e+01 |   4.375000e-02 |   5.613606e+03 |
|   1.500000e+01 |   4.687500e-02 |   6.014450e+03 |
+----------------+----------------+----------------+


Time Step 16, time = 16, dt = 1
  Applying predictor with scale factor = 1
 0 Nonlinear |R| = [32m2.505994e-09[39m
  Nonlinear solve converged due to CONVERGED_FNORM_ABS iterations 0
[32m Solve Converged![39m

Outlier Variable Residual Norms:
  disp_y: [31m2.476456e-09[39m

Postprocessor Values:
+----------------+----------------+----------------+
| time           | disp_y_max     | react_y_top    |
+----------------+----------------+----------------+
:                :                :                :
|   2.000000e+00 |   6.250000e-03 |   8.021481e+02 |
|   3.000000e+00 |   9.375000e-03 |   1.203197e+03 |
|   4.000000e+00 |   1.250000e-02 |   1.604228e+03 |
|   5.000000e+00 |   1.562500e-02 |   2.005242e+03 |
|   6.000000e+00 |   1.875000e-02 |   2.406240e+03 |
|   7.000000e+00 |   2.187500e-02 |   2.807220e+03 |
|   8.000000e+00 |   2.500000e-02 |   3.208184e+03 |
|   9.000000e+00 |   2.812500e-02 |   3.609130e+03 |
|   1.000000e+01 |   3.125000e-02 |   4.010059e+03 |
|   1.100000e+01 |   3.437500e-02 |   4.410971e+03 |
|   1.200000e+01 |   3.750000e-02 |   4.811867e+03 |
|   1.300000e+01 |   4.062500e-02 |   5.212745e+03 |
|   1.400000e+01 |   4.375000e-02 |   5.613606e+03 |
|   1.500000e+01 |   4.687500e-02 |   6.014450e+03 |
|   1.600000e+01 |   5.000000e-02 |   6.415277e+03 |
+----------------+----------------+----------------+


Time Step 17, time = 17, dt = 1
  Applying predictor with scale factor = 1
 0 Nonlinear |R| = [32m2.808369e-09[39m
  Nonlinear solve converged due to CONVERGED_FNORM_ABS iterations 0
[32m Solve Converged![39m

Outlier Variable Residual Norms:
  disp_y: [31m2.774225e-09[39m

Postprocessor Values:
+----------------+----------------+----------------+
| time           | disp_y_max     | react_y_top    |
+----------------+----------------+----------------+
:                :                :                :
|   3.000000e+00 |   9.375000e-03 |   1.203197e+03 |
|   4.000000e+00 |   1.250000e-02 |   1.604228e+03 |
|   5.000000e+00 |   1.562500e-02 |   2.005242e+03 |
|   6.000000e+00 |   1.875000e-02 |   2.406240e+03 |
|   7.000000e+00 |   2.187500e-02 |   2.807220e+03 |
|   8.000000e+00 |   2.500000e-02 |   3.208184e+03 |
|   9.000000e+00 |   2.812500e-02 |   3.609130e+03 |
|   1.000000e+01 |   3.125000e-02 |   4.010059e+03 |
|   1.100000e+01 |   3.437500e-02 |   4.410971e+03 |
|   1.200000e+01 |   3.750000e-02 |   4.811867e+03 |
|   1.300000e+01 |   4.062500e-02 |   5.212745e+03 |
|   1.400000e+01 |   4.375000e-02 |   5.613606e+03 |
|   1.500000e+01 |   4.687500e-02 |   6.014450e+03 |
|   1.600000e+01 |   5.000000e-02 |   6.415277e+03 |
|   1.700000e+01 |   5.312500e-02 |   6.816087e+03 |
+----------------+----------------+----------------+


Time Step 18, time = 18, dt = 1
  Applying predictor with scale factor = 1
 0 Nonlinear |R| = [32m3.093732e-09[39m
  Nonlinear solve converged due to CONVERGED_FNORM_ABS iterations 0
[32m Solve Converged![39m

Outlier Variable Residual Norms:
  disp_y: [31m3.055119e-09[39m

Postprocessor Values:
+----------------+----------------+----------------+
| time           | disp_y_max     | react_y_top    |
+----------------+----------------+----------------+
:                :                :                :
|   4.000000e+00 |   1.250000e-02 |   1.604228e+03 |
|   5.000000e+00 |   1.562500e-02 |   2.005242e+03 |
|   6.000000e+00 |   1.875000e-02 |   2.406240e+03 |
|   7.000000e+00 |   2.187500e-02 |   2.807220e+03 |
|   8.000000e+00 |   2.500000e-02 |   3.208184e+03 |
|   9.000000e+00 |   2.812500e-02 |   3.609130e+03 |
|   1.000000e+01 |   3.125000e-02 |   4.010059e+03 |
|   1.100000e+01 |   3.437500e-02 |   4.410971e+03 |
|   1.200000e+01 |   3.750000e-02 |   4.811867e+03 |
|   1.300000e+01 |   4.062500e-02 |   5.212745e+03 |
|   1.400000e+01 |   4.375000e-02 |   5.613606e+03 |
|   1.500000e+01 |   4.687500e-02 |   6.014450e+03 |
|   1.600000e+01 |   5.000000e-02 |   6.415277e+03 |
|   1.700000e+01 |   5.312500e-02 |   6.816087e+03 |
|   1.800000e+01 |   5.625000e-02 |   7.216880e+03 |
+----------------+----------------+----------------+


Time Step 19, time = 19, dt = 1
  Applying predictor with scale factor = 1
 0 Nonlinear |R| = [32m3.411254e-09[39m
  Nonlinear solve converged due to CONVERGED_FNORM_ABS iterations 0
[32m Solve Converged![39m

Outlier Variable Residual Norms:
  disp_y: [31m3.367829e-09[39m

Postprocessor Values:
+----------------+----------------+----------------+
| time           | disp_y_max     | react_y_top    |
+----------------+----------------+----------------+
:                :                :                :
|   5.000000e+00 |   1.562500e-02 |   2.005242e+03 |
|   6.000000e+00 |   1.875000e-02 |   2.406240e+03 |
|   7.000000e+00 |   2.187500e-02 |   2.807220e+03 |
|   8.000000e+00 |   2.500000e-02 |   3.208184e+03 |
|   9.000000e+00 |   2.812500e-02 |   3.609130e+03 |
|   1.000000e+01 |   3.125000e-02 |   4.010059e+03 |
|   1.100000e+01 |   3.437500e-02 |   4.410971e+03 |
|   1.200000e+01 |   3.750000e-02 |   4.811867e+03 |
|   1.300000e+01 |   4.062500e-02 |   5.212745e+03 |
|   1.400000e+01 |   4.375000e-02 |   5.613606e+03 |
|   1.500000e+01 |   4.687500e-02 |   6.014450e+03 |
|   1.600000e+01 |   5.000000e-02 |   6.415277e+03 |
|   1.700000e+01 |   5.312500e-02 |   6.816087e+03 |
|   1.800000e+01 |   5.625000e-02 |   7.216880e+03 |
|   1.900000e+01 |   5.937500e-02 |   7.617656e+03 |
+----------------+----------------+----------------+


Time Step 20, time = 20, dt = 1
  Applying predictor with scale factor = 1
 0 Nonlinear |R| = [32m3.694653e-09[39m
  Nonlinear solve converged due to CONVERGED_FNORM_ABS iterations 0
[32m Solve Converged![39m

Outlier Variable Residual Norms:
  disp_y: [31m3.645605e-09[39m

Postprocessor Values:
+----------------+----------------+----------------+
| time           | disp_y_max     | react_y_top    |
+----------------+----------------+----------------+
:                :                :                :
|   6.000000e+00 |   1.875000e-02 |   2.406240e+03 |
|   7.000000e+00 |   2.187500e-02 |   2.807220e+03 |
|   8.000000e+00 |   2.500000e-02 |   3.208184e+03 |
|   9.000000e+00 |   2.812500e-02 |   3.609130e+03 |
|   1.000000e+01 |   3.125000e-02 |   4.010059e+03 |
|   1.100000e+01 |   3.437500e-02 |   4.410971e+03 |
|   1.200000e+01 |   3.750000e-02 |   4.811867e+03 |
|   1.300000e+01 |   4.062500e-02 |   5.212745e+03 |
|   1.400000e+01 |   4.375000e-02 |   5.613606e+03 |
|   1.500000e+01 |   4.687500e-02 |   6.014450e+03 |
|   1.600000e+01 |   5.000000e-02 |   6.415277e+03 |
|   1.700000e+01 |   5.312500e-02 |   6.816087e+03 |
|   1.800000e+01 |   5.625000e-02 |   7.216880e+03 |
|   1.900000e+01 |   5.937500e-02 |   7.617656e+03 |
|   2.000000e+01 |   6.250000e-02 |   8.018415e+03 |
+----------------+----------------+----------------+


Time Step 21, time = 21, dt = 1
  Applying predictor with scale factor = 1
 0 Nonlinear |R| = [32m4.006695e-09[39m
  Nonlinear solve converged due to CONVERGED_FNORM_ABS iterations 0
[32m Solve Converged![39m

Outlier Variable Residual Norms:
  disp_y: [31m3.951796e-09[39m

Postprocessor Values:
+----------------+----------------+----------------+
| time           | disp_y_max     | react_y_top    |
+----------------+----------------+----------------+
:                :                :                :
|   7.000000e+00 |   2.187500e-02 |   2.807220e+03 |
|   8.000000e+00 |   2.500000e-02 |   3.208184e+03 |
|   9.000000e+00 |   2.812500e-02 |   3.609130e+03 |
|   1.000000e+01 |   3.125000e-02 |   4.010059e+03 |
|   1.100000e+01 |   3.437500e-02 |   4.410971e+03 |
|   1.200000e+01 |   3.750000e-02 |   4.811867e+03 |
|   1.300000e+01 |   4.062500e-02 |   5.212745e+03 |
|   1.400000e+01 |   4.375000e-02 |   5.613606e+03 |
|   1.500000e+01 |   4.687500e-02 |   6.014450e+03 |
|   1.600000e+01 |   5.000000e-02 |   6.415277e+03 |
|   1.700000e+01 |   5.312500e-02 |   6.816087e+03 |
|   1.800000e+01 |   5.625000e-02 |   7.216880e+03 |
|   1.900000e+01 |   5.937500e-02 |   7.617656e+03 |
|   2.000000e+01 |   6.250000e-02 |   8.018415e+03 |
|   2.100000e+01 |   6.562500e-02 |   8.419157e+03 |
+----------------+----------------+----------------+


Time Step 22, time = 22, dt = 1
  Applying predictor with scale factor = 1
 0 Nonlinear |R| = [32m4.366080e-09[39m
  Nonlinear solve converged due to CONVERGED_FNORM_ABS iterations 0
[32m Solve Converged![39m

Outlier Variable Residual Norms:
  disp_y: [31m4.305850e-09[39m

Postprocessor Values:
+----------------+----------------+----------------+
| time           | disp_y_max     | react_y_top    |
+----------------+----------------+----------------+
:                :                :                :
|   8.000000e+00 |   2.500000e-02 |   3.208184e+03 |
|   9.000000e+00 |   2.812500e-02 |   3.609130e+03 |
|   1.000000e+01 |   3.125000e-02 |   4.010059e+03 |
|   1.100000e+01 |   3.437500e-02 |   4.410971e+03 |
|   1.200000e+01 |   3.750000e-02 |   4.811867e+03 |
|   1.300000e+01 |   4.062500e-02 |   5.212745e+03 |
|   1.400000e+01 |   4.375000e-02 |   5.613606e+03 |
|   1.500000e+01 |   4.687500e-02 |   6.014450e+03 |
|   1.600000e+01 |   5.000000e-02 |   6.415277e+03 |
|   1.700000e+01 |   5.312500e-02 |   6.816087e+03 |
|   1.800000e+01 |   5.625000e-02 |   7.216880e+03 |
|   1.900000e+01 |   5.937500e-02 |   7.617656e+03 |
|   2.000000e+01 |   6.250000e-02 |   8.018415e+03 |
|   2.100000e+01 |   6.562500e-02 |   8.419157e+03 |
|   2.200000e+01 |   6.875000e-02 |   8.819882e+03 |
+----------------+----------------+----------------+


Time Step 23, time = 23, dt = 1
  Applying predictor with scale factor = 1
 0 Nonlinear |R| = [32m4.715461e-09[39m
  Nonlinear solve converged due to CONVERGED_FNORM_ABS iterations 0
[32m Solve Converged![39m

Outlier Variable Residual Norms:
  disp_y: [31m4.650012e-09[39m

Postprocessor Values:
+----------------+----------------+----------------+
| time           | disp_y_max     | react_y_top    |
+----------------+----------------+----------------+
:                :                :                :
|   9.000000e+00 |   2.812500e-02 |   3.609130e+03 |
|   1.000000e+01 |   3.125000e-02 |   4.010059e+03 |
|   1.100000e+01 |   3.437500e-02 |   4.410971e+03 |
|   1.200000e+01 |   3.750000e-02 |   4.811867e+03 |
|   1.300000e+01 |   4.062500e-02 |   5.212745e+03 |
|   1.400000e+01 |   4.375000e-02 |   5.613606e+03 |
|   1.500000e+01 |   4.687500e-02 |   6.014450e+03 |
|   1.600000e+01 |   5.000000e-02 |   6.415277e+03 |
|   1.700000e+01 |   5.312500e-02 |   6.816087e+03 |
|   1.800000e+01 |   5.625000e-02 |   7.216880e+03 |
|   1.900000e+01 |   5.937500e-02 |   7.617656e+03 |
|   2.000000e+01 |   6.250000e-02 |   8.018415e+03 |
|   2.100000e+01 |   6.562500e-02 |   8.419157e+03 |
|   2.200000e+01 |   6.875000e-02 |   8.819882e+03 |
|   2.300000e+01 |   7.187500e-02 |   9.220590e+03 |
+----------------+----------------+----------------+


Time Step 24, time = 24, dt = 1
  Applying predictor with scale factor = 1
 0 Nonlinear |R| = [32m5.133822e-09[39m
  Nonlinear solve converged due to CONVERGED_FNORM_ABS iterations 0
[32m Solve Converged![39m

Outlier Variable Residual Norms:
  disp_y: [31m5.063220e-09[39m

Postprocessor Values:
+----------------+----------------+----------------+
| time           | disp_y_max     | react_y_top    |
+----------------+----------------+----------------+
:                :                :                :
|   1.000000e+01 |   3.125000e-02 |   4.010059e+03 |
|   1.100000e+01 |   3.437500e-02 |   4.410971e+03 |
|   1.200000e+01 |   3.750000e-02 |   4.811867e+03 |
|   1.300000e+01 |   4.062500e-02 |   5.212745e+03 |
|   1.400000e+01 |   4.375000e-02 |   5.613606e+03 |
|   1.500000e+01 |   4.687500e-02 |   6.014450e+03 |
|   1.600000e+01 |   5.000000e-02 |   6.415277e+03 |
|   1.700000e+01 |   5.312500e-02 |   6.816087e+03 |
|   1.800000e+01 |   5.625000e-02 |   7.216880e+03 |
|   1.900000e+01 |   5.937500e-02 |   7.617656e+03 |
|   2.000000e+01 |   6.250000e-02 |   8.018415e+03 |
|   2.100000e+01 |   6.562500e-02 |   8.419157e+03 |
|   2.200000e+01 |   6.875000e-02 |   8.819882e+03 |
|   2.300000e+01 |   7.187500e-02 |   9.220590e+03 |
|   2.400000e+01 |   7.500000e-02 |   9.621281e+03 |
+----------------+----------------+----------------+


Time Step 25, time = 25, dt = 1
  Applying predictor with scale factor = 1
 0 Nonlinear |R| = [32m5.475946e-09[39m
  Nonlinear solve converged due to CONVERGED_FNORM_ABS iterations 0
[32m Solve Converged![39m

Outlier Variable Residual Norms:
  disp_y: [31m5.399253e-09[39m

Postprocessor Values:
+----------------+----------------+----------------+
| time           | disp_y_max     | react_y_top    |
+----------------+----------------+----------------+
:                :                :                :
|   1.100000e+01 |   3.437500e-02 |   4.410971e+03 |
|   1.200000e+01 |   3.750000e-02 |   4.811867e+03 |
|   1.300000e+01 |   4.062500e-02 |   5.212745e+03 |
|   1.400000e+01 |   4.375000e-02 |   5.613606e+03 |
|   1.500000e+01 |   4.687500e-02 |   6.014450e+03 |
|   1.600000e+01 |   5.000000e-02 |   6.415277e+03 |
|   1.700000e+01 |   5.312500e-02 |   6.816087e+03 |
|   1.800000e+01 |   5.625000e-02 |   7.216880e+03 |
|   1.900000e+01 |   5.937500e-02 |   7.617656e+03 |
|   2.000000e+01 |   6.250000e-02 |   8.018415e+03 |
|   2.100000e+01 |   6.562500e-02 |   8.419157e+03 |
|   2.200000e+01 |   6.875000e-02 |   8.819882e+03 |
|   2.300000e+01 |   7.187500e-02 |   9.220590e+03 |
|   2.400000e+01 |   7.500000e-02 |   9.621281e+03 |
|   2.500000e+01 |   7.812500e-02 |   1.002195e+04 |
+----------------+----------------+----------------+


Time Step 26, time = 26, dt = 1
  Applying predictor with scale factor = 1
 0 Nonlinear |R| = [32m5.955233e-09[39m
  Nonlinear solve converged due to CONVERGED_FNORM_ABS iterations 0
[32m Solve Converged![39m

Outlier Variable Residual Norms:
  disp_y: [31m5.873758e-09[39m

Postprocessor Values:
+----------------+----------------+----------------+
| time           | disp_y_max     | react_y_top    |
+----------------+----------------+----------------+
:                :                :                :
|   1.200000e+01 |   3.750000e-02 |   4.811867e+03 |
|   1.300000e+01 |   4.062500e-02 |   5.212745e+03 |
|   1.400000e+01 |   4.375000e-02 |   5.613606e+03 |
|   1.500000e+01 |   4.687500e-02 |   6.014450e+03 |
|   1.600000e+01 |   5.000000e-02 |   6.415277e+03 |
|   1.700000e+01 |   5.312500e-02 |   6.816087e+03 |
|   1.800000e+01 |   5.625000e-02 |   7.216880e+03 |
|   1.900000e+01 |   5.937500e-02 |   7.617656e+03 |
|   2.000000e+01 |   6.250000e-02 |   8.018415e+03 |
|   2.100000e+01 |   6.562500e-02 |   8.419157e+03 |
|   2.200000e+01 |   6.875000e-02 |   8.819882e+03 |
|   2.300000e+01 |   7.187500e-02 |   9.220590e+03 |
|   2.400000e+01 |   7.500000e-02 |   9.621281e+03 |
|   2.500000e+01 |   7.812500e-02 |   1.002195e+04 |
|   2.600000e+01 |   8.125000e-02 |   1.042261e+04 |
+----------------+----------------+----------------+


Time Step 27, time = 27, dt = 1
  Applying predictor with scale factor = 1
 0 Nonlinear |R| = [32m6.474727e-09[39m
  Nonlinear solve converged due to CONVERGED_FNORM_ABS iterations 0
[32m Solve Converged![39m

Outlier Variable Residual Norms:
  disp_y: [31m6.388315e-09[39m

Postprocessor Values:
+----------------+----------------+----------------+
| time           | disp_y_max     | react_y_top    |
+----------------+----------------+----------------+
:                :                :                :
|   1.300000e+01 |   4.062500e-02 |   5.212745e+03 |
|   1.400000e+01 |   4.375000e-02 |   5.613606e+03 |
|   1.500000e+01 |   4.687500e-02 |   6.014450e+03 |
|   1.600000e+01 |   5.000000e-02 |   6.415277e+03 |
|   1.700000e+01 |   5.312500e-02 |   6.816087e+03 |
|   1.800000e+01 |   5.625000e-02 |   7.216880e+03 |
|   1.900000e+01 |   5.937500e-02 |   7.617656e+03 |
|   2.000000e+01 |   6.250000e-02 |   8.018415e+03 |
|   2.100000e+01 |   6.562500e-02 |   8.419157e+03 |
|   2.200000e+01 |   6.875000e-02 |   8.819882e+03 |
|   2.300000e+01 |   7.187500e-02 |   9.220590e+03 |
|   2.400000e+01 |   7.500000e-02 |   9.621281e+03 |
|   2.500000e+01 |   7.812500e-02 |   1.002195e+04 |
|   2.600000e+01 |   8.125000e-02 |   1.042261e+04 |
|   2.700000e+01 |   8.437500e-02 |   1.082325e+04 |
+----------------+----------------+----------------+


Time Step 28, time = 28, dt = 1
  Applying predictor with scale factor = 1
 0 Nonlinear |R| = [32m6.979450e-09[39m
  Nonlinear solve converged due to CONVERGED_FNORM_ABS iterations 0
[32m Solve Converged![39m

Outlier Variable Residual Norms:
  disp_y: [31m6.888243e-09[39m

Postprocessor Values:
+----------------+----------------+----------------+
| time           | disp_y_max     | react_y_top    |
+----------------+----------------+----------------+
:                :                :                :
|   1.400000e+01 |   4.375000e-02 |   5.613606e+03 |
|   1.500000e+01 |   4.687500e-02 |   6.014450e+03 |
|   1.600000e+01 |   5.000000e-02 |   6.415277e+03 |
|   1.700000e+01 |   5.312500e-02 |   6.816087e+03 |
|   1.800000e+01 |   5.625000e-02 |   7.216880e+03 |
|   1.900000e+01 |   5.937500e-02 |   7.617656e+03 |
|   2.000000e+01 |   6.250000e-02 |   8.018415e+03 |
|   2.100000e+01 |   6.562500e-02 |   8.419157e+03 |
|   2.200000e+01 |   6.875000e-02 |   8.819882e+03 |
|   2.300000e+01 |   7.187500e-02 |   9.220590e+03 |
|   2.400000e+01 |   7.500000e-02 |   9.621281e+03 |
|   2.500000e+01 |   7.812500e-02 |   1.002195e+04 |
|   2.600000e+01 |   8.125000e-02 |   1.042261e+04 |
|   2.700000e+01 |   8.437500e-02 |   1.082325e+04 |
|   2.800000e+01 |   8.750000e-02 |   1.122387e+04 |
+----------------+----------------+----------------+


Time Step 29, time = 29, dt = 1
  Applying predictor with scale factor = 1
 0 Nonlinear |R| = [32m7.501397e-09[39m
  Nonlinear solve converged due to CONVERGED_FNORM_ABS iterations 0
[32m Solve Converged![39m

Outlier Variable Residual Norms:
  disp_y: [31m7.405278e-09[39m

Postprocessor Values:
+----------------+----------------+----------------+
| time           | disp_y_max     | react_y_top    |
+----------------+----------------+----------------+
:                :                :                :
|   1.500000e+01 |   4.687500e-02 |   6.014450e+03 |
|   1.600000e+01 |   5.000000e-02 |   6.415277e+03 |
|   1.700000e+01 |   5.312500e-02 |   6.816087e+03 |
|   1.800000e+01 |   5.625000e-02 |   7.216880e+03 |
|   1.900000e+01 |   5.937500e-02 |   7.617656e+03 |
|   2.000000e+01 |   6.250000e-02 |   8.018415e+03 |
|   2.100000e+01 |   6.562500e-02 |   8.419157e+03 |
|   2.200000e+01 |   6.875000e-02 |   8.819882e+03 |
|   2.300000e+01 |   7.187500e-02 |   9.220590e+03 |
|   2.400000e+01 |   7.500000e-02 |   9.621281e+03 |
|   2.500000e+01 |   7.812500e-02 |   1.002195e+04 |
|   2.600000e+01 |   8.125000e-02 |   1.042261e+04 |
|   2.700000e+01 |   8.437500e-02 |   1.082325e+04 |
|   2.800000e+01 |   8.750000e-02 |   1.122387e+04 |
|   2.900000e+01 |   9.062500e-02 |   1.162448e+04 |
+----------------+----------------+----------------+


Time Step 30, time = 30, dt = 1
  Applying predictor with scale factor = 1
 0 Nonlinear |R| = [32m8.004915e-09[39m
  Nonlinear solve converged due to CONVERGED_FNORM_ABS iterations 0
[32m Solve Converged![39m

Outlier Variable Residual Norms:
  disp_y: [31m7.902653e-09[39m

Postprocessor Values:
+----------------+----------------+----------------+
| time           | disp_y_max     | react_y_top    |
+----------------+----------------+----------------+
:                :                :                :
|   1.600000e+01 |   5.000000e-02 |   6.415277e+03 |
|   1.700000e+01 |   5.312500e-02 |   6.816087e+03 |
|   1.800000e+01 |   5.625000e-02 |   7.216880e+03 |
|   1.900000e+01 |   5.937500e-02 |   7.617656e+03 |
|   2.000000e+01 |   6.250000e-02 |   8.018415e+03 |
|   2.100000e+01 |   6.562500e-02 |   8.419157e+03 |
|   2.200000e+01 |   6.875000e-02 |   8.819882e+03 |
|   2.300000e+01 |   7.187500e-02 |   9.220590e+03 |
|   2.400000e+01 |   7.500000e-02 |   9.621281e+03 |
|   2.500000e+01 |   7.812500e-02 |   1.002195e+04 |
|   2.600000e+01 |   8.125000e-02 |   1.042261e+04 |
|   2.700000e+01 |   8.437500e-02 |   1.082325e+04 |
|   2.800000e+01 |   8.750000e-02 |   1.122387e+04 |
|   2.900000e+01 |   9.062500e-02 |   1.162448e+04 |
|   3.000000e+01 |   9.375000e-02 |   1.202507e+04 |
+----------------+----------------+----------------+


Time Step 31, time = 31, dt = 1
  Applying predictor with scale factor = 1
 0 Nonlinear |R| = [32m8.557447e-09[39m
  Nonlinear solve converged due to CONVERGED_FNORM_ABS iterations 0
[32m Solve Converged![39m

Outlier Variable Residual Norms:
  disp_y: [31m8.449052e-09[39m

Postprocessor Values:
+----------------+----------------+----------------+
| time           | disp_y_max     | react_y_top    |
+----------------+----------------+----------------+
:                :                :                :
|   1.700000e+01 |   5.312500e-02 |   6.816087e+03 |
|   1.800000e+01 |   5.625000e-02 |   7.216880e+03 |
|   1.900000e+01 |   5.937500e-02 |   7.617656e+03 |
|   2.000000e+01 |   6.250000e-02 |   8.018415e+03 |
|   2.100000e+01 |   6.562500e-02 |   8.419157e+03 |
|   2.200000e+01 |   6.875000e-02 |   8.819882e+03 |
|   2.300000e+01 |   7.187500e-02 |   9.220590e+03 |
|   2.400000e+01 |   7.500000e-02 |   9.621281e+03 |
|   2.500000e+01 |   7.812500e-02 |   1.002195e+04 |
|   2.600000e+01 |   8.125000e-02 |   1.042261e+04 |
|   2.700000e+01 |   8.437500e-02 |   1.082325e+04 |
|   2.800000e+01 |   8.750000e-02 |   1.122387e+04 |
|   2.900000e+01 |   9.062500e-02 |   1.162448e+04 |
|   3.000000e+01 |   9.375000e-02 |   1.202507e+04 |
|   3.100000e+01 |   9.687500e-02 |   1.242564e+04 |
+----------------+----------------+----------------+


Time Step 32, time = 32, dt = 1
  Applying predictor with scale factor = 1
 0 Nonlinear |R| = [32m9.144658e-09[39m
  Nonlinear solve converged due to CONVERGED_FNORM_ABS iterations 0
[32m Solve Converged![39m

Outlier Variable Residual Norms:
  disp_y: [31m9.030574e-09[39m

Postprocessor Values:
+----------------+----------------+----------------+
| time           | disp_y_max     | react_y_top    |
+----------------+----------------+----------------+
:                :                :                :
|   1.800000e+01 |   5.625000e-02 |   7.216880e+03 |
|   1.900000e+01 |   5.937500e-02 |   7.617656e+03 |
|   2.000000e+01 |   6.250000e-02 |   8.018415e+03 |
|   2.100000e+01 |   6.562500e-02 |   8.419157e+03 |
|   2.200000e+01 |   6.875000e-02 |   8.819882e+03 |
|   2.300000e+01 |   7.187500e-02 |   9.220590e+03 |
|   2.400000e+01 |   7.500000e-02 |   9.621281e+03 |
|   2.500000e+01 |   7.812500e-02 |   1.002195e+04 |
|   2.600000e+01 |   8.125000e-02 |   1.042261e+04 |
|   2.700000e+01 |   8.437500e-02 |   1.082325e+04 |
|   2.800000e+01 |   8.750000e-02 |   1.122387e+04 |
|   2.900000e+01 |   9.062500e-02 |   1.162448e+04 |
|   3.000000e+01 |   9.375000e-02 |   1.202507e+04 |
|   3.100000e+01 |   9.687500e-02 |   1.242564e+04 |
|   3.200000e+01 |   1.000000e-01 |   1.282619e+04 |
+----------------+----------------+----------------+

