Setting Up
  Initializing
    Finished Initializing Equation Systems                                               [[33m  0.34 s[39m] [[33m  318 MB[39m]
  Finished Initializing                                                                  [[33m  0.38 s[39m] [[33m  319 MB[39m]
Finished Setting Up                                                                      [[33m  0.51 s[39m] [[33m  319 MB[39m]
Framework Information:
MOOSE Version:           git commit b85414d92b on 2025-11-25
LibMesh Version:         910736a3a20aded528c3ba99371ce65980dc8e2c
PETSc Version:           3.24.0
SLEPc Version:           3.24.0
Current Time:            Tue Jun 16 10:05:40 2026
Executable Timestamp:    Wed Nov 26 18:13:58 2025

Input File(s):
  /home/lloydf/vfmverif/data/platenotch3d_elas.i

Command Line Argument(s):
  --n-threads=2

Checkpoint:
  Wall Time Interval:      Every 3600 s
  User Checkpoint:         Disabled
  # Checkpoints Kept:      2
  Execute On:              TIMESTEP_END 

Parallelism:
  Num Processors:          2
  Num Threads:             2

Mesh: 
  Parallel Type:           replicated
  Mesh Dimension:          3
  Spatial Dimension:       3
  Nodes:                   
    Total:                 9925
    Local:                 5027
    Min/Max/Avg:           4898/5027/4962
  Elems:                   
    Total:                 5652
    Local:                 2826
    Min/Max/Avg:           2826/2826/2826
  Num Subdomains:          1
  Num Partitions:          2
  Partitioner:             metis

Nonlinear System:
  Num DOFs:                50133
  Num Local DOFs:          25520
  Variables:               { "vonmises_stress" "strain_xx" "strain_yy" "strain_zz" "strain_xy" ... "stress_yy" 
                             "stress_zz" "stress_xy" "stress_yz" "stress_xz" } { "disp_x" "disp_y" "disp_z" 
                             } 
  Finite Element Types:    "LAGRANGE" "LAGRANGE" 
  Approximation Orders:    "FIRST" "SECOND" 

Execution Information:
  Executioner:             Transient
  TimeStepper:             IterationAdaptiveDT
  TimeIntegrator(s):       ImplicitEuler
  Solver Mode:             NEWTON 
  PETSc Preconditioner:    lu 
  MOOSE Preconditioner:    SMP 

Time Step 0, time = 0

Postprocessor Values:
+----------------+----------------+----------------+
| time           | disp_y_max     | react_y_top    |
+----------------+----------------+----------------+
|   0.000000e+00 |   0.000000e+00 |   0.000000e+00 |
+----------------+----------------+----------------+


Time Step 1, time = 1, dt = 1
 Skipping predictor this step
 0 Nonlinear |R| = [32m4.089425e+03[39m
Currently Executing
    Computing Jacobian                                                                   [[33m  5.40 s[39m] [[33m  372 MB[39m]
      0 Linear |R| = [32m4.089425e+03[39m
      1 Linear |R| = [32m4.741158e-11[39m
 1 Nonlinear |R| = [32m3.821020e+00[39m
    Computing Jacobian                                                                   [[33m  5.17 s[39m] [[33m  879 MB[39m]
      0 Linear |R| = [32m3.821020e+00[39m
      1 Linear |R| = [32m5.173378e-15[39m
 2 Nonlinear |R| = [32m5.756539e-12[39m
  Nonlinear solve converged due to CONVERGED_FNORM_ABS iterations 2
[32m Solve Converged![39m
  Finished Solving                                                                       [[33m 15.22 s[39m] [[33m  407 MB[39m]

Outlier Variable Residual Norms:
  disp_x: [33m2.260019e-12[39m
  disp_y: [33m4.851025e-12[39m
  disp_z: [33m2.044989e-12[39m

Postprocessor Values:
+----------------+----------------+----------------+
| time           | disp_y_max     | react_y_top    |
+----------------+----------------+----------------+
|   0.000000e+00 |   0.000000e+00 |   0.000000e+00 |
|   1.000000e+00 |   3.125000e-06 |   2.902887e+02 |
+----------------+----------------+----------------+


Time Step 2, time = 2, dt = 1
  Applying predictor with scale factor = 1
 0 Nonlinear |R| = [32m1.151308e-11[39m
  Nonlinear solve converged due to CONVERGED_FNORM_ABS iterations 0
[32m Solve Converged![39m

Outlier Variable Residual Norms:
  disp_x: [33m4.520039e-12[39m
  disp_y: [33m9.702050e-12[39m
  disp_z: [33m4.089978e-12[39m

Postprocessor Values:
+----------------+----------------+----------------+
| time           | disp_y_max     | react_y_top    |
+----------------+----------------+----------------+
|   0.000000e+00 |   0.000000e+00 |   0.000000e+00 |
|   1.000000e+00 |   3.125000e-06 |   2.902887e+02 |
|   2.000000e+00 |   6.250000e-06 |   5.805494e+02 |
+----------------+----------------+----------------+


Time Step 3, time = 3, dt = 1
  Applying predictor with scale factor = 1
 0 Nonlinear |R| = [32m2.460053e-11[39m
  Nonlinear solve converged due to CONVERGED_FNORM_ABS iterations 0
[32m Solve Converged![39m

Outlier Variable Residual Norms:
  disp_x: [33m9.569497e-12[39m
  disp_y: [33m2.095780e-11[39m

Postprocessor Values:
+----------------+----------------+----------------+
| time           | disp_y_max     | react_y_top    |
+----------------+----------------+----------------+
|   0.000000e+00 |   0.000000e+00 |   0.000000e+00 |
|   1.000000e+00 |   3.125000e-06 |   2.902887e+02 |
|   2.000000e+00 |   6.250000e-06 |   5.805494e+02 |
|   3.000000e+00 |   9.375000e-06 |   8.707821e+02 |
+----------------+----------------+----------------+


Time Step 4, time = 4, dt = 1
  Applying predictor with scale factor = 1
 0 Nonlinear |R| = [32m5.843697e-11[39m
  Nonlinear solve converged due to CONVERGED_FNORM_ABS iterations 0
[32m Solve Converged![39m

Outlier Variable Residual Norms:
  disp_x: [33m2.314007e-11[39m
  disp_y: [33m5.013836e-11[39m

Postprocessor Values:
+----------------+----------------+----------------+
| time           | disp_y_max     | react_y_top    |
+----------------+----------------+----------------+
|   0.000000e+00 |   0.000000e+00 |   0.000000e+00 |
|   1.000000e+00 |   3.125000e-06 |   2.902887e+02 |
|   2.000000e+00 |   6.250000e-06 |   5.805494e+02 |
|   3.000000e+00 |   9.375000e-06 |   8.707821e+02 |
|   4.000000e+00 |   1.250000e-05 |   1.160987e+03 |
+----------------+----------------+----------------+


Time Step 5, time = 5, dt = 1
  Applying predictor with scale factor = 1
 0 Nonlinear |R| = [32m9.766617e-11[39m
  Nonlinear solve converged due to CONVERGED_FNORM_ABS iterations 0
[32m Solve Converged![39m

Outlier Variable Residual Norms:
  disp_x: [33m3.863521e-11[39m
  disp_y: [33m8.392251e-11[39m

Postprocessor Values:
+----------------+----------------+----------------+
| time           | disp_y_max     | react_y_top    |
+----------------+----------------+----------------+
|   0.000000e+00 |   0.000000e+00 |   0.000000e+00 |
|   1.000000e+00 |   3.125000e-06 |   2.902887e+02 |
|   2.000000e+00 |   6.250000e-06 |   5.805494e+02 |
|   3.000000e+00 |   9.375000e-06 |   8.707821e+02 |
|   4.000000e+00 |   1.250000e-05 |   1.160987e+03 |
|   5.000000e+00 |   1.562500e-05 |   1.451163e+03 |
+----------------+----------------+----------------+


Time Step 6, time = 6, dt = 1
  Applying predictor with scale factor = 1
 0 Nonlinear |R| = [32m1.301828e-10[39m
  Nonlinear solve converged due to CONVERGED_FNORM_ABS iterations 0
[32m Solve Converged![39m

Outlier Variable Residual Norms:
  disp_x: [33m5.287895e-11[39m
  disp_y: [33m1.111842e-10[39m

Postprocessor Values:
+----------------+----------------+----------------+
| time           | disp_y_max     | react_y_top    |
+----------------+----------------+----------------+
|   0.000000e+00 |   0.000000e+00 |   0.000000e+00 |
|   1.000000e+00 |   3.125000e-06 |   2.902887e+02 |
|   2.000000e+00 |   6.250000e-06 |   5.805494e+02 |
|   3.000000e+00 |   9.375000e-06 |   8.707821e+02 |
|   4.000000e+00 |   1.250000e-05 |   1.160987e+03 |
|   5.000000e+00 |   1.562500e-05 |   1.451163e+03 |
|   6.000000e+00 |   1.875000e-05 |   1.741312e+03 |
+----------------+----------------+----------------+


Time Step 7, time = 7, dt = 1
  Applying predictor with scale factor = 1
 0 Nonlinear |R| = [32m1.727684e-10[39m
  Nonlinear solve converged due to CONVERGED_FNORM_ABS iterations 0
[32m Solve Converged![39m

Outlier Variable Residual Norms:
  disp_x: [33m6.938098e-11[39m
  disp_y: [33m1.478958e-10[39m

Postprocessor Values:
+----------------+----------------+----------------+
| time           | disp_y_max     | react_y_top    |
+----------------+----------------+----------------+
|   0.000000e+00 |   0.000000e+00 |   0.000000e+00 |
|   1.000000e+00 |   3.125000e-06 |   2.902887e+02 |
|   2.000000e+00 |   6.250000e-06 |   5.805494e+02 |
|   3.000000e+00 |   9.375000e-06 |   8.707821e+02 |
|   4.000000e+00 |   1.250000e-05 |   1.160987e+03 |
|   5.000000e+00 |   1.562500e-05 |   1.451163e+03 |
|   6.000000e+00 |   1.875000e-05 |   1.741312e+03 |
|   7.000000e+00 |   2.187500e-05 |   2.031433e+03 |
+----------------+----------------+----------------+


Time Step 8, time = 8, dt = 1
  Applying predictor with scale factor = 1
 0 Nonlinear |R| = [32m2.201685e-10[39m
  Nonlinear solve converged due to CONVERGED_FNORM_ABS iterations 0
[32m Solve Converged![39m

Outlier Variable Residual Norms:
  disp_x: [33m8.790168e-11[39m
  disp_y: [33m1.887485e-10[39m

Postprocessor Values:
+----------------+----------------+----------------+
| time           | disp_y_max     | react_y_top    |
+----------------+----------------+----------------+
|   0.000000e+00 |   0.000000e+00 |   0.000000e+00 |
|   1.000000e+00 |   3.125000e-06 |   2.902887e+02 |
|   2.000000e+00 |   6.250000e-06 |   5.805494e+02 |
|   3.000000e+00 |   9.375000e-06 |   8.707821e+02 |
|   4.000000e+00 |   1.250000e-05 |   1.160987e+03 |
|   5.000000e+00 |   1.562500e-05 |   1.451163e+03 |
|   6.000000e+00 |   1.875000e-05 |   1.741312e+03 |
|   7.000000e+00 |   2.187500e-05 |   2.031433e+03 |
|   8.000000e+00 |   2.500000e-05 |   2.321526e+03 |
+----------------+----------------+----------------+


Time Step 9, time = 9, dt = 1
  Applying predictor with scale factor = 1
 0 Nonlinear |R| = [32m2.722454e-10[39m
  Nonlinear solve converged due to CONVERGED_FNORM_ABS iterations 0
[32m Solve Converged![39m

Outlier Variable Residual Norms:
  disp_x: [33m1.075148e-10[39m
  disp_y: [33m2.339393e-10[39m

Postprocessor Values:
+----------------+----------------+----------------+
| time           | disp_y_max     | react_y_top    |
+----------------+----------------+----------------+
|   0.000000e+00 |   0.000000e+00 |   0.000000e+00 |
|   1.000000e+00 |   3.125000e-06 |   2.902887e+02 |
|   2.000000e+00 |   6.250000e-06 |   5.805494e+02 |
|   3.000000e+00 |   9.375000e-06 |   8.707821e+02 |
|   4.000000e+00 |   1.250000e-05 |   1.160987e+03 |
|   5.000000e+00 |   1.562500e-05 |   1.451163e+03 |
|   6.000000e+00 |   1.875000e-05 |   1.741312e+03 |
|   7.000000e+00 |   2.187500e-05 |   2.031433e+03 |
|   8.000000e+00 |   2.500000e-05 |   2.321526e+03 |
|   9.000000e+00 |   2.812500e-05 |   2.611590e+03 |
+----------------+----------------+----------------+


Time Step 10, time = 10, dt = 1
  Applying predictor with scale factor = 1
 0 Nonlinear |R| = [32m3.315539e-10[39m
  Nonlinear solve converged due to CONVERGED_FNORM_ABS iterations 0
[32m Solve Converged![39m

Outlier Variable Residual Norms:
  disp_x: [33m1.292179e-10[39m
  disp_y: [33m2.856540e-10[39m

Postprocessor Values:
+----------------+----------------+----------------+
| time           | disp_y_max     | react_y_top    |
+----------------+----------------+----------------+
|   0.000000e+00 |   0.000000e+00 |   0.000000e+00 |
|   1.000000e+00 |   3.125000e-06 |   2.902887e+02 |
|   2.000000e+00 |   6.250000e-06 |   5.805494e+02 |
|   3.000000e+00 |   9.375000e-06 |   8.707821e+02 |
|   4.000000e+00 |   1.250000e-05 |   1.160987e+03 |
|   5.000000e+00 |   1.562500e-05 |   1.451163e+03 |
|   6.000000e+00 |   1.875000e-05 |   1.741312e+03 |
|   7.000000e+00 |   2.187500e-05 |   2.031433e+03 |
|   8.000000e+00 |   2.500000e-05 |   2.321526e+03 |
|   9.000000e+00 |   2.812500e-05 |   2.611590e+03 |
|   1.000000e+01 |   3.125000e-05 |   2.901627e+03 |
+----------------+----------------+----------------+


Time Step 11, time = 11, dt = 1
  Applying predictor with scale factor = 1
 0 Nonlinear |R| = [32m3.947752e-10[39m
  Nonlinear solve converged due to CONVERGED_FNORM_ABS iterations 0
[32m Solve Converged![39m

Outlier Variable Residual Norms:
  disp_x: [33m1.525967e-10[39m
  disp_y: [33m3.408979e-10[39m

Postprocessor Values:
+----------------+----------------+----------------+
| time           | disp_y_max     | react_y_top    |
+----------------+----------------+----------------+
|   0.000000e+00 |   0.000000e+00 |   0.000000e+00 |
|   1.000000e+00 |   3.125000e-06 |   2.902887e+02 |
|   2.000000e+00 |   6.250000e-06 |   5.805494e+02 |
|   3.000000e+00 |   9.375000e-06 |   8.707821e+02 |
|   4.000000e+00 |   1.250000e-05 |   1.160987e+03 |
|   5.000000e+00 |   1.562500e-05 |   1.451163e+03 |
|   6.000000e+00 |   1.875000e-05 |   1.741312e+03 |
|   7.000000e+00 |   2.187500e-05 |   2.031433e+03 |
|   8.000000e+00 |   2.500000e-05 |   2.321526e+03 |
|   9.000000e+00 |   2.812500e-05 |   2.611590e+03 |
|   1.000000e+01 |   3.125000e-05 |   2.901627e+03 |
|   1.100000e+01 |   3.437500e-05 |   3.191635e+03 |
+----------------+----------------+----------------+


Time Step 12, time = 12, dt = 1
  Applying predictor with scale factor = 1
 0 Nonlinear |R| = [32m4.665205e-10[39m
  Nonlinear solve converged due to CONVERGED_FNORM_ABS iterations 0
[32m Solve Converged![39m

Outlier Variable Residual Norms:
  disp_x: [33m1.782546e-10[39m
  disp_y: [33m4.037612e-10[39m

Postprocessor Values:
+----------------+----------------+----------------+
| time           | disp_y_max     | react_y_top    |
+----------------+----------------+----------------+
|   0.000000e+00 |   0.000000e+00 |   0.000000e+00 |
|   1.000000e+00 |   3.125000e-06 |   2.902887e+02 |
|   2.000000e+00 |   6.250000e-06 |   5.805494e+02 |
|   3.000000e+00 |   9.375000e-06 |   8.707821e+02 |
|   4.000000e+00 |   1.250000e-05 |   1.160987e+03 |
|   5.000000e+00 |   1.562500e-05 |   1.451163e+03 |
|   6.000000e+00 |   1.875000e-05 |   1.741312e+03 |
|   7.000000e+00 |   2.187500e-05 |   2.031433e+03 |
|   8.000000e+00 |   2.500000e-05 |   2.321526e+03 |
|   9.000000e+00 |   2.812500e-05 |   2.611590e+03 |
|   1.000000e+01 |   3.125000e-05 |   2.901627e+03 |
|   1.100000e+01 |   3.437500e-05 |   3.191635e+03 |
|   1.200000e+01 |   3.750000e-05 |   3.481616e+03 |
+----------------+----------------+----------------+


Time Step 13, time = 13, dt = 1
  Applying predictor with scale factor = 1
 0 Nonlinear |R| = [32m5.487761e-10[39m
  Nonlinear solve converged due to CONVERGED_FNORM_ABS iterations 0
[32m Solve Converged![39m

Outlier Variable Residual Norms:
  disp_x: [33m2.079945e-10[39m
  disp_y: [33m4.758067e-10[39m

Postprocessor Values:
+----------------+----------------+----------------+
| time           | disp_y_max     | react_y_top    |
+----------------+----------------+----------------+
|   0.000000e+00 |   0.000000e+00 |   0.000000e+00 |
|   1.000000e+00 |   3.125000e-06 |   2.902887e+02 |
|   2.000000e+00 |   6.250000e-06 |   5.805494e+02 |
|   3.000000e+00 |   9.375000e-06 |   8.707821e+02 |
|   4.000000e+00 |   1.250000e-05 |   1.160987e+03 |
|   5.000000e+00 |   1.562500e-05 |   1.451163e+03 |
|   6.000000e+00 |   1.875000e-05 |   1.741312e+03 |
|   7.000000e+00 |   2.187500e-05 |   2.031433e+03 |
|   8.000000e+00 |   2.500000e-05 |   2.321526e+03 |
|   9.000000e+00 |   2.812500e-05 |   2.611590e+03 |
|   1.000000e+01 |   3.125000e-05 |   2.901627e+03 |
|   1.100000e+01 |   3.437500e-05 |   3.191635e+03 |
|   1.200000e+01 |   3.750000e-05 |   3.481616e+03 |
|   1.300000e+01 |   4.062500e-05 |   3.771569e+03 |
+----------------+----------------+----------------+


Time Step 14, time = 14, dt = 1
  Applying predictor with scale factor = 1
 0 Nonlinear |R| = [32m6.369199e-10[39m
  Nonlinear solve converged due to CONVERGED_FNORM_ABS iterations 0
[32m Solve Converged![39m

Outlier Variable Residual Norms:
  disp_x: [33m2.410190e-10[39m
  disp_y: [33m5.521694e-10[39m

Postprocessor Values:
+----------------+----------------+----------------+
| time           | disp_y_max     | react_y_top    |
+----------------+----------------+----------------+
|   0.000000e+00 |   0.000000e+00 |   0.000000e+00 |
|   1.000000e+00 |   3.125000e-06 |   2.902887e+02 |
|   2.000000e+00 |   6.250000e-06 |   5.805494e+02 |
|   3.000000e+00 |   9.375000e-06 |   8.707821e+02 |
|   4.000000e+00 |   1.250000e-05 |   1.160987e+03 |
|   5.000000e+00 |   1.562500e-05 |   1.451163e+03 |
|   6.000000e+00 |   1.875000e-05 |   1.741312e+03 |
|   7.000000e+00 |   2.187500e-05 |   2.031433e+03 |
|   8.000000e+00 |   2.500000e-05 |   2.321526e+03 |
|   9.000000e+00 |   2.812500e-05 |   2.611590e+03 |
|   1.000000e+01 |   3.125000e-05 |   2.901627e+03 |
|   1.100000e+01 |   3.437500e-05 |   3.191635e+03 |
|   1.200000e+01 |   3.750000e-05 |   3.481616e+03 |
|   1.300000e+01 |   4.062500e-05 |   3.771569e+03 |
|   1.400000e+01 |   4.375000e-05 |   4.061493e+03 |
+----------------+----------------+----------------+


Time Step 15, time = 15, dt = 1
  Applying predictor with scale factor = 1
 0 Nonlinear |R| = [32m7.315627e-10[39m
  Nonlinear solve converged due to CONVERGED_FNORM_ABS iterations 0
[32m Solve Converged![39m

Outlier Variable Residual Norms:
  disp_x: [33m2.783294e-10[39m
  disp_y: [33m6.334989e-10[39m

Postprocessor Values:
+----------------+----------------+----------------+
| time           | disp_y_max     | react_y_top    |
+----------------+----------------+----------------+
:                :                :                :
|   1.000000e+00 |   3.125000e-06 |   2.902887e+02 |
|   2.000000e+00 |   6.250000e-06 |   5.805494e+02 |
|   3.000000e+00 |   9.375000e-06 |   8.707821e+02 |
|   4.000000e+00 |   1.250000e-05 |   1.160987e+03 |
|   5.000000e+00 |   1.562500e-05 |   1.451163e+03 |
|   6.000000e+00 |   1.875000e-05 |   1.741312e+03 |
|   7.000000e+00 |   2.187500e-05 |   2.031433e+03 |
|   8.000000e+00 |   2.500000e-05 |   2.321526e+03 |
|   9.000000e+00 |   2.812500e-05 |   2.611590e+03 |
|   1.000000e+01 |   3.125000e-05 |   2.901627e+03 |
|   1.100000e+01 |   3.437500e-05 |   3.191635e+03 |
|   1.200000e+01 |   3.750000e-05 |   3.481616e+03 |
|   1.300000e+01 |   4.062500e-05 |   3.771569e+03 |
|   1.400000e+01 |   4.375000e-05 |   4.061493e+03 |
|   1.500000e+01 |   4.687500e-05 |   4.351390e+03 |
+----------------+----------------+----------------+


Time Step 16, time = 16, dt = 1
  Applying predictor with scale factor = 1
 0 Nonlinear |R| = [32m8.424147e-10[39m
  Nonlinear solve converged due to CONVERGED_FNORM_ABS iterations 0
[32m Solve Converged![39m

Outlier Variable Residual Norms:
  disp_x: [33m3.243537e-10[39m
  disp_y: [33m7.282531e-10[39m

Postprocessor Values:
+----------------+----------------+----------------+
| time           | disp_y_max     | react_y_top    |
+----------------+----------------+----------------+
:                :                :                :
|   2.000000e+00 |   6.250000e-06 |   5.805494e+02 |
|   3.000000e+00 |   9.375000e-06 |   8.707821e+02 |
|   4.000000e+00 |   1.250000e-05 |   1.160987e+03 |
|   5.000000e+00 |   1.562500e-05 |   1.451163e+03 |
|   6.000000e+00 |   1.875000e-05 |   1.741312e+03 |
|   7.000000e+00 |   2.187500e-05 |   2.031433e+03 |
|   8.000000e+00 |   2.500000e-05 |   2.321526e+03 |
|   9.000000e+00 |   2.812500e-05 |   2.611590e+03 |
|   1.000000e+01 |   3.125000e-05 |   2.901627e+03 |
|   1.100000e+01 |   3.437500e-05 |   3.191635e+03 |
|   1.200000e+01 |   3.750000e-05 |   3.481616e+03 |
|   1.300000e+01 |   4.062500e-05 |   3.771569e+03 |
|   1.400000e+01 |   4.375000e-05 |   4.061493e+03 |
|   1.500000e+01 |   4.687500e-05 |   4.351390e+03 |
|   1.600000e+01 |   5.000000e-05 |   4.641259e+03 |
+----------------+----------------+----------------+


Time Step 17, time = 17, dt = 1
  Applying predictor with scale factor = 1
 0 Nonlinear |R| = [32m9.558565e-10[39m
  Nonlinear solve converged due to CONVERGED_FNORM_ABS iterations 0
[32m Solve Converged![39m

Outlier Variable Residual Norms:
  disp_x: [33m3.724534e-10[39m
  disp_y: [33m8.242018e-10[39m

Postprocessor Values:
+----------------+----------------+----------------+
| time           | disp_y_max     | react_y_top    |
+----------------+----------------+----------------+
:                :                :                :
|   3.000000e+00 |   9.375000e-06 |   8.707821e+02 |
|   4.000000e+00 |   1.250000e-05 |   1.160987e+03 |
|   5.000000e+00 |   1.562500e-05 |   1.451163e+03 |
|   6.000000e+00 |   1.875000e-05 |   1.741312e+03 |
|   7.000000e+00 |   2.187500e-05 |   2.031433e+03 |
|   8.000000e+00 |   2.500000e-05 |   2.321526e+03 |
|   9.000000e+00 |   2.812500e-05 |   2.611590e+03 |
|   1.000000e+01 |   3.125000e-05 |   2.901627e+03 |
|   1.100000e+01 |   3.437500e-05 |   3.191635e+03 |
|   1.200000e+01 |   3.750000e-05 |   3.481616e+03 |
|   1.300000e+01 |   4.062500e-05 |   3.771569e+03 |
|   1.400000e+01 |   4.375000e-05 |   4.061493e+03 |
|   1.500000e+01 |   4.687500e-05 |   4.351390e+03 |
|   1.600000e+01 |   5.000000e-05 |   4.641259e+03 |
|   1.700000e+01 |   5.312500e-05 |   4.931099e+03 |
+----------------+----------------+----------------+


Time Step 18, time = 18, dt = 1
  Applying predictor with scale factor = 1
 0 Nonlinear |R| = [32m1.074462e-09[39m
  Nonlinear solve converged due to CONVERGED_FNORM_ABS iterations 0
[32m Solve Converged![39m

Outlier Variable Residual Norms:
  disp_x: [33m4.226880e-10[39m
  disp_y: [33m9.246004e-10[39m

Postprocessor Values:
+----------------+----------------+----------------+
| time           | disp_y_max     | react_y_top    |
+----------------+----------------+----------------+
:                :                :                :
|   4.000000e+00 |   1.250000e-05 |   1.160987e+03 |
|   5.000000e+00 |   1.562500e-05 |   1.451163e+03 |
|   6.000000e+00 |   1.875000e-05 |   1.741312e+03 |
|   7.000000e+00 |   2.187500e-05 |   2.031433e+03 |
|   8.000000e+00 |   2.500000e-05 |   2.321526e+03 |
|   9.000000e+00 |   2.812500e-05 |   2.611590e+03 |
|   1.000000e+01 |   3.125000e-05 |   2.901627e+03 |
|   1.100000e+01 |   3.437500e-05 |   3.191635e+03 |
|   1.200000e+01 |   3.750000e-05 |   3.481616e+03 |
|   1.300000e+01 |   4.062500e-05 |   3.771569e+03 |
|   1.400000e+01 |   4.375000e-05 |   4.061493e+03 |
|   1.500000e+01 |   4.687500e-05 |   4.351390e+03 |
|   1.600000e+01 |   5.000000e-05 |   4.641259e+03 |
|   1.700000e+01 |   5.312500e-05 |   4.931099e+03 |
|   1.800000e+01 |   5.625000e-05 |   5.220912e+03 |
+----------------+----------------+----------------+


Time Step 19, time = 19, dt = 1
  Applying predictor with scale factor = 1
 0 Nonlinear |R| = [32m1.196130e-09[39m
  Nonlinear solve converged due to CONVERGED_FNORM_ABS iterations 0
[32m Solve Converged![39m

Outlier Variable Residual Norms:
  disp_x: [33m4.750141e-10[39m
  disp_y: [33m1.027494e-09[39m

Postprocessor Values:
+----------------+----------------+----------------+
| time           | disp_y_max     | react_y_top    |
+----------------+----------------+----------------+
:                :                :                :
|   5.000000e+00 |   1.562500e-05 |   1.451163e+03 |
|   6.000000e+00 |   1.875000e-05 |   1.741312e+03 |
|   7.000000e+00 |   2.187500e-05 |   2.031433e+03 |
|   8.000000e+00 |   2.500000e-05 |   2.321526e+03 |
|   9.000000e+00 |   2.812500e-05 |   2.611590e+03 |
|   1.000000e+01 |   3.125000e-05 |   2.901627e+03 |
|   1.100000e+01 |   3.437500e-05 |   3.191635e+03 |
|   1.200000e+01 |   3.750000e-05 |   3.481616e+03 |
|   1.300000e+01 |   4.062500e-05 |   3.771569e+03 |
|   1.400000e+01 |   4.375000e-05 |   4.061493e+03 |
|   1.500000e+01 |   4.687500e-05 |   4.351390e+03 |
|   1.600000e+01 |   5.000000e-05 |   4.641259e+03 |
|   1.700000e+01 |   5.312500e-05 |   4.931099e+03 |
|   1.800000e+01 |   5.625000e-05 |   5.220912e+03 |
|   1.900000e+01 |   5.937500e-05 |   5.510697e+03 |
+----------------+----------------+----------------+


Time Step 20, time = 20, dt = 1
  Applying predictor with scale factor = 1
 0 Nonlinear |R| = [32m1.328028e-09[39m
  Nonlinear solve converged due to CONVERGED_FNORM_ABS iterations 0
[32m Solve Converged![39m

Outlier Variable Residual Norms:
  disp_x: [33m5.290359e-10[39m
  disp_y: [33m1.140160e-09[39m

Postprocessor Values:
+----------------+----------------+----------------+
| time           | disp_y_max     | react_y_top    |
+----------------+----------------+----------------+
:                :                :                :
|   6.000000e+00 |   1.875000e-05 |   1.741312e+03 |
|   7.000000e+00 |   2.187500e-05 |   2.031433e+03 |
|   8.000000e+00 |   2.500000e-05 |   2.321526e+03 |
|   9.000000e+00 |   2.812500e-05 |   2.611590e+03 |
|   1.000000e+01 |   3.125000e-05 |   2.901627e+03 |
|   1.100000e+01 |   3.437500e-05 |   3.191635e+03 |
|   1.200000e+01 |   3.750000e-05 |   3.481616e+03 |
|   1.300000e+01 |   4.062500e-05 |   3.771569e+03 |
|   1.400000e+01 |   4.375000e-05 |   4.061493e+03 |
|   1.500000e+01 |   4.687500e-05 |   4.351390e+03 |
|   1.600000e+01 |   5.000000e-05 |   4.641259e+03 |
|   1.700000e+01 |   5.312500e-05 |   4.931099e+03 |
|   1.800000e+01 |   5.625000e-05 |   5.220912e+03 |
|   1.900000e+01 |   5.937500e-05 |   5.510697e+03 |
|   2.000000e+01 |   6.250000e-05 |   5.800453e+03 |
+----------------+----------------+----------------+


Time Step 21, time = 21, dt = 1
  Applying predictor with scale factor = 1
 0 Nonlinear |R| = [32m1.460933e-09[39m
  Nonlinear solve converged due to CONVERGED_FNORM_ABS iterations 0
[32m Solve Converged![39m

Outlier Variable Residual Norms:
  disp_x: [33m5.839342e-10[39m
  disp_y: [33m1.253696e-09[39m

Postprocessor Values:
+----------------+----------------+----------------+
| time           | disp_y_max     | react_y_top    |
+----------------+----------------+----------------+
:                :                :                :
|   7.000000e+00 |   2.187500e-05 |   2.031433e+03 |
|   8.000000e+00 |   2.500000e-05 |   2.321526e+03 |
|   9.000000e+00 |   2.812500e-05 |   2.611590e+03 |
|   1.000000e+01 |   3.125000e-05 |   2.901627e+03 |
|   1.100000e+01 |   3.437500e-05 |   3.191635e+03 |
|   1.200000e+01 |   3.750000e-05 |   3.481616e+03 |
|   1.300000e+01 |   4.062500e-05 |   3.771569e+03 |
|   1.400000e+01 |   4.375000e-05 |   4.061493e+03 |
|   1.500000e+01 |   4.687500e-05 |   4.351390e+03 |
|   1.600000e+01 |   5.000000e-05 |   4.641259e+03 |
|   1.700000e+01 |   5.312500e-05 |   4.931099e+03 |
|   1.800000e+01 |   5.625000e-05 |   5.220912e+03 |
|   1.900000e+01 |   5.937500e-05 |   5.510697e+03 |
|   2.000000e+01 |   6.250000e-05 |   5.800453e+03 |
|   2.100000e+01 |   6.562500e-05 |   6.090182e+03 |
+----------------+----------------+----------------+


Time Step 22, time = 22, dt = 1
  Applying predictor with scale factor = 1
 0 Nonlinear |R| = [32m1.591133e-09[39m
  Nonlinear solve converged due to CONVERGED_FNORM_ABS iterations 0
[32m Solve Converged![39m

Outlier Variable Residual Norms:
  disp_x: [33m6.398109e-10[39m
  disp_y: [33m1.363584e-09[39m

Postprocessor Values:
+----------------+----------------+----------------+
| time           | disp_y_max     | react_y_top    |
+----------------+----------------+----------------+
:                :                :                :
|   8.000000e+00 |   2.500000e-05 |   2.321526e+03 |
|   9.000000e+00 |   2.812500e-05 |   2.611590e+03 |
|   1.000000e+01 |   3.125000e-05 |   2.901627e+03 |
|   1.100000e+01 |   3.437500e-05 |   3.191635e+03 |
|   1.200000e+01 |   3.750000e-05 |   3.481616e+03 |
|   1.300000e+01 |   4.062500e-05 |   3.771569e+03 |
|   1.400000e+01 |   4.375000e-05 |   4.061493e+03 |
|   1.500000e+01 |   4.687500e-05 |   4.351390e+03 |
|   1.600000e+01 |   5.000000e-05 |   4.641259e+03 |
|   1.700000e+01 |   5.312500e-05 |   4.931099e+03 |
|   1.800000e+01 |   5.625000e-05 |   5.220912e+03 |
|   1.900000e+01 |   5.937500e-05 |   5.510697e+03 |
|   2.000000e+01 |   6.250000e-05 |   5.800453e+03 |
|   2.100000e+01 |   6.562500e-05 |   6.090182e+03 |
|   2.200000e+01 |   6.875000e-05 |   6.379883e+03 |
+----------------+----------------+----------------+


Time Step 23, time = 23, dt = 1
  Applying predictor with scale factor = 1
 0 Nonlinear |R| = [32m1.732832e-09[39m
  Nonlinear solve converged due to CONVERGED_FNORM_ABS iterations 0
[32m Solve Converged![39m

Outlier Variable Residual Norms:
  disp_x: [33m6.979668e-10[39m
  disp_y: [33m1.484608e-09[39m

Postprocessor Values:
+----------------+----------------+----------------+
| time           | disp_y_max     | react_y_top    |
+----------------+----------------+----------------+
:                :                :                :
|   9.000000e+00 |   2.812500e-05 |   2.611590e+03 |
|   1.000000e+01 |   3.125000e-05 |   2.901627e+03 |
|   1.100000e+01 |   3.437500e-05 |   3.191635e+03 |
|   1.200000e+01 |   3.750000e-05 |   3.481616e+03 |
|   1.300000e+01 |   4.062500e-05 |   3.771569e+03 |
|   1.400000e+01 |   4.375000e-05 |   4.061493e+03 |
|   1.500000e+01 |   4.687500e-05 |   4.351390e+03 |
|   1.600000e+01 |   5.000000e-05 |   4.641259e+03 |
|   1.700000e+01 |   5.312500e-05 |   4.931099e+03 |
|   1.800000e+01 |   5.625000e-05 |   5.220912e+03 |
|   1.900000e+01 |   5.937500e-05 |   5.510697e+03 |
|   2.000000e+01 |   6.250000e-05 |   5.800453e+03 |
|   2.100000e+01 |   6.562500e-05 |   6.090182e+03 |
|   2.200000e+01 |   6.875000e-05 |   6.379883e+03 |
|   2.300000e+01 |   7.187500e-05 |   6.669556e+03 |
+----------------+----------------+----------------+


Time Step 24, time = 24, dt = 1
  Applying predictor with scale factor = 1
 0 Nonlinear |R| = [32m1.885631e-09[39m
  Nonlinear solve converged due to CONVERGED_FNORM_ABS iterations 0
[32m Solve Converged![39m

Outlier Variable Residual Norms:
  disp_x: [33m7.582707e-10[39m
  disp_y: [33m1.616218e-09[39m

Postprocessor Values:
+----------------+----------------+----------------+
| time           | disp_y_max     | react_y_top    |
+----------------+----------------+----------------+
:                :                :                :
|   1.000000e+01 |   3.125000e-05 |   2.901627e+03 |
|   1.100000e+01 |   3.437500e-05 |   3.191635e+03 |
|   1.200000e+01 |   3.750000e-05 |   3.481616e+03 |
|   1.300000e+01 |   4.062500e-05 |   3.771569e+03 |
|   1.400000e+01 |   4.375000e-05 |   4.061493e+03 |
|   1.500000e+01 |   4.687500e-05 |   4.351390e+03 |
|   1.600000e+01 |   5.000000e-05 |   4.641259e+03 |
|   1.700000e+01 |   5.312500e-05 |   4.931099e+03 |
|   1.800000e+01 |   5.625000e-05 |   5.220912e+03 |
|   1.900000e+01 |   5.937500e-05 |   5.510697e+03 |
|   2.000000e+01 |   6.250000e-05 |   5.800453e+03 |
|   2.100000e+01 |   6.562500e-05 |   6.090182e+03 |
|   2.200000e+01 |   6.875000e-05 |   6.379883e+03 |
|   2.300000e+01 |   7.187500e-05 |   6.669556e+03 |
|   2.400000e+01 |   7.500000e-05 |   6.959200e+03 |
+----------------+----------------+----------------+


Time Step 25, time = 25, dt = 1
  Applying predictor with scale factor = 1
 0 Nonlinear |R| = [32m2.046556e-09[39m
  Nonlinear solve converged due to CONVERGED_FNORM_ABS iterations 0
[32m Solve Converged![39m

Outlier Variable Residual Norms:
  disp_x: [33m8.220095e-10[39m
  disp_y: [33m1.753849e-09[39m

Postprocessor Values:
+----------------+----------------+----------------+
| time           | disp_y_max     | react_y_top    |
+----------------+----------------+----------------+
:                :                :                :
|   1.100000e+01 |   3.437500e-05 |   3.191635e+03 |
|   1.200000e+01 |   3.750000e-05 |   3.481616e+03 |
|   1.300000e+01 |   4.062500e-05 |   3.771569e+03 |
|   1.400000e+01 |   4.375000e-05 |   4.061493e+03 |
|   1.500000e+01 |   4.687500e-05 |   4.351390e+03 |
|   1.600000e+01 |   5.000000e-05 |   4.641259e+03 |
|   1.700000e+01 |   5.312500e-05 |   4.931099e+03 |
|   1.800000e+01 |   5.625000e-05 |   5.220912e+03 |
|   1.900000e+01 |   5.937500e-05 |   5.510697e+03 |
|   2.000000e+01 |   6.250000e-05 |   5.800453e+03 |
|   2.100000e+01 |   6.562500e-05 |   6.090182e+03 |
|   2.200000e+01 |   6.875000e-05 |   6.379883e+03 |
|   2.300000e+01 |   7.187500e-05 |   6.669556e+03 |
|   2.400000e+01 |   7.500000e-05 |   6.959200e+03 |
|   2.500000e+01 |   7.812500e-05 |   7.248817e+03 |
+----------------+----------------+----------------+


Time Step 26, time = 26, dt = 1
  Applying predictor with scale factor = 1
 0 Nonlinear |R| = [32m2.218351e-09[39m
  Nonlinear solve converged due to CONVERGED_FNORM_ABS iterations 0
[32m Solve Converged![39m

Outlier Variable Residual Norms:
  disp_x: [33m8.887908e-10[39m
  disp_y: [33m1.902061e-09[39m

Postprocessor Values:
+----------------+----------------+----------------+
| time           | disp_y_max     | react_y_top    |
+----------------+----------------+----------------+
:                :                :                :
|   1.200000e+01 |   3.750000e-05 |   3.481616e+03 |
|   1.300000e+01 |   4.062500e-05 |   3.771569e+03 |
|   1.400000e+01 |   4.375000e-05 |   4.061493e+03 |
|   1.500000e+01 |   4.687500e-05 |   4.351390e+03 |
|   1.600000e+01 |   5.000000e-05 |   4.641259e+03 |
|   1.700000e+01 |   5.312500e-05 |   4.931099e+03 |
|   1.800000e+01 |   5.625000e-05 |   5.220912e+03 |
|   1.900000e+01 |   5.937500e-05 |   5.510697e+03 |
|   2.000000e+01 |   6.250000e-05 |   5.800453e+03 |
|   2.100000e+01 |   6.562500e-05 |   6.090182e+03 |
|   2.200000e+01 |   6.875000e-05 |   6.379883e+03 |
|   2.300000e+01 |   7.187500e-05 |   6.669556e+03 |
|   2.400000e+01 |   7.500000e-05 |   6.959200e+03 |
|   2.500000e+01 |   7.812500e-05 |   7.248817e+03 |
|   2.600000e+01 |   8.125000e-05 |   7.538406e+03 |
+----------------+----------------+----------------+


Time Step 27, time = 27, dt = 1
  Applying predictor with scale factor = 1
 0 Nonlinear |R| = [32m2.398912e-09[39m
  Nonlinear solve converged due to CONVERGED_FNORM_ABS iterations 0
[32m Solve Converged![39m

Outlier Variable Residual Norms:
  disp_x: [33m9.593717e-10[39m
  disp_y: [33m2.057361e-09[39m

Postprocessor Values:
+----------------+----------------+----------------+
| time           | disp_y_max     | react_y_top    |
+----------------+----------------+----------------+
:                :                :                :
|   1.300000e+01 |   4.062500e-05 |   3.771569e+03 |
|   1.400000e+01 |   4.375000e-05 |   4.061493e+03 |
|   1.500000e+01 |   4.687500e-05 |   4.351390e+03 |
|   1.600000e+01 |   5.000000e-05 |   4.641259e+03 |
|   1.700000e+01 |   5.312500e-05 |   4.931099e+03 |
|   1.800000e+01 |   5.625000e-05 |   5.220912e+03 |
|   1.900000e+01 |   5.937500e-05 |   5.510697e+03 |
|   2.000000e+01 |   6.250000e-05 |   5.800453e+03 |
|   2.100000e+01 |   6.562500e-05 |   6.090182e+03 |
|   2.200000e+01 |   6.875000e-05 |   6.379883e+03 |
|   2.300000e+01 |   7.187500e-05 |   6.669556e+03 |
|   2.400000e+01 |   7.500000e-05 |   6.959200e+03 |
|   2.500000e+01 |   7.812500e-05 |   7.248817e+03 |
|   2.600000e+01 |   8.125000e-05 |   7.538406e+03 |
|   2.700000e+01 |   8.437500e-05 |   7.827966e+03 |
+----------------+----------------+----------------+


Time Step 28, time = 28, dt = 1
  Applying predictor with scale factor = 1
 0 Nonlinear |R| = [32m2.585832e-09[39m
  Nonlinear solve converged due to CONVERGED_FNORM_ABS iterations 0
[32m Solve Converged![39m

Outlier Variable Residual Norms:
  disp_x: [33m1.031189e-09[39m
  disp_y: [33m2.218668e-09[39m

Postprocessor Values:
+----------------+----------------+----------------+
| time           | disp_y_max     | react_y_top    |
+----------------+----------------+----------------+
:                :                :                :
|   1.400000e+01 |   4.375000e-05 |   4.061493e+03 |
|   1.500000e+01 |   4.687500e-05 |   4.351390e+03 |
|   1.600000e+01 |   5.000000e-05 |   4.641259e+03 |
|   1.700000e+01 |   5.312500e-05 |   4.931099e+03 |
|   1.800000e+01 |   5.625000e-05 |   5.220912e+03 |
|   1.900000e+01 |   5.937500e-05 |   5.510697e+03 |
|   2.000000e+01 |   6.250000e-05 |   5.800453e+03 |
|   2.100000e+01 |   6.562500e-05 |   6.090182e+03 |
|   2.200000e+01 |   6.875000e-05 |   6.379883e+03 |
|   2.300000e+01 |   7.187500e-05 |   6.669556e+03 |
|   2.400000e+01 |   7.500000e-05 |   6.959200e+03 |
|   2.500000e+01 |   7.812500e-05 |   7.248817e+03 |
|   2.600000e+01 |   8.125000e-05 |   7.538406e+03 |
|   2.700000e+01 |   8.437500e-05 |   7.827966e+03 |
|   2.800000e+01 |   8.750000e-05 |   8.117499e+03 |
+----------------+----------------+----------------+


Time Step 29, time = 29, dt = 1
  Applying predictor with scale factor = 1
 0 Nonlinear |R| = [32m2.777655e-09[39m
  Nonlinear solve converged due to CONVERGED_FNORM_ABS iterations 0
[32m Solve Converged![39m

Outlier Variable Residual Norms:
  disp_x: [33m1.105317e-09[39m
  disp_y: [33m2.383778e-09[39m

Postprocessor Values:
+----------------+----------------+----------------+
| time           | disp_y_max     | react_y_top    |
+----------------+----------------+----------------+
:                :                :                :
|   1.500000e+01 |   4.687500e-05 |   4.351390e+03 |
|   1.600000e+01 |   5.000000e-05 |   4.641259e+03 |
|   1.700000e+01 |   5.312500e-05 |   4.931099e+03 |
|   1.800000e+01 |   5.625000e-05 |   5.220912e+03 |
|   1.900000e+01 |   5.937500e-05 |   5.510697e+03 |
|   2.000000e+01 |   6.250000e-05 |   5.800453e+03 |
|   2.100000e+01 |   6.562500e-05 |   6.090182e+03 |
|   2.200000e+01 |   6.875000e-05 |   6.379883e+03 |
|   2.300000e+01 |   7.187500e-05 |   6.669556e+03 |
|   2.400000e+01 |   7.500000e-05 |   6.959200e+03 |
|   2.500000e+01 |   7.812500e-05 |   7.248817e+03 |
|   2.600000e+01 |   8.125000e-05 |   7.538406e+03 |
|   2.700000e+01 |   8.437500e-05 |   7.827966e+03 |
|   2.800000e+01 |   8.750000e-05 |   8.117499e+03 |
|   2.900000e+01 |   9.062500e-05 |   8.407004e+03 |
+----------------+----------------+----------------+


Time Step 30, time = 30, dt = 1
  Applying predictor with scale factor = 1
 0 Nonlinear |R| = [32m2.972595e-09[39m
  Nonlinear solve converged due to CONVERGED_FNORM_ABS iterations 0
[32m Solve Converged![39m

Outlier Variable Residual Norms:
  disp_x: [33m1.181337e-09[39m
  disp_y: [33m2.552004e-09[39m

Postprocessor Values:
+----------------+----------------+----------------+
| time           | disp_y_max     | react_y_top    |
+----------------+----------------+----------------+
:                :                :                :
|   1.600000e+01 |   5.000000e-05 |   4.641259e+03 |
|   1.700000e+01 |   5.312500e-05 |   4.931099e+03 |
|   1.800000e+01 |   5.625000e-05 |   5.220912e+03 |
|   1.900000e+01 |   5.937500e-05 |   5.510697e+03 |
|   2.000000e+01 |   6.250000e-05 |   5.800453e+03 |
|   2.100000e+01 |   6.562500e-05 |   6.090182e+03 |
|   2.200000e+01 |   6.875000e-05 |   6.379883e+03 |
|   2.300000e+01 |   7.187500e-05 |   6.669556e+03 |
|   2.400000e+01 |   7.500000e-05 |   6.959200e+03 |
|   2.500000e+01 |   7.812500e-05 |   7.248817e+03 |
|   2.600000e+01 |   8.125000e-05 |   7.538406e+03 |
|   2.700000e+01 |   8.437500e-05 |   7.827966e+03 |
|   2.800000e+01 |   8.750000e-05 |   8.117499e+03 |
|   2.900000e+01 |   9.062500e-05 |   8.407004e+03 |
|   3.000000e+01 |   9.375000e-05 |   8.696481e+03 |
+----------------+----------------+----------------+


Time Step 31, time = 31, dt = 1
  Applying predictor with scale factor = 1
 0 Nonlinear |R| = [32m3.176742e-09[39m
  Nonlinear solve converged due to CONVERGED_FNORM_ABS iterations 0
[32m Solve Converged![39m

Outlier Variable Residual Norms:
  disp_x: [33m1.260413e-09[39m
  disp_y: [33m2.727691e-09[39m

Postprocessor Values:
+----------------+----------------+----------------+
| time           | disp_y_max     | react_y_top    |
+----------------+----------------+----------------+
:                :                :                :
|   1.700000e+01 |   5.312500e-05 |   4.931099e+03 |
|   1.800000e+01 |   5.625000e-05 |   5.220912e+03 |
|   1.900000e+01 |   5.937500e-05 |   5.510697e+03 |
|   2.000000e+01 |   6.250000e-05 |   5.800453e+03 |
|   2.100000e+01 |   6.562500e-05 |   6.090182e+03 |
|   2.200000e+01 |   6.875000e-05 |   6.379883e+03 |
|   2.300000e+01 |   7.187500e-05 |   6.669556e+03 |
|   2.400000e+01 |   7.500000e-05 |   6.959200e+03 |
|   2.500000e+01 |   7.812500e-05 |   7.248817e+03 |
|   2.600000e+01 |   8.125000e-05 |   7.538406e+03 |
|   2.700000e+01 |   8.437500e-05 |   7.827966e+03 |
|   2.800000e+01 |   8.750000e-05 |   8.117499e+03 |
|   2.900000e+01 |   9.062500e-05 |   8.407004e+03 |
|   3.000000e+01 |   9.375000e-05 |   8.696481e+03 |
|   3.100000e+01 |   9.687500e-05 |   8.985930e+03 |
+----------------+----------------+----------------+


Time Step 32, time = 32, dt = 1
  Applying predictor with scale factor = 1
 0 Nonlinear |R| = [32m3.381668e-09[39m
  Nonlinear solve converged due to CONVERGED_FNORM_ABS iterations 0
[32m Solve Converged![39m

Outlier Variable Residual Norms:
  disp_x: [33m1.339166e-09[39m
  disp_y: [33m2.904956e-09[39m

Postprocessor Values:
+----------------+----------------+----------------+
| time           | disp_y_max     | react_y_top    |
+----------------+----------------+----------------+
:                :                :                :
|   1.800000e+01 |   5.625000e-05 |   5.220912e+03 |
|   1.900000e+01 |   5.937500e-05 |   5.510697e+03 |
|   2.000000e+01 |   6.250000e-05 |   5.800453e+03 |
|   2.100000e+01 |   6.562500e-05 |   6.090182e+03 |
|   2.200000e+01 |   6.875000e-05 |   6.379883e+03 |
|   2.300000e+01 |   7.187500e-05 |   6.669556e+03 |
|   2.400000e+01 |   7.500000e-05 |   6.959200e+03 |
|   2.500000e+01 |   7.812500e-05 |   7.248817e+03 |
|   2.600000e+01 |   8.125000e-05 |   7.538406e+03 |
|   2.700000e+01 |   8.437500e-05 |   7.827966e+03 |
|   2.800000e+01 |   8.750000e-05 |   8.117499e+03 |
|   2.900000e+01 |   9.062500e-05 |   8.407004e+03 |
|   3.000000e+01 |   9.375000e-05 |   8.696481e+03 |
|   3.100000e+01 |   9.687500e-05 |   8.985930e+03 |
|   3.200000e+01 |   1.000000e-04 |   9.275350e+03 |
+----------------+----------------+----------------+

Finished Executing                                                                       [[33m 20.99 s[39m] [[33m  407 MB[39m]
