Setting Up
  Initializing
    Finished Initializing Equation Systems                                               [[33m  0.33 s[39m] [[33m  343 MB[39m]
  Finished Initializing                                                                  [[33m  0.34 s[39m] [[33m  343 MB[39m]
Finished Setting Up                                                                      [[33m  0.45 s[39m] [[33m  344 MB[39m]
Framework Information:
MOOSE Version:           git commit b85414d92b on 2025-11-25
LibMesh Version:         910736a3a20aded528c3ba99371ce65980dc8e2c
PETSc Version:           3.24.0
SLEPc Version:           3.24.0
Current Time:            Tue Jun 16 09:46:33 2026
Executable Timestamp:    Wed Nov 26 18:13:58 2025

Input File(s):
  /home/lloydf/vfmverif/data/platehole3d_plas.i

Command Line Argument(s):
  --n-threads=2

Checkpoint:
  Wall Time Interval:      Every 3600 s
  User Checkpoint:         Disabled
  # Checkpoints Kept:      2
  Execute On:              TIMESTEP_END 

Parallelism:
  Num Processors:          2
  Num Threads:             2

Mesh: 
  Parallel Type:           replicated
  Mesh Dimension:          3
  Spatial Dimension:       3
  Nodes:                   
    Total:                 4032
    Local:                 2093
    Min/Max/Avg:           1939/2093/2016
  Elems:                   
    Total:                 672
    Local:                 336
    Min/Max/Avg:           336/336/336
  Num Subdomains:          1
  Num Partitions:          2
  Partitioner:             metis

Nonlinear System:
  Num DOFs:                33642
  Num Local DOFs:          17622
  Variables:               { "vonmises_stress" "strain_xx" "strain_yy" "strain_zz" "strain_xy" ... "stress_yy" 
                             "stress_zz" "stress_xy" "stress_yz" "stress_xz" } { "disp_x" "disp_y" "disp_z" 
                             } 
  Finite Element Types:    "LAGRANGE" "LAGRANGE" 
  Approximation Orders:    "FIRST" "SECOND" 

Auxiliary System:
  Num DOFs:                672
  Num Local DOFs:          336
  Variables:               "effective_plastic_strain_out" 
  Finite Element Types:    "MONOMIAL" 
  Approximation Orders:    "CONSTANT" 

Execution Information:
  Executioner:             Transient
  TimeStepper:             IterationAdaptiveDT
  TimeIntegrator(s):       ImplicitEuler
  Solver Mode:             NEWTON 
  PETSc Preconditioner:    lu 
  MOOSE Preconditioner:    SMP 

Time Step 0, time = 0

Postprocessor Values:
+----------------+----------------+----------------+----------------+
| time           | disp_y_max     | react_y_top    | stress_vm_max  |
+----------------+----------------+----------------+----------------+
|   0.000000e+00 |   0.000000e+00 |   0.000000e+00 |   0.000000e+00 |
+----------------+----------------+----------------+----------------+


Time Step 1, time = 1, dt = 1
 Skipping predictor this step
 0 Nonlinear |R| = [32m1.177542e+04[39m
      0 Linear |R| = [32m1.177542e+04[39m
      1 Linear |R| = [32m1.684469e-10[39m
 1 Nonlinear |R| = [32m2.925464e+03[39m
      0 Linear |R| = [32m2.925464e+03[39m
      1 Linear |R| = [32m5.870845e-10[39m
 2 Nonlinear |R| = [32m2.333682e+03[39m
      0 Linear |R| = [32m2.333682e+03[39m
      1 Linear |R| = [32m6.454684e-10[39m
 3 Nonlinear |R| = [32m1.482441e+03[39m
      0 Linear |R| = [32m1.482441e+03[39m
      1 Linear |R| = [32m1.077251e-10[39m
 4 Nonlinear |R| = [32m1.390038e+03[39m
      0 Linear |R| = [32m1.390038e+03[39m
      1 Linear |R| = [32m2.097479e-10[39m
 5 Nonlinear |R| = [32m1.060507e+03[39m
      0 Linear |R| = [32m1.060507e+03[39m
      1 Linear |R| = [32m2.843943e-10[39m
 6 Nonlinear |R| = [32m6.033561e+02[39m
      0 Linear |R| = [32m6.033561e+02[39m
      1 Linear |R| = [32m3.317673e-12[39m
 7 Nonlinear |R| = [32m2.454204e+02[39m
      0 Linear |R| = [32m2.454204e+02[39m
      1 Linear |R| = [32m8.628932e-13[39m
 8 Nonlinear |R| = [32m1.914063e-01[39m
      0 Linear |R| = [32m1.914063e-01[39m
      1 Linear |R| = [32m6.896714e-16[39m
 9 Nonlinear |R| = [32m4.601717e-05[39m
  Nonlinear solve converged due to CONVERGED_FNORM_ABS iterations 9
[32m Solve Converged![39m
Currently Executing
  Finished Solving                                                                       [[33m 36.23 s[39m] [[33m  489 MB[39m]

Outlier Variable Residual Norms:
  stress_xx: [33m1.429201e-05[39m
  stress_yy: [33m2.546291e-05[39m
  stress_zz: [33m3.485849e-05[39m

Postprocessor Values:
+----------------+----------------+----------------+----------------+
| time           | disp_y_max     | react_y_top    | stress_vm_max  |
+----------------+----------------+----------------+----------------+
|   0.000000e+00 |   0.000000e+00 |   0.000000e+00 |   0.000000e+00 |
|   1.000000e+00 |   3.125000e-06 |   4.010595e+02 |   4.955029e+07 |
+----------------+----------------+----------------+----------------+


Time Step 2, time = 2, dt = 1
  Applying predictor with scale factor = 1
 0 Nonlinear |R| = [32m8.582155e-02[39m
      0 Linear |R| = [32m8.582155e-02[39m
      1 Linear |R| = [32m1.279554e-15[39m
 1 Nonlinear |R| = [32m6.196817e-05[39m
      0 Linear |R| = [32m6.196817e-05[39m
      1 Linear |R| = [32m9.355515e-19[39m
 2 Nonlinear |R| = [32m1.906481e-09[39m
  Nonlinear solve converged due to CONVERGED_FNORM_ABS iterations 2
[32m Solve Converged![39m
  Finished Solving                                                                       [[33m  8.28 s[39m] [[33m  489 MB[39m]

Outlier Variable Residual Norms:
  disp_y: [33m6.713517e-10[39m
  disp_z: [31m1.721264e-09[39m

Postprocessor Values:
+----------------+----------------+----------------+----------------+
| time           | disp_y_max     | react_y_top    | stress_vm_max  |
+----------------+----------------+----------------+----------------+
|   0.000000e+00 |   0.000000e+00 |   0.000000e+00 |   0.000000e+00 |
|   1.000000e+00 |   3.125000e-06 |   4.010595e+02 |   4.955029e+07 |
|   2.000000e+00 |   6.250000e-06 |   8.020479e+02 |   9.908639e+07 |
+----------------+----------------+----------------+----------------+


Time Step 3, time = 3, dt = 1
  Applying predictor with scale factor = 1
 0 Nonlinear |R| = [32m8.581109e-02[39m
      0 Linear |R| = [32m8.581109e-02[39m
      1 Linear |R| = [32m1.411600e-15[39m
 1 Nonlinear |R| = [32m6.195206e-05[39m
      0 Linear |R| = [32m6.195206e-05[39m
      1 Linear |R| = [32m1.109078e-19[39m
 2 Nonlinear |R| = [32m1.847695e-09[39m
  Nonlinear solve converged due to CONVERGED_FNORM_ABS iterations 2
[32m Solve Converged![39m
  Finished Solving                                                                       [[33m  8.53 s[39m] [[33m  489 MB[39m]

Outlier Variable Residual Norms:
  disp_y: [33m7.058823e-10[39m
  disp_z: [33m1.648098e-09[39m

Postprocessor Values:
+----------------+----------------+----------------+----------------+
| time           | disp_y_max     | react_y_top    | stress_vm_max  |
+----------------+----------------+----------------+----------------+
|   0.000000e+00 |   0.000000e+00 |   0.000000e+00 |   0.000000e+00 |
|   1.000000e+00 |   3.125000e-06 |   4.010595e+02 |   4.955029e+07 |
|   2.000000e+00 |   6.250000e-06 |   8.020479e+02 |   9.908639e+07 |
|   3.000000e+00 |   9.375000e-06 |   1.202965e+03 |   1.486089e+08 |
+----------------+----------------+----------------+----------------+


Time Step 4, time = 4, dt = 1
  Applying predictor with scale factor = 1
 0 Nonlinear |R| = [32m8.580065e-02[39m
      0 Linear |R| = [32m8.580065e-02[39m
      1 Linear |R| = [32m1.285954e-15[39m
 1 Nonlinear |R| = [32m6.193598e-05[39m
      0 Linear |R| = [32m6.193598e-05[39m
      1 Linear |R| = [32m3.169629e-19[39m
 2 Nonlinear |R| = [32m1.879375e-09[39m
  Nonlinear solve converged due to CONVERGED_FNORM_ABS iterations 2
[32m Solve Converged![39m
  Finished Solving                                                                       [[33m  8.41 s[39m] [[33m  489 MB[39m]

Outlier Variable Residual Norms:
  disp_y: [33m6.503827e-10[39m
  disp_z: [31m1.707072e-09[39m

Postprocessor Values:
+----------------+----------------+----------------+----------------+
| time           | disp_y_max     | react_y_top    | stress_vm_max  |
+----------------+----------------+----------------+----------------+
|   0.000000e+00 |   0.000000e+00 |   0.000000e+00 |   0.000000e+00 |
|   1.000000e+00 |   3.125000e-06 |   4.010595e+02 |   4.955029e+07 |
|   2.000000e+00 |   6.250000e-06 |   8.020479e+02 |   9.908639e+07 |
|   3.000000e+00 |   9.375000e-06 |   1.202965e+03 |   1.486089e+08 |
|   4.000000e+00 |   1.250000e-05 |   1.603812e+03 |   1.981175e+08 |
+----------------+----------------+----------------+----------------+


Time Step 5, time = 5, dt = 1
  Applying predictor with scale factor = 1
 0 Nonlinear |R| = [32m1.487317e+01[39m
      0 Linear |R| = [32m1.487317e+01[39m
      1 Linear |R| = [32m2.390709e-13[39m
 1 Nonlinear |R| = [32m1.600967e+00[39m
      0 Linear |R| = [32m1.600967e+00[39m
      1 Linear |R| = [32m7.556153e-15[39m
 2 Nonlinear |R| = [32m9.248200e-02[39m
      0 Linear |R| = [32m9.248200e-02[39m
      1 Linear |R| = [32m5.467464e-16[39m
 3 Nonlinear |R| = [32m2.195354e-05[39m
      0 Linear |R| = [32m2.195354e-05[39m
      1 Linear |R| = [32m9.110211e-20[39m
 4 Nonlinear |R| = [32m2.775193e-09[39m
  Nonlinear solve converged due to CONVERGED_FNORM_ABS iterations 4
[32m Solve Converged![39m
  Finished Solving                                                                       [[33m 16.56 s[39m] [[33m  489 MB[39m]

Outlier Variable Residual Norms:
  vonmises_stress: [33m1.003283e-09[39m
  stress_yy: [33m1.039833e-09[39m
  disp_z: [33m1.984178e-09[39m

Postprocessor Values:
+----------------+----------------+----------------+----------------+
| time           | disp_y_max     | react_y_top    | stress_vm_max  |
+----------------+----------------+----------------+----------------+
|   0.000000e+00 |   0.000000e+00 |   0.000000e+00 |   0.000000e+00 |
|   1.000000e+00 |   3.125000e-06 |   4.010595e+02 |   4.955029e+07 |
|   2.000000e+00 |   6.250000e-06 |   8.020479e+02 |   9.908639e+07 |
|   3.000000e+00 |   9.375000e-06 |   1.202965e+03 |   1.486089e+08 |
|   4.000000e+00 |   1.250000e-05 |   1.603812e+03 |   1.981175e+08 |
|   5.000000e+00 |   1.562500e-05 |   2.001583e+03 |   2.085346e+08 |
+----------------+----------------+----------------+----------------+


Time Step 6, time = 6, dt = 1
  Applying predictor with scale factor = 1
 0 Nonlinear |R| = [32m2.087979e+01[39m
      0 Linear |R| = [32m2.087979e+01[39m
      1 Linear |R| = [32m5.875009e-13[39m
 1 Nonlinear |R| = [32m5.189709e+00[39m
      0 Linear |R| = [32m5.189709e+00[39m
      1 Linear |R| = [32m8.618681e-14[39m
 2 Nonlinear |R| = [32m2.887874e-01[39m
      0 Linear |R| = [32m2.887874e-01[39m
      1 Linear |R| = [32m1.234445e-15[39m
 3 Nonlinear |R| = [32m7.161701e-05[39m
      0 Linear |R| = [32m7.161701e-05[39m
      1 Linear |R| = [32m4.736878e-19[39m
 4 Nonlinear |R| = [32m1.168350e-08[39m
  Nonlinear solve converged due to CONVERGED_FNORM_ABS iterations 4
[32m Solve Converged![39m
  Finished Solving                                                                       [[33m 15.35 s[39m] [[33m  489 MB[39m]

Outlier Variable Residual Norms:
  vonmises_stress: [33m7.158167e-09[39m
  stress_yy: [33m7.057920e-09[39m
  stress_zz: [33m3.817768e-09[39m

Postprocessor Values:
+----------------+----------------+----------------+----------------+
| time           | disp_y_max     | react_y_top    | stress_vm_max  |
+----------------+----------------+----------------+----------------+
|   0.000000e+00 |   0.000000e+00 |   0.000000e+00 |   0.000000e+00 |
|   1.000000e+00 |   3.125000e-06 |   4.010595e+02 |   4.955029e+07 |
|   2.000000e+00 |   6.250000e-06 |   8.020479e+02 |   9.908639e+07 |
|   3.000000e+00 |   9.375000e-06 |   1.202965e+03 |   1.486089e+08 |
|   4.000000e+00 |   1.250000e-05 |   1.603812e+03 |   1.981175e+08 |
|   5.000000e+00 |   1.562500e-05 |   2.001583e+03 |   2.085346e+08 |
|   6.000000e+00 |   1.875000e-05 |   2.390380e+03 |   2.058309e+08 |
+----------------+----------------+----------------+----------------+


Time Step 7, time = 7, dt = 1
  Applying predictor with scale factor = 1
 0 Nonlinear |R| = [32m2.544504e+01[39m
      0 Linear |R| = [32m2.544504e+01[39m
      1 Linear |R| = [32m8.913930e-13[39m
 1 Nonlinear |R| = [32m2.719862e+00[39m
      0 Linear |R| = [32m2.719862e+00[39m
      1 Linear |R| = [32m4.333643e-14[39m
 2 Nonlinear |R| = [32m5.722327e-02[39m
      0 Linear |R| = [32m5.722327e-02[39m
      1 Linear |R| = [32m5.454438e-16[39m
 3 Nonlinear |R| = [32m2.608959e-05[39m
      0 Linear |R| = [32m2.608959e-05[39m
      1 Linear |R| = [32m2.331536e-20[39m
 4 Nonlinear |R| = [32m2.245120e-09[39m
  Nonlinear solve converged due to CONVERGED_FNORM_ABS iterations 4
[32m Solve Converged![39m
  Finished Solving                                                                       [[33m 14.92 s[39m] [[33m  489 MB[39m]

Outlier Variable Residual Norms:
  disp_y: [33m7.432532e-10[39m
  disp_z: [33m1.869245e-09[39m

Postprocessor Values:
+----------------+----------------+----------------+----------------+
| time           | disp_y_max     | react_y_top    | stress_vm_max  |
+----------------+----------------+----------------+----------------+
|   0.000000e+00 |   0.000000e+00 |   0.000000e+00 |   0.000000e+00 |
|   1.000000e+00 |   3.125000e-06 |   4.010595e+02 |   4.955029e+07 |
|   2.000000e+00 |   6.250000e-06 |   8.020479e+02 |   9.908639e+07 |
|   3.000000e+00 |   9.375000e-06 |   1.202965e+03 |   1.486089e+08 |
|   4.000000e+00 |   1.250000e-05 |   1.603812e+03 |   1.981175e+08 |
|   5.000000e+00 |   1.562500e-05 |   2.001583e+03 |   2.085346e+08 |
|   6.000000e+00 |   1.875000e-05 |   2.390380e+03 |   2.058309e+08 |
|   7.000000e+00 |   2.187500e-05 |   2.766142e+03 |   2.094061e+08 |
+----------------+----------------+----------------+----------------+


Time Step 8, time = 8, dt = 1
  Applying predictor with scale factor = 1
 0 Nonlinear |R| = [32m3.342798e+01[39m
      0 Linear |R| = [32m3.342798e+01[39m
      1 Linear |R| = [32m1.135501e-12[39m
 1 Nonlinear |R| = [32m9.329782e+00[39m
      0 Linear |R| = [32m9.329782e+00[39m
      1 Linear |R| = [32m1.758674e-13[39m
 2 Nonlinear |R| = [32m5.050783e-01[39m
      0 Linear |R| = [32m5.050783e-01[39m
      1 Linear |R| = [32m4.315524e-15[39m
 3 Nonlinear |R| = [32m5.364279e-02[39m
      0 Linear |R| = [32m5.364279e-02[39m
      1 Linear |R| = [32m6.443665e-16[39m
 4 Nonlinear |R| = [32m3.419585e-05[39m
      0 Linear |R| = [32m3.419585e-05[39m
      1 Linear |R| = [32m1.474696e-19[39m
 5 Nonlinear |R| = [32m2.428463e-09[39m
  Nonlinear solve converged due to CONVERGED_FNORM_ABS iterations 5
[32m Solve Converged![39m
  Finished Solving                                                                       [[33m 18.85 s[39m] [[33m  489 MB[39m]

Outlier Variable Residual Norms:
  disp_y: [33m7.484144e-10[39m
  disp_z: [33m1.988291e-09[39m

Postprocessor Values:
+----------------+----------------+----------------+----------------+
| time           | disp_y_max     | react_y_top    | stress_vm_max  |
+----------------+----------------+----------------+----------------+
|   0.000000e+00 |   0.000000e+00 |   0.000000e+00 |   0.000000e+00 |
|   1.000000e+00 |   3.125000e-06 |   4.010595e+02 |   4.955029e+07 |
|   2.000000e+00 |   6.250000e-06 |   8.020479e+02 |   9.908639e+07 |
|   3.000000e+00 |   9.375000e-06 |   1.202965e+03 |   1.486089e+08 |
|   4.000000e+00 |   1.250000e-05 |   1.603812e+03 |   1.981175e+08 |
|   5.000000e+00 |   1.562500e-05 |   2.001583e+03 |   2.085346e+08 |
|   6.000000e+00 |   1.875000e-05 |   2.390380e+03 |   2.058309e+08 |
|   7.000000e+00 |   2.187500e-05 |   2.766142e+03 |   2.094061e+08 |
|   8.000000e+00 |   2.500000e-05 |   3.122985e+03 |   2.097502e+08 |
+----------------+----------------+----------------+----------------+


Time Step 9, time = 9, dt = 1
  Applying predictor with scale factor = 1
 0 Nonlinear |R| = [32m4.911345e+01[39m
      0 Linear |R| = [32m4.911345e+01[39m
      1 Linear |R| = [32m1.774138e-12[39m
 1 Nonlinear |R| = [32m1.770929e+01[39m
      0 Linear |R| = [32m1.770929e+01[39m
      1 Linear |R| = [32m1.861698e-13[39m
 2 Nonlinear |R| = [32m7.009920e-02[39m
      0 Linear |R| = [32m7.009920e-02[39m
      1 Linear |R| = [32m7.844971e-16[39m
 3 Nonlinear |R| = [32m3.309716e-05[39m
  Nonlinear solve converged due to CONVERGED_FNORM_ABS iterations 3
[32m Solve Converged![39m
  Finished Solving                                                                       [[33m 11.41 s[39m] [[33m  489 MB[39m]

Outlier Variable Residual Norms:
  vonmises_stress: [33m1.904950e-05[39m
  stress_yy: [33m2.013998e-05[39m
  stress_zz: [33m1.277257e-05[39m

Postprocessor Values:
+----------------+----------------+----------------+----------------+
| time           | disp_y_max     | react_y_top    | stress_vm_max  |
+----------------+----------------+----------------+----------------+
|   0.000000e+00 |   0.000000e+00 |   0.000000e+00 |   0.000000e+00 |
|   1.000000e+00 |   3.125000e-06 |   4.010595e+02 |   4.955029e+07 |
|   2.000000e+00 |   6.250000e-06 |   8.020479e+02 |   9.908639e+07 |
|   3.000000e+00 |   9.375000e-06 |   1.202965e+03 |   1.486089e+08 |
|   4.000000e+00 |   1.250000e-05 |   1.603812e+03 |   1.981175e+08 |
|   5.000000e+00 |   1.562500e-05 |   2.001583e+03 |   2.085346e+08 |
|   6.000000e+00 |   1.875000e-05 |   2.390380e+03 |   2.058309e+08 |
|   7.000000e+00 |   2.187500e-05 |   2.766142e+03 |   2.094061e+08 |
|   8.000000e+00 |   2.500000e-05 |   3.122985e+03 |   2.097502e+08 |
|   9.000000e+00 |   2.812500e-05 |   3.449143e+03 |   2.097244e+08 |
+----------------+----------------+----------------+----------------+


Time Step 10, time = 10, dt = 1
  Applying predictor with scale factor = 1
 0 Nonlinear |R| = [32m9.556141e+01[39m
      0 Linear |R| = [32m9.556141e+01[39m
      1 Linear |R| = [32m4.485602e-12[39m
 1 Nonlinear |R| = [32m4.198091e+01[39m
      0 Linear |R| = [32m4.198091e+01[39m
      1 Linear |R| = [32m3.354173e-13[39m
 2 Nonlinear |R| = [32m1.100139e+00[39m
      0 Linear |R| = [32m1.100139e+00[39m
      1 Linear |R| = [32m1.257749e-14[39m
 3 Nonlinear |R| = [32m3.694214e-02[39m
      0 Linear |R| = [32m3.694214e-02[39m
      1 Linear |R| = [32m1.840971e-16[39m
 4 Nonlinear |R| = [32m1.178313e-05[39m
  Nonlinear solve converged due to CONVERGED_FNORM_ABS iterations 4
[32m Solve Converged![39m
  Finished Solving                                                                       [[33m 15.19 s[39m] [[33m  489 MB[39m]

Outlier Variable Residual Norms:
  vonmises_stress: [33m7.864763e-06[39m
  stress_xx: [33m4.575218e-06[39m
  stress_yy: [33m6.496103e-06[39m

Postprocessor Values:
+----------------+----------------+----------------+----------------+
| time           | disp_y_max     | react_y_top    | stress_vm_max  |
+----------------+----------------+----------------+----------------+
|   0.000000e+00 |   0.000000e+00 |   0.000000e+00 |   0.000000e+00 |
|   1.000000e+00 |   3.125000e-06 |   4.010595e+02 |   4.955029e+07 |
|   2.000000e+00 |   6.250000e-06 |   8.020479e+02 |   9.908639e+07 |
|   3.000000e+00 |   9.375000e-06 |   1.202965e+03 |   1.486089e+08 |
|   4.000000e+00 |   1.250000e-05 |   1.603812e+03 |   1.981175e+08 |
|   5.000000e+00 |   1.562500e-05 |   2.001583e+03 |   2.085346e+08 |
|   6.000000e+00 |   1.875000e-05 |   2.390380e+03 |   2.058309e+08 |
|   7.000000e+00 |   2.187500e-05 |   2.766142e+03 |   2.094061e+08 |
|   8.000000e+00 |   2.500000e-05 |   3.122985e+03 |   2.097502e+08 |
|   9.000000e+00 |   2.812500e-05 |   3.449143e+03 |   2.097244e+08 |
|   1.000000e+01 |   3.125000e-05 |   3.691704e+03 |   2.101430e+08 |
+----------------+----------------+----------------+----------------+


Time Step 11, time = 11, dt = 1
  Applying predictor with scale factor = 1
 0 Nonlinear |R| = [32m1.667245e+02[39m
      0 Linear |R| = [32m1.667245e+02[39m
      1 Linear |R| = [32m7.236412e-12[39m
 1 Nonlinear |R| = [32m1.286198e+02[39m
      0 Linear |R| = [32m1.286198e+02[39m
      1 Linear |R| = [32m4.172882e-12[39m
 2 Nonlinear |R| = [32m5.587973e+00[39m
      0 Linear |R| = [32m5.587973e+00[39m
      1 Linear |R| = [32m7.675405e-14[39m
 3 Nonlinear |R| = [32m7.610659e-01[39m
      0 Linear |R| = [32m7.610659e-01[39m
      1 Linear |R| = [32m1.126236e-14[39m
 4 Nonlinear |R| = [32m7.991864e-04[39m
      0 Linear |R| = [32m7.991864e-04[39m
      1 Linear |R| = [32m8.598245e-18[39m
 5 Nonlinear |R| = [32m2.548499e-07[39m
  Nonlinear solve converged due to CONVERGED_FNORM_ABS iterations 5
[32m Solve Converged![39m
  Finished Solving                                                                       [[33m 19.02 s[39m] [[33m  489 MB[39m]

Outlier Variable Residual Norms:
  vonmises_stress: [33m1.126597e-07[39m
  stress_xx: [33m1.517369e-07[39m
  stress_yy: [33m1.256235e-07[39m
  stress_zz: [33m8.736957e-08[39m

Postprocessor Values:
+----------------+----------------+----------------+----------------+
| time           | disp_y_max     | react_y_top    | stress_vm_max  |
+----------------+----------------+----------------+----------------+
|   0.000000e+00 |   0.000000e+00 |   0.000000e+00 |   0.000000e+00 |
|   1.000000e+00 |   3.125000e-06 |   4.010595e+02 |   4.955029e+07 |
|   2.000000e+00 |   6.250000e-06 |   8.020479e+02 |   9.908639e+07 |
|   3.000000e+00 |   9.375000e-06 |   1.202965e+03 |   1.486089e+08 |
|   4.000000e+00 |   1.250000e-05 |   1.603812e+03 |   1.981175e+08 |
|   5.000000e+00 |   1.562500e-05 |   2.001583e+03 |   2.085346e+08 |
|   6.000000e+00 |   1.875000e-05 |   2.390380e+03 |   2.058309e+08 |
|   7.000000e+00 |   2.187500e-05 |   2.766142e+03 |   2.094061e+08 |
|   8.000000e+00 |   2.500000e-05 |   3.122985e+03 |   2.097502e+08 |
|   9.000000e+00 |   2.812500e-05 |   3.449143e+03 |   2.097244e+08 |
|   1.000000e+01 |   3.125000e-05 |   3.691704e+03 |   2.101430e+08 |
|   1.100000e+01 |   3.437500e-05 |   3.766096e+03 |   2.107377e+08 |
+----------------+----------------+----------------+----------------+


Time Step 12, time = 12, dt = 1
  Applying predictor with scale factor = 1
 0 Nonlinear |R| = [32m8.542725e+01[39m
      0 Linear |R| = [32m8.542725e+01[39m
      1 Linear |R| = [32m2.314170e-12[39m
 1 Nonlinear |R| = [32m1.879509e+01[39m
      0 Linear |R| = [32m1.879509e+01[39m
      1 Linear |R| = [32m1.387903e-13[39m
 2 Nonlinear |R| = [32m1.188352e+00[39m
      0 Linear |R| = [32m1.188352e+00[39m
      1 Linear |R| = [32m2.907553e-14[39m
 3 Nonlinear |R| = [32m5.389657e-02[39m
      0 Linear |R| = [32m5.389657e-02[39m
      1 Linear |R| = [32m6.427524e-16[39m
 4 Nonlinear |R| = [32m3.663936e-05[39m
  Nonlinear solve converged due to CONVERGED_FNORM_ABS iterations 4
[32m Solve Converged![39m
  Finished Solving                                                                       [[33m 15.08 s[39m] [[33m  489 MB[39m]

Outlier Variable Residual Norms:
  vonmises_stress: [33m2.490378e-05[39m
  stress_xx: [33m1.579569e-05[39m
  stress_yy: [33m1.775277e-05[39m

Postprocessor Values:
+----------------+----------------+----------------+----------------+
| time           | disp_y_max     | react_y_top    | stress_vm_max  |
+----------------+----------------+----------------+----------------+
|   0.000000e+00 |   0.000000e+00 |   0.000000e+00 |   0.000000e+00 |
|   1.000000e+00 |   3.125000e-06 |   4.010595e+02 |   4.955029e+07 |
|   2.000000e+00 |   6.250000e-06 |   8.020479e+02 |   9.908639e+07 |
|   3.000000e+00 |   9.375000e-06 |   1.202965e+03 |   1.486089e+08 |
|   4.000000e+00 |   1.250000e-05 |   1.603812e+03 |   1.981175e+08 |
|   5.000000e+00 |   1.562500e-05 |   2.001583e+03 |   2.085346e+08 |
|   6.000000e+00 |   1.875000e-05 |   2.390380e+03 |   2.058309e+08 |
|   7.000000e+00 |   2.187500e-05 |   2.766142e+03 |   2.094061e+08 |
|   8.000000e+00 |   2.500000e-05 |   3.122985e+03 |   2.097502e+08 |
|   9.000000e+00 |   2.812500e-05 |   3.449143e+03 |   2.097244e+08 |
|   1.000000e+01 |   3.125000e-05 |   3.691704e+03 |   2.101430e+08 |
|   1.100000e+01 |   3.437500e-05 |   3.766096e+03 |   2.107377e+08 |
|   1.200000e+01 |   3.750000e-05 |   3.784029e+03 |   2.110964e+08 |
+----------------+----------------+----------------+----------------+


Time Step 13, time = 13, dt = 1
  Applying predictor with scale factor = 1
 0 Nonlinear |R| = [32m1.648105e+01[39m
      0 Linear |R| = [32m1.648105e+01[39m
      1 Linear |R| = [32m3.198513e-13[39m
 1 Nonlinear |R| = [32m6.753797e-01[39m
      0 Linear |R| = [32m6.753797e-01[39m
      1 Linear |R| = [32m1.861443e-14[39m
 2 Nonlinear |R| = [32m1.004188e-03[39m
      0 Linear |R| = [32m1.004188e-03[39m
      1 Linear |R| = [32m2.298655e-17[39m
 3 Nonlinear |R| = [32m3.854719e-07[39m
  Nonlinear solve converged due to CONVERGED_FNORM_ABS iterations 3
[32m Solve Converged![39m
  Finished Solving                                                                       [[33m 11.36 s[39m] [[33m  489 MB[39m]

Outlier Variable Residual Norms:
  stress_xx: [33m2.494683e-07[39m
  stress_zz: [33m2.184540e-07[39m
  stress_xy: [33m1.411419e-07[39m

Postprocessor Values:
+----------------+----------------+----------------+----------------+
| time           | disp_y_max     | react_y_top    | stress_vm_max  |
+----------------+----------------+----------------+----------------+
|   0.000000e+00 |   0.000000e+00 |   0.000000e+00 |   0.000000e+00 |
|   1.000000e+00 |   3.125000e-06 |   4.010595e+02 |   4.955029e+07 |
|   2.000000e+00 |   6.250000e-06 |   8.020479e+02 |   9.908639e+07 |
|   3.000000e+00 |   9.375000e-06 |   1.202965e+03 |   1.486089e+08 |
|   4.000000e+00 |   1.250000e-05 |   1.603812e+03 |   1.981175e+08 |
|   5.000000e+00 |   1.562500e-05 |   2.001583e+03 |   2.085346e+08 |
|   6.000000e+00 |   1.875000e-05 |   2.390380e+03 |   2.058309e+08 |
|   7.000000e+00 |   2.187500e-05 |   2.766142e+03 |   2.094061e+08 |
|   8.000000e+00 |   2.500000e-05 |   3.122985e+03 |   2.097502e+08 |
|   9.000000e+00 |   2.812500e-05 |   3.449143e+03 |   2.097244e+08 |
|   1.000000e+01 |   3.125000e-05 |   3.691704e+03 |   2.101430e+08 |
|   1.100000e+01 |   3.437500e-05 |   3.766096e+03 |   2.107377e+08 |
|   1.200000e+01 |   3.750000e-05 |   3.784029e+03 |   2.110964e+08 |
|   1.300000e+01 |   4.062500e-05 |   3.797115e+03 |   2.132549e+08 |
+----------------+----------------+----------------+----------------+


Time Step 14, time = 14, dt = 1
  Applying predictor with scale factor = 1
 0 Nonlinear |R| = [32m8.684057e+00[39m
      0 Linear |R| = [32m8.684057e+00[39m
      1 Linear |R| = [32m1.099369e-13[39m
 1 Nonlinear |R| = [32m2.009075e-01[39m
      0 Linear |R| = [32m2.009075e-01[39m
      1 Linear |R| = [32m1.846607e-15[39m
 2 Nonlinear |R| = [32m9.462341e-05[39m
      0 Linear |R| = [32m9.462341e-05[39m
      1 Linear |R| = [32m7.813312e-19[39m
 3 Nonlinear |R| = [32m1.743370e-08[39m
  Nonlinear solve converged due to CONVERGED_FNORM_ABS iterations 3
[32m Solve Converged![39m
  Finished Solving                                                                       [[33m 11.32 s[39m] [[33m  489 MB[39m]

Outlier Variable Residual Norms:
  vonmises_stress: [33m8.295392e-09[39m
  stress_xx: [33m9.281387e-09[39m
  stress_yy: [33m9.834578e-09[39m

Postprocessor Values:
+----------------+----------------+----------------+----------------+
| time           | disp_y_max     | react_y_top    | stress_vm_max  |
+----------------+----------------+----------------+----------------+
|   0.000000e+00 |   0.000000e+00 |   0.000000e+00 |   0.000000e+00 |
|   1.000000e+00 |   3.125000e-06 |   4.010595e+02 |   4.955029e+07 |
|   2.000000e+00 |   6.250000e-06 |   8.020479e+02 |   9.908639e+07 |
|   3.000000e+00 |   9.375000e-06 |   1.202965e+03 |   1.486089e+08 |
|   4.000000e+00 |   1.250000e-05 |   1.603812e+03 |   1.981175e+08 |
|   5.000000e+00 |   1.562500e-05 |   2.001583e+03 |   2.085346e+08 |
|   6.000000e+00 |   1.875000e-05 |   2.390380e+03 |   2.058309e+08 |
|   7.000000e+00 |   2.187500e-05 |   2.766142e+03 |   2.094061e+08 |
|   8.000000e+00 |   2.500000e-05 |   3.122985e+03 |   2.097502e+08 |
|   9.000000e+00 |   2.812500e-05 |   3.449143e+03 |   2.097244e+08 |
|   1.000000e+01 |   3.125000e-05 |   3.691704e+03 |   2.101430e+08 |
|   1.100000e+01 |   3.437500e-05 |   3.766096e+03 |   2.107377e+08 |
|   1.200000e+01 |   3.750000e-05 |   3.784029e+03 |   2.110964e+08 |
|   1.300000e+01 |   4.062500e-05 |   3.797115e+03 |   2.132549e+08 |
|   1.400000e+01 |   4.375000e-05 |   3.809033e+03 |   2.155886e+08 |
+----------------+----------------+----------------+----------------+


Time Step 15, time = 15, dt = 1
  Applying predictor with scale factor = 1
 0 Nonlinear |R| = [32m7.603372e+00[39m
      0 Linear |R| = [32m7.603372e+00[39m
      1 Linear |R| = [32m1.050781e-13[39m
 1 Nonlinear |R| = [32m4.854507e-01[39m
      0 Linear |R| = [32m4.854507e-01[39m
      1 Linear |R| = [32m7.116910e-15[39m
 2 Nonlinear |R| = [32m2.323776e-02[39m
      0 Linear |R| = [32m2.323776e-02[39m
      1 Linear |R| = [32m1.524083e-16[39m
 3 Nonlinear |R| = [32m6.635166e-06[39m
  Nonlinear solve converged due to CONVERGED_FNORM_ABS iterations 3
[32m Solve Converged![39m
  Finished Solving                                                                       [[33m 11.46 s[39m] [[33m  489 MB[39m]

Outlier Variable Residual Norms:
  vonmises_stress: [33m4.090353e-06[39m
  stress_xx: [33m2.163016e-06[39m
  stress_yy: [33m3.957639e-06[39m
  stress_zz: [33m2.420155e-06[39m

Postprocessor Values:
+----------------+----------------+----------------+----------------+
| time           | disp_y_max     | react_y_top    | stress_vm_max  |
+----------------+----------------+----------------+----------------+
:                :                :                :                :
|   1.000000e+00 |   3.125000e-06 |   4.010595e+02 |   4.955029e+07 |
|   2.000000e+00 |   6.250000e-06 |   8.020479e+02 |   9.908639e+07 |
|   3.000000e+00 |   9.375000e-06 |   1.202965e+03 |   1.486089e+08 |
|   4.000000e+00 |   1.250000e-05 |   1.603812e+03 |   1.981175e+08 |
|   5.000000e+00 |   1.562500e-05 |   2.001583e+03 |   2.085346e+08 |
|   6.000000e+00 |   1.875000e-05 |   2.390380e+03 |   2.058309e+08 |
|   7.000000e+00 |   2.187500e-05 |   2.766142e+03 |   2.094061e+08 |
|   8.000000e+00 |   2.500000e-05 |   3.122985e+03 |   2.097502e+08 |
|   9.000000e+00 |   2.812500e-05 |   3.449143e+03 |   2.097244e+08 |
|   1.000000e+01 |   3.125000e-05 |   3.691704e+03 |   2.101430e+08 |
|   1.100000e+01 |   3.437500e-05 |   3.766096e+03 |   2.107377e+08 |
|   1.200000e+01 |   3.750000e-05 |   3.784029e+03 |   2.110964e+08 |
|   1.300000e+01 |   4.062500e-05 |   3.797115e+03 |   2.132549e+08 |
|   1.400000e+01 |   4.375000e-05 |   3.809033e+03 |   2.155886e+08 |
|   1.500000e+01 |   4.687500e-05 |   3.819932e+03 |   2.179139e+08 |
+----------------+----------------+----------------+----------------+


Time Step 16, time = 16, dt = 1
  Applying predictor with scale factor = 1
 0 Nonlinear |R| = [32m9.643303e+00[39m
      0 Linear |R| = [32m9.643303e+00[39m
      1 Linear |R| = [32m2.347827e-13[39m
 1 Nonlinear |R| = [32m3.715271e-01[39m
      0 Linear |R| = [32m3.715271e-01[39m
      1 Linear |R| = [32m4.378608e-15[39m
 2 Nonlinear |R| = [32m1.634884e-04[39m
      0 Linear |R| = [32m1.634884e-04[39m
      1 Linear |R| = [32m6.504450e-19[39m
 3 Nonlinear |R| = [32m1.846234e-08[39m
  Nonlinear solve converged due to CONVERGED_FNORM_ABS iterations 3
[32m Solve Converged![39m
  Finished Solving                                                                       [[33m 11.52 s[39m] [[33m  489 MB[39m]

Outlier Variable Residual Norms:
  vonmises_stress: [33m8.687146e-09[39m
  stress_xx: [33m6.058231e-09[39m
  stress_yy: [33m8.639080e-09[39m
  stress_zz: [33m1.033660e-08[39m

Postprocessor Values:
+----------------+----------------+----------------+----------------+
| time           | disp_y_max     | react_y_top    | stress_vm_max  |
+----------------+----------------+----------------+----------------+
:                :                :                :                :
|   2.000000e+00 |   6.250000e-06 |   8.020479e+02 |   9.908639e+07 |
|   3.000000e+00 |   9.375000e-06 |   1.202965e+03 |   1.486089e+08 |
|   4.000000e+00 |   1.250000e-05 |   1.603812e+03 |   1.981175e+08 |
|   5.000000e+00 |   1.562500e-05 |   2.001583e+03 |   2.085346e+08 |
|   6.000000e+00 |   1.875000e-05 |   2.390380e+03 |   2.058309e+08 |
|   7.000000e+00 |   2.187500e-05 |   2.766142e+03 |   2.094061e+08 |
|   8.000000e+00 |   2.500000e-05 |   3.122985e+03 |   2.097502e+08 |
|   9.000000e+00 |   2.812500e-05 |   3.449143e+03 |   2.097244e+08 |
|   1.000000e+01 |   3.125000e-05 |   3.691704e+03 |   2.101430e+08 |
|   1.100000e+01 |   3.437500e-05 |   3.766096e+03 |   2.107377e+08 |
|   1.200000e+01 |   3.750000e-05 |   3.784029e+03 |   2.110964e+08 |
|   1.300000e+01 |   4.062500e-05 |   3.797115e+03 |   2.132549e+08 |
|   1.400000e+01 |   4.375000e-05 |   3.809033e+03 |   2.155886e+08 |
|   1.500000e+01 |   4.687500e-05 |   3.819932e+03 |   2.179139e+08 |
|   1.600000e+01 |   5.000000e-05 |   3.829681e+03 |   2.202097e+08 |
+----------------+----------------+----------------+----------------+


Time Step 17, time = 17, dt = 1
  Applying predictor with scale factor = 1
 0 Nonlinear |R| = [32m5.523866e+00[39m
      0 Linear |R| = [32m5.523866e+00[39m
      1 Linear |R| = [32m9.578232e-14[39m
 1 Nonlinear |R| = [32m4.112025e-01[39m
      0 Linear |R| = [32m4.112025e-01[39m
      1 Linear |R| = [32m1.063480e-14[39m
 2 Nonlinear |R| = [32m2.798451e-04[39m
      0 Linear |R| = [32m2.798451e-04[39m
      1 Linear |R| = [32m4.010210e-18[39m
 3 Nonlinear |R| = [32m5.899329e-08[39m
  Nonlinear solve converged due to CONVERGED_FNORM_ABS iterations 3
[32m Solve Converged![39m
  Finished Solving                                                                       [[33m 11.44 s[39m] [[33m  489 MB[39m]

Outlier Variable Residual Norms:
  vonmises_stress: [33m2.685595e-08[39m
  stress_xx: [33m2.645384e-08[39m
  stress_yy: [33m2.873333e-08[39m
  stress_zz: [33m2.153661e-08[39m
  stress_xy: [33m2.733974e-08[39m

Postprocessor Values:
+----------------+----------------+----------------+----------------+
| time           | disp_y_max     | react_y_top    | stress_vm_max  |
+----------------+----------------+----------------+----------------+
:                :                :                :                :
|   3.000000e+00 |   9.375000e-06 |   1.202965e+03 |   1.486089e+08 |
|   4.000000e+00 |   1.250000e-05 |   1.603812e+03 |   1.981175e+08 |
|   5.000000e+00 |   1.562500e-05 |   2.001583e+03 |   2.085346e+08 |
|   6.000000e+00 |   1.875000e-05 |   2.390380e+03 |   2.058309e+08 |
|   7.000000e+00 |   2.187500e-05 |   2.766142e+03 |   2.094061e+08 |
|   8.000000e+00 |   2.500000e-05 |   3.122985e+03 |   2.097502e+08 |
|   9.000000e+00 |   2.812500e-05 |   3.449143e+03 |   2.097244e+08 |
|   1.000000e+01 |   3.125000e-05 |   3.691704e+03 |   2.101430e+08 |
|   1.100000e+01 |   3.437500e-05 |   3.766096e+03 |   2.107377e+08 |
|   1.200000e+01 |   3.750000e-05 |   3.784029e+03 |   2.110964e+08 |
|   1.300000e+01 |   4.062500e-05 |   3.797115e+03 |   2.132549e+08 |
|   1.400000e+01 |   4.375000e-05 |   3.809033e+03 |   2.155886e+08 |
|   1.500000e+01 |   4.687500e-05 |   3.819932e+03 |   2.179139e+08 |
|   1.600000e+01 |   5.000000e-05 |   3.829681e+03 |   2.202097e+08 |
|   1.700000e+01 |   5.312500e-05 |   3.838848e+03 |   2.224386e+08 |
+----------------+----------------+----------------+----------------+


Time Step 18, time = 18, dt = 1
  Applying predictor with scale factor = 1
 0 Nonlinear |R| = [32m5.944010e+00[39m
      0 Linear |R| = [32m5.944010e+00[39m
      1 Linear |R| = [32m1.573192e-13[39m
 1 Nonlinear |R| = [32m4.170794e-01[39m
      0 Linear |R| = [32m4.170794e-01[39m
      1 Linear |R| = [32m9.253258e-15[39m
 2 Nonlinear |R| = [32m1.762189e-04[39m
      0 Linear |R| = [32m1.762189e-04[39m
      1 Linear |R| = [32m3.331638e-18[39m
 3 Nonlinear |R| = [32m3.063780e-08[39m
  Nonlinear solve converged due to CONVERGED_FNORM_ABS iterations 3
[32m Solve Converged![39m
  Finished Solving                                                                       [[33m 11.95 s[39m] [[33m  489 MB[39m]

Outlier Variable Residual Norms:
  vonmises_stress: [33m1.101097e-08[39m
  stress_xx: [33m1.685059e-08[39m
  stress_yy: [33m9.366480e-09[39m
  stress_zz: [33m1.146602e-08[39m
  stress_xy: [33m1.695820e-08[39m

Postprocessor Values:
+----------------+----------------+----------------+----------------+
| time           | disp_y_max     | react_y_top    | stress_vm_max  |
+----------------+----------------+----------------+----------------+
:                :                :                :                :
|   4.000000e+00 |   1.250000e-05 |   1.603812e+03 |   1.981175e+08 |
|   5.000000e+00 |   1.562500e-05 |   2.001583e+03 |   2.085346e+08 |
|   6.000000e+00 |   1.875000e-05 |   2.390380e+03 |   2.058309e+08 |
|   7.000000e+00 |   2.187500e-05 |   2.766142e+03 |   2.094061e+08 |
|   8.000000e+00 |   2.500000e-05 |   3.122985e+03 |   2.097502e+08 |
|   9.000000e+00 |   2.812500e-05 |   3.449143e+03 |   2.097244e+08 |
|   1.000000e+01 |   3.125000e-05 |   3.691704e+03 |   2.101430e+08 |
|   1.100000e+01 |   3.437500e-05 |   3.766096e+03 |   2.107377e+08 |
|   1.200000e+01 |   3.750000e-05 |   3.784029e+03 |   2.110964e+08 |
|   1.300000e+01 |   4.062500e-05 |   3.797115e+03 |   2.132549e+08 |
|   1.400000e+01 |   4.375000e-05 |   3.809033e+03 |   2.155886e+08 |
|   1.500000e+01 |   4.687500e-05 |   3.819932e+03 |   2.179139e+08 |
|   1.600000e+01 |   5.000000e-05 |   3.829681e+03 |   2.202097e+08 |
|   1.700000e+01 |   5.312500e-05 |   3.838848e+03 |   2.224386e+08 |
|   1.800000e+01 |   5.625000e-05 |   3.847449e+03 |   2.245761e+08 |
+----------------+----------------+----------------+----------------+


Time Step 19, time = 19, dt = 1
  Applying predictor with scale factor = 1
 0 Nonlinear |R| = [32m8.214549e+00[39m
      0 Linear |R| = [32m8.214549e+00[39m
      1 Linear |R| = [32m6.069924e-13[39m
 1 Nonlinear |R| = [32m2.390535e-01[39m
      0 Linear |R| = [32m2.390535e-01[39m
      1 Linear |R| = [32m1.263133e-14[39m
 2 Nonlinear |R| = [32m2.184262e-04[39m
      0 Linear |R| = [32m2.184262e-04[39m
      1 Linear |R| = [32m9.425924e-18[39m
 3 Nonlinear |R| = [32m7.825832e-08[39m
  Nonlinear solve converged due to CONVERGED_FNORM_ABS iterations 3
[32m Solve Converged![39m
  Finished Solving                                                                       [[33m 12.34 s[39m] [[33m  489 MB[39m]

Outlier Variable Residual Norms:
  stress_xx: [33m4.555022e-08[39m
  stress_zz: [33m3.950706e-08[39m
  stress_xy: [33m3.839748e-08[39m

Postprocessor Values:
+----------------+----------------+----------------+----------------+
| time           | disp_y_max     | react_y_top    | stress_vm_max  |
+----------------+----------------+----------------+----------------+
:                :                :                :                :
|   5.000000e+00 |   1.562500e-05 |   2.001583e+03 |   2.085346e+08 |
|   6.000000e+00 |   1.875000e-05 |   2.390380e+03 |   2.058309e+08 |
|   7.000000e+00 |   2.187500e-05 |   2.766142e+03 |   2.094061e+08 |
|   8.000000e+00 |   2.500000e-05 |   3.122985e+03 |   2.097502e+08 |
|   9.000000e+00 |   2.812500e-05 |   3.449143e+03 |   2.097244e+08 |
|   1.000000e+01 |   3.125000e-05 |   3.691704e+03 |   2.101430e+08 |
|   1.100000e+01 |   3.437500e-05 |   3.766096e+03 |   2.107377e+08 |
|   1.200000e+01 |   3.750000e-05 |   3.784029e+03 |   2.110964e+08 |
|   1.300000e+01 |   4.062500e-05 |   3.797115e+03 |   2.132549e+08 |
|   1.400000e+01 |   4.375000e-05 |   3.809033e+03 |   2.155886e+08 |
|   1.500000e+01 |   4.687500e-05 |   3.819932e+03 |   2.179139e+08 |
|   1.600000e+01 |   5.000000e-05 |   3.829681e+03 |   2.202097e+08 |
|   1.700000e+01 |   5.312500e-05 |   3.838848e+03 |   2.224386e+08 |
|   1.800000e+01 |   5.625000e-05 |   3.847449e+03 |   2.245761e+08 |
|   1.900000e+01 |   5.937500e-05 |   3.855295e+03 |   2.266354e+08 |
+----------------+----------------+----------------+----------------+


Time Step 20, time = 20, dt = 1
  Applying predictor with scale factor = 1
 0 Nonlinear |R| = [32m2.919018e+00[39m
      0 Linear |R| = [32m2.919018e+00[39m
      1 Linear |R| = [32m1.023874e-13[39m
 1 Nonlinear |R| = [32m2.746401e-02[39m
      0 Linear |R| = [32m2.746401e-02[39m
      1 Linear |R| = [32m5.927400e-16[39m
 2 Nonlinear |R| = [32m1.002221e-05[39m
      0 Linear |R| = [32m1.002221e-05[39m
      1 Linear |R| = [32m7.864242e-20[39m
 3 Nonlinear |R| = [32m2.216255e-09[39m
  Nonlinear solve converged due to CONVERGED_FNORM_ABS iterations 3
[32m Solve Converged![39m
  Finished Solving                                                                       [[33m 12.08 s[39m] [[33m  489 MB[39m]

Outlier Variable Residual Norms:
  disp_y: [33m7.222501e-10[39m
  disp_z: [33m1.858131e-09[39m

Postprocessor Values:
+----------------+----------------+----------------+----------------+
| time           | disp_y_max     | react_y_top    | stress_vm_max  |
+----------------+----------------+----------------+----------------+
:                :                :                :                :
|   6.000000e+00 |   1.875000e-05 |   2.390380e+03 |   2.058309e+08 |
|   7.000000e+00 |   2.187500e-05 |   2.766142e+03 |   2.094061e+08 |
|   8.000000e+00 |   2.500000e-05 |   3.122985e+03 |   2.097502e+08 |
|   9.000000e+00 |   2.812500e-05 |   3.449143e+03 |   2.097244e+08 |
|   1.000000e+01 |   3.125000e-05 |   3.691704e+03 |   2.101430e+08 |
|   1.100000e+01 |   3.437500e-05 |   3.766096e+03 |   2.107377e+08 |
|   1.200000e+01 |   3.750000e-05 |   3.784029e+03 |   2.110964e+08 |
|   1.300000e+01 |   4.062500e-05 |   3.797115e+03 |   2.132549e+08 |
|   1.400000e+01 |   4.375000e-05 |   3.809033e+03 |   2.155886e+08 |
|   1.500000e+01 |   4.687500e-05 |   3.819932e+03 |   2.179139e+08 |
|   1.600000e+01 |   5.000000e-05 |   3.829681e+03 |   2.202097e+08 |
|   1.700000e+01 |   5.312500e-05 |   3.838848e+03 |   2.224386e+08 |
|   1.800000e+01 |   5.625000e-05 |   3.847449e+03 |   2.245761e+08 |
|   1.900000e+01 |   5.937500e-05 |   3.855295e+03 |   2.266354e+08 |
|   2.000000e+01 |   6.250000e-05 |   3.862881e+03 |   2.289899e+08 |
+----------------+----------------+----------------+----------------+


Time Step 21, time = 21, dt = 1
  Applying predictor with scale factor = 1
 0 Nonlinear |R| = [32m4.157545e+00[39m
      0 Linear |R| = [32m4.157545e+00[39m
      1 Linear |R| = [32m1.318326e-13[39m
 1 Nonlinear |R| = [32m2.849089e-02[39m
      0 Linear |R| = [32m2.849089e-02[39m
      1 Linear |R| = [32m8.926484e-16[39m
 2 Nonlinear |R| = [32m9.176653e-06[39m
      0 Linear |R| = [32m9.176653e-06[39m
      1 Linear |R| = [32m1.001504e-19[39m
 3 Nonlinear |R| = [32m2.195468e-09[39m
  Nonlinear solve converged due to CONVERGED_FNORM_ABS iterations 3
[32m Solve Converged![39m
  Finished Solving                                                                       [[33m 12.12 s[39m] [[33m  489 MB[39m]

Outlier Variable Residual Norms:
  disp_y: [33m7.552072e-10[39m
  disp_z: [33m1.832265e-09[39m

Postprocessor Values:
+----------------+----------------+----------------+----------------+
| time           | disp_y_max     | react_y_top    | stress_vm_max  |
+----------------+----------------+----------------+----------------+
:                :                :                :                :
|   7.000000e+00 |   2.187500e-05 |   2.766142e+03 |   2.094061e+08 |
|   8.000000e+00 |   2.500000e-05 |   3.122985e+03 |   2.097502e+08 |
|   9.000000e+00 |   2.812500e-05 |   3.449143e+03 |   2.097244e+08 |
|   1.000000e+01 |   3.125000e-05 |   3.691704e+03 |   2.101430e+08 |
|   1.100000e+01 |   3.437500e-05 |   3.766096e+03 |   2.107377e+08 |
|   1.200000e+01 |   3.750000e-05 |   3.784029e+03 |   2.110964e+08 |
|   1.300000e+01 |   4.062500e-05 |   3.797115e+03 |   2.132549e+08 |
|   1.400000e+01 |   4.375000e-05 |   3.809033e+03 |   2.155886e+08 |
|   1.500000e+01 |   4.687500e-05 |   3.819932e+03 |   2.179139e+08 |
|   1.600000e+01 |   5.000000e-05 |   3.829681e+03 |   2.202097e+08 |
|   1.700000e+01 |   5.312500e-05 |   3.838848e+03 |   2.224386e+08 |
|   1.800000e+01 |   5.625000e-05 |   3.847449e+03 |   2.245761e+08 |
|   1.900000e+01 |   5.937500e-05 |   3.855295e+03 |   2.266354e+08 |
|   2.000000e+01 |   6.250000e-05 |   3.862881e+03 |   2.289899e+08 |
|   2.100000e+01 |   6.562500e-05 |   3.870174e+03 |   2.313938e+08 |
+----------------+----------------+----------------+----------------+


Time Step 22, time = 22, dt = 1
  Applying predictor with scale factor = 1
 0 Nonlinear |R| = [32m3.590242e+00[39m
      0 Linear |R| = [32m3.590242e+00[39m
      1 Linear |R| = [32m1.153430e-13[39m
 1 Nonlinear |R| = [32m2.738412e-02[39m
      0 Linear |R| = [32m2.738412e-02[39m
      1 Linear |R| = [32m4.464228e-16[39m
 2 Nonlinear |R| = [32m1.889088e-05[39m
      0 Linear |R| = [32m1.889088e-05[39m
      1 Linear |R| = [32m8.418697e-20[39m
 3 Nonlinear |R| = [32m2.037856e-09[39m
  Nonlinear solve converged due to CONVERGED_FNORM_ABS iterations 3
[32m Solve Converged![39m
  Finished Solving                                                                       [[33m 12.60 s[39m] [[33m  489 MB[39m]

Outlier Variable Residual Norms:
  disp_y: [33m6.878648e-10[39m
  disp_z: [33m1.821553e-09[39m

Postprocessor Values:
+----------------+----------------+----------------+----------------+
| time           | disp_y_max     | react_y_top    | stress_vm_max  |
+----------------+----------------+----------------+----------------+
:                :                :                :                :
|   8.000000e+00 |   2.500000e-05 |   3.122985e+03 |   2.097502e+08 |
|   9.000000e+00 |   2.812500e-05 |   3.449143e+03 |   2.097244e+08 |
|   1.000000e+01 |   3.125000e-05 |   3.691704e+03 |   2.101430e+08 |
|   1.100000e+01 |   3.437500e-05 |   3.766096e+03 |   2.107377e+08 |
|   1.200000e+01 |   3.750000e-05 |   3.784029e+03 |   2.110964e+08 |
|   1.300000e+01 |   4.062500e-05 |   3.797115e+03 |   2.132549e+08 |
|   1.400000e+01 |   4.375000e-05 |   3.809033e+03 |   2.155886e+08 |
|   1.500000e+01 |   4.687500e-05 |   3.819932e+03 |   2.179139e+08 |
|   1.600000e+01 |   5.000000e-05 |   3.829681e+03 |   2.202097e+08 |
|   1.700000e+01 |   5.312500e-05 |   3.838848e+03 |   2.224386e+08 |
|   1.800000e+01 |   5.625000e-05 |   3.847449e+03 |   2.245761e+08 |
|   1.900000e+01 |   5.937500e-05 |   3.855295e+03 |   2.266354e+08 |
|   2.000000e+01 |   6.250000e-05 |   3.862881e+03 |   2.289899e+08 |
|   2.100000e+01 |   6.562500e-05 |   3.870174e+03 |   2.313938e+08 |
|   2.200000e+01 |   6.875000e-05 |   3.877180e+03 |   2.337649e+08 |
+----------------+----------------+----------------+----------------+


Time Step 23, time = 23, dt = 1
  Applying predictor with scale factor = 1
 0 Nonlinear |R| = [32m4.328146e+00[39m
      0 Linear |R| = [32m4.328146e+00[39m
      1 Linear |R| = [32m1.935254e-13[39m
 1 Nonlinear |R| = [32m3.076724e-02[39m
      0 Linear |R| = [32m3.076724e-02[39m
      1 Linear |R| = [32m1.212309e-15[39m
 2 Nonlinear |R| = [32m9.721350e-06[39m
      0 Linear |R| = [32m9.721350e-06[39m
      1 Linear |R| = [32m8.294434e-20[39m
 3 Nonlinear |R| = [32m2.071892e-09[39m
  Nonlinear solve converged due to CONVERGED_FNORM_ABS iterations 3
[32m Solve Converged![39m
  Finished Solving                                                                       [[33m 12.67 s[39m] [[33m  489 MB[39m]

Outlier Variable Residual Norms:
  disp_y: [33m7.389377e-10[39m
  disp_z: [33m1.770766e-09[39m

Postprocessor Values:
+----------------+----------------+----------------+----------------+
| time           | disp_y_max     | react_y_top    | stress_vm_max  |
+----------------+----------------+----------------+----------------+
:                :                :                :                :
|   9.000000e+00 |   2.812500e-05 |   3.449143e+03 |   2.097244e+08 |
|   1.000000e+01 |   3.125000e-05 |   3.691704e+03 |   2.101430e+08 |
|   1.100000e+01 |   3.437500e-05 |   3.766096e+03 |   2.107377e+08 |
|   1.200000e+01 |   3.750000e-05 |   3.784029e+03 |   2.110964e+08 |
|   1.300000e+01 |   4.062500e-05 |   3.797115e+03 |   2.132549e+08 |
|   1.400000e+01 |   4.375000e-05 |   3.809033e+03 |   2.155886e+08 |
|   1.500000e+01 |   4.687500e-05 |   3.819932e+03 |   2.179139e+08 |
|   1.600000e+01 |   5.000000e-05 |   3.829681e+03 |   2.202097e+08 |
|   1.700000e+01 |   5.312500e-05 |   3.838848e+03 |   2.224386e+08 |
|   1.800000e+01 |   5.625000e-05 |   3.847449e+03 |   2.245761e+08 |
|   1.900000e+01 |   5.937500e-05 |   3.855295e+03 |   2.266354e+08 |
|   2.000000e+01 |   6.250000e-05 |   3.862881e+03 |   2.289899e+08 |
|   2.100000e+01 |   6.562500e-05 |   3.870174e+03 |   2.313938e+08 |
|   2.200000e+01 |   6.875000e-05 |   3.877180e+03 |   2.337649e+08 |
|   2.300000e+01 |   7.187500e-05 |   3.883913e+03 |   2.360982e+08 |
+----------------+----------------+----------------+----------------+


Time Step 24, time = 24, dt = 1
  Applying predictor with scale factor = 1
 0 Nonlinear |R| = [32m3.359742e+00[39m
      0 Linear |R| = [32m3.359742e+00[39m
      1 Linear |R| = [32m8.406579e-14[39m
 1 Nonlinear |R| = [32m3.630114e-01[39m
      0 Linear |R| = [32m3.630114e-01[39m
      1 Linear |R| = [32m7.183263e-15[39m
 2 Nonlinear |R| = [32m1.492874e-04[39m
      0 Linear |R| = [32m1.492874e-04[39m
      1 Linear |R| = [32m1.167048e-18[39m
 3 Nonlinear |R| = [32m1.352251e-08[39m
  Nonlinear solve converged due to CONVERGED_FNORM_ABS iterations 3
[32m Solve Converged![39m
  Finished Solving                                                                       [[33m 11.40 s[39m] [[33m  489 MB[39m]

Outlier Variable Residual Norms:
  vonmises_stress: [33m5.497424e-09[39m
  stress_xx: [33m5.307978e-09[39m
  stress_yy: [33m5.161468e-09[39m
  stress_zz: [33m7.751779e-09[39m
  stress_xy: [33m5.482071e-09[39m

Postprocessor Values:
+----------------+----------------+----------------+----------------+
| time           | disp_y_max     | react_y_top    | stress_vm_max  |
+----------------+----------------+----------------+----------------+
:                :                :                :                :
|   1.000000e+01 |   3.125000e-05 |   3.691704e+03 |   2.101430e+08 |
|   1.100000e+01 |   3.437500e-05 |   3.766096e+03 |   2.107377e+08 |
|   1.200000e+01 |   3.750000e-05 |   3.784029e+03 |   2.110964e+08 |
|   1.300000e+01 |   4.062500e-05 |   3.797115e+03 |   2.132549e+08 |
|   1.400000e+01 |   4.375000e-05 |   3.809033e+03 |   2.155886e+08 |
|   1.500000e+01 |   4.687500e-05 |   3.819932e+03 |   2.179139e+08 |
|   1.600000e+01 |   5.000000e-05 |   3.829681e+03 |   2.202097e+08 |
|   1.700000e+01 |   5.312500e-05 |   3.838848e+03 |   2.224386e+08 |
|   1.800000e+01 |   5.625000e-05 |   3.847449e+03 |   2.245761e+08 |
|   1.900000e+01 |   5.937500e-05 |   3.855295e+03 |   2.266354e+08 |
|   2.000000e+01 |   6.250000e-05 |   3.862881e+03 |   2.289899e+08 |
|   2.100000e+01 |   6.562500e-05 |   3.870174e+03 |   2.313938e+08 |
|   2.200000e+01 |   6.875000e-05 |   3.877180e+03 |   2.337649e+08 |
|   2.300000e+01 |   7.187500e-05 |   3.883913e+03 |   2.360982e+08 |
|   2.400000e+01 |   7.500000e-05 |   3.890429e+03 |   2.383456e+08 |
+----------------+----------------+----------------+----------------+


Time Step 25, time = 25, dt = 1
  Applying predictor with scale factor = 1
 0 Nonlinear |R| = [32m4.566437e+00[39m
      0 Linear |R| = [32m4.566437e+00[39m
      1 Linear |R| = [32m1.101605e-13[39m
 1 Nonlinear |R| = [32m4.872091e-01[39m
      0 Linear |R| = [32m4.872091e-01[39m
      1 Linear |R| = [32m8.441409e-15[39m
 2 Nonlinear |R| = [32m2.202453e-02[39m
      0 Linear |R| = [32m2.202453e-02[39m
      1 Linear |R| = [32m6.988113e-16[39m
 3 Nonlinear |R| = [32m1.820755e-05[39m
      0 Linear |R| = [32m1.820755e-05[39m
      1 Linear |R| = [32m7.837731e-20[39m
 4 Nonlinear |R| = [32m2.091439e-09[39m
  Nonlinear solve converged due to CONVERGED_FNORM_ABS iterations 4
[32m Solve Converged![39m
  Finished Solving                                                                       [[33m 15.10 s[39m] [[33m  489 MB[39m]

Outlier Variable Residual Norms:
  disp_y: [33m7.669026e-10[39m
  disp_z: [33m1.848528e-09[39m

Postprocessor Values:
+----------------+----------------+----------------+----------------+
| time           | disp_y_max     | react_y_top    | stress_vm_max  |
+----------------+----------------+----------------+----------------+
:                :                :                :                :
|   1.100000e+01 |   3.437500e-05 |   3.766096e+03 |   2.107377e+08 |
|   1.200000e+01 |   3.750000e-05 |   3.784029e+03 |   2.110964e+08 |
|   1.300000e+01 |   4.062500e-05 |   3.797115e+03 |   2.132549e+08 |
|   1.400000e+01 |   4.375000e-05 |   3.809033e+03 |   2.155886e+08 |
|   1.500000e+01 |   4.687500e-05 |   3.819932e+03 |   2.179139e+08 |
|   1.600000e+01 |   5.000000e-05 |   3.829681e+03 |   2.202097e+08 |
|   1.700000e+01 |   5.312500e-05 |   3.838848e+03 |   2.224386e+08 |
|   1.800000e+01 |   5.625000e-05 |   3.847449e+03 |   2.245761e+08 |
|   1.900000e+01 |   5.937500e-05 |   3.855295e+03 |   2.266354e+08 |
|   2.000000e+01 |   6.250000e-05 |   3.862881e+03 |   2.289899e+08 |
|   2.100000e+01 |   6.562500e-05 |   3.870174e+03 |   2.313938e+08 |
|   2.200000e+01 |   6.875000e-05 |   3.877180e+03 |   2.337649e+08 |
|   2.300000e+01 |   7.187500e-05 |   3.883913e+03 |   2.360982e+08 |
|   2.400000e+01 |   7.500000e-05 |   3.890429e+03 |   2.383456e+08 |
|   2.500000e+01 |   7.812500e-05 |   3.896728e+03 |   2.402666e+08 |
+----------------+----------------+----------------+----------------+


Time Step 26, time = 26, dt = 1
  Applying predictor with scale factor = 1
 0 Nonlinear |R| = [32m2.876280e+00[39m
      0 Linear |R| = [32m2.876280e+00[39m
      1 Linear |R| = [32m7.725433e-14[39m
 1 Nonlinear |R| = [32m1.681097e-02[39m
      0 Linear |R| = [32m1.681097e-02[39m
      1 Linear |R| = [32m3.074990e-16[39m
 2 Nonlinear |R| = [32m7.277290e-06[39m
      0 Linear |R| = [32m7.277290e-06[39m
      1 Linear |R| = [32m2.510140e-20[39m
 3 Nonlinear |R| = [32m2.094170e-09[39m
  Nonlinear solve converged due to CONVERGED_FNORM_ABS iterations 3
[32m Solve Converged![39m
  Finished Solving                                                                       [[33m 11.51 s[39m] [[33m  489 MB[39m]

Outlier Variable Residual Norms:
  disp_y: [33m7.522992e-10[39m
  disp_z: [33m1.856723e-09[39m

Postprocessor Values:
+----------------+----------------+----------------+----------------+
| time           | disp_y_max     | react_y_top    | stress_vm_max  |
+----------------+----------------+----------------+----------------+
:                :                :                :                :
|   1.200000e+01 |   3.750000e-05 |   3.784029e+03 |   2.110964e+08 |
|   1.300000e+01 |   4.062500e-05 |   3.797115e+03 |   2.132549e+08 |
|   1.400000e+01 |   4.375000e-05 |   3.809033e+03 |   2.155886e+08 |
|   1.500000e+01 |   4.687500e-05 |   3.819932e+03 |   2.179139e+08 |
|   1.600000e+01 |   5.000000e-05 |   3.829681e+03 |   2.202097e+08 |
|   1.700000e+01 |   5.312500e-05 |   3.838848e+03 |   2.224386e+08 |
|   1.800000e+01 |   5.625000e-05 |   3.847449e+03 |   2.245761e+08 |
|   1.900000e+01 |   5.937500e-05 |   3.855295e+03 |   2.266354e+08 |
|   2.000000e+01 |   6.250000e-05 |   3.862881e+03 |   2.289899e+08 |
|   2.100000e+01 |   6.562500e-05 |   3.870174e+03 |   2.313938e+08 |
|   2.200000e+01 |   6.875000e-05 |   3.877180e+03 |   2.337649e+08 |
|   2.300000e+01 |   7.187500e-05 |   3.883913e+03 |   2.360982e+08 |
|   2.400000e+01 |   7.500000e-05 |   3.890429e+03 |   2.383456e+08 |
|   2.500000e+01 |   7.812500e-05 |   3.896728e+03 |   2.402666e+08 |
|   2.600000e+01 |   8.125000e-05 |   3.902896e+03 |   2.420732e+08 |
+----------------+----------------+----------------+----------------+


Time Step 27, time = 27, dt = 1
  Applying predictor with scale factor = 1
 0 Nonlinear |R| = [32m1.956949e+00[39m
      0 Linear |R| = [32m1.956949e+00[39m
      1 Linear |R| = [32m7.276195e-14[39m
 1 Nonlinear |R| = [32m5.512233e-03[39m
      0 Linear |R| = [32m5.512233e-03[39m
      1 Linear |R| = [32m1.928736e-16[39m
 2 Nonlinear |R| = [32m1.974862e-06[39m
      0 Linear |R| = [32m1.974862e-06[39m
      1 Linear |R| = [32m6.062317e-21[39m
 3 Nonlinear |R| = [32m1.967233e-09[39m
  Nonlinear solve converged due to CONVERGED_FNORM_ABS iterations 3
[32m Solve Converged![39m
  Finished Solving                                                                       [[33m 11.46 s[39m] [[33m  489 MB[39m]

Outlier Variable Residual Norms:
  disp_y: [33m7.095096e-10[39m
  disp_z: [31m1.761206e-09[39m

Postprocessor Values:
+----------------+----------------+----------------+----------------+
| time           | disp_y_max     | react_y_top    | stress_vm_max  |
+----------------+----------------+----------------+----------------+
:                :                :                :                :
|   1.300000e+01 |   4.062500e-05 |   3.797115e+03 |   2.132549e+08 |
|   1.400000e+01 |   4.375000e-05 |   3.809033e+03 |   2.155886e+08 |
|   1.500000e+01 |   4.687500e-05 |   3.819932e+03 |   2.179139e+08 |
|   1.600000e+01 |   5.000000e-05 |   3.829681e+03 |   2.202097e+08 |
|   1.700000e+01 |   5.312500e-05 |   3.838848e+03 |   2.224386e+08 |
|   1.800000e+01 |   5.625000e-05 |   3.847449e+03 |   2.245761e+08 |
|   1.900000e+01 |   5.937500e-05 |   3.855295e+03 |   2.266354e+08 |
|   2.000000e+01 |   6.250000e-05 |   3.862881e+03 |   2.289899e+08 |
|   2.100000e+01 |   6.562500e-05 |   3.870174e+03 |   2.313938e+08 |
|   2.200000e+01 |   6.875000e-05 |   3.877180e+03 |   2.337649e+08 |
|   2.300000e+01 |   7.187500e-05 |   3.883913e+03 |   2.360982e+08 |
|   2.400000e+01 |   7.500000e-05 |   3.890429e+03 |   2.383456e+08 |
|   2.500000e+01 |   7.812500e-05 |   3.896728e+03 |   2.402666e+08 |
|   2.600000e+01 |   8.125000e-05 |   3.902896e+03 |   2.420732e+08 |
|   2.700000e+01 |   8.437500e-05 |   3.908979e+03 |   2.438325e+08 |
+----------------+----------------+----------------+----------------+


Time Step 28, time = 28, dt = 1
  Applying predictor with scale factor = 1
 0 Nonlinear |R| = [32m1.725451e+00[39m
      0 Linear |R| = [32m1.725451e+00[39m
      1 Linear |R| = [32m6.846360e-14[39m
 1 Nonlinear |R| = [32m2.143783e-02[39m
      0 Linear |R| = [32m2.143783e-02[39m
      1 Linear |R| = [32m4.330043e-16[39m
 2 Nonlinear |R| = [32m4.584838e-06[39m
      0 Linear |R| = [32m4.584838e-06[39m
      1 Linear |R| = [32m4.021109e-20[39m
 3 Nonlinear |R| = [32m2.104395e-09[39m
  Nonlinear solve converged due to CONVERGED_FNORM_ABS iterations 3
[32m Solve Converged![39m
  Finished Solving                                                                       [[33m 11.60 s[39m] [[33m  489 MB[39m]

Outlier Variable Residual Norms:
  disp_y: [33m7.225356e-10[39m
  disp_z: [31m1.903692e-09[39m

Postprocessor Values:
+----------------+----------------+----------------+----------------+
| time           | disp_y_max     | react_y_top    | stress_vm_max  |
+----------------+----------------+----------------+----------------+
:                :                :                :                :
|   1.400000e+01 |   4.375000e-05 |   3.809033e+03 |   2.155886e+08 |
|   1.500000e+01 |   4.687500e-05 |   3.819932e+03 |   2.179139e+08 |
|   1.600000e+01 |   5.000000e-05 |   3.829681e+03 |   2.202097e+08 |
|   1.700000e+01 |   5.312500e-05 |   3.838848e+03 |   2.224386e+08 |
|   1.800000e+01 |   5.625000e-05 |   3.847449e+03 |   2.245761e+08 |
|   1.900000e+01 |   5.937500e-05 |   3.855295e+03 |   2.266354e+08 |
|   2.000000e+01 |   6.250000e-05 |   3.862881e+03 |   2.289899e+08 |
|   2.100000e+01 |   6.562500e-05 |   3.870174e+03 |   2.313938e+08 |
|   2.200000e+01 |   6.875000e-05 |   3.877180e+03 |   2.337649e+08 |
|   2.300000e+01 |   7.187500e-05 |   3.883913e+03 |   2.360982e+08 |
|   2.400000e+01 |   7.500000e-05 |   3.890429e+03 |   2.383456e+08 |
|   2.500000e+01 |   7.812500e-05 |   3.896728e+03 |   2.402666e+08 |
|   2.600000e+01 |   8.125000e-05 |   3.902896e+03 |   2.420732e+08 |
|   2.700000e+01 |   8.437500e-05 |   3.908979e+03 |   2.438325e+08 |
|   2.800000e+01 |   8.750000e-05 |   3.914990e+03 |   2.455445e+08 |
+----------------+----------------+----------------+----------------+


Time Step 29, time = 29, dt = 1
  Applying predictor with scale factor = 1
 0 Nonlinear |R| = [32m1.767048e+00[39m
      0 Linear |R| = [32m1.767048e+00[39m
      1 Linear |R| = [32m7.544958e-14[39m
 1 Nonlinear |R| = [32m6.922932e-03[39m
      0 Linear |R| = [32m6.922932e-03[39m
      1 Linear |R| = [32m2.951360e-16[39m
 2 Nonlinear |R| = [32m2.269655e-06[39m
      0 Linear |R| = [32m2.269655e-06[39m
      1 Linear |R| = [32m1.334641e-20[39m
 3 Nonlinear |R| = [32m2.133491e-09[39m
  Nonlinear solve converged due to CONVERGED_FNORM_ABS iterations 3
[32m Solve Converged![39m
  Finished Solving                                                                       [[33m 11.48 s[39m] [[33m  489 MB[39m]

Outlier Variable Residual Norms:
  disp_y: [33m7.709195e-10[39m
  disp_z: [31m1.917082e-09[39m

Postprocessor Values:
+----------------+----------------+----------------+----------------+
| time           | disp_y_max     | react_y_top    | stress_vm_max  |
+----------------+----------------+----------------+----------------+
:                :                :                :                :
|   1.500000e+01 |   4.687500e-05 |   3.819932e+03 |   2.179139e+08 |
|   1.600000e+01 |   5.000000e-05 |   3.829681e+03 |   2.202097e+08 |
|   1.700000e+01 |   5.312500e-05 |   3.838848e+03 |   2.224386e+08 |
|   1.800000e+01 |   5.625000e-05 |   3.847449e+03 |   2.245761e+08 |
|   1.900000e+01 |   5.937500e-05 |   3.855295e+03 |   2.266354e+08 |
|   2.000000e+01 |   6.250000e-05 |   3.862881e+03 |   2.289899e+08 |
|   2.100000e+01 |   6.562500e-05 |   3.870174e+03 |   2.313938e+08 |
|   2.200000e+01 |   6.875000e-05 |   3.877180e+03 |   2.337649e+08 |
|   2.300000e+01 |   7.187500e-05 |   3.883913e+03 |   2.360982e+08 |
|   2.400000e+01 |   7.500000e-05 |   3.890429e+03 |   2.383456e+08 |
|   2.500000e+01 |   7.812500e-05 |   3.896728e+03 |   2.402666e+08 |
|   2.600000e+01 |   8.125000e-05 |   3.902896e+03 |   2.420732e+08 |
|   2.700000e+01 |   8.437500e-05 |   3.908979e+03 |   2.438325e+08 |
|   2.800000e+01 |   8.750000e-05 |   3.914990e+03 |   2.455445e+08 |
|   2.900000e+01 |   9.062500e-05 |   3.920917e+03 |   2.471517e+08 |
+----------------+----------------+----------------+----------------+


Time Step 30, time = 30, dt = 1
  Applying predictor with scale factor = 1
 0 Nonlinear |R| = [32m2.053979e+00[39m
      0 Linear |R| = [32m2.053979e+00[39m
      1 Linear |R| = [32m1.137911e-13[39m
 1 Nonlinear |R| = [32m1.267060e-02[39m
      0 Linear |R| = [32m1.267060e-02[39m
      1 Linear |R| = [32m4.559724e-16[39m
 2 Nonlinear |R| = [32m2.843316e-06[39m
      0 Linear |R| = [32m2.843316e-06[39m
      1 Linear |R| = [32m4.691744e-20[39m
 3 Nonlinear |R| = [32m2.132026e-09[39m
  Nonlinear solve converged due to CONVERGED_FNORM_ABS iterations 3
[32m Solve Converged![39m
  Finished Solving                                                                       [[33m 11.41 s[39m] [[33m  489 MB[39m]

Outlier Variable Residual Norms:
  disp_y: [33m7.744890e-10[39m
  disp_z: [31m1.913597e-09[39m

Postprocessor Values:
+----------------+----------------+----------------+----------------+
| time           | disp_y_max     | react_y_top    | stress_vm_max  |
+----------------+----------------+----------------+----------------+
:                :                :                :                :
|   1.600000e+01 |   5.000000e-05 |   3.829681e+03 |   2.202097e+08 |
|   1.700000e+01 |   5.312500e-05 |   3.838848e+03 |   2.224386e+08 |
|   1.800000e+01 |   5.625000e-05 |   3.847449e+03 |   2.245761e+08 |
|   1.900000e+01 |   5.937500e-05 |   3.855295e+03 |   2.266354e+08 |
|   2.000000e+01 |   6.250000e-05 |   3.862881e+03 |   2.289899e+08 |
|   2.100000e+01 |   6.562500e-05 |   3.870174e+03 |   2.313938e+08 |
|   2.200000e+01 |   6.875000e-05 |   3.877180e+03 |   2.337649e+08 |
|   2.300000e+01 |   7.187500e-05 |   3.883913e+03 |   2.360982e+08 |
|   2.400000e+01 |   7.500000e-05 |   3.890429e+03 |   2.383456e+08 |
|   2.500000e+01 |   7.812500e-05 |   3.896728e+03 |   2.402666e+08 |
|   2.600000e+01 |   8.125000e-05 |   3.902896e+03 |   2.420732e+08 |
|   2.700000e+01 |   8.437500e-05 |   3.908979e+03 |   2.438325e+08 |
|   2.800000e+01 |   8.750000e-05 |   3.914990e+03 |   2.455445e+08 |
|   2.900000e+01 |   9.062500e-05 |   3.920917e+03 |   2.471517e+08 |
|   3.000000e+01 |   9.375000e-05 |   3.926748e+03 |   2.486638e+08 |
+----------------+----------------+----------------+----------------+


Time Step 31, time = 31, dt = 1
  Applying predictor with scale factor = 1
 0 Nonlinear |R| = [32m1.403926e+00[39m
      0 Linear |R| = [32m1.403926e+00[39m
      1 Linear |R| = [32m4.823750e-14[39m
 1 Nonlinear |R| = [32m2.920682e-03[39m
      0 Linear |R| = [32m2.920682e-03[39m
      1 Linear |R| = [32m1.119481e-16[39m
 2 Nonlinear |R| = [32m1.033237e-06[39m
  Nonlinear solve converged due to CONVERGED_FNORM_ABS iterations 2
[32m Solve Converged![39m
  Finished Solving                                                                       [[33m  7.70 s[39m] [[33m  489 MB[39m]

Outlier Variable Residual Norms:
  vonmises_stress: [33m4.702556e-07[39m
  stress_xx: [33m4.104477e-07[39m
  stress_yy: [33m5.302221e-07[39m
  stress_zz: [33m4.242072e-07[39m
  stress_xy: [33m4.597595e-07[39m

Postprocessor Values:
+----------------+----------------+----------------+----------------+
| time           | disp_y_max     | react_y_top    | stress_vm_max  |
+----------------+----------------+----------------+----------------+
:                :                :                :                :
|   1.700000e+01 |   5.312500e-05 |   3.838848e+03 |   2.224386e+08 |
|   1.800000e+01 |   5.625000e-05 |   3.847449e+03 |   2.245761e+08 |
|   1.900000e+01 |   5.937500e-05 |   3.855295e+03 |   2.266354e+08 |
|   2.000000e+01 |   6.250000e-05 |   3.862881e+03 |   2.289899e+08 |
|   2.100000e+01 |   6.562500e-05 |   3.870174e+03 |   2.313938e+08 |
|   2.200000e+01 |   6.875000e-05 |   3.877180e+03 |   2.337649e+08 |
|   2.300000e+01 |   7.187500e-05 |   3.883913e+03 |   2.360982e+08 |
|   2.400000e+01 |   7.500000e-05 |   3.890429e+03 |   2.383456e+08 |
|   2.500000e+01 |   7.812500e-05 |   3.896728e+03 |   2.402666e+08 |
|   2.600000e+01 |   8.125000e-05 |   3.902896e+03 |   2.420732e+08 |
|   2.700000e+01 |   8.437500e-05 |   3.908979e+03 |   2.438325e+08 |
|   2.800000e+01 |   8.750000e-05 |   3.914990e+03 |   2.455445e+08 |
|   2.900000e+01 |   9.062500e-05 |   3.920917e+03 |   2.471517e+08 |
|   3.000000e+01 |   9.375000e-05 |   3.926748e+03 |   2.486638e+08 |
|   3.100000e+01 |   9.687500e-05 |   3.932532e+03 |   2.501396e+08 |
+----------------+----------------+----------------+----------------+


Time Step 32, time = 32, dt = 1
  Applying predictor with scale factor = 1
 0 Nonlinear |R| = [32m1.491776e+00[39m
      0 Linear |R| = [32m1.491776e+00[39m
      1 Linear |R| = [32m4.544406e-14[39m
 1 Nonlinear |R| = [32m2.577603e-03[39m
      0 Linear |R| = [32m2.577603e-03[39m
      1 Linear |R| = [32m1.100041e-16[39m
 2 Nonlinear |R| = [32m9.406117e-07[39m
  Nonlinear solve converged due to CONVERGED_FNORM_ABS iterations 2
[32m Solve Converged![39m
  Finished Solving                                                                       [[33m  7.76 s[39m] [[33m  489 MB[39m]

Outlier Variable Residual Norms:
  vonmises_stress: [33m4.324585e-07[39m
  stress_xx: [33m3.759772e-07[39m
  stress_yy: [33m4.809631e-07[39m
  stress_zz: [33m3.850631e-07[39m
  stress_xy: [33m4.153639e-07[39m

Postprocessor Values:
+----------------+----------------+----------------+----------------+
| time           | disp_y_max     | react_y_top    | stress_vm_max  |
+----------------+----------------+----------------+----------------+
:                :                :                :                :
|   1.800000e+01 |   5.625000e-05 |   3.847449e+03 |   2.245761e+08 |
|   1.900000e+01 |   5.937500e-05 |   3.855295e+03 |   2.266354e+08 |
|   2.000000e+01 |   6.250000e-05 |   3.862881e+03 |   2.289899e+08 |
|   2.100000e+01 |   6.562500e-05 |   3.870174e+03 |   2.313938e+08 |
|   2.200000e+01 |   6.875000e-05 |   3.877180e+03 |   2.337649e+08 |
|   2.300000e+01 |   7.187500e-05 |   3.883913e+03 |   2.360982e+08 |
|   2.400000e+01 |   7.500000e-05 |   3.890429e+03 |   2.383456e+08 |
|   2.500000e+01 |   7.812500e-05 |   3.896728e+03 |   2.402666e+08 |
|   2.600000e+01 |   8.125000e-05 |   3.902896e+03 |   2.420732e+08 |
|   2.700000e+01 |   8.437500e-05 |   3.908979e+03 |   2.438325e+08 |
|   2.800000e+01 |   8.750000e-05 |   3.914990e+03 |   2.455445e+08 |
|   2.900000e+01 |   9.062500e-05 |   3.920917e+03 |   2.471517e+08 |
|   3.000000e+01 |   9.375000e-05 |   3.926748e+03 |   2.486638e+08 |
|   3.100000e+01 |   9.687500e-05 |   3.932532e+03 |   2.501396e+08 |
|   3.200000e+01 |   1.000000e-04 |   3.938266e+03 |   2.515827e+08 |
+----------------+----------------+----------------+----------------+

Finished Executing                                                                       [[33m555.78 s[39m] [[33m  489 MB[39m]
